DEBUG    selenium.webdriver.common.selenium_manager:selenium_manager.py:100 Selenium Manager binary found at: /Users/leeroycodes/demo/.venv/lib/python3.13/site-packages/selenium/webdriver/common/macos/selenium-manager
DEBUG    selenium.webdriver.common.selenium_manager:selenium_manager.py:113 Executing process: /Users/leeroycodes/demo/.venv/lib/python3.13/site-packages/selenium/webdriver/common/macos/selenium-manager --browser chrome --debug --language-binding python --output json
DEBUG    selenium.webdriver.common.selenium_manager:selenium_manager.py:139 chromedriver not found in PATH
DEBUG    selenium.webdriver.common.selenium_manager:selenium_manager.py:139 chrome detected at /Applications/Google Chrome.app/Contents/MacOS/Google Chrome
DEBUG    selenium.webdriver.common.selenium_manager:selenium_manager.py:139 Running command: /Applications/Google\ Chrome.app/Contents/MacOS/Google\ Chrome --version
DEBUG    selenium.webdriver.common.selenium_manager:selenium_manager.py:139 Output: "Google Chrome 138.0.7204.50 "
DEBUG    selenium.webdriver.common.selenium_manager:selenium_manager.py:139 Detected browser: chrome 138.0.7204.50
DEBUG    selenium.webdriver.common.selenium_manager:selenium_manager.py:139 Required driver: chromedriver 138.0.7204.49
DEBUG    selenium.webdriver.common.selenium_manager:selenium_manager.py:139 chromedriver 138.0.7204.49 already in the cache
DEBUG    selenium.webdriver.common.selenium_manager:selenium_manager.py:139 Driver path: /Users/leeroycodes/.cache/selenium/chromedriver/mac-arm64/138.0.7204.49/chromedriver
DEBUG    selenium.webdriver.common.selenium_manager:selenium_manager.py:139 Browser path: /Applications/Google Chrome.app/Contents/MacOS/Google Chrome
DEBUG    selenium.webdriver.common.service:service.py:224 Started executable: `/Users/leeroycodes/.cache/selenium/chromedriver/mac-arm64/138.0.7204.49/chromedriver` in a child process with pid: 62830 using 0 to output -3
DEBUG    selenium.webdriver.remote.remote_connection:remote_connection.py:403 POST http://localhost:55753/session {'capabilities': {'firstMatch': [{}], 'alwaysMatch': {'browserName': 'chrome', 'pageLoadStrategy': <PageLoadStrategy.normal: 'normal'>, 'browserVersion': None, 'goog:chromeOptions': {'excludeSwitches': ['enable-automation'], 'useAutomationExtension': False, 'extensions': [], 'binary': '/Applications/Google Chrome.app/Contents/MacOS/Google Chrome', 'args': ['--no-sandbox', '--disable-dev-shm-usage', '--disable-blink-features=AutomationControlled', '--disable-web-security', '--allow-running-insecure-content', '--disable-features=VizDisplayCompositor', '--user-agent=Mozilla/5.0 (Macintosh; Intel Mac OS X 10_15_7) AppleWebKit/537.36 (KHTML, like Gecko) Chrome/120.0.0.0 Safari/537.36']}}}}
DEBUG    urllib3.connectionpool:connectionpool.py:241 Starting new HTTP connection (1): localhost:55753
DEBUG    urllib3.connectionpool:connectionpool.py:544 http://localhost:55753 "POST /session HTTP/1.1" 200 0
DEBUG    selenium.webdriver.remote.remote_connection:remote_connection.py:436 Remote response: status=200 | data={"value":{"capabilities":{"acceptInsecureCerts":false,"browserName":"chrome","browserVersion":"138.0.7204.50","chrome":{"chromedriverVersion":"138.0.7204.49 (d2b48fd5f7813ed477a2d68fa232b8178fa4fb1e-refs/branch-heads/7204@{#1814})","userDataDir":"/var/folders/bx/bjtwk0c15dqfj6ww1wt6482r0000gn/T/.org.chromium.Chromium.nzHG2W"},"fedcm:accounts":true,"goog:chromeOptions":{"debuggerAddress":"localhost:55760"},"networkConnectionEnabled":false,"pageLoadStrategy":"normal","platformName":"mac","proxy":{},"setWindowRect":true,"strictFileInteractability":false,"timeouts":{"implicit":0,"pageLoad":300000,"script":30000},"unhandledPromptBehavior":"dismiss and notify","webauthn:extension:credBlob":true,"webauthn:extension:largeBlob":true,"webauthn:extension:minPinLength":true,"webauthn:extension:prf":true,"webauthn:virtualAuthenticators":true},"sessionId":"423b7733eb540687a58ed78be2d4a984"}} | headers=HTTPHeaderDict({'Content-Length': '890', 'Content-Type': 'application/json; charset=utf-8', 'cache-control': 'no-cache'})
DEBUG    selenium.webdriver.remote.remote_connection:remote_connection.py:465 Finished Request
DEBUG    selenium.webdriver.remote.remote_connection:remote_connection.py:403 POST http://localhost:55753/session/423b7733eb540687a58ed78be2d4a984/execute/sync {'script': "Object.defineProperty(navigator, 'webdriver', {get: () => undefined})", 'args': []}
DEBUG    urllib3.connectionpool:connectionpool.py:544 http://localhost:55753 "POST /session/423b7733eb540687a58ed78be2d4a984/execute/sync HTTP/1.1" 200 0
DEBUG    selenium.webdriver.remote.remote_connection:remote_connection.py:436 Remote response: status=200 | data={"value":null} | headers=HTTPHeaderDict({'Content-Length': '14', 'Content-Type': 'application/json; charset=utf-8', 'cache-control': 'no-cache'})
DEBUG    selenium.webdriver.remote.remote_connection:remote_connection.py:465 Finished Request
DEBUG    selenium.webdriver.remote.remote_connection:remote_connection.py:403 POST http://localhost:55753/session/423b7733eb540687a58ed78be2d4a984/timeouts {'implicit': 10000}
DEBUG    urllib3.connectionpool:connectionpool.py:544 http://localhost:55753 "POST /session/423b7733eb540687a58ed78be2d4a984/timeouts HTTP/1.1" 200 0
DEBUG    selenium.webdriver.remote.remote_connection:remote_connection.py:436 Remote response: status=200 | data={"value":null} | headers=HTTPHeaderDict({'Content-Length': '14', 'Content-Type': 'application/json; charset=utf-8', 'cache-control': 'no-cache'})
DEBUG    selenium.webdriver.remote.remote_connection:remote_connection.py:465 Finished Request
INFO     Demo.TestDemoFavoritesFlow:test_base.py:49 [Demo] Session ID: 423b7733eb540687a58ed78be2d4a984
WARNING  Demo.TestDemoFavoritesFlow:test_base.py:207 [Demo] Could not determine if session is BrowserStack: 'ChromiumRemoteConnection' object has no attribute 'remote_server_addr'
INFO     Demo.TestDemoFavoritesFlow:test_base.py:62 [Demo] Local Chrome session - BrowserStack reporting disabled
INFO     Demo.TestDemoFavoritesFlow:test_favorites_flow.py:30 [Demo] Step 1: Logging into BStackDemo
INFO     Demo.LoginPage:login_page.py:141 [Demo] Starting login process...
INFO     Demo.LoginPage:login_page.py:27 [Demo] Navigating to bstackdemo.com...
DEBUG    selenium.webdriver.remote.remote_connection:remote_connection.py:403 POST http://localhost:55753/session/423b7733eb540687a58ed78be2d4a984/url {'url': 'https://bstackdemo.com'}
DEBUG    urllib3.connectionpool:connectionpool.py:544 http://localhost:55753 "POST /session/423b7733eb540687a58ed78be2d4a984/url HTTP/1.1" 200 0
DEBUG    selenium.webdriver.remote.remote_connection:remote_connection.py:436 Remote response: status=200 | data={"value":null} | headers=HTTPHeaderDict({'Content-Length': '14', 'Content-Type': 'application/json; charset=utf-8', 'cache-control': 'no-cache'})
DEBUG    selenium.webdriver.remote.remote_connection:remote_connection.py:465 Finished Request
DEBUG    selenium.webdriver.remote.remote_connection:remote_connection.py:403 GET http://localhost:55753/session/423b7733eb540687a58ed78be2d4a984/title {}
DEBUG    urllib3.connectionpool:connectionpool.py:544 http://localhost:55753 "GET /session/423b7733eb540687a58ed78be2d4a984/title HTTP/1.1" 200 0
DEBUG    selenium.webdriver.remote.remote_connection:remote_connection.py:436 Remote response: status=200 | data={"value":""} | headers=HTTPHeaderDict({'Content-Length': '12', 'Content-Type': 'application/json; charset=utf-8', 'cache-control': 'no-cache'})
DEBUG    selenium.webdriver.remote.remote_connection:remote_connection.py:465 Finished Request
DEBUG    selenium.webdriver.remote.remote_connection:remote_connection.py:403 GET http://localhost:55753/session/423b7733eb540687a58ed78be2d4a984/title {}
DEBUG    urllib3.connectionpool:connectionpool.py:544 http://localhost:55753 "GET /session/423b7733eb540687a58ed78be2d4a984/title HTTP/1.1" 200 0
DEBUG    selenium.webdriver.remote.remote_connection:remote_connection.py:436 Remote response: status=200 | data={"value":"StackDemo"} | headers=HTTPHeaderDict({'Content-Length': '21', 'Content-Type': 'application/json; charset=utf-8', 'cache-control': 'no-cache'})
DEBUG    selenium.webdriver.remote.remote_connection:remote_connection.py:465 Finished Request
INFO     Demo.LoginPage:login_page.py:32 [Demo] Page loaded successfully
INFO     Demo.LoginPage:login_page.py:39 [Demo] Looking for Sign In button...
DEBUG    selenium.webdriver.remote.remote_connection:remote_connection.py:403 POST http://localhost:55753/session/423b7733eb540687a58ed78be2d4a984/element {'using': 'css selector', 'value': '[id="signin"]'}
DEBUG    urllib3.connectionpool:connectionpool.py:544 http://localhost:55753 "POST /session/423b7733eb540687a58ed78be2d4a984/element HTTP/1.1" 200 0
DEBUG    selenium.webdriver.remote.remote_connection:remote_connection.py:436 Remote response: status=200 | data={"value":{"element-6066-11e4-a52e-4f735466cecf":"f.336AC3118D5E06DD5C821E3CE4F4ADEF.d.1AB42167A6FE5AA0000A6A680F1533F2.e.134"}} | headers=HTTPHeaderDict({'Content-Length': '127', 'Content-Type': 'application/json; charset=utf-8', 'cache-control': 'no-cache'})
DEBUG    selenium.webdriver.remote.remote_connection:remote_connection.py:465 Finished Request
DEBUG    selenium.webdriver.remote.remote_connection:remote_connection.py:403 POST http://localhost:55753/session/423b7733eb540687a58ed78be2d4a984/execute/sync {'script': '/* isDisplayed */return (function(){return (function(){var g=this||self;\nfunction aa(a){var b=typeof...', 'args': [{'element-6066-11e4-a52e-4f735466cecf': 'f.336AC3118D5E06DD5C821E3CE4F4ADEF.d.1AB42167A6FE5AA0000A6A680F1533F2.e.134'}]}
DEBUG    urllib3.connectionpool:connectionpool.py:544 http://localhost:55753 "POST /session/423b7733eb540687a58ed78be2d4a984/execute/sync HTTP/1.1" 200 0
DEBUG    selenium.webdriver.remote.remote_connection:remote_connection.py:436 Remote response: status=200 | data={"value":true} | headers=HTTPHeaderDict({'Content-Length': '14', 'Content-Type': 'application/json; charset=utf-8', 'cache-control': 'no-cache'})
DEBUG    selenium.webdriver.remote.remote_connection:remote_connection.py:465 Finished Request
DEBUG    selenium.webdriver.remote.remote_connection:remote_connection.py:403 POST http://localhost:55753/session/423b7733eb540687a58ed78be2d4a984/element/f.336AC3118D5E06DD5C821E3CE4F4ADEF.d.1AB42167A6FE5AA0000A6A680F1533F2.e.134/click {}
DEBUG    urllib3.connectionpool:connectionpool.py:544 http://localhost:55753 "POST /session/423b7733eb540687a58ed78be2d4a984/element/f.336AC3118D5E06DD5C821E3CE4F4ADEF.d.1AB42167A6FE5AA0000A6A680F1533F2.e.134/click HTTP/1.1" 200 0
DEBUG    selenium.webdriver.remote.remote_connection:remote_connection.py:436 Remote response: status=200 | data={"value":null} | headers=HTTPHeaderDict({'Content-Length': '14', 'Content-Type': 'application/json; charset=utf-8', 'cache-control': 'no-cache'})
DEBUG    selenium.webdriver.remote.remote_connection:remote_connection.py:465 Finished Request
INFO     Demo.LoginPage:login_page.py:44 [Demo] ✓ Clicked Sign In button
DEBUG    selenium.webdriver.remote.remote_connection:remote_connection.py:403 POST http://localhost:55753/session/423b7733eb540687a58ed78be2d4a984/element {'using': 'css selector', 'value': '[id="username"]'}
DEBUG    urllib3.connectionpool:connectionpool.py:544 http://localhost:55753 "POST /session/423b7733eb540687a58ed78be2d4a984/element HTTP/1.1" 200 0
DEBUG    selenium.webdriver.remote.remote_connection:remote_connection.py:436 Remote response: status=200 | data={"value":{"element-6066-11e4-a52e-4f735466cecf":"f.336AC3118D5E06DD5C821E3CE4F4ADEF.d.1AB42167A6FE5AA0000A6A680F1533F2.e.138"}} | headers=HTTPHeaderDict({'Content-Length': '127', 'Content-Type': 'application/json; charset=utf-8', 'cache-control': 'no-cache'})
DEBUG    selenium.webdriver.remote.remote_connection:remote_connection.py:465 Finished Request
DEBUG    selenium.webdriver.remote.remote_connection:remote_connection.py:403 POST http://localhost:55753/session/423b7733eb540687a58ed78be2d4a984/execute/sync {'script': '/* isDisplayed */return (function(){return (function(){var g=this||self;\nfunction aa(a){var b=typeof...', 'args': [{'element-6066-11e4-a52e-4f735466cecf': 'f.336AC3118D5E06DD5C821E3CE4F4ADEF.d.1AB42167A6FE5AA0000A6A680F1533F2.e.138'}]}
DEBUG    urllib3.connectionpool:connectionpool.py:544 http://localhost:55753 "POST /session/423b7733eb540687a58ed78be2d4a984/execute/sync HTTP/1.1" 200 0
DEBUG    selenium.webdriver.remote.remote_connection:remote_connection.py:436 Remote response: status=200 | data={"value":true} | headers=HTTPHeaderDict({'Content-Length': '14', 'Content-Type': 'application/json; charset=utf-8', 'cache-control': 'no-cache'})
DEBUG    selenium.webdriver.remote.remote_connection:remote_connection.py:465 Finished Request
INFO     Demo.LoginPage:login_page.py:50 [Demo] ✓ Login modal opened successfully
INFO     Demo.LoginPage:login_page.py:63 [Demo] Selecting username and password...
DEBUG    selenium.webdriver.remote.remote_connection:remote_connection.py:403 POST http://localhost:55753/session/423b7733eb540687a58ed78be2d4a984/element {'using': 'css selector', 'value': '[id="username"]'}
DEBUG    urllib3.connectionpool:connectionpool.py:544 http://localhost:55753 "POST /session/423b7733eb540687a58ed78be2d4a984/element HTTP/1.1" 200 0
DEBUG    selenium.webdriver.remote.remote_connection:remote_connection.py:436 Remote response: status=200 | data={"value":{"element-6066-11e4-a52e-4f735466cecf":"f.336AC3118D5E06DD5C821E3CE4F4ADEF.d.1AB42167A6FE5AA0000A6A680F1533F2.e.138"}} | headers=HTTPHeaderDict({'Content-Length': '127', 'Content-Type': 'application/json; charset=utf-8', 'cache-control': 'no-cache'})
DEBUG    selenium.webdriver.remote.remote_connection:remote_connection.py:465 Finished Request
DEBUG    selenium.webdriver.remote.remote_connection:remote_connection.py:403 POST http://localhost:55753/session/423b7733eb540687a58ed78be2d4a984/execute/sync {'script': '/* isDisplayed */return (function(){return (function(){var g=this||self;\nfunction aa(a){var b=typeof...', 'args': [{'element-6066-11e4-a52e-4f735466cecf': 'f.336AC3118D5E06DD5C821E3CE4F4ADEF.d.1AB42167A6FE5AA0000A6A680F1533F2.e.138'}]}
DEBUG    urllib3.connectionpool:connectionpool.py:544 http://localhost:55753 "POST /session/423b7733eb540687a58ed78be2d4a984/execute/sync HTTP/1.1" 200 0
DEBUG    selenium.webdriver.remote.remote_connection:remote_connection.py:436 Remote response: status=200 | data={"value":true} | headers=HTTPHeaderDict({'Content-Length': '14', 'Content-Type': 'application/json; charset=utf-8', 'cache-control': 'no-cache'})
DEBUG    selenium.webdriver.remote.remote_connection:remote_connection.py:465 Finished Request
DEBUG    selenium.webdriver.remote.remote_connection:remote_connection.py:403 POST http://localhost:55753/session/423b7733eb540687a58ed78be2d4a984/element/f.336AC3118D5E06DD5C821E3CE4F4ADEF.d.1AB42167A6FE5AA0000A6A680F1533F2.e.138/click {}
DEBUG    urllib3.connectionpool:connectionpool.py:544 http://localhost:55753 "POST /session/423b7733eb540687a58ed78be2d4a984/element/f.336AC3118D5E06DD5C821E3CE4F4ADEF.d.1AB42167A6FE5AA0000A6A680F1533F2.e.138/click HTTP/1.1" 200 0
DEBUG    selenium.webdriver.remote.remote_connection:remote_connection.py:436 Remote response: status=200 | data={"value":null} | headers=HTTPHeaderDict({'Content-Length': '14', 'Content-Type': 'application/json; charset=utf-8', 'cache-control': 'no-cache'})
DEBUG    selenium.webdriver.remote.remote_connection:remote_connection.py:465 Finished Request
INFO     Demo.LoginPage:login_page.py:70 [Demo] ✓ Clicked username field
DEBUG    selenium.webdriver.remote.remote_connection:remote_connection.py:403 POST http://localhost:55753/session/423b7733eb540687a58ed78be2d4a984/element {'using': 'xpath', 'value': "//div[contains(text(), 'demouser')]"}
DEBUG    urllib3.connectionpool:connectionpool.py:544 http://localhost:55753 "POST /session/423b7733eb540687a58ed78be2d4a984/element HTTP/1.1" 200 0
DEBUG    selenium.webdriver.remote.remote_connection:remote_connection.py:436 Remote response: status=200 | data={"value":{"element-6066-11e4-a52e-4f735466cecf":"f.336AC3118D5E06DD5C821E3CE4F4ADEF.d.1AB42167A6FE5AA0000A6A680F1533F2.e.141"}} | headers=HTTPHeaderDict({'Content-Length': '127', 'Content-Type': 'application/json; charset=utf-8', 'cache-control': 'no-cache'})
DEBUG    selenium.webdriver.remote.remote_connection:remote_connection.py:465 Finished Request
DEBUG    selenium.webdriver.remote.remote_connection:remote_connection.py:403 POST http://localhost:55753/session/423b7733eb540687a58ed78be2d4a984/execute/sync {'script': '/* isDisplayed */return (function(){return (function(){var g=this||self;\nfunction aa(a){var b=typeof...', 'args': [{'element-6066-11e4-a52e-4f735466cecf': 'f.336AC3118D5E06DD5C821E3CE4F4ADEF.d.1AB42167A6FE5AA0000A6A680F1533F2.e.141'}]}
DEBUG    urllib3.connectionpool:connectionpool.py:544 http://localhost:55753 "POST /session/423b7733eb540687a58ed78be2d4a984/execute/sync HTTP/1.1" 200 0
DEBUG    selenium.webdriver.remote.remote_connection:remote_connection.py:436 Remote response: status=200 | data={"value":true} | headers=HTTPHeaderDict({'Content-Length': '14', 'Content-Type': 'application/json; charset=utf-8', 'cache-control': 'no-cache'})
DEBUG    selenium.webdriver.remote.remote_connection:remote_connection.py:465 Finished Request
DEBUG    selenium.webdriver.remote.remote_connection:remote_connection.py:403 POST http://localhost:55753/session/423b7733eb540687a58ed78be2d4a984/element/f.336AC3118D5E06DD5C821E3CE4F4ADEF.d.1AB42167A6FE5AA0000A6A680F1533F2.e.141/click {}
DEBUG    urllib3.connectionpool:connectionpool.py:544 http://localhost:55753 "POST /session/423b7733eb540687a58ed78be2d4a984/element/f.336AC3118D5E06DD5C821E3CE4F4ADEF.d.1AB42167A6FE5AA0000A6A680F1533F2.e.141/click HTTP/1.1" 200 0
DEBUG    selenium.webdriver.remote.remote_connection:remote_connection.py:436 Remote response: status=200 | data={"value":null} | headers=HTTPHeaderDict({'Content-Length': '14', 'Content-Type': 'application/json; charset=utf-8', 'cache-control': 'no-cache'})
DEBUG    selenium.webdriver.remote.remote_connection:remote_connection.py:465 Finished Request
INFO     Demo.LoginPage:login_page.py:77 [Demo] ✓ Selected username
DEBUG    selenium.webdriver.remote.remote_connection:remote_connection.py:403 POST http://localhost:55753/session/423b7733eb540687a58ed78be2d4a984/element {'using': 'css selector', 'value': '[id="password"]'}
DEBUG    urllib3.connectionpool:connectionpool.py:544 http://localhost:55753 "POST /session/423b7733eb540687a58ed78be2d4a984/element HTTP/1.1" 200 0
DEBUG    selenium.webdriver.remote.remote_connection:remote_connection.py:436 Remote response: status=200 | data={"value":{"element-6066-11e4-a52e-4f735466cecf":"f.336AC3118D5E06DD5C821E3CE4F4ADEF.d.1AB42167A6FE5AA0000A6A680F1533F2.e.142"}} | headers=HTTPHeaderDict({'Content-Length': '127', 'Content-Type': 'application/json; charset=utf-8', 'cache-control': 'no-cache'})
DEBUG    selenium.webdriver.remote.remote_connection:remote_connection.py:465 Finished Request
DEBUG    selenium.webdriver.remote.remote_connection:remote_connection.py:403 POST http://localhost:55753/session/423b7733eb540687a58ed78be2d4a984/execute/sync {'script': '/* isDisplayed */return (function(){return (function(){var g=this||self;\nfunction aa(a){var b=typeof...', 'args': [{'element-6066-11e4-a52e-4f735466cecf': 'f.336AC3118D5E06DD5C821E3CE4F4ADEF.d.1AB42167A6FE5AA0000A6A680F1533F2.e.142'}]}
DEBUG    urllib3.connectionpool:connectionpool.py:544 http://localhost:55753 "POST /session/423b7733eb540687a58ed78be2d4a984/execute/sync HTTP/1.1" 200 0
DEBUG    selenium.webdriver.remote.remote_connection:remote_connection.py:436 Remote response: status=200 | data={"value":true} | headers=HTTPHeaderDict({'Content-Length': '14', 'Content-Type': 'application/json; charset=utf-8', 'cache-control': 'no-cache'})
DEBUG    selenium.webdriver.remote.remote_connection:remote_connection.py:465 Finished Request
DEBUG    selenium.webdriver.remote.remote_connection:remote_connection.py:403 POST http://localhost:55753/session/423b7733eb540687a58ed78be2d4a984/element/f.336AC3118D5E06DD5C821E3CE4F4ADEF.d.1AB42167A6FE5AA0000A6A680F1533F2.e.142/click {}
DEBUG    urllib3.connectionpool:connectionpool.py:544 http://localhost:55753 "POST /session/423b7733eb540687a58ed78be2d4a984/element/f.336AC3118D5E06DD5C821E3CE4F4ADEF.d.1AB42167A6FE5AA0000A6A680F1533F2.e.142/click HTTP/1.1" 200 0
DEBUG    selenium.webdriver.remote.remote_connection:remote_connection.py:436 Remote response: status=200 | data={"value":null} | headers=HTTPHeaderDict({'Content-Length': '14', 'Content-Type': 'application/json; charset=utf-8', 'cache-control': 'no-cache'})
DEBUG    selenium.webdriver.remote.remote_connection:remote_connection.py:465 Finished Request
INFO     Demo.LoginPage:login_page.py:84 [Demo] ✓ Clicked password field
DEBUG    selenium.webdriver.remote.remote_connection:remote_connection.py:403 POST http://localhost:55753/session/423b7733eb540687a58ed78be2d4a984/element {'using': 'xpath', 'value': "//div[contains(text(), 'testingisfun99')]"}
DEBUG    urllib3.connectionpool:connectionpool.py:544 http://localhost:55753 "POST /session/423b7733eb540687a58ed78be2d4a984/element HTTP/1.1" 200 0
DEBUG    selenium.webdriver.remote.remote_connection:remote_connection.py:436 Remote response: status=200 | data={"value":{"element-6066-11e4-a52e-4f735466cecf":"f.336AC3118D5E06DD5C821E3CE4F4ADEF.d.1AB42167A6FE5AA0000A6A680F1533F2.e.143"}} | headers=HTTPHeaderDict({'Content-Length': '127', 'Content-Type': 'application/json; charset=utf-8', 'cache-control': 'no-cache'})
DEBUG    selenium.webdriver.remote.remote_connection:remote_connection.py:465 Finished Request
DEBUG    selenium.webdriver.remote.remote_connection:remote_connection.py:403 POST http://localhost:55753/session/423b7733eb540687a58ed78be2d4a984/execute/sync {'script': '/* isDisplayed */return (function(){return (function(){var g=this||self;\nfunction aa(a){var b=typeof...', 'args': [{'element-6066-11e4-a52e-4f735466cecf': 'f.336AC3118D5E06DD5C821E3CE4F4ADEF.d.1AB42167A6FE5AA0000A6A680F1533F2.e.143'}]}
DEBUG    urllib3.connectionpool:connectionpool.py:544 http://localhost:55753 "POST /session/423b7733eb540687a58ed78be2d4a984/execute/sync HTTP/1.1" 200 0
DEBUG    selenium.webdriver.remote.remote_connection:remote_connection.py:436 Remote response: status=200 | data={"value":true} | headers=HTTPHeaderDict({'Content-Length': '14', 'Content-Type': 'application/json; charset=utf-8', 'cache-control': 'no-cache'})
DEBUG    selenium.webdriver.remote.remote_connection:remote_connection.py:465 Finished Request
DEBUG    selenium.webdriver.remote.remote_connection:remote_connection.py:403 POST http://localhost:55753/session/423b7733eb540687a58ed78be2d4a984/element/f.336AC3118D5E06DD5C821E3CE4F4ADEF.d.1AB42167A6FE5AA0000A6A680F1533F2.e.143/click {}
DEBUG    urllib3.connectionpool:connectionpool.py:544 http://localhost:55753 "POST /session/423b7733eb540687a58ed78be2d4a984/element/f.336AC3118D5E06DD5C821E3CE4F4ADEF.d.1AB42167A6FE5AA0000A6A680F1533F2.e.143/click HTTP/1.1" 200 0
DEBUG    selenium.webdriver.remote.remote_connection:remote_connection.py:436 Remote response: status=200 | data={"value":null} | headers=HTTPHeaderDict({'Content-Length': '14', 'Content-Type': 'application/json; charset=utf-8', 'cache-control': 'no-cache'})
DEBUG    selenium.webdriver.remote.remote_connection:remote_connection.py:465 Finished Request
INFO     Demo.LoginPage:login_page.py:91 [Demo] ✓ Selected password
INFO     Demo.LoginPage:login_page.py:107 [Demo] Clicking Login button...
DEBUG    selenium.webdriver.remote.remote_connection:remote_connection.py:403 POST http://localhost:55753/session/423b7733eb540687a58ed78be2d4a984/element {'using': 'css selector', 'value': '[id="login-btn"]'}
DEBUG    urllib3.connectionpool:connectionpool.py:544 http://localhost:55753 "POST /session/423b7733eb540687a58ed78be2d4a984/element HTTP/1.1" 200 0
DEBUG    selenium.webdriver.remote.remote_connection:remote_connection.py:436 Remote response: status=200 | data={"value":{"element-6066-11e4-a52e-4f735466cecf":"f.336AC3118D5E06DD5C821E3CE4F4ADEF.d.1AB42167A6FE5AA0000A6A680F1533F2.e.144"}} | headers=HTTPHeaderDict({'Content-Length': '127', 'Content-Type': 'application/json; charset=utf-8', 'cache-control': 'no-cache'})
DEBUG    selenium.webdriver.remote.remote_connection:remote_connection.py:465 Finished Request
DEBUG    selenium.webdriver.remote.remote_connection:remote_connection.py:403 POST http://localhost:55753/session/423b7733eb540687a58ed78be2d4a984/execute/sync {'script': '/* isDisplayed */return (function(){return (function(){var g=this||self;\nfunction aa(a){var b=typeof...', 'args': [{'element-6066-11e4-a52e-4f735466cecf': 'f.336AC3118D5E06DD5C821E3CE4F4ADEF.d.1AB42167A6FE5AA0000A6A680F1533F2.e.144'}]}
DEBUG    urllib3.connectionpool:connectionpool.py:544 http://localhost:55753 "POST /session/423b7733eb540687a58ed78be2d4a984/execute/sync HTTP/1.1" 200 0
DEBUG    selenium.webdriver.remote.remote_connection:remote_connection.py:436 Remote response: status=200 | data={"value":true} | headers=HTTPHeaderDict({'Content-Length': '14', 'Content-Type': 'application/json; charset=utf-8', 'cache-control': 'no-cache'})
DEBUG    selenium.webdriver.remote.remote_connection:remote_connection.py:465 Finished Request
DEBUG    selenium.webdriver.remote.remote_connection:remote_connection.py:403 POST http://localhost:55753/session/423b7733eb540687a58ed78be2d4a984/element/f.336AC3118D5E06DD5C821E3CE4F4ADEF.d.1AB42167A6FE5AA0000A6A680F1533F2.e.144/click {}
DEBUG    urllib3.connectionpool:connectionpool.py:544 http://localhost:55753 "POST /session/423b7733eb540687a58ed78be2d4a984/element/f.336AC3118D5E06DD5C821E3CE4F4ADEF.d.1AB42167A6FE5AA0000A6A680F1533F2.e.144/click HTTP/1.1" 200 0
DEBUG    selenium.webdriver.remote.remote_connection:remote_connection.py:436 Remote response: status=200 | data={"value":null} | headers=HTTPHeaderDict({'Content-Length': '14', 'Content-Type': 'application/json; charset=utf-8', 'cache-control': 'no-cache'})
DEBUG    selenium.webdriver.remote.remote_connection:remote_connection.py:465 Finished Request
INFO     Demo.LoginPage:login_page.py:115 [Demo] ✓ Clicked Login button
DEBUG    selenium.webdriver.remote.remote_connection:remote_connection.py:403 POST http://localhost:55753/session/423b7733eb540687a58ed78be2d4a984/element {'using': 'css selector', 'value': '[id="logout"]'}
DEBUG    urllib3.connectionpool:connectionpool.py:544 http://localhost:55753 "POST /session/423b7733eb540687a58ed78be2d4a984/element HTTP/1.1" 404 0
DEBUG    selenium.webdriver.remote.remote_connection:remote_connection.py:436 Remote response: status=404 | data={"value":{"error":"no such element","message":"no such element: Unable to locate element: {\"method\":\"css selector\",\"selector\":\"[id=\"logout\"]\"}\n  (Session info: chrome=138.0.7204.50)","stacktrace":"0   chromedriver                        0x0000000102d0ceb4 cxxbridge1$str$ptr + 2722840\n1   chromedriver                        0x0000000102d04dbc cxxbridge1$str$ptr + 2689824\n2   chromedriver                        0x00000001028563ec cxxbridge1$string$len + 90648\n3   chromedriver                        0x000000010289d544 cxxbridge1$string$len + 381808\n4   chromedriver                        0x00000001028de934 cxxbridge1$string$len + 649056\n5   chromedriver                        0x0000000102891834 cxxbridge1$string$len + 333408\n6   chromedriver                        0x0000000102ccffd0 cxxbridge1$str$ptr + 2473268\n7   chromedriver                        0x0000000102cd323c cxxbridge1$str$ptr + 2486176\n8   chromedriver                        0x0000000102cb1a18 cxxbridge1$str$ptr + 2348924\n9   chromedriver                        0x0000000102cd3af8 cxxbridge1$str$ptr + 2488412\n10  chromedriver                        0x0000000102ca2aa8 cxxbridge1$str$ptr + 2287628\n11  chromedriver                        0x0000000102cf39e8 cxxbridge1$str$ptr + 2619212\n12  chromedriver                        0x0000000102cf3b74 cxxbridge1$str$ptr + 2619608\n13  chromedriver                        0x0000000102d049f8 cxxbridge1$str$ptr + 2688860\n14  libsystem_pthread.dylib             0x0000000191712c0c _pthread_start + 136\n15  libsystem_pthread.dylib             0x000000019170db80 thread_start + 8\n"}} | headers=HTTPHeaderDict({'Content-Length': '1622', 'Content-Type': 'application/json; charset=utf-8', 'cache-control': 'no-cache'})
DEBUG    selenium.webdriver.remote.remote_connection:remote_connection.py:465 Finished Request
DEBUG    selenium.webdriver.remote.remote_connection:remote_connection.py:403 GET http://localhost:55753/session/423b7733eb540687a58ed78be2d4a984/screenshot {}
DEBUG    urllib3.connectionpool:connectionpool.py:544 http://localhost:55753 "GET /session/423b7733eb540687a58ed78be2d4a984/screenshot HTTP/1.1" 200 0
DEBUG    selenium.webdriver.remote.remote_connection:remote_connection.py:436 Remote response: status=200 | data={"value":"iVBORw0KGgoAAAANSUhEUgAABLAAAAS9CAIAAADY3TdGAAABGWlDQ1BTa2lhAAAokX2QsUrDYBSFv18LIgg6ODg4ZHDVprWxf8ClRlNcW4W0W5KGILZJSCP6AHVzcHUrPoPoC7g7CA5OPoKLnSXN8Bcknunj3AP33gNL5KroMIqytNM+0pxeX1v5QiDmI1x/nFAuAbOPIvu++0+uTKuDYOwD30CWOr0+iAGwGRZ8k7NX8F3O11mSgZjmnJ51LBBPwEa4wN4C+0ma51+Bw9Hwyld3sxZE513AAbZpExMTMiSgSpdLLnCpYmBicUwdkxY1bAxsTHQsDJpILEz2adKghURygk0DOc/JvM9iZfwI8geW75XnPcDLLWx9Km9nCusTeH5Tnuo4cVNXtT+rlPyk/flJ45QInz006ujUOPgFHM5IZ8iZC1YAACAASURBVHic7N13fBTVwgbgMzPbsukVSIVQQwCVktAFAaUogihFUBRFhQteihSJIFIUlCJFUbkgoIgISK+K8EkxdKQkpAIhJKSXzfadme+PkwzLphAgYRP2fX736u7slDPjZnffOY0RRZEAAAAAAADAEyEiIkKj0VRmzZCQELb6ywMAAAAAAAA1EQIhAAAAAACAg5LZuwAAAAAAAABQXTw9Pf39/Z2cnAgher0+LS0tLy9PehU1hAAAAAAAAE8mT0/Ppk2burq6ymQymUzm6uratGlTT09PaQUEQgAAAAAAgCeTv79/xQsRCAEAAAAAAJ5MtKVoBQsRCAEAAAAAAJ5MMlkZo8ZYL0QgBAAAAAAAcFAIhAAAAAAAAA4KgRAAAAAAAMBBIRACAAAAAAA4KARCAAAAAAAAB4VACAAAAAAA4KAQCAEAAAAAABwUAiEAAAAAAICDQiAEAAAAAABwUAiEAAAAAAAADgqBEAAAAAAAwEEhEAIAAAAAADgoBEIAAAAAAAAHhUAIAAAAAADgoBAIAQAAAAAAHBQCIQAAAAAAgINCIAQAAAAAAHBQCIQAAAAAAAAOCoEQAAAAAADAQcmqb9faa2cztn9HCNGcuyBkyQkhorY4f7q2ae3S5hmfgR3kvs2rrwAAAAAAAABQgWoJhBnbv6NRUMiSC1lyQpQ2K2jOndecO5/+wxq3zm713nvHuflr1VEMsDu9Xi+Kor1LUZWcnJwYhrF3KQAAAMCx3L59W6FQ+Pr62rsg8ASq4kBIawWLYs+KOk7IktMqQUMjxtCYMTRiDI0YQogqUVQlioQQj/1C4fHCwuNL688zurZpjdrCJw/P8waDwd6lqDIKhcJsNnMcx3GcvcsCALWJRmcs0BjMvGDvgoCdsSwjCE/UfdJHpFLInJRyD1eVvQtSC3z88ceNGzeeOXOmvQsCT6CqDITaa2eTPn+XECLqOP6GkkbB/D4szYESKRnm92Y9Dgge+4Ubn3zrO8zXq88IVBU+SURRFIQn6tePyWQSRdHJyYllWdQTAkAlaXTGQq3R19NZqajGbhpQK1xPy6vr42bvUtQgRTpjgdagUspU+OsAsJ8q+/OT0iBtKUoIye/D5vYLMytfytZZruSGsHxchrEhIaSV2x+EEH/FHz4qMb83S6sKszZlEfIzIQSZ8IkhiuIT1l6U53laTyiTyRAIAaCSCjQGpEGAMrmolQq5LK9QX8/H1d5lqYmOHDny008/paWltW7d2mg0Sst37979888/5+bmBgQETJ48uWXLloSQ0aNHd+vW7ejRozdu3GjYsOHcuXNXr179999/169ff/To0W3atCGE3Lx5c8mSJXFxcXK5vGvXruPHj1epVAcOHNi4ceNPP/1Edx4VFRUUFPTBBx+kpKTMmTPn5s2bKpWqXbt2H330kVqtLu/oS5YsEQThwoULWq121qxZrVu3tt9lgwdWZaOMWqdBUcvmvhiW8cpUo3ry1byQI6kBWTrLicJ6iUbdRZ3m96xOh3Ke3ZneIzafpfWEd8ZzhJDCE4Xaq1vMWTFVVSSAqvXkRVwAeAzMvIA0CFAehZwzmCz2LkVNlJCQMHfuXEEQRo4cGRMTk5WVRZcfPHhw6dKlNLPp9fr//ve/aWlphJBbt26tWbOmfv36Q4YMiY+Pf/3112NjY0eNGpWTk/PNN98QQnQ63bhx4+Li4gYPHhwZGbl///7Zs2cTQvLy8m7fvi0d99atW5mZmYSQOXPmFBQUTJgwYfDgwUePHl2zZk0FR09PT9+3bx/LsiEhIf7+/va7bPAwquYrig4hQwlZ8uyXX856+WVCSGy2MSbLUCTwiQadtEIRzxfx/B3SsTA3JDZvfZinENZIyO/Deuw3GlOMeUdn+732W5WUCgAAAACgNtq6dauzs/PatWtZlu3Xr9+AAQPo8rVr1/r6+i5atIgQ8tJLL/Xr1+/XX3+dNGkSIaRRo0ZRUVGEkHPnzsXFxS1evNjPz8/Z2Xnx4sV6vf6vv/7SarWff/55+/btCSHOzs67d+9OT08vrwDp6ektW7Z84YUXZDKZt7e3q6trxUfnOO6HH35wcnJ6jBcJqkYVB0LaWNQ6DRJCEg06/q/fheRY4Xos2yCMDQ3jnnuFEHLbEuAm7xabd9RXJZLerCpBLDxR6Bvsm3/0M49un1ZJwQAAAAAAap2kpKSWLVuyLEsIcXNzq1+/Pm2slJWV5eTk9N///ldaMzk5mT5o1qwZfRAUFJSRkeHn50cIcXd3pwO/x8TEEEKeeeYZuk6nTp12795948aN8grQu3fv7du39+nTp02bNr169ercuXPFR69bty7SYC1VBYGwdPUgfUzT4B2zyfy/+cL12OIVrscK12OF5Fiuxytsg7BbQhd3LiU2L6lLPT6/D6taYTSmGAm5as6KqXjQUW9v79ILO3Xq1Llz56lTpz76SdVw/fv3J4ScOHGCPn08J/7ll18uXLiQELJr165OnTo94t6aNm1qs2T8+PGEkHHjxlkvXLly5YoVK8rbyfjx48eNG0fXiYiIkJq/2yhvhZUrV546der06dOEkIiIiMjISJujAwAAANiF0WgsKiqSntKB+kwmEyHEy8uL5kNCSP369evWrUsf0+xHSdlMGvWAYRiO4xQKBX3q7OxMCKGB0xo9BP2VFR4efujQoXPnzp0+ffr48ePTp0+v4Ohubhgwqbaqgj6EUiAUdZxUPZilK24OfvvgJikNEkImT/7odlp6ZD1P/vDvxc1HBT7LwMTm3zMYqfbqlocoyYkTJxYuXOjt7f3ll18+8mnVUCdOnPD29j5x4oSUBq1PXFrYv3///v37167rsGLFihUrVjRt2pQmtAd1+vTp8jYsM1K+8cYbK1askDY5ffr0ihUrVq5c+RCHrhUKCwtTUlLKG/fVbDZfv35dpytu2i2K4q1bt/Ly8h5vGWs0o9F4/fp16z79AAAA1adx48axsbH0i1uv16ekpBBClEqlQqFQqVQTS3h4eEiRrGIBAQE8z8fGFv8sP3XqFG1lSiOixWKhPwBycnIIIQaD4fvvv/fz81uwYMGePXvatm37f//3f3K5/KGP/vh169btnXfesW8ZRFE8dOjQtWvX7FuM+6qyQWUoXUlVdbaOJ4QUCbzl8O/Sqx06dpw0eTIhpGOHjrSqkBBSIAYTQmLzimcsNN4yEkJMWVcrecRpVqRqq4ULF1rnpScJraOjtYK7du3atWsXPXdpIX1AE+Px48ftV9JKGT9+/E8//fTTTz+NHz+e1hDSqFY62v1UloiICOt1ygx+ZWY86RC02lA6+pOXCbVa7aRJk4KCgtzd3UNCQjiO6969+4ULF6zXmTt3rkKhCA0NdXZ23r9//5EjR9zd3YODg728vGbMmGG/stcIoiiuWrUqPDxcpVKFhoaqVKrw8PAtWx7sjlX37t0ZhqFdLJ4869atY8oi/UXbnZubG8Mwq1evpk8LCwtnzpxZw7O9VmdIvHkn/npaYZG++o7C80J6Vp7ZjPE8agGT0bjlt18/mjzx/dHvzJn96dWrVyqzVX5+/rmzZ06fis7Jya6+slkslqSkxCdp2uEaolevXjzPL1q0KDExkfbZo1588cWkpKR169alpaX9+OOPP/30k0pVqYkce/XqRQhZunTppUuXDh06tG3bNj8/P29vbzoGzA8//HDjxo0FCxbQMdVVKtU///yzcOHCuLi4tLS07Oxsb29vlmUf+uh2Qc/Fjs6fP//RRx/l5ubatxj39ahNRrXXzkqPRS2re6q4HaCPmiOECMmxpTdZsnjx4sWLSi/PNjB1CTGmGEknQgi5b6tRyrqd5NSpU/v37/+kRkEp5tHHu3btog+kEPjozTjtgoY66Z9vvPEGDWY2zTttsl+ZaCXhfVPiypUraRqkLU6lndPmoytWrHhiGo5qNJq2bdvGx8dbLzx69Gjr1q03bNhAL7Ver581axYhJDAwMDw8vHnz5sOHD9doNK6urp07d6b9zh3ZyJEjbd6KMTExgwcPHj169A8//FDJndAvJEcbotbuX8M26PW/dOlSr169MjMzP/74Y3uXqGyCKB74+8LN1Cxpia+328s92snlVT9OaW5B0Y5Dp/t0a10/wLfKdw5V6PdtWydO+LAgP79zl64eHh6HDh1Y8MX8ocOGfzZnblBwcJmbCILwzYplB/bvk5a0bRfxcdTM6vjtnpZ2+8P/jFnw1eKWLVtV+c4dWYcOHUaPHr1+/foDBw64ubl5e3vTxp/vvvtuXl7ehg0bNmzY4OzsPHTo0A4dOtBNrOfEsmkLyjCMr6/v3LlzP//88wkTJhBCmjRpsmDBAkJIZGRkRETE1q1bt27dGhgY2KRJE7rJ1KlT58+fP2bMGHpnbd68eRUcHdNxlam2zMj9qF8wRbFnrZ+yfHz565J/Tp4M8K8nPRWvx5IGYdYr5Pdh/S4o6WNT1tXKBEIbnTt3ppHpxIkTnTp1khLU1KlTrdOUFCOlmrTOnTvbxEva3rJTp07WQYuuX+ZCm90uXLiQ7tNmtzablHeICspcZvazftU6EtOzKO98KyhbmdektNLn/igiIiLGjx9v3ZLzQdkkyYqr+2yC3/jx42lGKp0qa6kZM2bQNDh69OioqChfX9+///575MiRmZmZ//nPf3r37u3r65uamkpX/uWXX7p06ULHuaZ173SkMke2ZcsW+nZq3779t99+GxYWFh8fP3bs2BMnTqxevXrIkCE9evSwdxlrkIsXL3p5eUlPXVxc7Fqcu44dO2Y2m0NCQggh169fp8Op11iX427eTM0KbxIU3jhILpMl3kw/9W/ioeP/9uvext5FA/v4fdvWEa8Pfefd0fM+XyD1EIv+5+RHkyeOevvNrdt2uHt4lN7qyOE/D+zfN3zEm92e66FUKs6cOvXtNyu++3blhEkfPfYzgIc3bNiwoUOHZmVl0eFhKJVKNXPmzOnTp+fk5Fg31zxw4ID02LqBT6dOnf766y/p8d69e7OyslxcXKROhizLLliwQKfTGQwG64/x5s2bb9y4MScnh2VZT0/Pio9eu7opGY3GDRs27Nq16+bNm2FhYSNGjHjppZfoS2lpaWvXrv3zzz/VavWQIUMSExP9/f1pKs7Ozv7mm2+OHDliNBpbtWo1btw4OgfjxYsXv/zyy1mzZkmD+owYMaJ3796tWrWaM2cOIWTevHm9evWaOHGiXU+6IlV5x5FxFrIMxbcHfNWV3bM7k0IfxOaxjRKr7I4yjUw0mBFCjh8/blNzOHXqVGmUFClELVy4cNq0aTTb0Jdoy0xpKzqai/VCaSe03WbpfdJdWQ/EUroa03qHFZTZukXol19+WV4Go4W0jq80W0rLrct2/PhxmxOUXqIPbFawZnPuVUJKYg+XysqsJLRBG82XXucRD13T8DxP83C3bt2kuqzevXtv2bLl2Wef1Wg03333XevWraV30QcffBAWFpaSkkJ/Ln/33Xc7d+6kH4hffvnl+vXr4+PjO3XqNHny5IEDB9JO5/SWwbhx46KiohQKxcqVK5966qmoqKh9+/ZlZmb6+fm9+uqr8+bNk75Fah2aBl1dXfft20fPolWrVnv27AkODtZoNPPmzevRo8fq1atXr17do0ePzMzMLVu29OzZc9u2bVlZWRMnTty9e7e7u/vYsWNtbhBeuXJl6tSpx48fd3d3f+GFF7766iu68zJ3tXnz5q+++ur8+fOEkNatW0dFRb3yyiv2uyQVCQoKsv4lQfE8//XXXx8+fHj//v2urq5t2rRZtWpVs2bN5syZs2fPnsDAwN9/L+5W8P33369Zs8bDw+PgwYMMwyQlJS1fvvzAgQPp6elt2rSZOnVqnz596JodOnTgeX7OnDm9e/cmhHz++ec7duzo3LnzkiVLzp49O3bsWC8vr/79+0+fPj08PHzTpk1TpkzJz8//+OOPPT09pYa7Xbp0ef/999977728vLwpU6bs3r1br9d37dp1wYIFLVq0oO/wBQsWrF+/Pjk52dXVtWfPnrNnz27VqtorQPIKtISQ8MZB3h6uhJDW4aFKhdxgNNNXU9Kyj566otWbFHKuVbOQdi0b0eWn/k24mnDLaLIQQur6uPft1kapkO3/vwuiKN7Jzud5oUfHlr5ebgePXczJL1LIZaFBdZ6NKL7lmnA97a9/LhtNFjcXp/492ro6Y5DAGsRkNE6a8OE7745e8c0q6+XtO3Tcs+9gl46RSxYv+mzuvNIb0qnhnu3enbYG7N23n7OLS1GRhr4ac/XqNyuW3bqV4unp9ergIS/1Lx4OcOeO7Tt3/J6dlUUIiYhsP3nKVCcn9YrlXwu88O+/F3Q63fQZnwQHBS9ftvTy5Utenp7Pdn9u+Ig36bYnjx9f/NXC3JycRo0bfzLrs9KfBvBA4uLiaAipjXbt2lVz7gmWad68eTt37uzRo8err756+PDhqKionJyct956y2g0Tpw4MTY29oUXXggICFi8eDFto0s7Vb799ts3b94cMWKEl5fX5s2bhw8fvmHDhqeffrqoqOjKlStarVba/6VLl5566qmuXbu2bNny5s2brVq1krJizfSogVDhrbZ+6nztmqbkcXNfVQxpUcG2TIMwQogbc5M+9XG6pz2VOTOGVKKCULohQfvL0Qxj3Z+QostpnWHpNEhH6aRPFy5c2KnEiRJ0b9KxymyVah0jpX1aL5EKLBVGWoGmNZvcZV1mGuqsT2HhwoU0vpauY5w2bZp0UOlSWK9jXTCbE5QOKpWhvPBpnQYfw8iupesMbTIbfUrbfNLf8dIIpbTWsbpLWNPcvFn8l/XBBx9YL+/atWtoaGhycvKVK1dCQkLoINS0JaQgCFK/59TU1NTUVIvF8sEHH9C5aKX3w/r16998801BEM6cOUMbVdJX/fz8JkyYQPvXubq6ZmZmfvvttzqd7scff3yM512V6L2DESNGWGdaDw+PESNGrFq16ty5c/RX15kzZ+iloH1peJ7v0qULrZvVaDQ2/TDj4uLoDUX66po1a44cORITE6NUKkvv6vLly8OGDaPXU6PRnD9/ftCgQTExMWFh97StqCFOnTolXSgnJ6ennnqKdkr56KPiGgmNRnP06NGIiIjs7Ow2bdp8+umnZ86cuXLlCg1gS5YsoRWwDMPcvn27W7duUvX10aNHjx49+s0334wdO5YQEh0dTQihwx4QQm7cuHHmzBkfHx/aP5BewIMHDxJCrl696u/vHx0drdFo6JzO0vDo58+fv337ttFobN++vdSseu/evXv37r169Wrz5s3XrFnz6aefShd/+/btV69evXDhglqtLnXqVSm8cVBs0u3f9v1Tz9ejUUjdRiH1whsH0ZdyC4r2HjmnVMpbhzdITsk4eylJLpM9HVY/+VbG+SvJdXw9GgbXTUnLSk3POfVvfNd2zTVafU6eRqVSuDir3FzUWw9EG03mZqEBZgsfk3DLy92lrq8HISTx5p2mof4iIfHJafv/vjC4T8dqPUF4IDt3bs/Lz5/3+RelX/Lw8Pho6vQx74+eMGly6ftuXbt12/Lbr2Pee7dDx04dO3Vu27Zdl67P0pfS09OmTJ5Qp27dd0a/f/zY/3337UqVStXr+RcuXjj/w3ffdujYafjwNy5cOH/kr8Pbt217fcQbd9LTL1447+/vHxwc4uPjO23KpOzs7IGDXjUajZs2/hwYGBTasCEhZNfO7a++NkQUxW1bf1u66Mu5ny94LFfoidW0aVOpWg+qVlxc3M6dOwcOHPjZZ5/Rb/kBAwYsWbLklVdeOXDgQGxs7Jw5c+isj/Xq1Zs/fz7daseOHTdv3pw/fz6tS+zbt2/v3r2XLFmyYcOG8g4UHBw8cODAPXv29O/fv2PHGv3RWqU1hGqeFJLEjL2N6vQjhIT5KLO0lsDew1IPbCrjwD1eYRuEBXHHrBeqEkS3QcVD1sr9KtVe1CZu0TBTOp/YVPRJAdJ6EoVOnTrROjRaoTdt2jTrKjXrTaQmqdYVidZB0Toj0do5mxpLmxBFM6G0WumdWC+UdmJz+tL6U6dOlUplvQebKzB16lQ6ewc9X2m3NvWfNmlTWv440yAdBsZmidQD0HpJ6QFpyhvZIjIyshqKWYPExcXRB7SlnLWmTZsmJydfu3btu++++/3332mN09atW8PDwy0WC40rM2bMGDZsWEpKCk2Ds2fPfv/992fNmrV69eqoqCiaUihXV9dVq1bdvHmzTp06NA3u27evT58+u3btmjdvnpOTU2FhYW0cirqgoIBWlkqDa0saNGhA442USeg3So8ePerXr799+3YaMD755JMxY8asXLnyiy/u/pibOXMmISQ0NHTHjh1arbZDhw7Jyck///yz9Uho0q6+//57+id55MgRnudfffVVmUwWGxtbMwNh3759pcdNmjSJi4sTBOHgwYOurq5RUVH//e9/N27c+O6772o0muTk5BdeeMHPz4/WhbZo0eL8+fP0otH7C2PGjElNTXV1dV2yZEnDhg1nzpx54sSJ//znPy+//HJAQEBlCtO6despU6YYDAZpgHU6us9XX301ZcoU+nneoEGDtWvX0uPu2bOnefPmQ4YMOXPmzBdffPHTTz/RIRymT5/+xRdf3LhxY9CgQeHh4YmJidVdSejr5da/R9u//rmcnpmXnpl37Eysn4/7S8+1Vchl/1yIJ4QM7tvRRa2KfKrxzzv/Pn81+emw+lqdwc/HfUDPCJZlnmoW8sOvf+TmlwxVzzDD+3dRyGXJtzIMBlO/7m2C/X0IIQaj6U52Hg2EzRoGdG/fghCSk68p1Oiq9ezgQZ06dapLl67u7mU0CiWEDBg4cMz7o8+dO9uzZy+bl0JC6i9a8vXyZUuPH/v7+LG/aY3f1OkznJycfvt1EyFkydLlHp6eLw8Y+N/xYzf+vKHX8y/k5eVFRLb/OGomx3E9ej1/+lR0SkrxjUWO45Z/852Tk9PFC+fT0tK+Wvx18/BwQkhhQUF8fBwNhIOHDBv59ihCyPXkpOTkpOq/NgAP6d9//yWEvPbaa/Qpx3E9evRYu3ZtUlLS1atXaRMS+pL0gBBC7wJL33T+/v5hYWEXL16ko7PWdo9cQ3hvbAvKs/yWsdfLpYmXc2NCSNcQZ98Rb/1BiE0mZBuEcc+9EsQdC2LvBsIwD8HdpCAPyKb3Hf1n6do2qcuczcrWdYnWtYLWT2lesqmykxaWuX/rlFhmoLJeIuU3m32Wd77StjZtSulOHiieSfWN1qzPpcy9SYO4PrY0WMlBZaR1Vq5cOW7cuIprBU+dOvXEDB5TJrO5uI1Z6Q7N0oeXp6enNCFk06ZNaXsGWh8SFBTUokULaWDG7t27Z2RkPPfcc6tXr05NTU1KSpJi0tixY4cPH07Hp6FL+vbt26lTp759+/7vf/97DE3sqol0lUoPBlPmp//y5cvpTXqpSvDjjz9Wq9Vz585duXKlRlPceIL28Wjfvr0gCE5OTl26dDl27Nhff/1lHQilXUkNHwIDA/v27Tty5Mg+ffrU8HY4lEwmo/1SduzYIQhCUlLS1q1bDx06RF/V6XQymez999+fO3fu2rVrP/30082bN9P+KhERERaLZffu3XTognfffVe6M0V7Aw4dOrQyBZg3b57UxFTi4eHRuHFj+viZZ55Rq9X0CoeGhgYGBhYWFnbt2vXMmTM7d+6kd3aTk5MXLFjw+++/v/jii1999dWzzz7LcVxVX6oyBNTxemPAszq9MeHmndjE1Mzsgs17T74xoGteQREhZPdfxV33dXojzwuEkJZNQ+r5eZ04fy0zpyCvoIjnBaHkTatSyhVyGSHkTlY+IYSmQULIS8+1JYRk5RbSw9GFfl7ud5Mk1AyawkKPsroIUjQoagoLy3y1SdNmK7/9vqCg4OzpU38cOnj6VPS0jyYt/2YVTWufz59LV0tPS6NN3bo/16Nxkya/bd4UHxcXH3dNq9VKn3V16tSh/c0SExMIITQNEkImT5lGCKG5sVlY8Q/Cxk2bXrlyuaqvBECVyc7Ops2apCVt27Zdu3ZtRkZGUlJSYGCgNNu5v7+/1Pg5IyMjMDDQ+lugY8eOsbGxNX8E0cqogiajCm+1Kaf4niLraw5KFRJc9kaGTqBLwnyUZMRbqT7K5EsXky5dZBuEhbZ6WtbjlSD2mEV3T/WgxwFBGfzATXFsEhTtAle6lWOZLUgrYF1ZR1eWxpihNYfWC6XgJGXI8ururOcJvO+pVTBqqFQTKLXikyJlBQmNrlbeuVsPclNxwaz7Hz62QFjepPM2aOtQ2tLPeub6ai5dTURrsWgbOeuGCqIo0jmIKtOc/caNG/TBs88+a738zp07UiBs3rz4R4CTk9OqVatonwf6toyKiho5cuS6deuq7rQeH29vb5qN6Sg71hITE2lylr4z/Pz8pCZbtKFjq1ataNtCjuMaN25MOwEWFRXRZPjLL7/88ssv0g5v3bolPbbe1ZgxYzZt2hQTE5OZmblu3bp169a5urr++eefNbOPa05OTuleQ9HR0cOHD5caalJ0MLo333xz7ty5qampJ0+epG+S9957z7q1s3RzSjrfpKS71Q5SUJfufViTRsmrGP2Pm5yc/PTTT0sLNRqN0WhcuHBhz549NRpNfHz8kiVLlixZ0qpVq6NHj1Z3n9jDJy/7eLk91SxE7aR8qlnIU81C/jjxb+KNO1qdwWLhGZbxcHOma9IHgiDG30g78s8V+lLT0IBrSbelvSlKxiY1GE2knDEAFQo5fYAxAmuggIDAQ4cOlPdqYkICnVyu9EtrVn9fv36DHr2ed3d379Hr+R69nv/h+1U7t/+en5+v1+kVCkVwcHHjEfqA5/nTp6LnzZmtUCiahTV/sf/LO3dsl/bmWtLKQ1OoKe+2iNq5+Cccy1TxlGYAVYt+VWk0GikT0klTAgICfH19rb9o6PAz9IGPj4/N7wF6H1z6JSB9GeXn5z+W86hKjxoIbQYC2zsTAwAAIABJREFUZdR8x8umzYHx+y+NbVynn9R2NGzEW9I6udqEhIyNuUX3jEca5ikEa1zcOt1tV6bwDX+I8kjtPB8uq0iDlNJQJO1NikCdO3e2Dor07rL1kCq7du368ssv71t3V2boKl2NWRk0hUpHtGl3KrHuM1m6jetDHLSC7oWPQmrw+XA/eaWehA89TukTIzQ0lD5YunTp66+/Lg0/vW/fPppYaMetikkj2v3444+0zodq1KiR9Fgapoz2V+zdu/e2bdsOHjz4xx9/EELWr18/adKkWlpP+PTTTx87dmzNmjVz586tV694hOQ7d+6sXbuWENKmzd1RH61v4dNR165fvy6KIsMwer2epkHra/Xyyy+/+uqr0iY2fRSlx97e3hcvXjx06NCePXv27NmTmpqq0WgWLVr022+/Ved5Vxm9Xk+HI+/WrdukSZOCg4Np7qLvxkaNGnXr1u3o0aOTJk2irXNp7V9gYCDdXJo9WerjZ/3DV/qSLigoKH1o67dlBejPgtDQUNqTRMIwTEREREpKyq5du/bu3bt//36NRnPp0qVNmzbRfozVJyMn/3pqZnjjQFnJz243FzUtkouzSm8w9ejQksa8S9duFhbpWJY5ezlJLpe9NaibjONEUbwSf6t0tbanuwsRxQKNzt1VTQjZ//eFgkJdj44tq/Vc4NF179FzwRfzo//5p33JvALWNqxf5+fnFxFZxvxAMTExR4/81bVbd7m8OPD7+dUhhLAs4x8QcPt26juj36N/Jof//CMrK5PjuF83bfTy8lq7/me5XC6K4qaNP5eePMY/IIDn+aysLF9fX0LIyuXLUm+ljB3/YfWcPUC1oHfM//7774YNG9IltLtmw4YNW7Vqdfjw4TNnzrRr144QcvLkSWmomEaNGv3555+XLl2iP2ksFsvhw4dbtWrFcRydzSUjI4OuaT0NPb0BWvMnn6iCuzhenbtYPw3hdB0vmwghCRl7EzP2JmbszdUm0ByYq004lfz1qaSlpdNgh2gL63vPXd6HmHOi8gnHutWl9XKbp1L7TDqCi3UrUOuWkzamTp26a9eunJycnJwcqUmq9eY0Q+4qpTLJqrwTvG+YlE6NFowe0To6Vn4aQ9rJsOKLYC8RERHWSbKCRqGlQ6NUkVgzq18elLOzM227eP78+aFDhyYkJBQUFGzbtk0apMRmsJkyhZe0C/L19R0xYoS7u/s333xz4sQJ61/b0q+NM2fO9O7dOzIysm/fvocOHZJGBKm94fyTTz6hD3r27BkdHV1UVHTq1KkXXniBLrSelsM6LdMOfhqNhn7BbNp0t8E8x3GtW7emXxuDBw8eOnToL7/8snXrVqlBqc2uJk2a1LZt2+3bt69atSolJYVGEeuBxWs4KdHNnj37pZdekr4jTSYTfUCrBOkwMIMGDapTpw4hRKlU0gkwN2zYkJCQoNFopObf9BuaJsaLFy8SQtLT0//888/Sh5beljakOyN6vZ7neRpQk5OTe/XqNWLEiLi4uB9//DEhIUGn073yyitt2rTheX7z5s1ZWVm0JvwxfNyFNw42my0/7/j7Qsz15FsZJ85fO3/1uquLk9pJ+VSz+oSQPUfOZWQXXEu+feLcNa3eSAhROyktPJ9fqNNo9bv/OktE0WKx/R3fNDSAMMyuw2dvpWfHX0+7cSuzQZBfOUWAGqRLly5Dhw2fMnli6Rsfsz6ZseirhZ/NKWOIUUJI3779cnNz//PBe4cO7r948cKWzb+u/d8PjRo3dnNz7/dSf0LI4q8W3rhx/Z+TJ5Ys+jI/L48Q4uvrV1RUlJFxJzcnZ9GXC3ieN5XcdpF07NiJ47i5s2fFxlw9FR29f9+e9h1r5RzI4CBu3Lix6l6xsbHt2rVr0aLF0qVLN2/efPny5W+//XbPnj0DBw5Uq9WDBg1ydnb+8MMPN2zYsG7dusmTJ0u7Gjx4MCFk8uTJR48evXDhwpQpUzIyMuh9THoLfuXKlX/++efu3bunT58ubUV/L+3YsaNG/VourQoGlfHsOrLo2tmiuLuDK3RK0t/ylN0KZBMy9hJCCP1n+TpEW4I1Li6t7lYPOoe/9hAlkarsKhOQyhxE1GaMTes9S1tJNYdlzhBoM++fTUtRiU13QZutKjhBWmNp03nPZsTU8ratZNNZ67LR62NTMFojKlWfVqbrYyVZjwv60DuRphMsbyfSCtaTFtLhSenjJyMQ0vEwduzYERMTs2XLFjrci2T58uX0/m7FXnjhhSZNmsTHx7/44ou0txtta+rt7U3bV1jPRfvUU09lZWVlZmZGRkb269fv0qVLNHlK/bZrneeff/6tt95at25dTExMh3tvz48aNapnz55lbjVkyJDp06dnZmb27NmTDuhq/erUqVOHDh0aHR0dFBRUt25depU+//zzMnfVuXPnpUuXXrp06dq1az4+PrRvmxRTa74WLVrQkWNGjRrVpk0b6U2Yl5dHH7z88su0XS4h5O2335Y2nDVrVt++fePj461bfo4bN47eoWjTpk1qaurKlSvPnj179epV6zgtKW+KZKkytkGDBu++++64cePoh2fdunWld/gbb7zh4eERFBS0ffv2UaNG7dy5s6CggI7H+ygfTZX0VLMQjmX+uRAffaH4zqmvt9tLz7UjhDSuXy8rt/Dfazd/PxhNGMbX2+259i0IIR2fabr/7wtb9p0khLi5qr08XPLp2DBW10CtUvTq1OrwP5f3/HWOMIx/Ha+2LRrmFhTduxbURJ/NmTvq7Tc7d4icMnXaywMHurt7JCYkbFj/46KvviSE5OaV3X+pR6/nZXL5qm9XLlu6hC5p2y5i+owoQki7dhFvj3p3w/of/zl5guO4tu0i3hr1LiHk9eFv3Lxx/f13RxFCmjZr9vTTz1yLu0YIYa3+mlzd3D79bO7n8+d+NGkCx3Fdn+324kv909PSCCEM3kpQ8+Tm5q5adc+ULfXq1QsLC1u2bNm8efPoCKLOzs5vvPEGnZTIzc1ty5YtCxcuXLVqlaen5wcffLB48WJaAejj47Nx48aZM2d++OGH9NbknDlz6IwUXl5ec+fOnTlzJt3JmDFj6PxJtF6xdevWhw4diomJ2bdvn/2uxH1UQSCU+zZ3aeJtytZLPQkZNT8sJv94nsvJlvcZJMZXJXaItnjf0Kt63tMrw7l5ZX9BSi13bdw3XEl5pn///jbtJ63DpPVYo1LTUJuxQKXHUjCjE0LYzIRhM26Nt7e3TTfFMoefsWY9uKhU5Wgd6qxLSI/Sv3//zp07T5061bqRZ+m60PLKVmboldan81s8SsNR6/5+Uj1S6eFDyxxllK5Z5nSCNOaVl+siIiJoV8PTp09LQ6pIKtlZsVZwdXU9d+7c/Pnzf/jhB2ky7k6dOi1dupTWtFj/brb5AU2fymSy48ePv/POO7t37z527Jirq+uAAQOWLVtWek1CiEKh2Lhx49y5c3fv3v3rr7/Se2bff/+91O60Nvrxxx979uw5Z84cqdVikyZNZs2aRcfRsb5Q0iZqtfrPP/8cOnRoTExMcnLy66+/LpfL169fT9ccMmSIxWKhjSQzMzPbtWs3bdo0WvtUelevvPLK4sWLf/31V+kv8b333quxgyGVzmAKheKbb7759NNP6aWYMGEC/VI8fPjw888/T6/VW2+9tWLFCj8/P6nqlRDSp0+fP/74Y8aMGdIkHPPnz5c+ZJYvX56QkBATExMdHd2vX79WrVp98cUXtOqvvPeztCQyMpJ+0Gk0moKCgtDQ0PPnz48YMSImJubYsWOhoaEjR4586623aEoXRfHgwYM0h7u6us6dO5dWXVa3Fk2CWzQJ1htNOr3Ry93F+lw6tm7a4Zkm+Rqdu4uaZYuX1/X1eHtQd41Wr1TIpU6DhBCbCSQahdRtFFK3QKNzVitpe1RfL7cxw+9e9mcjwp+NeJjOGlCtgoKDt27bsXjxog/eH/3B+6PpQj8/v1Xf/ZCblxv18XQikomTy5hu/tlu3Z/t1r2oqKigIN/fP8D6jfTq4CGDXhucmZnp4+Mj9QkMbdhw9dr1ubm5Tk5O1s1AbCaQaNO23bbtu7Kysjw8PGhVfFBw8N4Df0grjHhz5Ig3R1bDlQB4MEePHi3vJV9f32XLlhkMhpycnHr16kmNRy5fvpyenr506VL6XZyTk7N48WKpe3zLli137NhRUFBgMpls7qq//PLLL774Ynp6ep06deRyuTSHpFKpXLduXX5+fiU7MtgLU7qnwUPQxmzJ+3tD7slbNstPNHQ60bDc8w/zFHoc0KkLTC5NvV2a3M11zuGv3TcQlpcDpaAiVfrR4GTTPJKy6VZHlR45U6oMLHNy+Qoq66yLZFMfWMFxH6LMNmdtXZcoHd1mYnrrboQ280zY7F/ac5kFK/PiUIIgaDSaMsd7oGNall4YERERGRlp/XtXqjMskzRmzIoVK6QcWFqZK5TeMw2KFVQPWiwWjuNcXFyUSqX02VFb5OXl5eTk1K9f3zpvVJ7JZEpNTQ0JCanMKIuCICQnJ3t6elbwd1rr6HS627dvBwQEVH4aurS0NBcXl/Km3MjIyJDJZJW8RLm5uQUFBQEBAdaTKNQiKSkpfn5+9CbrA9FoNLm5uUFBQaX/4iq+vBUQRfH27dsqlYpOXSgdKD8/PygoqPT6dILvOnXqPPQQo9fT8hr4V+9QNFBbXE/Lq+vzkNPw5OXlnTt3VlNYGBAQIPUbXLp4UdSM6fM/X1BmJqwt7mQX4m8EaoI9e/bMmDFjzJgxgwcPLigoWLZs2ZEjR9avX//MM8/Yu2gPLCIiQmpBU97dTDqvb0hISNUEQkJI/tHPiq6dLZ0JaSwkhKQolbcCWV+VqEoUg/IsIUZjYKrAqHmbNEgI8Xvt/uMlSMN7Sqxnj7h76JI5JCqov5J2VV4FndSstPSey9xEOujx48fpIDQVrGPTL7GSZa7MIco8L5uF0tCp1ptbX1vrl8orWJk7uW8gtBn506bvn6Ti4WHoVnSd8vYg7aTMFaSXKtNStFYHQgCwFwRCkDxKICzP10sWE0ImTJpciXVrKARCqCFMJlNUVNTBgwelJZ999tnAgQPtWqiHZJ9AaM6KyTs625SjL4rLkdqO3pdXxyCF9z1ViJ7dZj/ccDJQ01QcCGsjBEIAeAgIhCCpjkD4BEAghBrFYDD8+++/arW6SZMmSqXS3sV5SA8UCKugDyEl923u2W123tHZXh0Di+JzrMeYKVPpikHaWBRpEAAAAAAA7EKlUkVGRtq7FI9VlQVC60zo0sTbpYl3UXwOIcR6sBmFt5pGQZtaQQp1gwAAAAAAAI9TVQZCmgn9XvtNG7NFe3VLcQVgk/tvpfANR90gAAAAAADAY1bFgZCSxgjVXt1S8ZqIgo6gqvqpAgAAAABA1aqWQChlQufmr2ljtpgzYwghpqyr9CWFb7g09Tyi4JNNoVCYzWaTySQIgr3LUgVYln24ORsAwJHJOdZosigV+PQAKIPJzKvw1wFgV9X+F+jc/DWC0OeQGIbhOI7OWvtkVBIyDCOXyzmOKz3nNQBAedxdVdkFOh93NTIhgA2Tmddo9S5OtXUgR4AnA76coLrQQOjk5FRLp9IuE8dxCIQA8EBc1UpCSFae1sw/CW0l4FGwLHMnu9DepahBVAqZj4czaggB7At/gVCNOI57wppZMgyDNAgAD8pVraSxEAAAoKZ5cn6pQ82EBAUAAAAAUGOx9i4AAAAAAAAA2AcCIQAAAAAAgINCIAQAAAAAAHBQCIQAAAAAAAAOCoEQAAAAAADAQSEQAgAAAAAAOCgEQgAAAAAAAAeFQAgAAAAAAOCgEAgBAAAAAAAcFAIhAAAAAACAg0IgBAAAAAAAcFAIhAAAAAAAAA4KgRAAAAAAAMBBIRACAAAAAAA4KARCAAAAAAAAB4VACAAAAAAA4KAQCAEAAAAAABwUAiEAAAAAAICDQiAEAAAAAABwUAiEAAAAAAAADgqBEAAAAAAAwEEhEAIAAAAAADgoBEIAAAAAAAAHhUAIAAAAAADgoBAIAQAAAAAAHBQCIQAAAAAAgIOS5eXlEUIEQShvDVEUH+UAj7g5AAAAAACAvfj5+dm7CA+sXbt2lV9Z5urqap3ZyntcMaQ+AAAAAACAWkfGMIx1oqNPAQAAAAAA4Ikno/8qnQMfqNKPYRhUEgIAAAAAANQusvJeQFUhAAAAAADAk00mBb/SVXwPVO+HSkIAAAAAAHBk9erVs34qCIJWqy0qKrJfie7vbg0hqgQBAAAAAAAe2hdffCE9ZllWFMW9e/f+9ttvdi3UfZTbZPQh2IxPAwAAAAAA4DgyMjKkx87Ozm3atMnMzNy2bRvP83YtV0VkVd7aE7EQAAAAAAAc0LRp06THPj4+EydOrFOnjpubG537vWZiK375oduRMlYebg8AAAAAAAC1lFarzczMdHd39/DwsHdZKlKVTUbLU3EmRF0iAAAAAAA8YYxGY05OjpOTk5eX1/Xr1wkhCoXC2dmZ47iH2Ft2dnY1lJFUKhBW9/ChqEIEAAAAAIAnjCAIBQUFgiB4eXnRJeHh4cOGDfP19X2Ivb399ttVXcBidyemR00dAAAAAABAVdFoNGaz2dPTkz7VarWpqalardbe5bpHpZqMIi4CAAAAAAA8EI1GYzKZpEB4/fr19evXs+x9hnF5zCrbhxCZEAAAAAAAoPIKCwtNJpOXlxcNU2azuaCgwN6FsnU3nt63Lx86+wEAAAAAAFRSUVFRYWGhp6enWq22d1nK9WCjjKKeEAAAAAAAoDIKCwuzsrKCg4Pd3d21Wi3LsjKZ7IGq2Wi9YrVGsHsCYWXyHjIhAAAAAADAfel0upycnPDwcHd397S0tD59+ixYsCAkJKTyezCbzeHh4Xfu3Km+Qj7MPIQ01CIWAgAAAAAAlEcURdpp0N3dnRBy4cKFqVOnOjs7V34PgiDk5+dXZxlLBcLKVwAiFgIAAAAAAFSAxjkPDw9CSFpaWlpamr1LZKuMMU8fqFUrY6VKCwYAAAAAAFC75efnMwzj6elZY+NS2ZNgPFxxmXs9ctkAAAAAAABqsczMTNoP0MfHp6bNQEiV24fw0QePQSYEAAAAAABHlpaWdv78+X79+hkMhgsXLphMpspvm5mZee3aNaPRWJ0FrHBQGQwoCgAAAAAA8NCKioq2bdumVCq7dOny3HPPPVC8On78+PLly+0ZCJEJAQAAAAAAHsWNGze+/vrr7du3+/n5yWQPMMtDVlZWUVFRdRaNVGraCYwmCgAAAAAA8NDkcrkgCJcuXcrPz684WD3fnvR/luvQgqnjZSGEpGaQ0zFkz3FyKLq6ylbZhIpYCAAAAAAA8KACAwNfe+211q1bp6SkrFq1KjU1tczVWjQin71LIlsSQvi729YhgXXIK93J6Svk09XkcmLVF499uEkmqr4gAAAAAAAAT5xnnnmmdevW8fHxXbp0admyZZmtRp+PJPuX0TR4D4Yp/l9kS7J/OXm+fdUXj3244UAxvQQAAAAAAMB9abVapVLZvHlztVqt1WoFQbBZoUUjsmYWkWKVFAJtkhZDyNpZpGWjKi4eW3LUh891TFmqroQAAAAAAAC11dmzZ9etWxcbG7to0aJLly6VDoRzRhO2VAg0GBkLb7srhpDPRldx8e7WV1btgKLIhAAAAAAAAIWFhYcPH/7nn38MBoPBYLB59fkOZbQU3XhA+fVmtVIhRo3U9el4z9SFkS3J8x3IoX+qrHis9RNU7gEAAAAAAFQto9GYl5en1+tL18C91Ml25Yxcdv469X8G6V/qZJq12tlgtA1opTd5FGzpRciEAAAAAAAAj0G7cNslSakcIaRDS3P7FmatntzOto1spTd5FGUEQlQVAgAAAAAAPAZBdWyX5BcxhBC1SnR2EgkhGq1tLiu9yaOoaB5CKRNi+kEAAAAAAIDHwMNFJITojIxWzxBC3JzvyWJVXmtXqYnpkQwBAAAAAACq3K0M2xq/0ACeEHL0rDyrgHV2Iv6+gk0OvJVRlQWoVCCUWLcjRTgEAAAAAAB4FGeu2gbCut7CvPd1S351UivFL8ZonRS2set0TFUW4MECobX7djJEYgQAAAAAAKjAnhNk0HO2Cwd1N/bvYmRZwpU15Mue41VZgIcPhPeFYWkAAAAAAAAqcPAfEn2ZtC81FaG8nKAWfZkcrLpJCMsdZRQAAAAAAAAeg09Xk0o2rRQJ+XR1FR8dgRAAAAAAAMBuLieSUXPunwlFQkbNIZcTq/joCIQAAAAAAAD2dDCa9P6QRF8ud4Xoy6T3h+RgdNUfuhr7EAIAAAAAAEBlXE4kr0wjL3QgL3YmEc2Lhx69lUFOx5A9x6u436A1GR36BSOCAgAAAAAA2NfBf6ox+5WpuMkowzAYFBQAAAAAAMCh3NOHELEQAAAAAADAcZTRh9A6E6IpKQAAAAAAwJPqPoPKIBwCAAAAAAA8qR5glNEyW5MiJQIAAAAAwJNKEITHf9BH7McXERFR+ZUfddoJ9DkEAAAAAACopTAxPQAAAAAAgINCIAQAAAAAAHBQCIQAAAAAAAAOCoEQAAAAAADAQSEQAgAAAAAAOCgEQgAAAAAAAAeFQAgAAAAAAOCgEAgBAAAAAAAcFAIhAAAAAACAg0IgBAAAAAAAcFAIhAAAAAAAAA4KgRAAAAAAAMBBIRACAAAAAAA4KARCAAAAAAAAB4VACAAAAAAA4KAQCAEAAAAAABwUAiEAAAAAAICDQiAEAAAAAABwUAiEAAAAAAAADgqBEAAAAAAAwEEhEAIAAAAAADgoBEIAAAAAAAAHhUAIAAAAAADgoBAIAQAAAAAAHBQCIQAAAAAAgINCIAQAAAAAAHBQMnsXAAAAAADgiWWxWNLT0+1diprOycnJw8NDJkM2sQNcdAAAAACA6qLRaCZMmGDvUtR0kZGRo0aN8vHxsXdBHBECIQAAAABAdbFYLL///ru9S1HTsSz7+uuv27sUDgp9CAEAAAAAABwUAiEAAAAAAICDQiAEAAAAAABwUAiEAAAAAAAADgqBEAAAAAAAwEEhEAIAAAAAADgoBEIAAAAAAAAHhUAIAAAAAADgoBAIAQAAAAAAHJTM3gUAAAAAAIBHxzzew4n3HlqsYFWoyRAIAQAAAABqAYb+gyEMYWQcp5DLFHKZQsZxnIxhCcMwhMY0+m+RMFJIFK13UV5yuzdPWm8iEsKIhBBRLNklQ0SRCAJPCOF5wWyxGM1mk5nneV6kG4sIiLUGAiEAAAAAQC0gEkYhk/l5uTRtENIguJ5CqTBbRLPZwguiSARGCoKEiExxHmMIwxAiiPSZKPCCIArFO7sHI5YsYAjDsizLMYQwIhGLEyi5mzUZQhhCBEE0G4xKlYqTcwq5TC5jdXpjUnJK/I20nIJCM88/xgsDjwSBEAAAAACghmIYRhQJwxCOZev6uLcNa+js6nYrM+/PU1cKi7QWi0UURJrxRFEQCCFEJAKNbiWVdCIhDCMSQgjDMgzDEJFYV+Ax1tWIDBFpgBQEsZy6RIZhGIYhpOQfDMNwLCuTyzzcXEMC6vbq1CYnL/dcTGJ2gUbgxQpqJKGGQCAEAAAAAKi5WIaoVYomwfW8PNxjbmbmFSaxhHF1dgrx8+U4lud5QRAFQRBEURAFURRFQkRBFElJqhOJKIp0iSCKRBAFQui/6CuEEFEsTogioQuKlwjkbgtQURTvRsd7+w8KvGA0G9K1urT0DKVS5e/r0aJh/fSc3OupmQazhZH2DjUSAiEAAAAAQM3EEELcnVXN6gdaROZyYqpapWoc6O/t4a6Sy1mOM5nNRTq9xcLzPG8RBUoUiwMgfSgUx0RBoA1GRbE4Gt79NxFFgeZCoaTNKSGE1juW/F8KhKJISlIjIbQhK8cVtycVRdFisdy8nZGVm98gwK95A//4lHSN3mTXawj3gUAIAAAAAFATMQxxVimahgQUmfj0rLzAOr6Bfr5OSllx206GMAzLMExxq897KuEYIkrLRFEUi3R6ncFgEYTiNCdKya+kSrB4Tbq5yDCMnJPL5TKrUWmYkmalUvfCu1vSxwxD5DIZJ3B6g+najfSGgXUbBdaNvZluMCET1lwIhAAAAAAANZGMZUP9/YyCeD01o1mDoOA6vjKOK05xhBBCWI5jihNhBcQCTVF2QT5/t1tg8foMYUQi0kpFUjIgjdRJ0MCYnZ1USoWijF0W1xQy945GWvxvliVyRm6xWBJvpYfVDwjy80q6nSGIaDVaQyEQAgAAAADUNAzDEE83tYe767Wb6QF+niF167KsTe89kWUIWzySaEk9IcPQXMcwDK0KNFsseRqNhRdYli09VyEdU5TnealykGNZpcKZERijpUhvNCrkcpoPRYYQkVEqFX716hXmF/j4+jZrHnY9MTE+IaGev79fnTocwxYWFl67do23WFiWlcvlJpPhdk5+gzre2fmafK0WkbBmQiAEAAAAAKhZGEJkHFvX17NQb+IF0iS4PsfYzu3HEMIxLMsyTHFlX/GcEGJJJiQMwxCGDjnDsmxJRCx1LIaRXmII4RiZyDqLHMfxJl40C4Ig4ziREJlM5h8Q2KhJE4Vcfv7sWV7gOZnMIopyhaJNm7YRkZGcjLuVcuvWrVuFhYV0z3KZskhTZPLx8PNyK9QZeBFzUdRECIQAAAAAADWOSil3dVLfySuq4+WhVHJlDdTJMCzHcRzDWGjFH20CKlUP0gadMplMqVBoDYYy0yB1t+8gYXiB58xFLMNYRJNMJmNZlu5bxnFqJ6dbKTctZkuRRpOVlWkymu6kp4uiePzYsSuXLxOG0eu0RUVFUkNSlmUtZqLRG91dXRSyHL0JgbAmQiAEAAAAAKhhGOKsUsnlcqPJFOjjy5Y1m58oEo5hWJZlGcIwLEvKrv+TcZy3u5soikazuXhWerHUfli2ZGOGIaKF1zOEkclkapWKYxiREIYhRpPp2rVYQgjHsTJOppArcjKzZJw7KBq4AAAgAElEQVSMEFJQkJ+Xn28ymYhVCRiGIYSwDKvVGXzcXJyUCj2GlqmREAgBAAAAAGoctUpJCCuKxEklL7NqTxBFwhCOYxmWZRielFQRMgwjigJtN8oQwjKMs5OTTMaZTGZeEOgcE3QSCaF4EsKSaSXEkjkHCU2SNGYSKeYxJaOTCgKdpoIprlxkCK2QtAmbDCEsyxhNZo5lVUoFU1R2m1WwLwRCAAAAAICahWWIUi7jRZ7jWI5jSxYzhEiPRUIEhhFlHMsxTPHQMvR/okj/yTDFeY9hGIVcIZfJ7s5SKAiiyAhEkMJhcSIUSck/ih+UtEMt6ZQoioIgCDxPx6eR8l3xdoRYj1sjEsIQhucFhmOVSvnjvIBQeWwl1gEAAAAAgMeHttgURMIxHG17WXoVGsZkHMeyLGEYtnj2ieK16cijdF/FA5EWDx9T8jpDGEKnMbxnE0bakiHWE1qUTFXBWD+rxJkwtDpRxnH3mx4D7AOBEAAAAACghmEYjmVoa0yWKR7WhRDb/n+iIMpkco7j2OKox1hlQoYpmZGCocPF3N13cQQsXk1Kf8X/uxskixMhY5UARatHpLgSsnj7u2nT+kRobSPh2DI7QoL9ockoAAAAAECNwxAiioKFtxTp9RZezlIMy7Esy7B0oBde4BUKhUzGcRxr4a3nqGcIEUnxOKMl1X6iSOOfKIrW80yIxVWBVv37ilcvbiZKRFHqkUh3yTBEJNKEh6RkT5R4zynQ3EikOTEe81WE+0MgBAAAAACocQRREARRqzdcv50u4ziOZTmO41hWxnEKmUyhUKiUCieVUqVSyWVyGWsys7xKLufkMqPJrFIqc/PyRCIwIiFEYFnWxdUlLzdPFHjapZBhmIBAf4PBmJWVTUSBiKIoEme1k1aruzu6DMO4u7vn5eWLhBFFkbYs9PH2ZhgmKzvbbLGUZEFRalwq3pslCSGEMCIRBboa1EgIhLZ4nk9JSTl69Gh8fDzP8wEBAd27d2/cuLGTk5O0TnZ29r///uvn5xcWFiaTOfo15Hme4zg7FkAUxfPnz2s0msaNGwcEBEgLBUGgBTMajceOHfPw8GjevLlarbZjUR8zQRBOnjxJCGnevLmXl1eZ6+h0upMnT3p5eYWFhalUqtjY2PT09AYNGoSGhj728kJ1SUpKSk5ODg0NDQ0NLacjShkEQaBTSNGnFoslJibm0KFDaWlpgYGBr732WlBQUHWW+i5RFK9evZqenu7i4vLMM8+oVKrS62i1WvpuLw/HcV27dq2ST2ytVhsbG6vVaiMiIqy/GmqRmzdvJiQkBAUFNWnSpPJviYfG8zydEbsyK5vN5sTExNu3b7dq1crPz6/MdfLz82NiYsxmc9X+J+B5/sKFCwUFBY0bNw4ODq6q3V65ciUjIyM4OLhhw4bSH9Sje6CrWrVu376dkJDg4uLSpk0bURRv3LiRlJTUoEGDhg0b2qU8TyqGEJlMLpPJBJ43GgxmhhXvrcBjGFYm4+RyWXC9unV8vDmO5VhW7eLs7efHC6KM4+oFBgq8hSFEbzAqFAqZXK7104iiqNXpsrNzDAZDSHBwWnqGp6cnx3EyuVwURLXaKS+vQC6XMwwjk8ksFrOLs0tefr4oirzAq9XqK1ev1qvnz/O83mDIz88XrUpbXJtIbKsCGULo3lgOXdVqKPyHuUdOTs6YMWMiIyPHjh27ePHir7/+etq0aV26dHnppZf+/fdfabXdu3cPGDBg6dKlRUVFdi2v/V25cmXixIlpaWl2LAPP85988snw4cMPHTpElxQWFi5btmzr1q30F+3ly5cHDBgQFRWVnp5ux3I+fjqdrn///u+9997FixfLW+fKlSsDBgyYM2fOnTt3TCbTJ598MmTIkN9+++3xlhSq18aNGwcMGLBp0yaLxVLJTXJycr766qs9e/bQp4IgHDlyZMiQIVFRUStWrJg1a9bj/Ku3WCyfffbZgAEDJk6cmJOTU+Y6t27dGlCh119/XavVVkl54uPjx48fP2rUqKysrCrZ4eO3fPny1157bc2aNZV/SzwcURTj4uJmzJiRkJBQyU1ycnIWLFgwYMCA6Ojo8ta5cuXKuHHj3n777czMzKorLDGZTB9//PGQIUN2795dhbtdtGjR4MGD169fz/NVMyW3IAiXLl165513yvtzqG5//PHHm2++OWPGDJ7nLRbL5s2bBwwY8NNPP2E6gSrHMAzDMhzDKOUylVymVMiUcplCxsk4lmMZIgpmk0lbpL2TlcMwRC5nZRzLMIyT2kmtclIoFXK5TKV2EghxdnE2m80qldLZ1cXZ1dXbx1upVDIMSUtP9/Pz9fT0JITwFourqyshRKFQCIJgMhnNZjO9iaZUKlzdXEWRmEwmvV5fWFh4T19GRhqvxrbwdx8ThmFZhmEfYCgaeIwcvXbLWn5+/kcffbRx40a5XB4aGurt7c0wjEajuX79+pEjR8aOHbtixYpnnnmGYRiz2azVak0mk4N/9kVHRz/33HMtWrQwGo12LAbDMEqlUqlUShWVw4YNO3Xq1OzZs+lTi8Wi0+mMRiPNh45DFEWdTqfX6yv4FcKyrEqlUigUtC+BwWDQ6XRms/nxlhSql9ls1ul0lf/Ioj+LN27cuGLFCrpEp9Pt27cvPj7e39+/devWhJCGDRtWc6nvQd+Zer2+vFMQBEGn08lksrp163p4eJReQa1WV1XljCAIer1ep9PV3o8Uo9FI3xLVfaC4uLixY8fGx8cPGzaskpsIgkCLV0FYFQTBYDBU8H54OPQzUK/XV+1nID2dKtznkSNH+vfvHxAQUN15vjwWi0Wv1xsMBnr9ZTKZSqVCg6nqIYqEcBznJFewHEvE4pkhBFEUCBFFQeBFQRSNJqPFwss5BSfj9VptYsw1E28RiSiXKyxms8lkFkWiVClvpaSwHCuXK1xcXJzUTrl5uYWFhbk5uRaLRa12dnZ2vn79hiAILMsQwhgMBjrWqFwuFwRBJCLPCzxv4Xk+MysrOye7SKOhg9DQLoLFfQppP0ORkJL+i3dPBC1GazD89d515syZEydOcBw3efLkSZMmubm5MQxjMpm2b98+efLk8+fP79ixo1mzZg7V5rBier1er9fbuxSE47hPPvkkNzc3LCyMLiksLKTT7Ni7aLVA06ZN169f7+vrW17TLHBAoihqtVrr+whms/nOnTtKpXLKlCnvv/++Uqm0awHL5efnt2zZsr59+5b5ao0t9hPMYrEYDIbam5xrJqPRaDAY7F2KYnK5fNCgQc2bN2/UqBHai1YDhhCR41i1SslxHBGLu/qJgsiLoiiKvCAKoiCIolav9/XwNJpNFgtvNJksvIUXRL1OL4qiIBBRFAwGPV88AyHJyMigD/Nyc0VRFIT/Z++946q41v3hPbN738Cm9942XVTs2I2KDTvGgsZu1BhbokmMemJiqpoo9t6iaBQFRQGDSO+dTe8ddq8zvz8enOwDaHLOPfe+ee/1+fhJYJhZs2atZ6311O+DS6WyvjQ//I+ahCQc6bvyutYg/Ekul0FxQ4SEQJnB1yUK+xTDvsqHkFKIGFQqfEd/V3qnEPYRjuPV1dWdnZ3W1tZbtmwhDMx0On3hwoW5ubnff/99ZWVlV1cXoRDiOC6RSAoLC8vLy5lMpre3t7u7u2FyC4ZhXV1dFRUVFRUVCIK4ubl5eXlxOBzYMdVqdV1dHYIgpqamVVVVBQUFZDLZ09PT3d2dxWK9ZVdVKpWVlZVlZWVdXV1mZmbe3t52dnY0Gg2EtsbGRqVSaWtr29nZmZGRIZVKnZyc/P39eTyeSqXKyckRi8U8Hs/Pz8/e3t7QXi6TycrLy8vKymQyGZfL9fDwcHV1ZbPZ8CEtLS1dXV0ODg41NTU5OTmWlpYWFhZVVVWQTlNUVEQmk62srCgUCo7jXV1dhYWFVVVVZDLZ3d3d29ubw+EQYyIWixEE4fP5+fn5zc3NXl5ePj4+0H8g8MpyOBxra2sQ4HQ6XWNjY29vr7W1tbGxMQyORCJpbGxkMpl2dnZGRkZsNpvH48nl8pqaGpBlGxoaCgsLCT8GuMuysrKKi4v1er27u7tIJCKmY1DCMKy7u1ssFldUVGAY5uLiIhKJuFwuPKLRaGpra3U6nZ2dHQwUzE5jY6NWq3VzcyOTyVKptK6uzsTERK/XJyYm0un0oKAgOzu7flmXXV1dkB8lFAoLCgrKy8vpdHpgYCAk8jU0NOTk5EgkEltb2+DgYGIw4aO6urrKy8urqqowDPPw8PD09DS8AUitVufm5hYWFur1epFI5OnpSbAxmUy2tbXl8/k0Gm1QYzOO483Nzbm5uc3NzWw228/Pz9nZ2XC+3sSl5eXlJSUlCoXC0tIyMDDQ1NT0T/0zsKaKi4vFYjGKoi4uLh4eHmCagRuAw8vKyurr642NjUUikYODA9GZ3t7e2tpaMzMzFouVm5tbVVXF4XD8/PwcHR1RFK2vr8/IyFCpVM7Ozj4+PjBKWq22qalJJpM5Ojp2d3enp6f39vba29v7+/sbGRkpFIqCgoKysjJop18Cnlarra6uzsvLk0gkZmZmAQEB1tbWxA2tra1tbW3m5uZSqTQjI4PD4QQHB5ubm+M4DoNTWlqq0Wjs7e1FIhHB1cB17e3tBQUFtbW1dDpdJBK5u7u/JUtKqVRWVFTw+Xwej5eXl1dVVcXj8UQikZOT01umSaPR1NfXl5SUtLS0IAji6Ojo7e0tFArJZLJarS4sLOzp6cFxHBYRj8erra3t7OykUqmw3p2cnGCTVCgUVVVV5eXl3d3dtra2vr6+pqamwN56vb65uVkqlVpZWZWUlBQVFTk6OgYGBkokEolE4uDgIJPJsrKy2tvbLSwshgwZIhQKVSpVcXFxUVERfLibmxv4HBAEAeb504wpBEFoNNqgSYZAcrm8trZWr9dbWlpCGAixbBUKhZmZmampaXNzc09Pj42NTXd3d0ZGhlwud3Jy6jdNg7ZcXV1dVlbW09PTbygwDGtra4PzBbZQGxubwMBAaFAmkxUWFpaVleE47uLi4uPjw+fz3/QWlUoFi93Z2ZngCki6g7XMZDJ7enrq6up4PJ6ZmVlxcXFJSQlsDiKRiNipgDAMa2pqys/Pb21ttbS0HDJkSL91qtfr29vb8/LyGhoaBuVGcKnV1NQUFxd3dXXRaDRnZ2cvLy+BQICiqFQqLSsrk8vlWq22rKyMSqW6urrSaDQcx7u7uwsLC2tra5VKpVAo9PLycnR07Kex4zheW1ubnp4uk8mcnZ19fX0H9f0SpFarKysr8/LyFAqFlZWVr6+vpaXl27cdGIHMzMyenh4HBwd3d/eBlkRYCLm5ue3t7Vwu19/f38HBgUqlGt4glUorKirKy8ulUimHw/H29nZxcek32oYEp2RtbS2GYY6OjiKRyMjI6K9oUxiGNTc319bWwvcWFxdrNBorKysYSSsrK7FYXFZW5uDgMGTIECaTCadYfn5+TU0NiqLEwQetwSZGpVLNzMyampqysrLkcjlsgMbGxsTQwc5cUFBQUVHBZrMDAwP7HRZsNtvW1hYWlE6na2hoUKlU1tbWvb296enp3d3dFhYW/v7+htMBO2FJSUlpaSmGYV5eXs7Ozu3t7Wq12tPT8/9bYIK/E/UVeSeTyQw6lUIm96lkOKnPSYjjGI7rMQzT62Uyqa2VZWdPd3tnl1qjwUkIhUKmUCkoQkYQnERCcBxHEBTHMQTBERx5XbAeIZHwPt4zwAyFYhcYyaDgxB8l51/jkyKQLYjgfYXr+/5M4I6+VgsJZfEd/X3pnULYRyBGUCgUAIwZO3YsEfyAIMi6deuGDh1qZWUFYdZAJSUlu3fvLigoaG5uplKpdnZ2c+bMWb16tampKezUz549u3DhQllZWUtLC4lEguN248aNfn5+KIq2t7cfOHBAqVQKBAJis7a2th4/fvyHH35oY2MzaD8bGxtPnTr19OnTxsZGuVzO5XJtbW2nT5++YcMGHo/X3d19/PjxwsLCgICA9PT08vJypVJpbm4+ceLEyMjIo0ePgljPYrFcXFy2b98+ffp0OPJTUlLOnj0L36JSqeh0uo2Njaen59GjR83MzNRq9fXr16OjoydPnvzkyZPy8nIjIyMzMzPIXqipqdm7d+/s2bO3bt1qZGT0+++/f//99+Xl5W1tbQiCQIDZli1b/Pz8EARRqVSfffYZyIi///57Z2envb398ePHhw0bRnxje3v7unXrXFxcdu/e7eXlBVc+//zzoqKiFStWREZG0ul0HMcTEhK+/fbb0aNH79+//+jRoxUVFVu2bLG2toZkFaVSeePGjYyMjB9//BGabWlpOXLkCOgSGIYBXNCmTZvelASv1WoTExPPnTsHQjOGYRYWFkFBQevXrx8yZAgxgxKJ5Msvv/T19YWnamtrjxw5UlVVdefOHaFQWFhYuG/fPnd39/r6+vT0dCqVOnv27N27dxPgN0AvX7784YcfPD09cRx/+fJlY2MjxC2vWrXK2Nj4559/LisrUygUQqFw5MiR+/fvB7QDDMOePn168uTJysrKtrY2HMetrKy8vb23bdsWGBhIfJRUKj1z5kxTU1NdXZ1er7ezsxszZszGjRvhw6uqqtasWRMSErJz586BwDNarfbixYs3b96srq7u7u6m0WiOjo5Dhw7ds2ePubn5m1ZTa2vrgQMHMjIyGhoaNBoNn8/38vJasmTJ3Llz3+Ki0el0qampZ86cyc7Obm1tRRDEwsIiICBgx44dXl5eCIJ0dHRcvnz54cOHdXV1nZ2dbDbbwcFh+vTpK1euBEUrNzd3z549I0eObGlpgUYYDIa7u/vmzZvb29uvXbtWUVGh0WgsLS1Hjx599OhRBoPR09Nz6tSp9PT00NDQ58+fi8ViuVxuamoaEhLyySeffPvttykpKU1NTQwGw9HRcd26dYsWLYKBbW9v/+abb1JSUmpqapRKJY/Hc3R0DA8PX716Nahhv/3228WLF4OCgioqKnJycphMZmRk5J49e2pqao4cOZKVldXU1KTT6UxNTUUi0erVq8ePH08mk3Ecj4mJOXnypFgs7uzspFAotra2w4YN27Jli6ur66CMWlNTs3btWnt7ew6Hk5KS0tbWxmQyHR0d58yZs3z58kHBhLq7u48dOxYfH9/Q0NDb20sikUxNTT08PCIjI6dNm9bc3Lx58+by8nKdTnfhwoXnz5+PHj360aNH1dXVCoXi7Nmz0dHR27ZtW7RoUWlp6cmTJ9PS0pqamuRyubGxsZub2/Lly8PCwhgMhlwuv3z58rNnz7y9vV++fFlVVWVjY7Np06aGhobExMQ5c+Y8ffq0rKyst7fXyMjIx8fnyy+/vHXrVkxMTF1dHeyoCxcu3Lx5M5lMJpPJIMIymUxDQfzfIKlU+vPPP2dkZIwaNWrfvn0CgUCv1z979uzYsWMymezo0aNsNvvSpUtxcXEBAQFFRUUlJSVqtdrMzMzHx2fHjh1BQUEDZwHDsJKSkqioqLS0NFAsTUxMXF1dIyMjp0+fTqfTNRrNb7/9dvXq1cDAwNTU1IqKCnNz802bNq1YsaKwsPDIkSMVFRXNzc04jltYWLi6uu7evTs4OHjQ6W5oaPjoo4/UavWJEyeImIienp6PP/6YyWTu3r07KCgoMzPz008/dXFxsba2fvr0aUNDA4Zhtra2oaGhmzdvdnR0hKdwHE9LS9u0aVNhYWFvb69AIPD19V2+fPn06dOBh1Uq1cOHD8+fP19eXt7V1UWlUm1tbceNG7d27VrYPXAcr6io+Pnnn+HDZTIZmUy2sLBwd3ffu3cvDODnn39eU1OjVqu//PJLa2vrs2fPmpqaPnr06OrVqyUlJR0dHVqtlsPhQMuff/654fzeuXPn+PHjFRUVKpXK3Nzc3d39wIEDIpFo0Jmtra397rvv0tPTa2pqNBqNkZGRs7PzqlWrwsPD36RdqNXq8+fP3759WywWKxQKWPj9svLUavUvv/zy22+/VVdXSyQSJpPp4OAwZsyYHTt2wOKCYTxy5EhdXR0coDQazc7ObujQoR9++KGrq+vA9yYnJx8+fLiurq6jowPDMDMzMwcHh02bNk2ZMuVPdUI4ji9cuABWhh07dsyYMePDDz88cuRIcXFxSEjIs2fPGhoaLCwsvvrqq8mTJyclJZ08ebKwsLC9vR1O5JCQkHXr1vn6+qIo2tnZ+fnnn4NhOjc3t7y8XK1WC4VCPz+/vXv3wqmNYVheXt7PP/+cmpra3NzMYDC8vLwYDAYRAavT6R48eBAVFRUZGblmzRqJRPLTTz+Vl5eLRKLc3Nzi4mKZTCYQCFxdXffu3TtmzBjgnMrKyp9//jkpKamxsRHHcRsbmyFDhjQ2NnZ0dDx69OhNKGj/96iPH1CUTKPSqBQqiYThOBE3+jp2FMNwDNNrNXq9rrO7t6GpRafXIwhKpqBkMplKoxobGZmamlIpFJlUJpVJdTodVCfEcRxFEQxDXgd0khAEQclkJp1BQkgajValUuMICcdJKILQ6XQymaJQKnQ6HQSD9umEf/zHQGdEwKeI9PuQdyGjf1t6pxD+Qb6+vvb29pmZmcuXL586derixYu9vb2NjY2pVKqDg4ODg4PhzTiOFxYWisVid3f3yZMnFxQUZGVlVVVVOTs7z5s3D0XRjIyMjz/+WCwW29raTp06tbu7OzU19fLly1VVVefOnXNwcABbeEFBAYIgtra2ERER7e3tsbGxJ06cUKvV33333cBwfLlcfv369WPHjtFotIkTJ9ra2qalpaWnpxcUFLi6us6bN0+r1VZUVMTHxycnJ/N4vICAgK6urvz8/KioqOjo6La2NpFI5OvrW1RUlJiY2NnZOXr0aB6PV1hY+MUXX7x48cLKymrKlCkcDiczMzMvLy83N9fJyenzzz/HMKyurg4uarVaY2NjkIAhooxGowmFQi6Xi6JoXl7e6tWra2pqbG1tp02bJpfLk5OTr1y5AgAVbm5uGIYVFhaWlpZSKBQmk8lgMMA/YPiZHA5HLpfHxcXNmzfP09MTQZDa2tq4uLjm5mZLS8vFixfT6XSZTJacnJyamhoWFoYgSFlZWU5OTmtrq6urq5mZGY1GU6vV4HAD8QLH8aqqqsbGRnt7+7Fjx9bW1ubn51dVVVlYWGzZsmXQMODc3NwdO3aUlpZaW1tPnDhRJpOlpqZevXq1srLy3LlzLi4uarW6qKiou7vbEFtIoVAUFxfn5+dDXmVvb292dnZKSopOpzMxMYFA1oEevPb29pycnNTUVAqF4ujoGBQUVFxcnJKSUlxcTKPRwNHa29sLdnonJ6e9e/fiOP7q1avVq1cDeN348eN7enpevXpVUFDQ1tb27bff+vj4QOPd3d1xcXGWlpYTJ05sb29/+fJlSUkJxNkKBAKZTJaRkQFz2q9XOI6fPXt2z549CoXCw8Nj7NixjY2NycnJubm5crn8m2++GdRar1arIyMj4+PjORzOsGHDzM3N09LSHj9+LBaL6XT6rFmzBhXOAEZy//79ycnJpqamoaGhTCbz2bNn165dk0gkFy5coNFoly9f/vzzz3U6nY+Pz4QJE3Jzc7OysvLy8lQq1a5du+h0Ovhz8vPzcRz39vYeMWJETk5OYmJiQUGBTqej0+leXl7t7e3gCR83blx4eLhGo6msrExMTExPT2cwGAEBATKZLD8//+rVq8+fP+/s7HR2dvb29i4rK0tOTm5ubh41apStrW1vb+/+/fsvXbqE4/jw4cMdHBwKCgpSUlKys7P1ev2mTZsQBGlsbMzKysrOziaRSHw+v6enx9zcXKPRrFu37sWLFzweb/jw4ZaWlk+fPr179257e7upqam/v//Tp083btzY0tLi4uIye/bs1tbW5OTkwsJCqVR68ODBQVE9FQpFZmZmVlYWlUr19fWdP39+WlraixcvysrKmEzmihUr+rnLMAw7cuTIiRMnaDTa8OHD3d3dq6urk5OTHz58iKKoj48Pk8kUCoWVlZUkEonL5ZqYmPD5fBMTk+bmZrlczuPxhEIhg8Foamo6cODAvXv3WCzW8OHDzczMXr58+fTp08LCQgaDERYWptfra2trExISXr58iSCImZmZRqNhsVjV1dUpKSn5+flkMtnX1xfEzd9++y0zM1MqlVpaWvr5+ZWXl6elpXV2doaEhAwbNgxBEHCmcTictyuEOI7rdLpBU+MoFAqKosbGxkOGDLlz586ZM2cCAgIiIiIqKyt//PHHhISEiIgIHx8f8JkkJyenp6ezWKwZM2YIBIKYmJjo6OiGhobo6Ggw+RlSU1PToUOHoqOjwQ9sZmb26tWrJ0+eZGdn8/n8CRMmYBgGaycjIwPHcVNTU5VKxWQyi4qKtm7d+urVK3Nz83HjxlEolJSUlN9++62qqurChQv+/v6DTndubq5KpTIEyNFoNHl5eSwWq6enB7xPGRkZubm5DAbD0tJy5MiRdXV1eXl5dXV1tra2GzduBH1Pp9NlZ2ez2WwIW0hKSoqJiWlsbDQ3Nw8JCUEQJCEhYceOHc3Nza6urgsWLKivr3/16lVxcTFYwczMzHp7e3/44Yfz58/z+fwxY8Y4Ojrm5+enpaWVlJRwudxffvmFzWYLhcLGxkadTmdkZGRiYkImk1++fPnZZ5+VlJS4u7vPnz9fp9OlpKRkZmYWFRWNHDnSMNw3OjqaTqePHj2ayWS+ePHi/v37YrH4xYsXA3ee5ubmgwcPXr16lUQijRkzxtbWNiMjIykpKT8/n06nz549e1BWuXbt2sGDB5ubm0Ui0YgRI8Ri8a+//qpUKgkewzDshx9+OHz4sFqtFolEoaGhNTU1qampeXl5SqXyyy+/5HA4lZWVkZGR5eXl9vb2U6ZMYbFYsB5LS0vNzc137drVz1FfW1u7ffv2zMxMb2/v8PBwlUr17Nmzx48fw/n1p6m5ZDJZIBBAoAqZTDYxMeHxeCiKlpab8r8AACAASURBVJSUpKSk5ObmwjLp7u62sbHJy8vbsmVLRUWFnZ1dWFgYnJsXLlxobm7+8ccfHRwcNBoNeKfJZLJQKAwICFCpVNnZ2cDnR48eZTKZdXV1//jHP+7fv8/n88eNG6fX69PS0rq6ugiFENg7IyNj4sSJwFcVFRVxcXEJCQlsNtvHx4dOp2dlZT19+lSn08XExMC5/913350/f55KpQ4bNszMzAwEJK1W+6b1+3+cEAShUGk0KgWy9foCOvsISlNgGI5LeiU4rkNRhIZSSCQShuOYHnN2dp4yabKRQICQUZ1eX1VZ9erlS4lEgpAIPx/hJMRJCBoUGDhmzGgUQYuKip/GP1OqlDQaTeTtPXLECDabE/PoUW5+3h/d+meXOkL4EEmvHYsICf+jFOE7+hsT/o5eE4Zhly5dsrGxIUIaqFTqyJEjf/nll7KyMrVaTdx56tQp0FsOHz4sk8lwHO/s7Jw9ezaZTN6xY4dEIlEqle+99x6ZTJ49e3Z1dTU0npSUBDb+AwcOgGEVsBmCgoLgHvDGmJub02i04uLigT1saGiYN28eg8G4cuWKXq/Hcby3t/fDDz9ks9mrV6+GG8LCwkgkkoeHh1gsxnEcvG0UCgVBkC+++AJ6cuvWLRsbGy6Xm5mZqdVqT5w4IRAIXFxcWltb4UVarXb16tUUCsXT01OtVstksi1bttDpdBRFv/nmG51O197eLpPJnj9/TiKRgoODq6qqIPxj6tSpKIpOmDChtLQUmqqsrIQIw++++06j0UilUpFIhCCIr69vcnKyTqcTi8VYX1B7H8nl8s2bN9Pp9IMHD8rlchzHT548CSe0g4NDRUUFjuNisTg0NNTIyCgtLU2r1YaGhgoEgqioKGhh1KhRRkZGx44dg1F69eoVKK5r1qxpaWkBkXHz5s0oioaHhzc0NAwcaq1WO3fuXBRF33vvvfLychi3V69egcfy008/1ev1lZWVAQEBDg4OL1++JB7MysoaOnQog8GAZh8/fmxkZISi6MKFC3U6nUwmA1dePzp79izcFhkZCTAJSUlJJiYmJBLJ29v7999/xzAMw7BZs2YhCLJo0SK5XN7V1RUcHIyi6KRJkyorK6Gd7OxsS0tLKpW6f/9+lUolkUhg1kaMGJGZmQn3XLx4kcvlurm5JSYmwkchCDJ16lSxWKxUKqdNm8ZkMoFFS0pKYLIiIiKAzzEMu3v3LpPJtLKyunHjRr+JM1wdNjY2t27dghuUSuX777+PIMjcuXPr6uoGXX0KheKLL75AUdTf37+wsBDe9eTJExcXFxRFs7OzS0pK+Hw+l8v95ptvgCtkMtnhw4c5HI6xsTFoYtHR0RQKhUqlHjp0CMMwvV7/+PFjMOW4ubnBjLS0tCxcuBBF0TVr1sCSWbBgAYlEsrKyKigogDW1fv16kOG2bNmi0+lwHH/06JG5uTmdTo+NjYUVZG1tTaVSo6Ki4Bs1Gs2GDRugwgfE/n322WcMBoNKpW7atEkul7e1tclkslOnTpHJZEdHx/v378OD9fX1ECJ44sSJ9vZ2kUhEJpPnzp0L/iLgKHNzcyMjIwCEHDh0mZmZFAqFTCavXLkS2FupVH722Wd0On348OHAG59++imJRNq3b59are7s7ORyucbGxt9//z3RYEJCgrGxsaOj4/PnzwGuY8mSJXQ6/ezZs3BDV1dXeHi4sbHxtWvXtFqtXq8/fvw4lUq1t7dPSEiAb6mpqVm4cCGFQhk+fLhSqezq6lq7di1slbGxsXq9vqOjo7W1NSIiAkVRDodz//59WIzbt28HUKhFixZJpVKwDoAiSizqzz//HEXROXPmSCSSQVmoqKgINm1bW1uPAeTp6Xn69Gm4s6OjY/369XQ63d7evri4eOfOnVQqNTAwEHatrq6u1atXk0gkExOTuLg4eCQlJQW87kePHoUx9/Pzs7CwqK6u1uv1J06coFKpLi4uz549gz2ntrZ2/vz5FAolKChIr9fL5fL9+/cDsM3p06f1en1nZ2dbW9uGDRtoNJqlpSVs17Cz+fn5USiUVatWAWJHP8rLywPUHNAtgRoaGmxsbNzc3OLj43Ecv3nzJoqidDp9/fr1EPqr1WpXrFiBIMj8+fNhIWzcuJFEIgkEgh9//BFe1NzcHBISQqPRPvnkE4lEolarR44cCT0BbgSkWVtbWxaL9eDBAwzDMjMzbWxsrK2t79+/D7yk0+nOnj3L5XKFQiHMVEFBQUhIiKWlZU5ODkQefvLJJ3Q6PSwsrLe3F/rf1NQ0a9YsFEWXL1+O43hjY+PChQsRBOFyubGxsXDPs2fPHBwcEAT59ttvYYf09PQkpuDKlStgl3z27Bnc39nZuXLlShqN5uHh0dHRMXAkGxsbJ02aRCKRpk+frlAoYO2vXbuWSqWyWKzvv/8eVp+bmxuJRFq3bh1gMmEYdvLkSTqd7uDgEBMTg+P4oUOHqFSqm5tbSUkJtKzX69etW4ei6Ny5c+vr63EcX7RoEYPB2Llzp0ajuXHjBvB2d3c3sYRtbGzMzc1v3LgxKG8PpJiYGBRFXV1diY1i1KhRJBLJwsLi4sWLWq22rq5Op9MtXrzY8BSDMAofHx8qlXry5EmdTldbW+vj44MgyPjx40EO0Wg0UVFRYAnq7OzU6XRXr15lMpn29vbJycnwdbGxseD5HD16tEajUalUAOG2Z88evV7f2to6Y8YMEokkEomIzfzu3bvW1tYUCqWgoECv1z948MDS0tLIyOjOnTsEY48bNw6kL+Kj/jfRvweHSyWTh3i5jBri62BtOW3EsFljR80aO2LW2BFhY0LCxoSEjR4RNipkxsihM0YEvxcyZNrwoBmjhk4LGeZsZupsYeZsYe5oZho6LPjiL8fPHvvx440bVi5e+O3BL66cPrln65bhfj6+bi7D/f2G+/l6OTl4ONi729u52dmOCAo4feyniyd/uRIVtWfrVk8nZw9Hp/WrIi/+cura6bM3z50PnxlmZWpqKYR/Qguh0MLExNzYGP6ZGZnAP1MjY1MjY1OBsanAyFRgZMIXGPH5E0YEiVzs3xLFHR4eDkvmHf1HKDg4mDgEV7yB4K9Tpkx5V3biD0IQZNmyZXfv3l21atXQoUNtbGwYDEZaWtqGDRuGDRu2b98+yNwg7g8ICAgLC4MkAR6P995774HEAwlvkCWybNkyMOojCBIcHLxs2TI6nX737l2iETabvXbtWgggpFAoEyZMGDFihE6n+/XXXwftIYVC0el0iYmJWVlZzc3NFAolMjLy+vXru3btIm4jk8kREREQVWhiYuLh4UGj0SwsLHbu3AmNBAUFmZubKxQKiFdxcXFZsWLF/v37hUKhTqeTy+Xd3d2QmqXX6w0z1z09PSMjI8GUODA7oqKiIjU1lcPhzJ0719LSEjKFjI2N161bp9frX716RUC00+n06dOnBwQEkMnkgRGbdDp91KhRoAaASJGUlMRgMMzNzZubm0EhbGxszM/PDw4O7uddfAvZ29uHh4dDoCOKolOmTOHxeD09PYNCpLa1taWnp1taWkZEREAiH4Ig/v7+y5cvZ7FYREGLv0h8Pn/37t1kMpnNZg90LxDEZrM3b94M/hwPDw8bGxsqlRoaGgrBYwiCwOkuk8kkEklpaWllZSWXy127di1RMzAgIGDr1q04jkO4Jlzkcrlz58718/ODX997771x48aJxeKsrKy3G2IheJXBYGzdulWv10skEqlUGhoaOnXqVMhQVSgU/R7BMOzq1asoig4bNmzChAlSqVQikWg0mtWrV1taWubn51dXV+t0OvU/k06nk0qlycnJDAZjxYoVYCNHEGTIkCFr165dtmyZVCp98eKFVCodPXr0rFmzwKPLZrPnzZs3atSonp6ex48fE33w8PBYsGABZJ3Z29s7OjoiCLJhwwZYZebm5iKRiMlkQhIOEIIgS5YsgVA0Ho8HOZZsNnvnzp3gzwwJCTExMdHpdKDXpaamdnR0hISEzJ49G75RqVTu2LGDxWK1tLQkJycTLQuFwg8++IDFYpmamrJYrBs3bqAoOn78+MmTJwPbW1hY7Nq1a/r06aampi9fvqypqREIBEuXLmWxWLCCHB0dly1bJpFIMjIyuru73zRZDg4OCxYsAPYGT6y3t3dpaelArH+lUrl27dqNGzeC0KZSqXp6elgsFjgw/yISKegGJBLp/fffJ4IbbW1tly1b5uDgkJ+fD65RoLCwsBEjRqAoamJiQuwbo0ePhg6QyeRhw4ZBvMAHH3wA/nPI1wXbE9wP4focDuftSIZ6vb63t7djAHV2dhLsamJisnr16uDg4Pr6+lWrVp08edLMzOzjjz82rL1JJpPDw8NDQkLg14CAgKlTpzKZzLt37/bbMbRabUJCAmizYKMhkUh2dnbvv/++ra1tVlZWYWEhcfPw4cPnz58PjsrW1tb8/HytVvvJJ5+YmprCdJuamq5fv16v1+fn54OT9t8ma2vrpUuXQjoihUIJDw+H3YPY0hEEGTFixOzZsyGQWygUrl+/nkqlxsfHd3R0ZGdn5+Xl2dvbT58+HbhRKpW6ubnNnj1bqVTGxcXp9XoOh7No0aKPPvooODgYWKu3t5fH45mbm4MJaWCvwAsdGRm5fft2JpOp1WplMplOpzM3N6dSqeDhJGjp0qXgdCKRSOPGjZsyZQrEkfYr+NTT05OamtrT0xMeHu7n5wcjSaFQIiIijI2Na2tr09LSBvaksLCwpqaGy+V+9dVXkBXJ4/HWrl1reKYkJSW1tLSwWKxdu3YB1L5UKp07d+7QoUPb29vT0tJUKpWLi8u6deu2bdvm4uICCOSdnZ1+fn4ARTsQWRTss2q1+u7du4AF4OHhceLEievXrxMf++8RHFLz5s2DUPP6+vqEhAShUDhz5kyCwWxsbBYtWgRGLqJvPB5v2bJlsENSqVQfHx9nZ+euri4ABALTbXh4OESdoCgaEhIyY8aMt0M0USiUpUuXEpu5t7e3h4cHKHtqtRoiembMmBEaGgr3i0SiBQsWvD1H9P8s4TiJhKAomYJSyCiFipIpZAqNTKGRKWSUSiFTaWQqjUKlU6g0EglhMqkmfA6fyeIymRwWe+LEiThOSkxKuv3rndjHj385eaqmusbe3s7SypLL4SxcuGDVqhUmJiYIQkIQhM3mTJs6Dcfx9MzMXokENvaAgAB/X9+8/LySslK9HoP68/9UZgJBiN+JyNDXf//jx74Pwd+Fjf5N6V3IaH8KDg4eMmRIc3NzZmZmaWlpeXl5Tk5OcXHxiRMnVCrVJ598QoAxAvwA/Ewmk0FeASsp5HSFhIS4u7sTAXJMJlMkEpmamkIiE9GIr68vEaBiaWnp4OBAoVAyMzMH9k0gEISEhCQkJJw9e/bp06fBwcE+Pj4ikQgQYojbmEymk5MTyCUIggAYtIuLCxG4Alf0er1er6fRaJMmTRoxYkRZWdnt27fb2tra2toaGhrS0tJA7iHKu5NIJCcnp7egHVRWViqVSjKZnJycXF1dDRdxHK+rq4PsR5lMxuPxoANWVlZvAn4gk8kuLi6urq4FBQUdHR0wGu7u7k5OTjExMc+fP58wYUJWVpZEIhk6dOhfzDRAEMTExMTKyoq4wuPxaDSaRqMZtCRDdXV1c3NzUFCQh4cH8fkMBkMkEpmbm1dVVf1LlTbMzc2FQuGf3kaj0cAaDT/DNNna2hLnLhQIAt9XYWEhpMOBKEbQ+PHjIZyvt7cXeNXExMTf358Qo1ksVmBg4OPHj6urq9/yFcDGKpWKQqFcuHDBcLJaWlp0Ol1LS4tEIulnF+jp6amvr4eAyX/84x/EdalUqtFo1Gp1a2trbm7u06dPDZ8KCgpydnaur683MjLy9PQkvtfIyGjHjh3w88WLFwF1yTC91srKysvLKyEhAZx7cNHR0ZHoFQwjjUZzcXEhnmIymWQy2VBQA2c48SuLxaJQKKampkTOMICqg74hl8sbGxs1Gk1PT8/XX39tOGI0Gk2pVBLMD1NPyJcA1sJisfz9/YnxBLFp6dKlJBLp2LFjarUaQZDHjx+DWxuaLSkpAZCkgRo4EKDCEMyDIIi5ubmbm1t2djZYWw1vtra2/uqrr+rq6oqLixMSEtra2lpaWkpKShoaGrhc7l/E5tXpdDk5OcbGxj4+PsRooyjq4eFha2srFovLy8uJIXVzcxsIbxMYGEjYiTkcDoqisPCJpthsNnic4AqEjLLZ7LcrhDwe7/333yfMH4ZDNGTIEOJXPz+/9evXEzasJUuWTJ482TAYFfyrBHoK5E1xudzi4uJ+6I4ymay0tBSAfAyjwT08PBwdHWtqarKzs4nvcnV1Jd7S1tYGnqvMzMyamhriQQgi6O7ubmlpgZCEf4/YbLZh/CGXy6XT6Xq9njBm0Wg0d3d3S0tL+BXG39LSsqGhAUxOMpkMHLkEN2IYVlBQAJUYMQxzd3c/ePBgdXV1enp6S0tLa2srQNQ0NTW9iZHYbPaCBQsmTZpUUlJy69attra21tZWiMPUarWGhjaIXCC2XxRFR48efebMmZ6enn4VZeVyOTjEampqDh8+TPCVTCYDlUwsFg/sSWNjY2dnp6WlpWFSoru7u729PaQRYhhWVVWlVCqZTOaJEycMn+3t7VWr1U1NTUqlcsGCBTNnziwqKrpz5w58TkNDQ1ZWFrQwcBwCAgJEItGLFy82bdrk4+MTGBgoEom8vb39/Pz+i+oQmUw2RDiDHEUOhxMfH29oXICUgbKyMuLs43K54L6DX5lMJhjd9Hq9Wq2uqKgAPCEit4LH48FyeEtn2Gy2nZ3dwDZByRSLxTQaLSAggFhiYCkQCoVdXV3/lUH4X0nIa2AtYjm8rv+OgIr1GhkUg/hPMxNjiVShx3GETLaysVYolG2tbVQKGUEYKpW6qqrKzs6WzxNUVlY3NDZxORx4ikwmBwT4Ozg4pLx6VV1V7enhCS/u7u5+8vRpWXn5mFGj+9RB6MPrCvRQZoIID8X7Kk7gf4DR4ISm+K7uxN+X3imEfQSYn62trSKRSCAQWFlZhYWFhYWFSaXSoqKiW7du/fLLL48ePQoPDwclEEBoDAUIw8yo7u5uvV5P7IAEsdlsBoMBmyxc4XK5hqI2iEFkMhk8Y/1cZ0wmc968eRiG/fbbb7m5uffu3YuOjjY3N/fz89u0aRORegHpecSz4FwisDH7lQoFi92FCxcgcQVQAczMzKhU6sDsdjs7u7f4+qHParX6yZMn/fLETExMAAmG+BBDBLOBZG1t7efnd/fu3eLi4paWlubm5mHDho0aNSolJeXFixcSieT58+fGxsb+/v5sNvsvlvql0WiGUunb4QphBhkMRr8ZZLFYgNv2JlVqUDEIjN9/2kNC6wCCA8BQ4zIcsZ6eHuhhP5WMx+ORyWSNRkNI0lQq1VBORVGUy+WSyWSlUvkWPydoPnq9XqPR3Lx5s99YQXLmwMdlMhlInMXFxQBCa/he6EZqaurevXsN/7Rhw4aNGzcqlUoGg2HIuobU2dkJ+oChWZpKpbLZbBRFDcuRMZnMfqxFpVL7DWy/xikUiqFwA0sGtJSBT2m1WnidWCwGvCiCaDRav+ng8/nE4MtkMjCvvMmqAitIoVDcv3+/XychM/Yt88VisQx5lUqlgqQ1qBf34cOHUVFRBKQHn88HiOA3NT6Q9Hp9d3c3j8frB3/KYrEYDAaCIIYZbhYWFgMTRw0HAXltZTYcvX4j8Bc9hGw2e9KkSeB7fAuRyeSgoCA+nw/IQ46OjmCrMryBz+cbMgDoop2dnf02HI1GI5PJ6HR6P3RoGApQV+AKiqJmZmbEUCiVStD/Y2JiBk43n8//60XMITpo4Df2O1z6vYVCoRhC+IL1kMlkgvkG3NFdXV2PHj3qt6AI9FSFQnHnzp3Lly+XlJTAjmRsbCwQCMDg+KaulpeXR0VFAfaJXC6n0WhgquvXPUiWM7wCvxoeoEBQaZZEIuXk5EDkMEEwL4PiJ6tUKo1G0+8VTCaT2Aqg1B6GYXK5/NKlS/0eNzExgT2wo6Pju+++i4+Pr62tlclkKIpaWFj0YydDcnR0PHTo0IULF37//ffCwsLMzEwGg+Hg4BAaGrp161ZD09W/SiiKGho9pVIp5Ck8f/683wHE5/MNr0CkvSEnEDOu1+sVCgWEtxiuYh6P96ceQjqd3k8OIXgV2uy3V7NYrHeFYQah1443FEURlEwi4SQS8nrU0NfJhCQSifRaISRxuBwSjqu1eoyE6vQ6OpNhYmLc2tys0WmZCGJiYkKhUPh8nlwue/jwAY1GU6vUFArFxsbG39+/saExIz1DIBBAHiCCkCrFYj2GoShK9OSPpUpglyKvdVSkD3SU9AeEKVx8pwn+3emdQthHAEH54sWL77//HrA3gbhc7vDhw42NjRMSEmpqalpbWwmZ7C36DEhmAysFQXl0SFGAKyqVyvCswjAMRGqBQDBQbEUQxNraevXq1TNnzoQc7sTExFevXsXFxbW0tBChF4a7+aBkKDooFIpbt2798MMPcrl8zpw5o0aNcnJyMjMzi4mJ+cc//tFPyHgLmDscvQBW9u233w6EVoP6ECAloCj6dqlOIBD4+/vfu3cvJSUFmvXy8gKg16KioqKiotTUVA8PDzc3t79e9Yg4kP4KgWA6cAahFC+FQmGz2RDdBClDxA1arXZgjBCUff/Tl5LJ5EEnfdBvAbFbrVb3A4ORSqVgjCC0X71eb9gl4DEMw95epxtFURAR3N3dT506NfCcNjIyGhj+Cl9KpVI/+OADyM3r94F2dnaAB2t4fcyYMWQymUqlwvAa/glQyI2NjVksFmTHaTQagg9BEMQwDGAViJ73G7Q/Hfw/XTL9vgK4d/ny5StXrhzYlGFFR8jug59pNBqKohqNxlBZAkWxs7PT2NgYRs/KyioqKmqg65vL5RLOnIEE0Z7Er1CJHixB/e4sKiravn17fX19QEBAZGSkl5eXtbW1SqXauHFjP3zFtxCFQgHopkEXCI7jhoDMg1a/+FdrWPP5fAaDwefz/yOFzpRK5c2bN5uamigUSm9v7/3790ePHm3oKYJ4P8OlLZPJtFotGFwMmyKTyTQarbe3Fz6c6B7BzMRQwNIgHgTeAA/8wKVEp9Mh7H9Qgrws4ldDAxBBf7rjYRhmyDNgzlMqlSDKwyHl4+Ozb98+QzUDiM1mU6lUgIdpaWkZNWrU5MmTPTw8LC0tS0tLDxw4YBiSbUg9PT2nT5+OiopisViLFi0KCgoCbfzkyZOA0kTcCdaofs8ONJwRmxWJRProo4+IYGzDcRjYfxhhKpUKKLsEabVaQtsEeFvwZvfzEAJBCPThw4d/+uknBEFmzJgxduxYZ2dnMzOz9PT0Dz74YNARQBAkJCTE2dm5paWloqLi5cuXz549KykpqaurMzY2hgTLQR/8K2S41uCMcHR03Lt3r7e3d787B9ofB22QTCazWCwMwxQKhV6vJ5YthPq/vTNvaRMi8KVSqSEbG8YzvyMgHEGg8jucUgiK9lOrkL76f1DqD4GCgSgZ5XI4iEKl0+uqK8U+gUGBw4KpVEpPT4+9o6ObhzsJQRgMBo1K6+ruxjA9GaUITYU+PiIGg/Ho0WOpVAq7FkIiISDkkEiv+9H3VqTPRdnn/MMNPIAknIQgOI6jfd0zFDnfAcv8jemdQthHNBpNoVCIxeKzZ89OmjSpnwSDIIhWqx1o0HoTQdhGU1NTbW2th4cHbIs6na6ysrK9vd3R0ZEQKTo6OhoaGgICAqDZlpYWCH0BvJl+1NLScu7cufb29q1bt44ZM2bkyJEbNmy4ffv23r17S0tLa2pq3mKVfBN1dHS8ePGivb19x44dBw4cAJkVx/E7d+6A8vbXk+Xgu9RqNZlMHjJkCGEOTEtL++WXX0JCQgCH4680RaPRRCKRpaVlbGwsm83mcDgBAQEuLi729vZZWVkHDx7s6enx9PR8OyDbf6Uwva2tLYfDaWlpqamp8fX1NZzB1tZWiK4BLUKtVhtKLZ2dnf8zES+Ojo5UKrWzs7O0tNQwijI9PV2tVpuamhKOKYlEUlVVBZADIKcC6ubAql+GhKIoRKs2Njba2toSMck4jl+5ciUxMfG9996zsrLqt1JMTU0FAkFDQ0N3d3dgYCDB562trd988w2NRoOUs6CgoH7vamtrEwqFxcXF9fX1Wq0W+ESpVB45cuTs2bObN292d3fX6/VVVVVtbW2EoNze3l5VVaXVav8Umu8/SJBuR6VSGxsb/f39CZbW6/UbNmxgMBjz5s0bVJTncrlQkQ/qwsGS1+v1t2/f3rFjx8KFC6EgjVqtZrFYRCQwhmHx8fHXr1+fMGECUZmzHwFYTlNTk+HIQHFCw9KIQACg7+fnd/z4cX9/fzKZjKJoUVERSNt/cdWgKOrm5paWllZVVaXRaIANoJorANO/RZn598jLy+v06dODAm/+q4TjeHx8/KVLl5RK5a5du2JiYhISEq5fv757925Cf9ZoNOXl5RqNBlygGo0GarQahvsCcTgcCwuLhoYGiJknjH3V1dWAp+/u7j5oN4RCoZGRETxlGPhdWFh46NAhf3//JUuWDIwhhJ0HzDrExcbGxp6enrfE8w9KarW6pqZGoVDAwYFhWG1tbXNzs4+PD4/Hc3FxodPpKpVKIBAQ3YMCAw8ePBg/fry7u/uTJ09qamqmT59+9OhRZ2dnMGnV19dLpdI38VJHR8eTJ0+0Wu3hw4cBMhpFUblcDrZRw+MGgmkB9wW6l5aWhmEYn8+3tLRsamoi7mQymVDgrre3NyAggFiSLS0tBw8epFAo77///kCd0MLCwsjICCaO2EAgIAV+hrqODAajoqLCsL4rjuPHjh0rLCycOXMmLE+FQhEZGfnDDz8wGAwwSMXGxr5p2OPi4m7fvu3l5bV9+3YfH5+wsDCJRLJu3bp79+4BnvB/yksGhbIg5DUoKAg2HBzHExMTr127q2kgQAAAIABJREFU5uvr+6YCHoZEo9EcHBySkpJKS0uVSiUsEKjB2y+T868T4DlpNBoo8gkLCsOw/Pz8jo6Of6/N/7WE9CXskSDJ7w+PK+mPqEyEhJBwvK80IImE4xiC0JkMNoarNEh5fiHfyNjWydHS2hrD9DqVqqykzNXdnYQg4BnW61Ecw6wtLZ0cHAoKCurr61+/+XUMKPL6575MQeR1x0ikPlWUCGIlISQER/A/6hr2uQ3/QB8lIk3/Z8fxHf05vQOV6SOo8GZiYvLgwYOPPvoIUr2lUml3d3dlZeXXX39dWlrq6elpb2//V+zTTk5OgYGBtbW1v/76a3V1NRgd09LS7t69q9FoDCGwu7u7r1y5AkqgTCaLjY1NTU1ls9nh4eEDm5VIJDExMWfOnImLi5PL5RDzDYW5aDTa2wP630QAGgYjAAcGbNOxsbFqtRrDsIH+LoLg3FIqla2trQqFwsXFJSAgAIoEQPEuwNc5cODA1atXc3Jy/noEFDimnJycKioqAFXPw8ODy+X6+vrSaLT4+Hg+nz9kyJBBy0XAGabT6bq6unp6ev7Uijko2djYDB8+vLGx8ddffxWLxTCD2dnZd+7cUalUs2fPRhCETqcbGRlJpdK0tLSenh6tVltbW/v48eN++S3/TRQUFGRvb9/b23v69Om6ujrI0CsvLz927BiYtAlvUldXV0xMTGVlJXiNnjx5Anh9IpHo7fr58OHDLSwsJBLJ119/3dbWBoOQn5+/a9euW7duFRcXD4wDBIRMQBy5f/++XC7X6XQSieTixYvHjx+Pi4uDmGTaPxOFQuHz+aNHjwZ/dUVFhVar1Wg0qampiYmJCoVizJgxAH+alJQUGxsrkUgAOyQ2NhYqrEybNu2/c7D/iXg8XmBgoJGREQh2RFzWuXPnoqKifv311zdZBBAEWbhwoV6vT0pKSkpKAgm4vr7+ypUrGo3G2dl53LhxDg4OXV1dJ06cqKurA29zVVXVZ599duPGjeLi4rdYZ0pKSh48eACgVh0dHffu3SsuLvbx8SESCwmCFcFgMKBUDIZhnZ2dZ86cgdRQw0hjgGrs6uoauHIBlolEIv3666+Qb6zVauvr6+/cuVNdXe3l5UVU5vxPkUwm8/LyAqSrt9wGsawtbyBw4lVUVERFRdXW1s6cOXPPnj27du2CGglJSUmEDqPVam/cuAGZumq1+tWrV0+fPtVqtfPnz+8nr9Pp9ClTpmg0mrt372ZlZcFQ1NXV3blzp6qqytPTMyAgYNCuOjg4eHt7UyiUnTt3ApC1Tqdrbm7+4osvbt269eTJk0Gn28jICPS0xMREiO1samr66aef/qWsZiCACY2Pj4dEOyiJpNVqR44caWRkFBgY6ObmVl5efu3atdraWuDGnJyc77777vLly5CTBqcDpEIgCKLX68VicXR0NABWQ5cg8Umr1ba2tkokEp1Op9Vq6XQ6Ef2rUCjg4NPr9f3iHc6fP19SUgI4li9fvoTY2qlTp/YLzBYIBEFBQVwuNyoqKjU1VaFQ6HS6np6eM2fOXLx48cqVK4P6nXx8fNzd3ZVK5b59+9rb27VabW9v7+XLlw1zgENCQszMzHp6eg4dOkSArCQlJR04cACOBiJRECpqgJqdn5//888/AzcOZNe8vLybN28ePXoUSn1CvAyEyoPfFYYRigy9ae5g69ZqtS0tLRAlMfAeZ2fnoKCglpaW27dvl5aWghu5rKzsp59+OnfuXH5+/l+x9jKZzNDQUBqNdufOHWBvtVqdmZkZFxf3ppTmPyU6nT5ixAg3N7cnT55ER0e3t7d3d3f//vvvt27d6uewfUdUFGUwaK9T714rhQj46hAcJeHoHymG8CcURTCMhJCpTCadTqWTdNqMpBcJDx/lvHqVmvTi7vVbLU3NFApFrVLRaLSggIBhwUNMTEy8PD3ZTAYJ0wcE+A8ZEuTh6cFgMIUmJgH+AVwO53WYKIIjJAQlodCPvhcT+iIBK4MQxez71aLH+/3/Hf2d6J2HsI+oVOrMmTNzc3Nv3rx54sSJ3377zc/Pz8bGpq2tLTU1taWlxcbGZunSpYYwdG8hNpu9cePG2traq1evtrW1TZ8+XSaTXb16taioKDg4OCIiwvDmBw8eKBQKKFBx9epVqVS6bt26QavZWlhYTJ48uaioaN++fTU1NV5eXk1NTdeuXWtubg4PD7e2tjY0mv5FEggEIpEoPj7++PHjDAbDwsKirq7u+vXrDQ0NKIqqVKr29vaBdfOAzMzMKBSKWCzesWPHvHnzli9fvnPnzi1btiQkJGzYsGH27NkcDufKlSsvX750c3ObM2eOiYlJv2C5txCgQSYlJSmVSi8vL0DmGDp0KIfDUSqVFhYWQ4cOfdOz1tbWiYmJly5dKisr++STT/7VMQFxeePGjZWVlbdv3+7o6Jg1a5ZKpbp69Wp+fn5AQMDy5ctRFIXSW8nJyd99911nZ6ejo+OjR49evXoF5cX/jZf+S2Rubr5t27bdu3c/ePBAJpNNmzZNqVSeOnWqtrZ2+PDhM2fOZLPZYKfHMAxA/ydPnlxbW3v69GkMw+bNm0f4pd9EAQEBS5Ys+eabby5cuNDS0jJ16lSJRBIVFdXe3j5mzBiouD3wqbVr18bFxaWnp3/88ceZmZlubm7p6emXL19ms9mzZ89+U3V1JpM5a9aspKSkxMTE9evXL1myRKVS3bhxo6ioaMaMGUOHDkUQZOXKlRcuXPj0009LS0v9/PxycnKuX7+uVqtXrVplCAnz300oik6ePDkhIeHOnTtbtmxJTU0NCAgoKCi4cuUKhUKZMmXK2LFj3/TsmjVrHj16lJaW9tFHHy1cuNDY2PjGjRspKSkhISHjxo1zc3Pbvn37vn377t+/L5FIZs6ciaJoVFRUXl7ekCFDpk2b9pYQAI1GA4Urhg8fnpaWdu3aNaFQuGLFioEwvKNGjYLqo4cPH548ebJOp7t///6zZ89YLJZCoejt7QXvpZmZmVarPXnyZG5u7s6dO/t5/Mhk8rx58548eZKSkrJu3bqVK1fy+fzY2NjHjx8LhcItW7bweLy3YKL+G/TZZ5/duXMnJCTk2rVrUJFlUOrs7Pz000+/+uqrgX9CUfTgwYPjxo0DF7ebm9unn37K4XAmTJgwf/78CxcufPHFF97e3oRTrrKycvny5WvXrtVqtbdu3SooKAgNDV2yZEm/Zslk8qxZs+Lj41NSUtavX79ixQoejxcbGxsXF2dmZrZv3743rTITE5NFixZlZ2cXFBTMnTt31apVPB7vwYMH8ODixYsHLTtpYWExbty4ixcvnjp1qre3197e/uHDh9nZ2W+P5x+UoMTrvn37ysrKTExMLl68mJGRERgYOGfOHDAWbN68ef/+/ZcvX25ra5s2bRqGYefOncvNzQ0KCpozZw6ZTB4+fDiPx4uPj//hhx+GDh0KazYjI4PJZIITyczMDAJ9u7u79+7dGxgY+MEHHwQFBYnF4q+//loqlXI4nJKSkmvXrgF+GKg3ht1bunTpypUr5XL51atX6+vrR44cOTBOm0ajTZgwYcKECTExMbNmzdq4caOTk1NmZubt27cxDFu8eHG/kAQgGxubJUuWFBUV3b59Wy6XT506taCg4N69ezqdjgh8GDly5Jw5c06cOHH8+PHa2trx48dDnE5vb++UKVOmTp1qbW3t4+OTmZl5+fJlgUAAMELnz5+HtFIA9uz33ilTpty+fTsrKysiIiIiIoLP5ycnJ9+7d08oFE6cOJHL5cpksnXr1qWnp0dERBw/fnxQ/hEIBCwWq7m5edOmTeHh4f2ECmJYPvzww6qqqocPH3Z3d8+ZM4fFYl2/fj0pKcnDw2Pp0qWDxnL3IzKZPGLEiLCwsHv37q1Zs2bDhg0oit68eTM7O/vfDt6GulPz588/fvz41q1br169KhQKs7Ky2tvbwUT1HwkL/99BdDrN1IjX1iMH7Qv/54FB/lnpAj8iVINX6/V8FgPHMK6pNYvHa2tqLsvL0+h0KJni6Oqsx/W9Pd0mRoIp06YwaPTrN27oMZ1cofD09EBIKAkh0eh0FpNBo5mOGDmivrFBJpMTkKF4X+go/lrrw9E+GBkSTsIhirTPa9mnQSJ4XxohRiLh74JG/7b0TiH8g+zs7Pbs2ePk5BQbG5uXl/f06VMQjJhM5vTp0+fNmxcWFgYuKRqNxufz+6Ff0Gg0IyMjuIiiKAjoFy9e/P333+Pj48Gyu3DhwjVr1hhmjfN4vFGjRuXk5CQkJCAIYm9vHxERsX79+kETbLhc7rJly6CQ0Y8//ggVQU1NTZcvX75jxw4wDrFYLC6Xa/g4OA8N/YcAVQKWZh6Pt3DhwpaWlpiYmL1799JoNDqdHhwcvHLlymPHjsnl8qKiIicnJwaDwePx+mmG9vb2K1asuH//fk5ODoPBmDVr1nvvvadQKC5dupSWlpaRkQEBTlOmTFmxYsW4ceMIrA69Xv+nUTF0On3YsGHR0dEdHR2jR48GccfX19fOzk6r1YpEIiIQC9oE1FC4snTp0sLCwoqKigcPHsybN8/W1pbP5xumzEEyD4/HA0iSQTswceLEL7/88vz582lpaUlJSXAGh4eHr169Gl7NYrHmzJlTWVkZGxt77NgxBEFsbGwWLFhQXl5eXFwMzQJaCUhXb/lYGo3G4/EGwgv1A+0AEAgOhwNhfosXL9bpdNevX3/58iXUAOByuREREUuXLoUQLwRBeDyeQCAAkQXUQnNz8zVr1qxcuRKkaiqVCoMD4V4sFot4KY1G27JlC4PBuHv37pMnTyAIisViLVu27P33339T8J65ufnJkyd/+OEHEBNh0p2dnZcuXbpkyZI3RbWhKBoUFLR///6oqKjk5OStW7cCcu+SJUu2bdsG3As/3Lt379SpUziOoyjq7Ow8Z86cFStWcDgcHMdhfAwXJgwjn883FH1gtKEnKIrCJxs6S6lUKpfLNUxXI3gM5sjW1nbPnj0WFhbR0dFnz54l8ntXrly5YcMGyL6AxcXhcAx3CaFQ+P333//444/Pnj07cOAAmB5mzpy5Zs0aiExesWIFjuOgJQLX0el0sLZAffY3sZCDg4OTk9O9e/euXLlCJpO9vb1XrFgRFhYGHWaxWJCDhyDI6NGj9+zZc/ny5ejoaECvsbe337hxY0dHR3R0NGAgMxiMyZMnP3/+vKys7OHDhxMnTrS3tydWGXTDxcXl0KFDJ0+efPbs2b59+yCvdcSIEYsXL54zZw70CpQBQ2wJUP55PJ6hex+WSb9MTugzcRvw/FuCWikUirGxMbiO3+RngEoP0dHRAoFg48aNEDIHW2hxcXF+fv4333xz6NAh4IHQ0NCGhoY9e/YgCAK796ZNmyDZj0wmczgcCI8HGNUvvvgiKirq+fPnUG+QwWCEhIRERETMnDnTcCj6Ac+MHz/+wIEDly5dSkxMhDGkUCijRo1asGDB0qVLB900EATZvn27Wq2Oi4s7deoUgiB2dnbbtm17/PixTqeDnd9wozDkaoFAQFxkMpmmpqYBAQFSqfSrr77SarU0Gm3y5MkbNmwYMmQIvHrBggV6vf7q1asJCQlxcXGwCubMmbNu3TowwYwbN27Tpk03b948ffr0+fPnEQTx8PDYvn17enp6cnLy77//HhwcbGZmNnXq1PLy8rKysqqqqgULFqxdu1Yikbx8+XLbtm2Qjz127FhXV9crV65IJBKxWGxmZsZkMoVC4ezZs5OSknbv3o3jOIfDWbx48bZt2yBCHhYpkdXm6uq6Z88eKyuru3fvfvvtt8BLLi4uM2fO/PDDDwc9bhAEmTdvnkqlunjx4rNnz548ecJgMMaOHdvY2NjQ0AA7BoPB2LNnD4/Hu3fv3v379+/fvw/prJGRkStXroR8kI0bN6rV6gcPHhw8eJBKpVKp1FGjRoWGhl6+fFkikTQ2NgYEBMB+ArPv6+v72WefnTlzJikpac+ePcBOXl5eS5cunT17Noqi4FNVKBRvsZ+6urpGRET8+uuvubm5bDZ72rRpsNH1i5oJDQ09ePDghQsXMjIyoOQsk8mcNGnSBx98APsJgfVlyCoUCoXD4QgEAmADW1vbjz76iMvlPnz4cO/evWQy2d7eftKkSfn5+Ww2G3Z4JpMJKx0GFjZVQzkE2iS2UIFAsHr1ai6X++jRo9LSUhiW0NDQhw8ftrW1/RVN9f8IUSlkPo/T1vuaEwxKOfQn3FAxxDGMpMFQHodjZGTkFjyss7WlqqRYqVAKLSwcnJ1am5vaW1tVSmV+Xh6KoN3dPdnZueUVYkyvx3AcQUh2tnYjRozs6OpKS0vr6uz8IyEZwfvclDiCk3ASlKVHSBATivS9vq+6BIITcaUkuP2dMvh3JuR/wJXx/y9Sq9VisRjApvV6PYBreXl52draErtbXV1dYWGhlZWVt7c3IUe2trZCWXDiIjRVWVkJgFrgizM3N4dNViwWL1y4sK2tLSoqikKhdHV1kclkePwtwAk4jvf09BQUFLS3t2s0GgqFIhQKRSKRUChEEESlUhUWFnZ1dfn5+ZmZmUEjdXV1paWlJiYmhJVUpVJB2Ybg4GChUIhhWFNTU1FREZQJ5v4/9r47Popq7f+cmW3ZkmQ3dVNJJYWQ3iARpEqU5hX11XsRREABFRQDoghXAVEEFQF5kQteQH9eRBFFEJBOElJI75ve62Y323dn5vz+OMm4NxQDoqDvfj/cazKZOeeZM6c953me7yORhISEeHp6Zmdn63S64ODgESNGVFZWNjU1BQQEDPFA6+7uvnbtml6vl8lkcXFxYrGYoqj6+vrq6mocYCAUCkNDQ3EuDexCk5GRQVEUa/S7BXp7e4uKigwGQ2xsLL6ZYZiMjAyNRuPl5cX6pCGEcnJy1Gp1SEgItmNYLJbCwsLW1lZs5rK3t8/KypJKpaNHj2Z9jVQqVV5enkgksr44BGazua6uTqFQ6HQ6zDoYHh5uTZmIm660tFSlUmFyueDg4NbW1u7u7vHjxwsEgu7u7oKCAqlUGhkZeYtFrrm5GVOBT5w4EV+hKConJ0ej0eC+x7Z2bm6uq6trREQEXnoxo7pCodDr9dhoGRkZ6ebmxgY9njlzRiQSeXl5NTQ0dHd3QwidnZ2jo6NZ1iK1Wp2RkYF7kUAgyMvLUyqVQUFBbFCNxWIpKytraGjAbDpisTgmJsbFxeUWygnO/V1SUoIpGXk8npeXlzVr+c2AEyVjvnucqy08PNzV1ZXVBNRqdVlZWXt7O/Y68/T0DAsLw0oXQogdg2FhYbh99Hp9WVlZX19fXFwcS9OCv6lMJouPjzcajeXl5V1dXVFRUWyHbG5urqysFIlESUlJuGqKoq5evdrf3x8VFcUGI/X39xcUFHR3d1MUxeVy3dzcYmJi2HdUKBS1tbW4Fuu2wvF+JSUlOGZPJBKFh4db8/eazeaampqamhr8TUUiUUREhKen5/UOuhjXrl1LTk5OSUl58803jUajWq3m8/l+fn4hISHsaYJCoVAoFIGBgYGBgZiUtaioqLW1FYdrent7h4eHd3V1VVVV4dbjcrlGo7GsrAzHk0RERPj4+JSVlXV3d48aNcrd3R2/EcMw7e3tOP6QYRixWBwYGMjGplosFjxv4EbDj9A0XVJS0tbWFh4ezgamdnV1FRYWEgQxbtw4PHni+DGlUhkYGIi7YkFBQVtbm1QqjYuLu+FQ0ul0ly5durUXXHh4OEmSJSUlAoEgMjKStTSaTKaysrKOjg4ulxsXF5eenv7ll19u2bJl9OjROIOCTCaznr3VajVOIZicnIwbGU8FFRUVfX19bFP4+/tjUWmarq2tra2tDQ4O9vPzs9b0GIZpaWkpKSnBE6adnV1wcHBgYOCtSXfa2toKCgrwMJHL5TExMUVFRSaTCa8F7e3tBQUF9vb2ycnJbLdRqVQ5OTlSqTQ8PFwoFJaVlbW0tPj4+JhMJhwIiudqf39/655mNBoVCgVeEPEMExoayvZGdj3q7OzEx3z+/v7BwcG1tbVNTU3e3t44c51SqSwrK+vp6SFJMj4+3sXFpb6+HsdkEgQhlUrDwsJEIlFBQQEOp5RIJBUVFV1dXdHR0QqFoq2tDRNHRUdHs4O0r6+vpKQEO7hiHQMhpFQqCwoKMEc0n8/38vLCJd+iJSmKwvmlLBYLTiykVCp7e3tHjhzp5+eH7zGbzcXFxdgzH/u3x8TE4DwouN7Ozs68vDyc3V4ikYSHh3t4eOTl5Wk0GpwpB/d5nBsGh4A2NzeXlJTodDqEEGYZxR7RuLdkZWXNmjVrzpw5O3fuvNlhIp7uDAaDk5NTdHQ0HoY41ML6NovFgldkrF6KxWLcCXEHMxgMubm5NE2PHj2aHQ4ajQYvahMmTMBjmWGYrq6ukpISpVKJuUxdXV2bm5vt7OySkpIQQnV1dVVVVYGBgcHBwbi5VCpVREQEuxjhpDudnZ2JiYkymay3t7e3t1cqlXZ3d7e3t+Nzjfz8/JUrV6pUqu7u7juweN/n6O7utuYbGyacpfZpY2PqO/tau/oigoMFAj6rDLLEnoBl8GQ9MhG21QFXRxGHodyDw+UBgRRloS2UUGjX3dV5LSOjpanFZLYwCFE0bTAaLRbKQuOgARohJjAg4MnHn2jt6PjxxxOYXoskyUkTJyUmJR0/fjw7NxfiRBeDFj8cuzhIKjOQC2NQGIC7kIVhIkNGdHb3VNa3MMyNVY/HHnvsww8/tKZFsOG3ICEhAXuK4SCgG95z9epVbOCxKYQ3BsvifVvUlLco6vpyWIXw66+/TkpKwm4Sw6/rZsX+Rjnv7JWvz5DBljZ88sa7DvZ1fns5t27qe/6yw+kMv1HIO+tvv9NTd73z/xb8lne8xecYfrFYIUxNTd29e3dgYODwhRlmtxnOIMJq2H3yRX4j+vr6sEK4ffv2uXPnYs1n+K92Z01xB9PvXRwFv33E3UFfGv6MdLtvegctM/wp9Bb33MGnv+EjDMMcOHDg+eef37Zt25IlS35V8uEP9t84SO9Wl6Np+tixY2vWrJk4ceKGDRuwS4XBYFi/fv327dsjIyMzMjJudv7158UdKoSO9tPGRtd39LX19EUEjxTw+UMoXQashhANqmWDWiJCCAAuAb1lEoNGA/lCoYMjIrm93d1qlVKr0Zkpi4ViKJq2WCwWirLQtIWiLBaKomiKpjgk6eLsTHI4Gq2WpgfSaYpFYqFIpFKp9AY9Vv7YfoVYTXBQpWB+0Q0BAIChGbNNIfzDcVsKoc1l9Ma4izubYRZ1u9v0u773+i0F3jBZwj3fGv5hX/Cev+xwBPiNQt7Z47/TU/e8wa1xX73jbT01zG4znKLu4bnP743bfbU7a4o7+Nx/5CJ1V7rr9dkghin/7b7p79SYv3rPHXz6Gz6iVCoPHDgwbty466MlbyjVcCq6K73lbnU5HMtgNpv37t3L5XJfeOEFs9n85ZdffvrppzRNv/DCC389bfCOgRCiKIZ1EkUAWfthAmCd7WHQmRQOMnsiQDGwV2eQCe3UfSp1Xy9F0WaKMTMMJBBJEghhdhoEIQDEf7mhUhTV1tZmJ+DzBHaD3QxptJp+Tf/AwQI2QaJfstQjgCAYTDiIsBPpAPEpHPRntVmg7mfYFMJ7BhydeOtccDbYYIMNtwYOg8R89/dalr8CMIGwUCi83UyJNthwV+Ds7Hzs2LFbxLf/2UEQRFJS0rJlyz799NPPPvvs008/xUGGbm5uTzzxxPUJbP8vw2QxdypViMHmOAYghLWuX/TCAV9RK2UO/qJ1QYg0RkrM5UhEdlBvMGGmUgsgEAkBhICGEAJAYhVvgD10wPqIKBoYjGYOSZA8PoMgQoCAgAE4x6CVt+qgIBANJEMEWEBgpR0O8KMiNkmFDfchbAvePYOjo+P8+fP1er2np+e9lsUGG2z4s8Ld3X3VqlU+Pj7WueBtuGMIBIK0tDQfH5/IyEibpcKGe4I7SyL1J4JYLF62bNno0aOvXr2q0Whw7GVSUlJKSoo1j5oNCEGSICCNBtwzMTkLTuM3SHl2s2chvg1BpdHiJuYLaRogE6QA4CBozU/zi/F30J0bM8IAQCOgNxglJElyuDQDAQQEggirp788Chj0S4FWkiM2fSFCYDBVhg33L2wK4T2DTCZbsGDBvZbCBhts+HNDLpdjrkIb7gqwQpiWlnavBbHBhr8yeDzepEmTJk2adK8Fua9hpiwag4HkCgDmb2HQLwkdBulGBz1EB4GsDcsIQWCiGLWJchIKAGIgsACrbPKWAX9QZsAdGLK+pxAgBAGgaKTT6x0lYkBwmAHWGAL8QhiKAAAE+xhC2A7IZqVgYwrhfyWytyWmvx9hUwhtsMEGG2ywwQYbbLDhfsMvyQUHGVwGiIQGEv7hm+AvCtZ/G/oAjtzTGCg7Ll8iFCKkA4DC3qSQGqSk4QBIAwgICEhiwFyIEx8CBABFW/QGo1gkMiPIsKkt4H9xUg78CiFCA36jcNB9FAwkLxwozqYI3rewKYQ22GCDDTbYYIMNNthw3wEibG5DDKbuRJCAv+hVA5Y+NOgBehOdi2ZQl8YkkInEYj7QIAgAgTVNasDECAEAgASAAIBB0KpchBBCRgtjR5k5PIGFYkMDEYIQQTbZBGs9hFhhRYMyYbF+CTC0pSO8X2FTCG2wwQYbbLDBBhtssOH+AgQQEgSCAAHAMAzDIAgRgyAEOP8Hm3dk0E8TM3pCa1VxABSNWpQ6f2ex2A4AYERYdUQEBAgCYMEWQchAiADkApxXEHERQjSDKETpTRYHLp8hCAbR2G/1F0USDNDLkAAxCPueIjZNIhp0JQWsdmvDfQmbQmiDDTbYYIMNNthggw33FwQ8rtRerNIZAUKIQQzDQAAhBAT8hdfFmq0FB/ANGOKG5AhByGyhm5Rab0ehCABoMBIIEAAOqILYkXQANAQcnFkCAcAgAAA00xbKYubzBSaaQAPeqgNhhIO5JQAtjVBNAAAgAElEQVQCkCAGEl4OKqgIDtzBurLaqGXuU9gUQhtssMEGG2ywwQYbbLi/wONx7UV2Kp0BIUAzDMMMpA1EBATYZxNCiNBgUgdAQGzwswrhs9K/EAB6E9XWb/AQ80WIgcA8yPUCIaQhDVj2FwgAABwcscggBiFkRrTWZHYV8CmCoBnE2gAx5SlLTMo6kWKPUTSQeQILAm+WdQL+NwONDfcENoXQBhtssMEGG2ywwQYb7i9AnPdvMJqPYRjsKIrZXSABIIIEgIOBe4AZ0MusFEErElKEEAKw32AhICEXCYQAEUaA4wkHUxD+t/0OkQgBBiCGAQghymIxGIwSiaTfTCMAcAqMAZ3weskh+CWWEKuP8L8y07MWRj6XI+QLzBRtMBl/z7a04VdgUwjvGfR6fUlJCUVRERER9vb2d6vYAWs9/BMY5evr6xsaGhwdHaOiov4UArPo7u4uKioSi8UxMTE8Hu9ei3MDdHZ2VldXi8Xi6Ojo36+W9vb26upqoVAYGxv7e+dQ/iM7NkKovLy8vb09JCTEy8urv7+/oqJCr9cnJycLBILfUjJN03+W1HYIoYaGhq+//rq0tNTLy2v69OkURYlEopCQEKFQeK+lAwAAhmHYXtfY2FhXVycWi+Pj4/8wAerr6+vr6xmGueFfJRJJaGjoXZzb7xhGo/HYsWNnzpzhcrmTJ0+eOnWqSCS649IQQk1NTfX19e7u7iEhITe8h6bp/Px8tVodHh4ul8t/g+zDgnVP+J1QXl7e0dERGBjo7e19F2chxMZW/Z7o6Oiorq6WSCR/5FLb29t79OjRy5cvOzg4jB8/3tvbW6/Xx8TE3HGKRZqma2trW1pafH19AwIC7ra89ykQQGgg2wOiGYZmaAISAA7EEAKEfUcRhASEgw6cA4SebN76IV8cIYT6dEYAgJfEzg4whBGZAIAAEAAQAEAICRoQEBADOhtCiGQ4DGJIxDAao9nJAXEIgmYYBBEEEAGIsLESIaz9YWshMxjKOEBHCgdMhSRkVUPI5RAujg4ykYgHGBqgNrUO/s4D2YZbwNb09wytra2LFy+eO3duVVXV3SpTpVLt2rVr//79RuOf4KDlwIEDjzzyyKpVq2iavtey3B4yMjKmTp36/PPPK5XKey3LjfH1118/8sgjb7755u9dy8yZM1988UWTyfT71YIQ6urqevrpp7Ozs3+/WqzR39+/cuXKKVOmfP/99wAAhUKxZMmSWbNmdXR03HGZZrP5xIkTTz75JEVRw7j93qOkpGT69OmrVq06dOjQe++9d/jw4VmzZqWnpzc3N99r0QDDMPX19ePGjevs7MS//uc//5k5c+aSJUv+SBm+/PLLGTNmTL4Jli5dqlAo/jB5bgatVrtgwYKnn3563759//rXv3788Ue9Xv9bCqQoaufOndOmTfv4449vdo/JZHr55ZcnT5586tSp31LXr8JkMn333XevvfaaTqf7XSvatm1bWlrakSNHrKn2fwsoivrpp5/efPPN3t7eu1LgLXDs2LGZM2euXr36D1tq6+vrFy5c+Pzzzx88eHD37t179uxZsmTJnDlzampq7rhMg8GwZ8+ehx9+eP/+/XdV2D8FIEIIIQYbCRFDD/yCEMMgGiGaYRjEDNyAGAYhBv8HIYQYMPjr4D/AMKhHa2jSmrgisR2f5HOhgEPwOQSfQ/I5BI9D8giCRxI8kuRyODwOh88heRwOj0MCklCpNY4CkiAgCQkIIUEAAkICABJCAl+BEEJIQkhCSABAAEhASBAEhABC5GAv4nJIAACPS3o6O7s7SEhkMVNGAZcTFRLk7Oh4r5v6/y5sFsK/DiiK2rp160cfffTGG2/crUXLBhvuOdra2hITE00m0+LFi++1LHeOQ4cOrV692t/f/08xNimKOnfuXHl5uaenZ3R0tEgkiomJOX/+vJubG5fLvdfSgcLCwmeffba4uJjVrh0cHLy9vf8AY9T1EAgEMTEx1xt+R44cKRaL/3h5hiA7O/vq1asQwpSUFB8fn9TU1N8u1WA+tJuCIAh3d3dfX9/fuwU+/vjjtWvXzp49+08xrKxx8uTJOXPmzJo16w9Q0iQSibe3t6ur6x9jHqRpurCwMDMzUyQSJSYmurm5hYeH5+Tk0DR9fzrU3OdACGFPS4ZhaBpB7NsJGQgg9hbFJjeaxgkEB0lHB1hnBh0zrWIJ2eyEvf0Ghmb8He3tSD1hNBMQEBCRkBxwHyUGk9VzAUAMgxjEkAAxBgvlDBgeQdAMIgBgsBUR88pAzGoDERq0GQ5mJhzwR4XQycGey+EwCHm6uMgkItpooCgKIUgDAGjKQSz8c/mL/ZVgUwj/UjAajX86a5sNNtwaFEX9rhbIPwZGo5GiqD/LthUh1NbWRpLkM888s3r1aolE0t/f7+PjI5FI3N3d77V0wGKxmM1mtjEJgnj44YeDg4PviQIml8tPnTp1vS8xhPD39mMcDnp7e41Go0wmO3LkiKur6x9TqUAgeOONN/r6+sLDw3/XigwGw5/F5D4EeEL4Y+oaP368p6enRCL5YzokwzAqlcpgMIwdO/bgwYNOTk4Gg6GsrEyn0/n4+PwBAvzFwE50DDMYQ4h1QIggDSAxwCwDIICYXGYgIwUauGRN1/LfuhYEqE9jqLQwI6RCoZAgjUbCAgjIQAgJSBPY1gcAAAxAJGK4iEaQYRjE6LV6sViiMVFoIMcgBABZa4YD5eO6EQAAEoiBADI0rdfrEUKuMidXqQNtNiJEIwQgSZhNJkSZJUI7zp8kquKvB5tCOACGYTo7O7u6ujw9PQEAZ8+ebW1t9fHxSUlJcXNzw93aYrE0NDSYzWY/P7/MzMyKiorIyMi4uDihUIgQ6unpKSoqKi8vJ0kyISFh1KhRdnZ21lWYTKaKiors7Gyj0ZiQkDDEk76/v7+urs7e3t7Ly4s9RVOpVE1NTY6Ojp6envgEGiGk0Wjy8/OLi4sJghg9enRUVJREImEYpqioqLOzk2GY5ubmgoKC8PBwBwcHiqJaWlry8/Nra2uFQmFMTMzo0aOFwts7gzGZTI2NjXl5ec3NzRwOJzQ0NDY21sXFBa8uOp2urq5OIpE4OztXVVVlZWVRFBUZGRkbGyuRSNiKEEJqtTojI6OqqsrZ2Tk1NfVXdVeEUF9fX35+fkVFBU3TISEhsbGxzs7O1sKbTKaqqqrMzEytVuvv75+YmCiXy62XPYZhent7s7Oza2pqzGazt7d3YmKir68vbk+KohoaGjQaTUhISFdX16VLl7q7u4ODgx988EGRSKTVaq9du1ZYWOjg4DBmzJiAgIBbBIDhm4uKihiGiYyMjI+Pt96eIoSUSuW1a9eqqqoQQuHh4bGxsQ4ODuy74N6Vk5PT3t4uk8kSEhKCgoL4fP4t2ge/WlZWVn19vYODQ1xcXEhICIfzX4PaYDBcu3bt2rVrHA4nMTExIiLCukyEkFarzc3NLSoqIggiOjo6JiZmyK4aIdTe3p6VldXU1OTi4hIfHx8YGHizdlAqlS0tLQzDyOVyNzc39iMWFhaWl5dDCOPi4iIiItggNK1W29jYSFFUaGgo2+2NRmNVVRWPxwsICFCr1ZWVlViVqqiocHd39/HxGTKy7gwajaagoKC4uFin07m4uCQmJgYFBf2WA+z+/v7CwsLi4mKtVosbauTIkXw+n6Kotra2lpYWmqZVKlVBQYGLi4ufn5/1s3q9vrm5WafTBQYGWkedIYTKysoAAD4+Pvi6wWAoLy8vKipSq9UhISEJCQkymQz3IoZhGhoa1Gq1h4cHbnyM2tpanU7n4eHh7OxMUVRFRQVBEB4eHpcvX25paUlMTIyMjLTuNiqVSqFQtLW1QQgNBkNFRcWIESNEIpFUKpVIJNhC2NnZ2dnZKZfLuVxuRkZGeXm5WCweM2aM9XfE46uuri4nJ6etrS0wMHD8+PFGo7G7u9vPz499TYqimpqarly50tbW5u7unpyc7O/vj2vBnae1tdXNzU2lUp08edLJyWn06NEKhQJ7xRcVFWm1Wh8fHy6XK5PJHB0d8VBqbm7WarWBgYHt7e1nz541GAyjRo2Ki4tzcHBgZaNpuqOjIzc3t66uzs7OLioqKiIi4g5USgghh8MZMu6sUVBQYGdn5+TklJmZ2dzcnJSUFBUVxeFwGIbp6uoqKSkpLi62s7PDQ4Pt23q9vr6+XigUurq6VlZWZmVlAQASEhIiIyN5PF5fX9+5c+daW1tHjBgxZswYFxeX6+s1m81NTU21tbVms5nD4bS0tKhUKl9fXz6fT9N0e3t7RkZGS0sLQmjkyJGJiYkuLi7sdIRvyMnJaWhowEHC4eHh18eOqlSq7OzssrIyiUSSkpISHByMZwaGYSQSCUmS1u1JUVR9fX1BQUFLS4uHh0dycrKXlxe7rnV0dHR1dcnlcj6fn5ubW1JSYmdnl5KScv2chmGxWBobG7EXd09PT2FhYVBQEDaCMQzT0dFRUFCgUCjs7OzGjh37q3MpHlllZWV5eXn9/f3+/v6pqansGndD4CbKzs6uq6sTiUQpKSl4vFvfYzKZFApFXl5eT09PQEBAfHy8h4cHQRBVVVX19fUIod7e3sLCwoiICFdXV4VCASGUyWRZWVkNDQ3x8fGxsbE8Hg/vLkpKSkpKSjgczpBFXKfT4XXZ29u7oaHhwoULOp0uLCwsMTFRKpViMXg8nlQqdXR0tF6ONRpNTk5ORUUFl8uNjIwcNWoUuyehKKq5uTk/P7+mpsbe3j46OhpP2sPZNlAUVVZWVl9fj+Oly8vL5XK5p6envb29SCTC4xrvdtzd3UUi0bVr1woKCrhcblxcHH4vtig8QDIzMxUKha+vb2xs7J/lQO1uYoDAE3uHMgzDQFYFxPSggCAAwFcQBNhOh8BAfB8czD0xwPE5mBGCbUeIgFpvUtCMj0zoKBQSBj1hgZBABAQEAbEvKAQIIgAZBBiSYEgKMRaKkkCaS0AKk9hgWyDAAYQDRKPoF+EhAJCBEABE07SZQUKBnaebG4cxM5gtB0KapgkS0jQt4PG4N59LbfhdYWv3AZjN5iNHjuzbty81NTU/P7+urk6v14tEIrlcvmbNmtmzZ0MIVSrVhg0bKisrk5KSvv/+e5VKJZfLd+/enZKS8s0332zdurWrq6uvrw9C6OrqGhUVtWrVKjaGu6+vb+PGjSdOnOjq6qJp2sXFJTw83DrsoaCg4OWXXx47duybb76JHZ8QQnl5eWvWrImLi9u8ebO9vT1N05cvX/7oo49KSkqUSiVePEaPHv3mm28GBwcvXLiwsbHRbDYfPnz4559/3rVrV0pKypdffrlr166Ojg61Ws3lcp2cnGJiYl577bWYmJhh6oRNTU1bt249d+5cT0+PTqeDEDo6Ovr6+q5Zs2by5MkkSVZXVy9btiwoKMhoNBYVFXV0dCCEnJycEhMTN2/ejE8EGYa5cOHC1q1bS0tL1Wo1n88PDQ1lGOYWOiFC6Ny5c++//75CoVCpVAzDODo6yuXydevWTZ06FQtfX1+/bt26a9eudXR0UBQlkUg8PT1feuml//mf/8ELuclk2rZt23fffdfe3q7RaGiaFolErq6ujzzyyFtvvcXn89Vq9aZNm65evbpgwYIvvviira3NaDTa29uHhoauX7/+3//+95kzZ3p7e3k8nre396JFi5577rnrdSGE0NWrV9esWdPU1KRUKvHry+XyrVu3JiQkYJeJs2fPvv766z09PWq1GiEklUqdnZ3ffvtt/C5Go3HNmjU///xzd3e3Xq/n8/kuLi6xsbEfffSRTCa7WY/9/PPP9+zZ09nZqdVqeTyes7NzYmLihx9+yO56e3t7H3/88crKyp6eHtwtx44d++GHH+K9OELo/Pnzb775ZkdHB+5OTk5Ovr6+H3zwAdtvzWbzJ5988v/+3//r6OjQarUCgcDFxWX8+PGbN2++npeipaVl/fr1WVlZzs7Ou3btcnNzw71xx44dXV1dKpUKAODi4hIYGPjJJ5/4+/sDACorK9esWaNSqY4dO8b6+zU1NS1cuFAqlW7durWoqGjr1q0ajQYAsHHjxgsXLqxbty40NHQ4XfdmoGn6hx9+2LJlS2dnp1KppCgKv1dERMSOHTucnZ1vt0CKoo4fP75z5876+nq2QGdn57i4uE8++YRhmH379n3++ec6na6hoWHu3LnTpk3btm2b9QDs6+v78MMPL1269Pzzz7/00kvs9aampieeeMLDw2PDhg0JCQl5eXlvv/22QqFQKpVms9nR0dHFxWX9+vVpaWkQQrPZvG3btvPnz69YseK5555jC9myZUtOTs7ChQsXL16sVquXLFlisVgiIyNPnDih0+n8/f0PHTpkzQ6SnZ29YsWKzs5OiqK++OKLEydO/P3vf09LS1uyZEl4ePjatWtHjBhx9OjRPXv2xMTE9PT0FBQUqFQqDofj4eHx+OOPL1myxMnJCavc+/bt+/e//93W1qbX6+3t7fEpVXV19fr162fOnAkh7O3t3b1797ffftvS0qLX6+3s7Nzc3B5//PGlS5fKZDKapi9evLhx48ZRo0ZVVlZWVlbihtXpdG1tbQCAl156KSYm5u23375y5cqnn34aFBT01Vdf9fb2fvTRR5mZmSkpKefPn29ra6MoSiqV+vn57dmzB9NRWCyWzz77DMum0WhIksSd//PPP8dngncRTz31lLOzs7+//7lz57Rarbe394EDB4KDgw8fPrx//348aZAk6eLikpSUtHr16pCQEAhhTU3NypUrcW8sKCjA0ZIuLi6LFy+OiIh44403WltbdTqdRCIJDg7evXt3UFDQkHqVSuX777//448/qlQqCOHTTz89cuTIjRs3urq6vv/++z///HNnZydegxwcHFxdXZcsWfLss8/ixtm5c+fBgwfx3MLhcJydnX18fPbv32/dOLW1tY899lhNTQ3++u7u7jNmzFi3bh2fzzebzevWrSssLNy8efPMmTNxzPzGjRuvXLnS09Oj1+uxojtnzpzXXnuNx+PRNH3kyJH9+/c/8sgjeXl5FRUVfX19JEm6u7tPmDDhvffeu14X7evr27Rp0/HjxxmGyc7OXrBgwauvvjpv3jwOh7N79+69e/f29vaq1WqSJOVyeWJi4htvvIHnnBuirq5u06ZNWDyz2SyRSAIDAxcsWPD444/fkEfKbDYfPHhwz549LS0tGo2Gw+HI5fJx48atXr2aNYK1trZu27btp59+6unpMRqNEonEx8dn4cKFTz311Nq1azMzM7HkS5cuXbp06fz581etWqVSqTw9PbOyslQqlaur6549e5KSko4cObJ3797Gxsa+vj6CIPAi/tZbb4WFhQEAampq3nrrLaFQKBKJsrOz29vbKYpydHQMCgratWsX7hVnz57dtm1bZGTkp59+SpIkTdOnT5/evn17VVUV7htOTk7R0dEbNmwICgoyGAyHDh3avXt3Z2dnf38/3jbEx8evWrUqIiLiV7cNarV6xYoVlZWVBoPh8uXL1dXVuNdt2rSpubn5s88+Cw0NLSwsXLZsWVxcXH9/f0FBQW9vL0EQzs7OjzzyyGuvvYYXAovF8v333+/YsUOhUPT394vF4rCwMKPReDMOp78ucGDgAMUoQgghGlpZCSHDAMDmgoeYdxRCiCCCCCcAHKCVgYNkoMi6cAAQQDqjqaaL8pSJPUUi0mAgzDQBIUEzJGAICABEBAQQIIAYyNAWREOaoi0mPscOWdAAhcxAsQOkowggBhADqicEAACaAQACmqYRYtzcXCRCgUlrJiCCA4ktGECQFppCDG1zGb1XsCmEA8CHcNXV1aWlpRDCqVOnjho16qeffioqKpo3b56jo+OECRPwSXZubm5+fj6PxxOLxRKJRCaTnTx5cv78+SaTacSIEdOnT29vb7969WpNTU1fX99HH32EN68bNmzYvn07n8+Pi4vz8vLKyMj44YcfEEIjRozAAmi12urqal9fX4vFwkrV39+vUChcXV2x4lReXp6enn7t2jU3N7dp06ZJJJLjx48fO3bMZDLhDYFKpVKr1U5OTj4+PkKhMD8/f/Xq1VqtNjExMTU1tba29scff/z2228dHR3feeedGx4qD4HRaNy1a9euXbvwAXBUVFRJScmVK1euXLny4YcfxsXFYW8QhUKRnZ0NIfTx8Rk7dmxXV1dpael//vOfqKio9PR0AEBxcfG6desyMjJcXFwmTZpkNBqvXr3a19d3i8ldoVC8++6758+fDwoKmjt3LkVRp0+fzs3NXbRoUUFBgZOTU2dnZ3p6+rfffsvn81NTU319fbOysgoLCxctWiQWi2fOnIkQOnDgwEcffdTT0xMdHf23v/1NrVZfuHChtLRUoVBMmDBh4sSJ+JtitcTBwSEqKkqj0RQWFra0tFy+fJkgCD8/P09Pz8rKyvz8/D179qSmpuJl2Br5+flz586tra11c3ObPHkyQRBXrlzJzMx86qmnvvvuu4iIiNra2mXLllVXV0dERMyaNUun050+fTovL2/58uVnzpzx9vbeuXPnvn37TCbTpEmTIiIiioqKLl26VFlZ6e7u/t57710/PzIMc/DgwdWrV/f39wcFBU2ePLmjo+PKlStVVVVisXjbtm34try8PIIgQkJCHnjggZqaGoVCUVNTExoaunLlSgDA5cuXFy5cWF9fL5fL09LS8HHDhQsX5s6d+5///CcsLAwhtH379jVr1mAbQlpaWn19/cWLF+vq6qRS6bp166xF6uzs/Oc//3nw4EE7O7u9e/dihf/o0aOvv/56a2urv7//lClT1Gp1Tk5OTU1NWlrauXPnPDw8DAZDXV1dT0+PdbfHx+pOTk56vV4mk8nlcjwqPTw85HL5b49COX/+fHp6ukKhGDly5BNPPIG/V0VFRU1NTXJysrU+Nkxcvnx57dq15eXlfn5+Tz75JEmSV65cKS8vr6qqSkpKmjt3rpubm5OTU09Pj0gk8vX1vV7ndHZ2dnJyamxs/Pe//z1//nz2qP7IkSMVFRXOzs6BgYHl5eUvvfRSTk6Oo6NjcnKyUCjMysrKz89//PHHjxw5Mm3aNIZhWltbKysrh9BUNDc3V1dXd3V1IYQoiqqpqens7Lx27ZpQKORyuXw+f4gfl7Ozs6+vr9FoVKlUMpnM29tbJpPhYS4Wi7H7LrbJFBcX8/n84ODghISE/Pz8srKyPXv2xMbGTps2DQDw7bffvvXWW0ajMSwsLCkpKTMz89y5cwzDYAMXNoLt3bt38+bNWEEdM2ZMbm5uQUHBxo0bSZJctWoV3l9WVVUVFhZidQhC6OLighsTG/xxl1AqlQqFAh8DWSyW1tbWgoKCoqIiBweHmTNnikSio0ePXrhwYdKkSXl5eU5OTqdOndq2bVtzc3NCQkJKSkpTU9OZM2dqamr+/ve/nz9//nY7AE3TQ862rP1FKysrIYRXr14ViUTY4OPr63vixIn09HSlUunv7//UU08pFIrc3Nwvvviis7Pz0KFDeF6tq6s7d+4chNDX1zclJaWysrK2tvb1118nCAK7h2Cz+fnz59999919+/YNkYokSVdXV5lM1tPTw+FwfH195XI5TdPvvvvu//7v/yKExo4dGxUV1dDQcPHixfz8/A0bNkycONHX1/eHH37YunVrZ2fnmDFjkpOTa2trz549W11dvWjRouPHj7Plnzt3js/nh4eHjxo1qry8vKKior6+PiYm5rHHHmMYprGxsbKyEn9opVK5du3aL7/8EgAQFxfn5+dXXFxcUVHxz3/+U6/Xb9iwAfeoqqqq0tJSkiSDg4PDwsKqq6srKytbWlrGjRv3t7/9bcg0yOPxvLy8pFJpT0+Pvb29j48PtoDt3r17xYoVOIbzwQcfrK2tzc3Nra6uNhgMW7ZsuaG2bzQaly9ffuLECXt7+zFjxnh6el6+fDkzM7O+vl4ikcyYMeP6Q8Bvvvlm+fLlZrM5ODh45syZNTU1WVlZe/bsoWl648aNzs7ORqNx06ZNe/bsEQgEsbGx8fHxeP1qa2vz8vIaMWJEdXV1W1sb1hIdHR0RQvX19aWlpQRBiMViPp/f29sbHh5+6tSpVatWtbe3+/n5TZ8+vaenJzs7+8iRI42NjSdPnnR0dDQajfX19dj/AuuKRqOxsLDw7Nmz69atO3ToEEEQKpWquroa1wIAyMrKWrNmTXFxsaur65QpU3g83pkzZ7755huTyXT48OGcnJw1a9bo9foxY8akpKQoFIqTJ08ePnxYKpW+8847rNXxZiBJ0svLq6enh/0ucrkce+LU1tZiw75Wqy0pKSkvL+dwOP7+/hMnTqyurq6qqtq9e/eYMWMeffRRgiByc3PXrFlTU1Pj6+v72GOPYUcDnU73f00hZBjGaDIOJp1AND2oDRKDPqEQIgAJiPMSYm0Q+2oO6IxowHUTIYDdRwcshmBQfcMqoslsqetUqyWCMLlMqOsnTBYSABIAAhAk4JgRIhAJEQcyNEHTNGAATQu4iIIAAchg+yAcKA4BiCBBYAVxMAkGASFEiKYYAJCbkwuHoSwEJLAMNMLqJE0zFsufJrDiLwhkA0IIIb1ej4/ZuFzuBx98gF3UOjs7J02aBCGcPHmywWBoa2sbP348AMDV1fXnn382m83d3d2YBJnD4Tz55JOdnZ24tEuXLnl6eopEos2bN+v1+oqKCgcHBwcHhy1bthiNRoSQTqebNm0ahNDf3z8nJwchdPz4cTs7uxkzZjQ2NuJCGIb55ptvHB0dH374YaVSaTKZ1q5dSxBEYmJicXExPiu6fPnyyJEjhUJhRkaGxWJZuXKlnZ3du+++i720P/jgAwjhvHnzuru7cYGnT5/29PScMmUKdlz8VTQ3N4eFhcnl8v3795tMJoQQTdPHjx+Xy+USiUShUDAMg9U8Dofz/PPPGwwGhJBKpUpPTxcIBElJSQaDwWg0vv/++xwOZ+TIkbW1tQghiyWN/IkAACAASURBVMVy+PBhrAxPnjzZYrEMqZdhmO+//37EiBE+Pj5YeIRQTk4O9uA9deoUTdP79u1zdHR0dXU9d+4cvqG7u/u5557j8/kRERFdXV1dXV3/+Mc/BALBM888w5ZcU1MTERFBEMTrr7+O/ZQmTpwIIfT29sYfwmQyzZs3DwAgFArT09M1Gg1CKCsrC69t3333HULo6NGjBEFERkZiw+P8+fO5XC7eFeFa6uvrR48ezeVyFyxYYDKZDh06JJVKfXx8Ghoa8A3Z2dmBgYHBwcHHjx83mUxz5syBEGLCVYQQPl/Helpvb+/136WhoWHMmDEQwtmzZ/f19eEW27hxI5/PDwoKqqmp+eSTT+zt7QmCeO2113CZ3d3dDz/8MEEQ06dP1+l0arX68ccfJ0ly1KhR2KiLECotLQ0LC+Pz+cuXLzcajWVlZeHh4RDCZ599VqvV4q//1ltvcbnc8ePHKxSKjz/+2MHBISEhob6+/uWXX+bz+f7+/pcvX8alKRSKiRMn4vguLCRC6IcffvDx8eFwOK+88gpFUZcuXQoICHBwcGC7PUKouLjY0dExICAgOzsbv6yzs7Ozs/OFCxeG02lvDYqi0tPTJRLJqFGjdDodvqhWq6dNm0YQxGOPPabRaFQq1UMPPQQh3LlzJzbUx8TE2NvbYy+vITAaje+++65YLE5OTmZ7cl9f35w5c0iSZLv3zp07pVJpYmLi9b0d49SpU9iPlH1NvV6fkJDA4XA2btyo0WiWL1/O5/P9/PwKCgrwDbW1tePGjQMAJCUlqVQqnU43a9YsgiA2b95sXXJaWppIJFq/fj1FUR0dHe7u7hDCmJgY7L7e0dExePD8C8xm8yuvvMLj8bZu3YoH/pUrV2Qy2cSJEysrKxFC77zzDgDAyclpz549OJyvo6Nj8uTJXC533bp1Wq1Wo9FERUXZ2dm9+uqruA8bjcb169fzeDyBQLBv3z6GYQoLC7Hv6NatW/HUYTQad+zYIZPJpFJpU1OTxWLZv38/9jTDHIkajaa3t/fq1av4oA17PNI0/d5770kkkri4OJwU4dFHH4UQOjs7Z2Rk4De6cuVKYGAgAODtt982Go0bN26USCRpaWlYeITQoUOHAgMDPT092eFwa9A0vWHDBpFIJBAI4uLikv8bixcvbm9vx3di/TAhISE7O9tsNjc3N3d0dMTHx/P5/BdeeAHPb9hq7evry+Vyd+zYwTDM1atXAwICCIJ4+umncUctKysbP348hFAsFuP3MhgMb731lkgkCgsLwzPV9fjyyy/lcrm3tzf+tbi4ODU11c7Obvv27ex3v3TpkqOjo1gs/uqrr4xG4+uvvy4UCqdNm8Y2zt69e318fEaOHNne3m42m1euXMnn8/l8PjaA464YGRlJkuTLL79MUZROp0tOTgYA7N+/n6Kozz//3N3d3cHB4eDBg/h+jUazbNkyHo8nk8lycnIsFsv16297e3tcXByHw1mwYAEryRCsX7+eIIgnnngCv355ebmDgwOfz1+yZAn2xUAIffXVVzKZzMnJae/evTcs54svvoAQBgYGHjt2DFet0WgWL17M4/EeffRR/B0XLFjA5/O3bt2KPY0DAwPt7OyWLVvGLk+nT5+Wy+UymeyHH35gGCY3N1ckErm5uX322Wd40e/t7X3iiSd4PN7atWu1Wu3hw4dJknziiSfwtkGr1WL7W3R0dEZGBk3TNTU1zc3N2A3n73//e39/P56+fvjhh5EjR0IIN2zYgPtJREQEXknxum8ymTZt2mRvb+/u7l5XV4cQ2r17t6Oj45QpUywWi1qtfvXVVyGESUlJ+NVomj569Cieh3Nzc999912SJF944QU8bCmK+uabb3x8fCZNmtTU1DScoWE2mz/77DOJRDJ//nz8FfDRmIuLS35+PkLoxx9/BACIRKJ33nkH9+3Ozs758+eTJLlgwQKDwaDValesWAEhnDJlSnNzM+7qu3fvxkdpmDbvT4eurq472KI7iOwmxYYmRYW5u7rFjIpIjIlJiokZExs7NjYuJT4+NSHhgYTEBxITxyUmjU9KfjB5zIQxYyeOGTtxTMqksSmTU1KmpKZMSU2d+sADUx944KFx46aNH3/9v4fGjXto3Dh8z9QHHnhkwvhVz/xtwzOz1j/x0JrZk1bOGP9y2gMvTBnz7IMJT42NfjQuPG1U4ORg72kjPWdGhUyOCJ0QFvxgaPD40KBxoUGpoUEpIYFjQwKTQ4KSQwKTQgKTQoKSRgYmBgfGBPh5ujjFjPQfMyp05qRJD6ckPzg6LCnQN9LTJcRNGuTkMNrDKTnYZ8PrK3u6uu71t/rrID4+PmQQ824C/NepU6fe+5D3+w3R0dELFy7EJ4Kurq6LFy/mcDg1NTUVFRXsPVOnTh0/fjyXy3V2ds7Pz+/t7ZVKpcuWLWND9seMGTNv3jyj0Zibm9vb23v69GmNRhMeHj579mwcYyAUCpcvX/6rh23WMBgMFy9eFAqFTz75ZFBQED4ujYiIePXVVxcsWHDDR/h8PkEQpaWlJ06cKC0tValUcXFx//rXv957771hxnbz+fwnn3wyPT39wQcf5HA4BoOhp6cHu7wOOatzd3efN28efjsHB4fo6GipVNrX12exWJRKJda1Fi9e7O3tDQDgcDgTJ05MTU29BWMhl8vlcDhqtfrQoUO5ubnt7e0jR4585513Dh8+nJiYqFKpcnJy1Gr1I488MmrUKKVSqVQqCYKYNWuWTCZTKBQFBQUEQUycOHHp0qVr1qxhGMZsNiuVSqPRiE2jarXaurqHH344NjYWHzzjrYxcLn/00UdxDExCQoK7u7vRaMSKjfWD9fX1RUVFFEXNnz/fzc0NS2Jvb//CCy8wDFNWVlZXVycQCAiCUKvV33zzzbVr1zo7OyMiIrZt2/avf/1r7NixuJ0hhJmZmSdPnqyqqjIYDM8888zu3bs/+OCDG+YxKy4uxqfLb7zxBo6bghA+88wzzz33nHViAzc3t7feegtbKnDcJkmSKpXKaDRi+xVN02+88QaXy8Viy+XyuXPnms3mgoKC1tbW/Pz8jo4OBweHFStWYAdRgiCWLVs2b948bAjFteh0ui1btuzevdvf33/79u1JSUn4pEmhUGBd7t1333Uc5JJOS0ubOXMmTdNXrly5s6QdbCjFncFsNicnJy9duvS9996zs7PDOySlUunl5YU9wW6X6YFhmNGjRy9btuztt98mSZKiKLVarVKppFIpSZJms9na+GnNEDAE0dHRYWFhEMLDhw/jRy5fvowTdc6YMaOjo6O8vJxhmOXLl0dFReFH/P39X3nlFS6X29LScvXq1eHLzOFwpkyZkpCQwOfz2RjpO0B8fPzUqVPxKHZ0dBw/fjxuT5qmr127Vl1dHRwcPHv2bDzR8fn8OXPm4FGGkZOT09zcHB0dnZqaqtfrlUqlTqdLTU2Njo7u7+/HOT8wRowY8eyzz2Ljyc2cqK/HvHnzEhMT8c9JSUlTp04FAFy8eFGn0/F4PIIgqqurjxw5UlJS0tvbO3ny5O3btx89evS2pmXsMNzY2Fj732hsbLSOCBAIBBMnToyNjeVyuV5eXlVVVdhA/dRTT2H3WoIgxo0bh/XYr7/+mn1QJpM988wzOLDQ3d09ODiYIIi0tLQxY8bgYvFMq9Vq+/v7hyOtWCx+7LHHVq5c+fTTT2MNvLu7297eniRJfAYBIcQLR3V19bfffltaWqpUKh955JFPPvnkiy++sG780NDQ5557Dncef3//+Ph47GgzZATp9frS0tLe3t5p06b9z//8D75fLBavWLHC09NTr9f/9NNP7M2+vr7PPvssXn/d3d1TU1MZhrm1L4k1Ll68qNfrceAAO3POmjVrxowZOBwdO59bw2KxfP755xwOZ+zYsdHR0Xg2MJvNs2fPlsvlWVlZ2FnXGhkZGTU1NZ6enmlpaQRB4MkzKCjooYcewkGVBoPhxx9/NBqNY8aMmTx5MrssLl26dNGiRUPih60hEAgeeuihyMhIgiACAgK6u7uvXbvm4+Pzwgsv4JWIJMkHH3zw4YcfFggER44cYV+HJMl169bhfsLj8ZKSkmQymV6vv/59e3p6cnNzBQLBiy++iHcsBEE88MADS5YsmTdvHk3TAoEAQlhQUHDy5MmysrL+/v6UlJS9e/du2bLFOjL5tyM8PHz69OnYGVgqlSYkJAgEgp6eHoZhdDrdhQsXHBwc/vGPf2AWK4FAMGXKlLFjx94PRE1/JCwUbaYRASA2EDIMzeD/4f/QgwsbYi/Q9OCv+A/4IjPwp4F/gw/TND1QxEBmCoY2mM0F9Z11/UYLjy+w49lxSQEHCjiEkMsRcTkiHlfI49pxSR6EXEDzSMghIIcEHAg5EHLhwA8ciDgQkBCQEJEQkAQicKA7TZMcDpfLJQj8TohBgCQJABBDMzRNUTYL4b2DzWV0KFJTU6234MnJyQRBaDSapqYmll4PH4Xin0tLS00mk4eHR0JCAvsUQRDJyclisbi1tRV7R2B3SrzpxMDmr2Gu4liBaW1tlclk1vHxDg4OCxcuxD9fv5EdO3bsqFGj8vPzV6xYERoaGhYWFhoaiklBhplf28XFZfXq1bW1tZh+AJvdFApFXV0dPuhl75TL5VKplN1ZikQiPp+P79HpdE1NTTweLyYmhtUApVJpaGjozQL9IYQhISHx8fHffvttenp6SEhIeHh4aGhoVFRUSkoKNig1NTXh9n/99dfZevv7+w0GA8MwCoViypQpc+fO7erqysrKwtGb3d3dTU1NRUVFeB9vXWN4eDi70mCHPalUyq5/eCeKQxmHzFZtbW1Ytzx37pz1qUFPTw82PXV2dsbFxUVHR589e3bt2rXBwcHh4eFhYWE4jh9rSlOnTj137tzly5erqqoiIiJCQ0PDw8Mxzcn1hAoMw+DAJ1dX19GjR7PXPT09d+zYgX8+c+YMACAgIMCa1AGzj1AUhUkXcFDf8ePHz549y96Dz4x7e3u7u7vr6uqMRuPIkSOtdzAuLi579uyxlqe+vl6hUJjN5oCAgNDQUCwwwzAtLS09PT3h4eEjR45kbyYIYtKkSZ9++ml/fz8OA7staDSas2fP4k9/B+BwONHR0dOnT58wYcLVq1c//fTTjo6Onp4e7GHIHqrdloJkZ2eXlpY2duzY3NxctsC2trb8/HxsbRjm8ubs7Dx58uSff/754sWLLS0t3t7eP/30k1qtfuihh0JDQzMzM9va2hwcHLBJkMX48eMFAoFer7+tNuFwOMHBwcO//xYys57nBEHg4FU8RioqKvR6vYeHh7+/P9uerq6u4eHhBQUF+NeqqirMuLN9+3Z2RsL6FU3TmE0Hw9vb25oPZjjAnv/sRE2SZHJy8s6dO3t7e5VKJR5c+fn5CxcuHD16dFhYWFhYWGxsLKZsua2KnJycNm3aNORsy7plcCcZMWIEK0xlZSVmLvH19WUbRywWh4eH29vbV1dXm81mfNHR0RFbdPEZGW4la691gUCAo8KGqTL5+fktXbq0vr7+p59+amtrw1N6Q0MDjhZDCHG53NTU1CNHjpSVlS1atCgiIoJtnIiICB6Pxx5whIWFWa8j2HqDDeDWNarV6sbGRoZhxo8fb+176e/vHxIS0tTUZJ2bztfX11ohx9ry8KmzMafXiBEjrOccLpebkpLyxRdf4KjLIQcKmOwNs7K9/fbb7HXMk9nb24u9Xq1RUlKCb/j888+//fZbfJGm6dLSUuzRYDQai4uLsT8ku4iQJJmampqamnoL+QUCgVwuZ1u1tra2v78/OTnZw8PDem2NjIwUiUSNjY3ssaa9vT0bfoL7EofDwWdnQ6rQarUNDQ0ymSw0NJRd8mQy2SuvvMIeV4WFheXk5Lz00kthg4iPj/+NnFvXQy6XsweFHA5HJBKRJIlnD7PZXFNT4+Hh4efnx66Arq6ud12Ge4jBD3qjxPEAgsFBZKEZk9nC4ZEAgYFEgxAM5nNgQwnBLy6iAx6jOCU8mxoeAoCwu+gNVjeE0xwClo3UYqEbOvuVGp6Hg9BVIBSRRtJoIhFDcAiISMiQHJqkAc2FiIEAkARCiIED2TEYCADCuSgGqGUQBAhCkqAggAwABIdLcjgQEnCgVgQB4HK4FspMWSjqugnEhj8MNoVwKPAKxIKl37BO9Y7NXBjYlU4sFg/ZEAiFQhxbT9O0Wq2GEA4h6RIIBPb29r+qELJjw2g0Go1GkUhkZ2c3zA1reHj4li1bvvjii7Nnz2ZnZ2dkZIhEooCAgMcff3zx4sXDIc+gKOq7777Dgd0qlcpisWDKU4FAoNVqre/k8/nWi/3gNAXwSqnX67lcrvVUDiGUSqW3oObz9vZ+/fXXcUALji3h8XgeHh5xcXEffPCBxWLB7jGlpaW1tbXWDcLhcGQyGd6XZGZmfvzxxzk5Odg2aGdn5+fnd0Mt1PoUAJfG4XCGCHxDOfV6Pd4hZWRkDHkdmUwmFotpmvb29n7//fcPHjx48uTJioqKoqIiPp/v4eHxwAMPvPnmmwEBATNmzODz+QcOHMjOzj5//vz58+cdHBz8/f2feeYZ7LlkXSz2n6EoysHB4dZJ4YZQJlp/IIPBYDabIYQ//fTTkFdzdnYWi8XY74umaUdHx1t8JtwC7u7uDMNcuXLl5MmTCxcuxIFSJpPJbDZbM6li4AIZhhliOrN+wZvtbvv6+vbt23fp0qVbyHMLCASCZcuWSSSS7du3X7x4sbOzE/dMX19fbAK9s6VIoVBs3779zJkzHR0duEBvb29s9R1+IRDCtLS0rVu3tra2Xr58OSkpKS8vj6bpRYsWkSRpMpmMRiMOXbZ+Cu/8sOXzZiVf/1IcDmc4IcS/KjCPx7PuG9YdDM8PXC7XuotyuVxrdhB8JNHS0oI5jawLd3Z2tu4erq6ut5v/kMPhDLH14TGOU1Zgpq6DBw+ePXs2JycHB/j5+PhMnDgRm46HX5FIJHrqqadufcTG4/GsV5b+/n6GYYRC4ZCncJChxWJhT/d4PN71O2BrPqfbte5aLJajR49+9tlnZWVlarUaj1D2HAfvM5OTk7du3XrgwIGLFy9evXo1MzNTLBb7+PhMmzbt7bffZr/4EKLsmzEPWywWg8HA4XCG3I+/Mp4o2CvDLPNmYCm7hlwXi8U8Hs9sNl8/sdA0jT9HdXV1S0vLkL9KpdLrRxbut2q1+ueffx5isHJycsKHblqtliAIoVB4WwoMj8dzdHRkmVexm6hQKBwyA0skEuyww6rK2AmFvYEgiJt1DIqi9Hq9i4vLDQWDEEZGRr7//vt425CVlZWRkSEWi/G24YUXXnC8S3nD8exh/X2t5adpWqfTCQSCIbOHWCz+a1gIWd1NwCUFXA6Xw4EQWihGbzIZzRaAlSQEAAAEBBwSYsUKm/t4XO6IEd4BASPsJRKSIAYy1AOchoIAACJIIAABAQEkAIAMgBASCEIEIAMIrDsSkMAZ5bE4OIYPMchiMqk6WxorirX9GqVG3683ttvxvR0ErmIRT6fTMxTBAJJDcHmkBREkCSBBEIChGcAgSCOEAKQRgxAgAIEQYulGEQQMToiBEIfD4XF5ZoKAxKBUNM3nC9Rmk9FM2WII7yFsCuFQDNHQMD0DNhCxF61nUuxf0d/fj0mW2etardZkMuHoFxzMrdVqrVcjrNIMqd3aAIVj7djVCLtQGgyGIU8plUq8a79+AeDxeBMmTIiLi1MqlSUlJadOnTp+/HhJSUlHR0d0dPRDDz30q3NrZWXlypUrOzo6kpKSHnvssejoaE9Pz/r6+tWrV/f09Fjfaa0BDgE+/DOZTEOyyWm12lsc/eLwtjVr1ixbtgyzGvzwww+lpaVNTU1yufzFF1/k8XhcLnfTpk0zZswYUjWmQq2rq/vggw+OHz8ulUrT09NjY2NHjBghEAheeumlEydOXF/drZviZsCrmkQi+eqrr6yPpTEwGz5BEFFRUYGBgcuXL1coFOfOnTt27FhFRUVHR4eHh8c///lPe3v72bNnP/jggz09PXl5eSdOnDh9+vS1a9e6urpweNKQt+NyuSRJ4k9vLXlzc7NEImE3Vbf4vlhsHo935cqV6/eymFnu1KlTmFyXoihWi0YItba2isViVoWWy+UHDhzIyMjYvHnzli1bJkyYEBoairn4sYfqkPldqVRaLBYulysSiQwGw0BUuVVPuEWGLmdn55UrV86dO/eW3+SmwDQbu3btOnjwIEVRL774YmpqamBgoFQq/eijj6qqqu6gzL6+vr179+7btw9CuGjRopSUFFzgxx9/vGPHjtta2/z9/SdPnnzgwIHz58/juKyAgIBJkyaxw99sNg/xAdNoNBaLRSAQWE9QQ4bV9W5j+OvcwcteX87N/oTZO4xGo/V8ZTKZrCdYOzs7giDmzJnz6quvXu8aba323IG0eONrfQVP5jweTygU2tnZjR8/PjY2VqVS4bnxxx9/rKysrKmpSUxMfPrpp2+3ultjSINjrdhgMAyZEjUajdlsFggErEZ6i539nSE7O/v999/HeYnS09OjoqK8vLww8Qk+3MTfZeLEifHx8X19fcXFxXjhKC8vb2lpiY+Pnz17NvtSw6kRn6xZLJYhZ4gAgK6uLoIgrJXA3/iyuN2u90Xv7+/Hy/H1HYkgCIFAgBBasWLF/Pnzry/z+uSN+Gw3ISFh27ZtN/yrVCrFDjL43I2dYDFRk729/c1OHAiCYOdzCCF+kD1zZKFWqymKwloue/Ovtc0vVfD5fNzT2IvY1xevm9i9OSEhoa+vr6io6PTp0ydOnMD84QkJCRMnThxmRb+KW8hMkiReHayFpGkaR2PeLQHuLUR83ggXqYgEJAG5XA5JEgwCRoru6Td0qLQ6k4kBCADA53GEfJ6WQgggBjEQErNmTJsyIYkv4BEEiSDBAAAgwQCSgRABgoEk/n+GIBhIMohAEDKAw0BIAxJByAACAYLBd0ICIQIBgoGsTggsNBXZorhwaFdLTbXJbOkyW3o1OgcBL8hVIuVy9P0qSDMECTgcSHIglyRISNAMQzGIRohBgGYgDRCDAEIQAcAgNMAyiolKEeBwuXw+z8jhEpDAHKgWhkFmE1cgMJopE0X/ZT7xnw42hXAo8vPzTSYTu/3NzMykadrBweFmQXf+/v4kSfb39+fn58fHx+OL2P8EO/UJhcKIiAjMutbW1sYyX3d1dbW0tLDn5SRJEgRhrTVhrjy8Y8bmJmdn55qamqamJlZCTNH28ccfr1y5cuPGjfhO1ktt796958+fnzNnzvTp0wMCAmbNmrVq1aoFCxZcuXJFoVBYh4HdDNg9LyUlZceOHThyHVPhYy+aYY5boVDo7e2dl5eXn58/duxYfOan0+nq6+tvZtagaTojI2Pv3r3R0dEvv/yyp6fnAw88kJ6e/tJLLx08eDAzMzM9Pd3LywtnOfPy8mLPERsbG9evX8/n8xcvXtzR0VFYWIgpttmwq46ODrwvvFuTDiZLaGhoaG9vnzJlCrvIFRUVrV27NiEh4R//+Mf/Z++746o8svdn5i23c6kXAUFABMWatRuNvXcjlghI1Ghkk6ixEDVxdxNNYmJii7FrbLGLsQEW7IJBRI0C0qvApVzqre878/tj8C4/UFM3frN7n80nG6/zTm9nzjnPefTo0d69e1955ZUlS5ZQLcSHH374xhtv/PDDDw8fPiwsLDx8+PDVq1e3bNlCvXuDg4Nv3LgRFBSk0+lSUlIaCYQIoWbNmsnl8srKysePH1vtx8rLy3v37l1TU/PVV1/9bOs0Go1arS4oKMjLyxsyZIj1dyrXvfrqq2FhYS1atJDJZOnp6aWlpdbbuU6n69q1K8dxa9eupb9QatnmzZvfunXr4sWLH3zwwfHjx6noZW9vT/2prJz4VJFI43+4uLhQ1RAlC7HWgQZ9sf6x4b1BLpe/9tprv3WsAGXwv3v3rtFo3LRpU3h4OP3RZDIVFRX9tllRUlJy69YtvV6/ZcuWOXPm0B8pbY+VtMPaihfb9TEMQylek5KSqqqqtFrt22+/Te98zs7OGo0mMzMzMTGxY8eO1j65deuWyWSiEVmsUgfVYFBUVlbm5ub+2kb9ftCAipRq0tPTk1a4qKjowYMH1jQBAQGUa0Eul1sN3mpqatavX5+amhoSEvKzt88XjBc1EOjduzctWhAEGsrP2dlZpVLt27fv2LFjf//734cMGULZoZctWzZ69Oi7d+/euXPnDxcIG8Hb21smk2VnZ+fn53t4eNAa0vCblZWVffr0+Q8Rr1sslqSkpIyMDC8vr5iYGGugl9TUVPqIQC38Dx48ePLkyYULF/bv39/X13fcuHHLly/v379/bm5uUlKSVSD8hVCpVK6urnQ4Zs2aZT10njx5kpKSwrLs7wlW/jTydf00CAgIYBiGOhRYsxUEISEhQRRFjUbTVBKTSCQBAQG3b98uKytzcXGxbnSZmZnr1q0TRXHJkiUNrTGtJrs0wpD1r4xG4+HDh6OiosaPHz9u3LjAwMBz587RmCLu7u60kpcuXQoJCWnXrt3hw4fpVy82Kffz82NZNi0tjYbupD9ag7wHBAT8hrCZCoWiefPm9+/fz83Npc6KdFd///33Dx069P777/v7+1++fHnatGlDhw719fUdP358SkpKeHj4jRs30tLS/kCB8AXged7Pz496offs2ZMKyTqdLi8v7wWmEH8J0DBUcinfytVRjjBCgGcZnmNYloGIkWEi5Vi1XKKt0WuraiyCKOF4Zwd1rbaKEIAJebVn56DxgwggZhqMHgEeMAQjDBFGiECGinkihCJAEDAIMhgyCCAMEAOQCFgCIIZIhAgBSADEkMEAAUID2ENCIAJQ4tep18SwmO1rK7QlhGBRJCUmc0lVnbOdtJ27i7quykiqBMQiicyCeE4QzQIUMRAwFjERCMEYUOEQk3oNoQgICxECEBOAGFbCS1mOYxhEYydiAvUm717PuwAAIABJREFUCy+RQJ63iCIBNoHw5eC/Qfn+x+LKlStHjx6ltjRpaWnffPONKIodO3Z8XuizPn36eHp66nS69evX5+bmWiyWurq669ev7969W6lUdu/e3dHRcejQoZ6eno8fP963b19paSmN+rpjxw4aVJfCyclJJpPRC59erzcajZRd2ppAJpMNHTpUr9dHRkbeu3ePKg+vX79++fJluVxOt2ka0Km4uLigoMBoNN69e/fo0aOHDx/OzMyknmP0pshxHPX3q6urS0hISExMbOomQUH1fpQqg7qppKenHz58mF4xGz1vPw+Ojo59+vSRSCQ7duyg8nZdXd3FixevXLnyghyysrKio6M3b96clJRkMplEUaytraWKo2bNmtGYe/Rid+HCBcpjUVJS8u233x45cuTEiRNWkwzqlkB54UtLS/fv35+cnExvCb/cNeUF8PX1bd++PcuyX3755e3bt/V6PY2/HBERcfbs2fj4eBqc9+zZs1u3br1z547RaKQByuljsIODgyiKly9fjo6OXrt2bUlJCcbYaDRS0kWWZRvZMFN07NjRx8ensrLyq6++ys/PFwShsrJy7969JSUlzs7OXbt2/dkLJXVlZFl2wYIFjx49MhqNFoslJSXlww8/jIqKunPnDoSwa9euHh4etbW169evLyoqEkWxoqJix44dJSUlnp6ejcJv+Pv7T58+3d3d/dSpU5s2bcIYt2nTJiAgoKys7JNPPsnOzrZYLDU1NefPnz9+/DjLsv3793dwcHB0dJTJZAaD4cyZMzqdjt51du/e3TBnKu1bLJbs7OzS0tLnGZr+QljjAVCLboxxVVXVmTNnrl69Skv5taQy1lspx3F0lVVXV0dFRV27do3mRjNkWZbyv2dnZzelJrKC+v0mJydHR0erVCrr5bt58+adOnVCCH399deJiYlUuZSWlvbVV19ZLBZfX98uXbrQWHYMw1y9ejUjI8NkMhUXF9Px+j099tvQqVOngQMHZmdn79mzh5JC/fTTT7t27aIevBTdunXz9va+cePG4cOHi4qKMMY1NTXHjx/fsWNHZGTkCwaCdiYAICUlpVHMkobYvHlzQkKC0WikG050dDTLsqNGjeI4LikpKSYmZuPGjdnZ2YIg0H2biuvUV1yv1z948CAuLq7hLv1HoUOHDm3atElOTj58+HBOTg7d3KKioqKjoxmGCQoK+sNLbASZTEZDugmCUFBQsH79esrSaTKZBEH48ccfL1y48PXXX+fk5Fg7hz5FNVWI/SwUCkWXLl00Gs0PP/wQGRlJLQ6ePHmybt26kpISR0fHwYMH/+aG0OcSnU6Xm5tbW1s7YMAABweH4uLiDRs20PiTVVVVZ8+ejYyM1Gg0Xbt2bWq2yvP85MmTqd91ZGQkfccpLi7et2/fjh074uLims6u3r17+/j45OTk7Ny5MzMzk57FcXFxq1evPnXqFFW1jRo1igaGOXfuHM0zKyvr2LFjdXV13bt3VyqVVC1JhRxqGtq0dW5ubr169crKytqzZw89xGtra8+fP3/+/HlBECZMmPBMyrEXw9nZuUePHoIgbNu27fHjx9RS6fLlywkJCTzPjxw5Mikp6dChQ0eOHKHB5QVBoK91NLo9lUgTExN//PHH510bfj+USuWIESMoQfe9e/cEQaiuro6Ojr5+/fofcmq/RBBCeJb1cLCTIiyIAiEYQcgiIGGgFCEZxyokvFLKuqqkvq7OLmo7BgF9bR2NF8ix7LhRgyAgeay4uUp+BJTdlxYTAmqNhvzCJxXllVVV1eWl5UaTubiwOC8rp7K8orJCV1tVXVmhKyrI15YWV9fodLqyqmqdXl9TVVWuLXpSUaat0ZVXV5TWVJRWV5YbjHpCAIaMnUdAs5YB9MmCvmyKolhUXnP+Qd7lYkOZY3Po3pJzdlPYq1VKhVouU8k4pZRTSlglzyp5RsExco6Rc0jGISmH5AziWUR5ZRjESKVSqVTKsDxCDCQQA2Ihot5sEgnAENkUhC8LNg1hY1gslvfeey8xMbFZs2Znz569c+dOmzZtlixZ8jybJS8vr4iIiIiIiOPHj+t0ugEDBuh0uj179mi12uHDhw8fPlwmk7Vq1WrevHkrV67cuHFjQUFB27ZtY2Njz58/39DYr1WrVl26dLlw4cLKlStTU1MZhqFO8FYVIsdxEyZMuHbt2rVr1xYsWDBhwgRRFI8cOZKSkkK5+2jkcUEQjhw5kp6evmDBgkmTJl28ePGHH34wGAyUJvTs2bM3b97s2rVr586dWZZNSUmZMmUKQmjt2rWUMK1R63r06NGsWbM7d+6sWbOG8mGePXs2Li5OLpdXV1dnZWU1JDV5HiQSCSVNiY6ODgkJefPNNw0GQ2RkZEZGxvPkFoZhunfv3q1bt/PnzwcHB4eGhqpUqoSEhDNnzlAya4lEMnDgwBEjRkRGRoaGhoaGhnp7eycmJp45cwYhFB4eHhgYKJfL/f39c3Nz58yZ8+abb0IIExMTo6KiJBJJdXV1eXl5U5Pd3wB7e/s333zz/v37Dx8+fOuttyZMmGBvb3/27NkrV654eHiEhIQ0b9582LBhJ06cuH379pw5cyZOnGhnZ0fd7VxdXUePHu3t7T1q1Kj4+Phvv/2Wxv6ifKRlZWVDhgyxqp0bwtvbOzQ0NC0t7fvvvy8rK+vXr192djYlJwwJCfH3979y5cqLq+3q6hoWFkajgU2ZMmXKlCkSieTUqVO3bt3y9vYOCQnRaDROTk5hYWErVqzYuXPnkydPevXq9fjx4++//16tVgcFBbVs2ZJS11BQ8sObN2/u3Llz1apVnTt37tat2xtvvJGWlnbw4MEnT54MGzastLT05MmTeXl5ffr0oVyCvr6+nTt3Tk5OXrt2bWFhoUajiYmJSU1NbfiQb2dnp1KpcnNzP//883v37s2dO7epae4vh7u7e2BgYGJi4j/+8Q+dTkc5PE6cOEHvGVVVVdXV1b8qNr2Li0unTp1u3769cuXK6upquVyemZl58uTJyspKhmF0Ol1VVZVarXZycuJ5Pisra86cOcOGDXv33Xebxtqmos4bb7xBRb5Ro0ZZdTh2dnaTJk26c+dOfHx8SEjI5MmTpVLp6dOnExISPDw8FixY4OjoSAgZPHjwoUOH7t27Fx4e3q9fv0ePHkVHR1MWyt/cY78NHMeFh4enpaUdPXo0MTGxffv2KSkpWVlZ1L+ULvw2bdqEhoZu3Ljx888/T0tL69atW0FBAZ0tkydPfoEuwt7enprtzZ8/f+jQoVZirUbIz88PDQ0NDg42Go3Hjh0rKioaMWLE1KlTlUrlwIEDY2JiYmJi5syZM2LECEJIdHR0SkqKr6/vyJEjKVXS3//+96SkpC+++MKqSf6joNFo3n777X/9619bt27Nz8/v169fUVHR4cOHCwoKRowY8WtVcL8cHMcFBgZ6enqmpqYuXLhwyJAhZrP58uXL165dU6lUNTU11Bp8+PDhdLueO3fu0KFDMcanT5/Ozc319/enTK2/ttCBAwcOGzbs8OHDb731VnBwsI+PT3x8PJXPZ8+e3aVLl9/cIrpAbt++/e67786cOXP8+PHvvPPO6tWrt23blp+f36NHj/z8/L179xoMhsmTJ1Nu8KaZTJ069cKFC1FRUR999FFSUpKvr29iYuLx48ft7OxCQ0Opfq8hPD09Fy1a9M9//vPAgQPFxcX9+vUTBGHnzp3Z2dmDBg0aNGgQz/OvvPLK9OnTd+/e/fHHH9N5FRsbGxUV1aZNm9GjRysUCqoZjo+Pp4yvz3wFcHV1nTVrVmZm5o4dO7Kzs4cMGaLVaiMjI2lBM2bM+A09Zm9v//rrr9+4cePChQuzZs2aMGFCTU3NiRMn8vLypk6d2rlzZ6PReP78+YMHD1ZXV/fr108UxaioqLi4uO7du1OK4IKCgmnTplVVVW3fvv2Z14bfD5lMNnHixKtXr16+fPndd98NCgoqLi4+cuRIcXHxXz1qOYRQKpEoeU4Uhadh+zAkGBKCEOYQA3lOwNhoEhhstpdJGJalsQQJARKpxNnJHmBgX93Muc61WJWpNNd2Is2qKqvy8wtMZtFkESwibtuh/d27982CYO/gVFVTK1cqIcvX1tZxUikmkABIEGPv6Iw4rry4yCSYGcQSyGKCLYLZ3a+dd5vOgCCWl0hU9hhAkdSzxdD/xwSXV9WVVWTIpRJ3ZweNSqaSyNUOUmwymoxGwWIRBFEUsIixSICICSZExPXR6hkIAQCIQVKpTMLyLMNAWO/TSAAURVE0WyyiaJMHXxZsAmFj9OnTR6lUfvvttxhjqVQ6adKkGTNmWC/lDMM0okkAAISGhjIMs3///kuXLp0/f54Q4uTkNH/+/MmTJ1NnKgDAzJkzWZbdtWvXd999R8/IyZMnU90XTaBSqRYvXowQunLlysqVK6l+ZsKECT/88AOVGyGE7du3X7Vq1ebNm6OiohISEuhr35w5c8LDwylzWt++fQcOHHj9+vULFy688sorH3300cqVKzdv3hwTE0O95qRS6ahRo/7+97/TkFwIIeEpntkb7du3X7FihVXtRu9wy5cvv3///rFjx2JjY8eNG0cN1RoJzNRvpJ5cGIBWrVp9+OGH7u7u+/fv/+ijjxiG6dChw7Bhw65evfo8Sdvf3/+DDz5wcnI6evToihUrqK6vS5cu06dPpzc2X1/fpUuX+vj4bNu2bcOGDdTZpmPHjtOmTQsLC+N53tfXd+HChUaj8datW++//z5CyN3dPTg42NHR8aOPPsrLy8vPz3d2dmZZluO4hscMQogG7G4osdNkLMtSb3g6Degf+/Tps2bNmv379588efLTTz+lNiEjRowIDg6md7vAwMBVq1Zt3779hx9++Mc//kGVVN27d581axYNfzdt2jQI4YYNG44cOULlOrVaPWfOnJkzZ1pFgkbdO2XKFJ7nt2/fHh0dTQc3ICAgIiJi+vTplFKfuvA1/IpW2/rj4MGD16xZc+DAgZMnT/7zn/+k4zhu3Ljg4GAaJJNl2VmzZikUip07d0ZGRlonAD2hrZ1gzdDe3v6dd965fv06Va1v3Lhx4sSJUql0+/bt165doyo4Nze3+fPnh4SEUCNSiUQyb948COHhw4e3bNmCEAoMDFy6dOm2bdsYhqGDolAolixZ8tFHH2VmZkZGRo4cOfL3CIQuLi5z5841mUxHjx5dvnw5wzB2dnajR4/u1q3b8uXLS0tL09LSqJ7NSoNEnS3pcDfN0NHRcebMmZWVlT/88ENERATNcMSIEX/7298+//zz8vLylJQULy+vbt26jR49et++fTdu3GAYZsqUKS1atHhmDQcOHOjh4VFSUjJkyBCrBgBC2L1791WrVu3bt+/w4cN0i6DXpqCgoFGjRtE0AwYM+PDDDzdu3BgbGxsbG2tvbz958mSGYfbt22fdRmi7fpajxTq+dBTooqAT3vrHRjxSLMtKJBLrJ6+++uqXX3557Nixy5cvR0VFtW7dev78+Tdv3kxISKClK5XKt956y97efvfu3QcPHjx48CAhxMvLa+HChbNnz5ZKpYIg0IJ4nm+4Qj08PKZNm5abm0sJOQcOHMg+RcMmzJw589q1a3Ruu7i4zJ8/f/bs2ZRNp3///h9//PGGDRsohxONtTB27Njp06e3bdu2oQv38/ZG2pPPmxUN0TQZz/MTJ07keX7Hjh1nz549deoUIcTDw2PevHlhYWFUC2fdVxs2nE7LhrRYVmfd53lB00+sbmxdu3aNiIj44osvTp8+HRUVhRBq06bN4sWLi4qKtm7dmpKSUl1dPXToUJPJtHHjxosXL168eJF2zsSJE8PCwtq0aSMIAs2zUYkSicS659D9x7r/02dTb2/vbdu2ffvtt3QD7NGjx6RJk0JDQ1mWtQ50o86k0+l5ZNR0HMePH3/u3Lnr16/7+fkNHTp04cKFarX6+++/p1sWnVHz58+fOHHi81aco6Pjp59+6uvre/z48Q0bNtAOb9eu3dy5c8eOHUuNSCnBibV1ISEhPM9T+5To6GhKLDd79uywsDC6s8nl8oULF9rb2x88eJDmybJs375933vvva5duyKEAgICQkJCjh07duvWLUdHx3HjxjVdmFRlx7Lst99+GxsbSx/gPDw8wsPDp0+fTt10nzlPaOdbOZ/ocUz/m3o/fvbZZ1u2bDl79uzt27cRQtQt/+2331YoFK+++uonn3zyzTffnD179vTp03QHHjdu3Ny5c2kHQggxxk09GxuClm5dtgghWoGn7Jf1bvCN6szzPOXighDSQ3PTpk3nzp1LSEhgWZZGVKP75/PK/SuAcCyCkAiiCIlIMMT15KEYEAQBYRGQSXizRTSazXqTmcaEoAwzRqOpprZWJZUwOn0bc3U/BMysCxChSqVyddWYBZFheYaXKFWqgDatBUxkSrvq2lpOIuOkCqPZLAKACZTIFUaDieGlvEJl7+qhr6shAPISpYiJXl9r56ShPn+CxWyqq8GiSDDBGAMCMAH4qYUzBqCqtk5XVZ3OILVS4eKgcpbx7s4OKrlMNJnMRqNgNgtCfUwLUQSYEIAggxAgAEIolcvoBKBWo9TJkBBAQ2MAm4rwJQHa3DcpDAbD559/vmbNmjfffHPJkiV5eXmiKFKhQqPR0G3LbDanp6dXV1e3bt26EY8ZtQKlNir0okNdaBrudwaDIScnh4bZoTmXl5ebTKZWrVpRTwBBEAoLCwsLC81mM92jXVxccnNzJRIJ9SWgPkjFxcX5+fkGgwFCqFKpfHx8rIwytBrU+IoSvpvN5oKCguLiYkopKZFIPD093dzc6Dmt1+v37du3ZcuWTz/9lEbifmbPZGdn02pTxzBvb+/S0tKCggIHB4eAgICamprHjx/LZLKWLVtarx3UNA4h1K5dOytnWnl5eWZmptFopKZHMpmspKREqVS2bt36mUVjjLVaLXU1pHzorq6uNHazNU11dXVaWhq1aKImc97e3tYLhCiK1LuPXjjUajX1xHj06JFUKqUBPNLT06uqqlq1amXVC5WVlaWnp9vZ2fn7+1vLevDggdlsbtGihYuLS2VlZWpqqlwuDwwMtLLzlZaWZmdnUzZahmG8vb3d3d2tr6c09m7Dtri5ubVo0cJ6tlETZZ1OJ4oihJDywb44JJq1daIoIoScnJxatWpFK1xcXJyXl2dnZ9e6dWtr+rKysoyMDKVSGRAQQJM1rBU9xb29vZs1a9aI8C0zM1Or1dKLoLOzszUYBp2KUqnUGrSDxoaurq5WKpWtWrWSSqWiKObm5hYVFVksFoSQnZ2dr69vQ0sn2nWZmZkmk4nm7+3t/fjxY0KIdWmYTKaHDx8aDAaO4/z9/X9tpLhGoFHUqRUrve54e3urVCrKGt+iRQtHR8e0tLTKysqWLVtqNJq6ujoageN5MQlohnl5eXRVUr5KlUqVmppqNpt9fX1dXFysXS0Igr29PQ1s/czqPX78uG/fvh4eHtu2bWsYtc/K/UD7il6Xvb29GwUSpK5olG5RJpP5+fkZjUbqq+bh4SEIwv379wkh/v7+LwjkQAihG5o1/5qamtTUVIVC4ePjI5PJCgoK8vPzNRqNNaoEHcesrCw3NzcaXyc9Pd3Dw8NgMBQXFxuNRlrc4sWLY2NjDx06NHLkSPqhXq/Pzc2lAU4ZhlGr1XQ46MNKWVlZdna2k5NTw7ANlJKKRuyUSqU+Pj404LtMJmvfvn1+fv78+fMjIyNPnTrl7e1Nfb3ohGw48Wh8C7p8aGe2aNHCGuNBr9dnZGTU1dV5e3s/81GGesEVFBRwHGf1xXom4uLi6IbfaN5ag9Rbl4aPj4/11KitrU1PT0cI+fv706kiiiJNTxcpzaSysjIrK4s+3j1TyC8vL8/JyWEYxupHbTKZMjMzy8vLaYdrNBoaACkrK8vOzo4y+wuCkJOTU1JSYrFY6MFhnQmEkLy8vOLiYhcXF6tLPFUc5efnOzk5+fn5QQgfPXpUU1Pj5+dn5bOlLaqpqcEYsyzr5ubm5eVl3YgKCgqePHlib2/f8LmnqKgoNzfX0dHRz8/vmT1MCHny5Ak9rzUajY+PD8dxZrM5JyeHblkIIXt7+5YtWzbkKHpmPlVVVTT8BsaYsmo1pKTOzs7WarVeXl7WGdJo+KRSKWWTsi5GGuA+JyeHxiuizNLNmze3TmN6ulksFgcHB39//+TkZEEQvL29G7kJCIKQl5fXcAv19va2sjfX1tZSa1IaFIR+otfr09LSLBZLu3btZDKZVqvNzc1teNTS2EV5eXl0fBvNPdq0kpISem2QSqWenp6urq605kaj8cCBAxs2bPj000/pg2bTzqTL1tnZmZ5xRqMxIyPDaDS2adNGoVDodLrU1FS6qK11pp+o1WrrWNPbTm5urslkYlm2WbNmLMtqtVo3N7eGTO9/FZSWlmo0GgChg1Lh7aSEFjPAWMpBKc/JJbyUYxmGQwwDWVYEsM5sKdVVl1XXYQACfTzKjGJmQamDnXpS0KgZb4wlFiBAxPLVBNkLGBCARIIIRAQgjBCGHCaA8sqIABHIUgoZDBAGkEAGAyRCBCCDCcAAEQAJQBgADCABCACGEFGbdi96y+rivBxA6gNeEILr/0fFPEEURYGIIsEiIsSeR74uDlilFhnWzdmxmZM9D6FoMQkmi2gxixahqs5wJTUbIOjr26p3737F+TmFudlabXFFla7WYDKYLSIhGIBRY8et+my1u4fHyx6u/xJ069bNStBAY0Q3BQ1i3KJFC5tAWI+GAqE1mNt/PWpraxctWnTv3r1vv/32b3/728uujg022AC+/PLLpUuXvv3225999llTl6e/CkpLS3v16qVSqb7++ut+/frRa+K1a9cmT56MMb506ZKVpOoPh1UgPHv27PDhw/9Dpdhgw/8mqqurV61adf78+e3bt/8ec9//NVCBEAKokPJ+LnYsEIlFZFkg4ziFTCJhOcQwDMswHC8CZBREXXXdk4oqsyi09fGoMJPM/FK1nVouk7z3zowBfbrQgIQYAEIQgSzliaF0MgRwGKKn7DL1pKMigBggkUqMABHKNQoRBgwBABNIABIhpAxoQmXJuU0rU+/eIRjXkzZRsZDGrxcxwaIgiORprHtIsByInmqFIFeUGCwQIAABg5BSIXN1dvRw1Tg72puMprNX481Gvaen98DBw8uf5OdnZxYVPamo0tXUGQwWi4AtmMBRY8ev/PwLD5tA+AfhVwmENpPR/2lkZWWlpKRYraRssMGGl4Wffvrp3Llzd+7cOXXqlJeX16BBg34DheD/HVBNb2xs7D/+8Y9FixY1b948PT19/vz5FRUV06dPf57OzQYbbPg/jsLCwsTExBkzZjTiFbPhF8IkCBbE2/FQj2swJgLGFlGECLEQEAxFwQIgSwgGkAAIqBQGAKRR301my7qNO2/cTBg8qJ+7myvDsAQAAiCGkBAoEmARqaAIMayXAEUIAWQIQAQwBEJC6ilJIYAQMQyNRgghABAQYjIYcpPv/Rh9qrKinEGMgJ+GOSRP/0Xj1xMAISAA0lD3hEALQRYBsxgQTAQsAkAESIwmc1lF1aO0bACIIOKqOr1GrRRFEQDCcjzLcYhlIUQEAQAIgiyBIvhru4j+tWETCP8NGvT5xfGF/8vQvn37c+fOUXqGl10XG2z4n0ZJScnOnTtzc3NVKlVQUNCAAQP+0qsSQrhq1aoVK1YkJiZOmjSJGpw7ODhMmTLlvffe+1W0Pb8W1H5PpVL92lj2Nthgw88iICDg9OnTjcLK2/ALQQCxCKK2qtbduxnCgsFoFDE2W0QAECaAIQCIhEAsYGARRIyxiLGIrXZ8EBBib6+WSiV5ebk11ZUQMSImGBACIA05SCCE9bHpEYEIA0QgIIAhABIICaBpGIggQghC5imnCyD03wRySsdeE8NMBn1FUf6T9OTCjMcms5UNnsqlAEAIqO8fhBBCAiEm0CKKEoAhAJhg2lTwNIAEAQATTAiBEGAsAkh9SnmWZRFiEWAQYgjG9bEvXsrA2GATCK3gOG7QoEHOzs7PCy/xXwnq7/Sya2GDDTaAwMDAiIiI8vJyR0fHMWPG/AZC+f9r6Nq16+bNm69evVpeXi4IAsdxzZs379ev328IXfCroFarg4ODe/Xq9XvIh2ywwYZnAiH0PP9nG34hKmpqi6v0fo72Ynm5WRCMgigSwGKMGAyhKBJowURvMAuiKIjEaBEBqn/bcnJymBn6eo9u7SUSXiSAhpgHEFFlIEGMCBABDIYMNSLF9L8BgwHCVDcIn/oT1qsNAdUZUmmQ6iWpGAeJqCvIiju+697Vi4SGmqc/w3rBDUIEISEQQUgAhGYMIAEAAvwsT7T6jwG0WCyiKCKGBQwDEQsRgghChCAAEBNokwdfHmwCYT1Ylu3evXv37t1fdkVssMGG/0W4u7vPnDnzZdfijwSE0MfHxxpQ+08DDZzwJxdqgw022PALIWKc8aREKfe2t7Or0FUaLYJZwKwgUuZVAQOTiPVmQcCYymkAAAAggmD0qIG9e3SQVNRx+YUEIrO7vdHNURRFiyAAhgUcJAASSChxPOIkBBIAMCZQxMQiWkQCGU4qEAA4BotYsJgJhIiTEAAxgIQQ0WKBnISGhseEUXu06vX6jJzk+xUlJfWKQUAgQAAAQnV5iEBAqGBpIYBAAOsdEf8/EAipvhACYLKYBSwyHMvyPGJZwCDwNPgEBPQ/bHg5sAmENthggw022GCDDTbY8GcAAmI0W5LScwM8m6kVCmN1rcFigRaRYURIzS8xNguCiEVBIHqTkZMrACRyubR/764MxpLkfLu8GujqUpubZhzbvbi49GFKulyhVDs72akdWF5aWlZRrC11cHKxd3Gp1FUjjjeaBQGTCl2lnZMzgYzCzl4UcGlxkUWwOLi6sZwUAwgANBmNiGE4qYyVKOxdPAgBKg8/z9YdKrSX6u0/CaRcpFQOhIDuSQTyAAAgAElEQVQQAgCCAAAREAgRAwmBEBCrXGe1GkUAAgKIwWAURZFneV4iZXmOYVjEMIzIYFzvmGjDy4JNILTBBhtssMEGG2ywwYY/CQQAo8WSnFvo7erkIFNgojcLFkEQIUAYAIEQS318B0AIQQBCCCS8RCXnIcGwTg/SMoG2DKplAAJBtCAEjWZzwU/JiOE9vJozHF9RVsZzksfp6cY6o6NG4+bTUq1SG4xmU11dcWG+q6c3YKRqF02ltijv8T2D3iC3UwMCDAa9l3+bqvInDK9UO7tBgCCECrU9gKjefxDV6wghgAiIGABIICAQAoghhhAhROoT17fzqWRI7UoBNJiMeqPJ0dVeIpHynITneZ5jRVF86mRo0xC+NNgEQhtssMEGG2ywwQYbbPgzQOoJV4ggkrzSCuLi6KxSIr3eaDILoigSIhAg4qe+eJC65iGD0ZD3RBvg7SZoVBZXNTCYLC6OABF3t2aaZs2MJrGypramzuTg5KRQ27do6VdZU+cZ4F9TZ5TKFIiTSRQquZ2DSBipykFm56B0dK6uqPAKaK8xtMKIJYBAgFheYtDXqTVyxPIQMARAbNZr83MBYuqVd4QAQgCBBGIIAYIQQEwwRggDgiFiEYMAwoBQFWIDihgCAYQEAovZXKLVtvLxlchknITneJ7jeLNFYLCIGYKQTSB8abAJhDbYYIMNNthggw022PDnAUJICDFbhIJSHcO4uDk4VNVU19YZzYIoEhFjjAkBED1NDDDGP5yNfXtGEOjoY2rZjBAgqlQQAJZjEUSsBCnsVAKAAHIiRIxEKlGpCWTUTghDVgQMBgjxMhEwPm3aUpoZaXMVBkgBYD27DECEQKUTAIRq8wDA5uy71wpzsiDDPHUCJIAASDCBmCAMMEYYA/oPwJBhGYwhI4B6Cpl64RcCCIlIo1uIopiemd6716ucRCqTKSRSGcfrGbOZwdRoFNloZV4WbAKhDTbYYIMNNthggw02/HmgQf0IISaLJae4VCSkmb1aJNBcZwCEWmdiAAG1ooQQsAyTdD/50PGY/n27+vp4cjwHIY0twWCAMICYIECgCBACCCCEAMIAQIggAAhCQOq5W0QAIIQMQAQiCBFDlZVP+UUJVeaJYm1FaUbSrYSYUxazBbFcfXB6QpWEGCJCCAYYEyoNEowIBohFLEGMCMi/A05Q9hlMNYQEEELS09OrqmsUKqVEJuMlPMuyHMeJWMQAIIRsRKMvCzaB0AYbbLDBBhtssMEGG14CCCEmsznnSUlVnb65s4OcQLFOL2BCRPxUnoIQQpZlACE34+48Tstyd3d1dLBjWB5DarUJMCEiJkK9RScCANVHHQQIQ8o+CgEBBDIYQAgBRAyCECIEaXxCAAEAgiDU1FZbTCYsisa62qrSUn1tNWS5enUfAYAAAjAAgGAAiEgwJhjDpwIh4iQMJIgVAal3Iqy3ACUEAYvVP7CyUpeRndGudaBMLud5CctxLMuxgkAIYBn0Mkfifxs2gfAvA0EQysvLXV1dAQAZGRnTp0/nOG7Tpk1t27Z9ZvqoqKhFixZ169bt66+/dnBw+NPr+9+MI0eOfPzxx4GBgfv27ZNIJI3+1mQyhYeHx8fHL168OCws7CXV8T8Io9G4bt26I0eOvPfee1OnTm3aAy8LmZmZH3744YMHD56XwMXFZenSpUOHDv0luW3evHnTpk2DBg1at27dH1rN/w+ZmZkhISGZmZkAgF69eh08eFAqlf7OPAkh1dXVHMfJ5fJf+El1dfXq1avPnj37ySefjBgx4mdDThNC4uPjw8PD+/btu3TpUldX1+3bt2/atGnKlCnvvvuuLbqpDX8UMMZlZWXOzs4I/V+/KSYmJi5fvpzjuF27drm4uDwv2a1bt1atWpWTk0MI8fLyeu+994YMGcKyz76MxcbGLl++vE+fPv/85z8bLeerV6+GhISMHj06MDDwypUrGOOmn0skkvHjxwcFBf0R7fuNyMvL8/LyeokV+KtAEMUyXWWd3uDq5CCRSkUCREKwKEIEAAQMYjge8Rzn6eEeFjrOy90VMAQAVgSQICQShAkjQkgAI0CIASMCRoAMBkiEDIEchgwmSAQIA4TrZUWGQEQgJARhUB9gEABAsKXkUVLUwe8qKyoJJIiTPtVlUhUhAE89CQnGhGBACMEiJJghGPJSBmHWYuUKJVaWUQxYgBgAAQRAFISrV6+1C2wnUyg5XsLyEgj1iGFYABBibbwyLws2gfCvgfj4+JCQkAEDBmzduhUAUFtb+/jxY57njUbj8z6prq5OTk7WaDSCIPy5lf3vR2VlZUpKilwuf+YZTAjJy8tLSUkpLy9/GbX7jwNjXFxcnJqaWl5eTp4VgvZlwWw25+TkJCcnS6XSZ16wBEEwGAy/MLfy8vLk5OQ2bdr80dX8N2pra4ODg2/fvq1Wq9VqtZeX189KYj8Ls9n8wQcfXLlyZdOmTT179vyFX4mi+OTJk9TU1Orq6l/4SVVVVWpqqp+fH91htFptSkpKSUmJKIq/o/o22PBvlJSUTJw4kef506dP//LXjZcFvV6fkZEhlUqfd+bSZ5f169dbLBYqMV6/fv3KlSthYWGrV69Wq9WN0mdlZX322Wfx8fF+fn5Nz5qoqKja2lofH5+UlJTIyMhnrjuFQvG8J+M/Affu3Zs1a5anp+eRI0c4jntZ1fgLgRCgN5oKikvVdiqWQRAiCOpd7xCDpDzv5eWxeH6YUi4xQxFAiAhAEGLCIggxRIgwIkAQMhgyCLIIIhEzDEQCYiFgIGEgYDBABCIRQAIYDKlwCCGAAEBCVZEs79qp93CF3aVDu8uLSwiATwNO1IuDhAAoknr7UYIBwYAQgDEHRFYiZRBhLIB6SDaQCwkAZogYUM+RQ7KyMhLv3vX28qQx7lmOE7FICGFsGsKXB5tA+BcAxnjHjh3Z2dm/6vLdvHnz8ePHt2vXjuf5/2TtbGgMhFDv3r3t7Oz8/Pxedl3+F8GybHBwcNu2bZs+NP6q61FAQMD48eO7d+/+H6hjPUpLSxMTEx0dHZcvXx4aGiqXy3//tamoqGjnzp0eHh5/UB1/KQICAsaOHduhQwfbzc+GPwpRUVE3btx47bXXXnZF/gCIohgbG/vdd9/J5fLx48cvXLgQAPDdd9/t2bNn7969nTt3fuuttxql37Jly+XLl5+Zm16vj4mJcXBw6N27t6Oj4/jx4xsKhAaD4fbt2zqdTqPRdOzY8T/fuGcjMjIyOTnZ09PzZVXgLwoB4/LKKgnPSSUShuMRywAIEIIymWTShCF2ci6Pq9IpCISQNVhaml0NxroKXR0vl6nsHRGCBNYHeygvLRcJrNObWbmckyrkdg4AACKKtfoaTIBEaWc2WXQVZSwvVTlrECuBmNRV62QqNQTIqblfyw7dqqquYItQLw6Cf7s9AtZKN0oAJoBgSDADMOTkEIgMT2PRP20PDToPEUQIUOGTALPZlJzyyLO5h1Kpqq6sNOrrEGIQEiGyKQhfGmwC4TOAMRZF+lbBNHywJ4QQQpoartAl0nAWE0JEUcQYI4QYhmn0V1Z2KUEQIITWIpquA4wxTdmwAo2SPa+2vXr16tmzJ4SQprdWnhBCP4EQsuwztPO0YtYMm7auaQ2fmUmjr6z1ZFm2UR8+s4gXl9uwaFEUaXMYhnmmWdHPJqC6I5rhM/ukYSbPs+2xguf5jz76qOFUaTToTQfrBXje+DbKls43COEzr+MNE7ygExoW2rBvm07jZ8JaCgDgeQ1s2AMIPWPv/yWD9WIwDDNlypSBAwf+bG1p7z2vhydOnDhhwoRnrkp692pUw1++P1h/NxqNFovF2dn51VdfdXR0tKZp2JMIoaZTruEqpqPT8HcrV8GLwzpZS3nBVGw4c563NChef/112l10Qv7CrrB2ftNmWvc9mob2Nm1R073imb8/D3SOvWCWvmDRNcqk6UR95nA32ietA9R0S7EukF+y6J65sTxzWTUcx0YT5nldZ61zw9Gk+2TDbrEuhxefJs87ChuuwUZripbbqJ7Wzqfz/JdvpE1hnQYvqJs1GS3oebsBPddeXJxer4+NjS0pKXnnnXc+/vhjOzs7AMAHH3xgNBq3bNmyd+/eGTNmNGzLDz/8sGXLFoTQM1V/KSkpWVlZ3bt3DwwM7NGjx4wZM6x1FgTh9OnTqampFovl/fff/1kL+RdsaD87k19w22k4dnSwGn7V8Dx93tHftGINt6xfu3Kt2TZcKS/umZcFWlWjyWw2WxRyGZXuEIJqO2WrFm4WIBTwenvnVg7Q7pL2gp9RU11Vfe9+ilypdPPwqDNaAGIJZCRKu4z0TF6urK6uk8gVBDItAtpWlJdjjHUVFYjjndy8DPo6o8FoNBrUOq1IIMG4plIX2H0gQJDlZfauHhK50lBX97RaT1V9gBBCAAGAEEiowSmhboSE5UVRAMxTS1EIEawHwBAhVO8RCQAhRKstMRpNvESKGAYxDMOwgiAAAoGNVOYlwSYQ/n8QBOHMmTMHDx40mUx0yxg3btyUKVN4ni8uLt65c+e9e/dmz549ePBg6yd6vf69994zmUyhoaGDBw8mhKSkpKxZs6aiooKegh07dgwPD9doNDT9nj17YmJiQkJCbt269fDhQ57nZTKZXq/39vb+6KOP6CFBcebMmb179wYGBmq12kuXLmGML126FBoaGhwc7OjoSFdUamrq999/n5mZSQ+kYcOGhYaGUp+uW7durV27tlOnTvPmzVOpVGvXro2LiwsODq6oqDh37pzZbIYQNm/efMGCBS1btrQWmpGRsWnTppycHIwxz/Ovv/66Tqe7ffv27NmzqXjZsLuuXLnyzTffNG/e/J133rFqw0RRjIuL27ZtW0BAwDvvvKNWq6urq48dOxYVFUULVSgUQUFBI0aMoKpLnU63aNEitVo9e/bs1q1b00yys7M3btxosViWLVvm5ubWaJgwxrGxsdu3b588ebJerz958qTFYqHNmTVrVocOHawbfW1t7Y4dO65fv05teOzt7adNm9a/f/+GUlNBQcFXX31Fmwwh9PLyeuedd/z9/a0JLBbLiRMnjh8/bjKZIITdunV78Swym82ff/75gwcP3nrrraFDh2ZmZm7ZsqWysvJf//rXl19+STW9DMOMHDkyNDT0BeoUjPHNmze3bt1aW1tLP+nVq1d4eDg1nTKbzV988UVKSsq0adMyMzOvXr1KOyEgIGDevHnu7u7WfLRa7d69e+Pi4ugDhKOj46xZs7p37/68i9Tdu3fXrFnTq1cviUQSGxur1+sZhgkMDJw5c6a3t/fzpOUff/xx3759RUVFVIyRSqV9+/Z944037O3trc25f//+3r17aVdzHNe1a9ewsDDqFkvtqY4fPx4TE2MwGCCESqVywoQJI0eO/E/4KP7000+rVq1yc3MLDg7esWNHUVERIYTn+cmTJ48dO5YOyvHjxw8dOtSzZ0/6lk+dJw8ePHju3DmLxUIl/9DQ0GHDhrEsm52d/eWXX2q12vDw8AEDBlgLqqio+PDDDyGEs2fPbvhUr9fr16xZc/PmTQDAkydPli1bFhAQsGjRIh8fn5KSki1btjx48IBOWoZh/Pz85s6d6+PjY81z27Ztd+7coSPOsuy4ceMmTZrEcdyxY8f2799vMBgKCgqWL1/+2muvvfvuu87Ozk174MmTJ999911iYqIgCAzDDB06tJGdGyEkPz9/9+7d9+/fp1c3T0/PsLCwV1555ZkXqRMnThw9enTEiBE9evRYv349vfj269fPmqCmpmbRokUAgLlz53bq1IkQkpiYuGXLlrKyMrpV0s2KThiM8YYNG+7evdu/f//U1NTHjx+zLOvo6FhRUdG7d+9Zs2YplUqarcFgoIMyefLkn/WVMpvNO3bsiI2NpSPIsuyAAQPCwsIaOj3Gx8dv3ry5qqqKLroePXrMmTOnoTmfXq8/duzY2bNnjUYjnahhYWH9+vVjWTY1NfWTTz6Ry+WrVq2y7vkGgyEkJKRly5azZ89u2bJldHT07t27u3btihC6ceMGIaR///7vvPMOIeTOnTvfffcdXUR0gYSEhLi7uz9z0dXU1Bw4cCAuLi4kJCQ6OjojI4MQIpPJxowZM27cOKuBJcb43r1733zzDT2SAAAcxw0ePPjNN9/kef727dubNm3ief7rr79u2Mbr169v2LDBy8srPDw8JibmypUrH3/88fHjx+/cuUOPhrFjx06ZMuXhw4cbN24sKyuDELq7u69YsaJZs2bWTAoLC1etWvXkyRM6vr6+vosWLbLu5ydPnjx8+PDAgQNbtGjx3Xff1dXV0c589913u3Xrptfrv/3222PHjgEAkpOTp02bNmHChKCgIJZld+/efeHCBbPZTFfHa6+9NnPmTJVK9eKhb4jq6uoDBw5cunSJTgMIoYeHx8yZMzt16kTndkRERF1d3ahRo+7evUvXCMuyXbp0mTlzpnW/slgst27dOnDggFarpf7JPXr0eEGhgiBUVla6ubn17dvXOnuVSmVAQIBcLi8qKqqtrbUOwd27dyMiIlQq1eDBg0+cONE0t5s3b9bU1PTs2dOalXWSZGRkbN++vaCgYMaMGW+++eYLjhhBEE6dOnXs2DHa+RKJZPr06dSh8cGDB1u3bq2oqNi3b59V1s3KylqyZImrq2tERAR1C7x37966deuqqqqoQKjRaN5///2AgIDy8vJdu3YdPXrUbDYnJCSEhISMGjVq2rRpDMPU1tauXbs2KSmJ7ipqtXr+/PkdO3akPZ+QkLBu3Tpvb+8xY8Zs2bJFp9PRg3vZsmUODg779++/efOmxWKRSqVjxowJCgqyGkDp9frTp0+fPHlSr9dT58kJEyaMGzfO6pIdHh6uVCrbtGlz/fp1nU7n4OCwZMmS/6hHwO8HAcBgNIkiZgBgEOJ5BkBMCKnS63QVWUWAq6jUAogZBGUyiVwuraioKCjUOjg7I5aXikQi4SGDfAP8BJGYLMRkMtZUVWIAEMsSAkVBYHmJUFsrUyhMdbXlRYUEIo6XAoCp7x8G0AKgGaCnxqINbUcxnW4QEAIgpPExIDQDxkIwBgyV6RCEBEGIEEQMIgAiBACGT2XKurq6yqoqCcPwPMdzPBaxINgcCF8qiA1PUVdXR88zhJBEIpHL5RBCe3v74OBgi8VSVVW1YMECnuenTp3a8KuYmBiVSuXq6pqQkIAxPnHiRGBgIMMwHMcplUqWZWUyWefOnakHOSHk/fffl0ql7dq1o/sUz/OvvvqqVCp1cnK6efNmw5xHjBghl8tnz57drVs3ukgQQo6Ojps3b46Pj3dycmIYxsXFRSKRSKVS+irs6uq6Zs0as9lMCDl06BCEcMCAAVqtlhAyadIkCGFgYKC9vT3DMDzPQwh5nh85ciSVJwkhjx8/btOmDc/ztNoIIQcHB7Va7eTkdPDgQfrw1hAFBQU8z2s0mt27d1t/rK2tjYiIYFl26dKltbW1dXV148aNU6vVVBTkOA4h5ObmtnLlyurqakJIUVGRq6trhw4d6N2I4u7dux06dGjRokVqamrTkbJYLNu3b2dZ1s/PT6PR0JMMIcRxXLdu3ejFiFZv1qxZdnZ2tGiZTMYwjLu7+6ZNm6xZUXsk+rlSqeQ4juf5Vq1a/fjjjzSBXq9fsWKFRqOhs4JODHon6Nq1q16vb1o9g8EwePBgCOFXX31FL3mvvPKKQqH429/+RvuWvomq1eqVK1c27VUKQRCWLVvm6upKy5VKpbQVI0eOpNKLXq+nokhgYKBKpaLEzVQSe+ONN+igE0K0Wu3gwYMVCgXDMLSBDMO0bt16//79FovlmUWfOXNGIpHY29s7ODhIpVJHR0ee56VS6eDBg1NSUuhKmTdvnkwmW7NmjcFgIIScOHHC29ub4ziZTGZvby+RSCCEDg4On376aU1NDW3OmTNnqAEzwzBqtZrjOIVC8cYbbxQUFBBCKisr58+fr1arEUJ0sBBCzZo1W7NmDZWHfwmSk5N79OghkUguXrz44pSXLl2SSCR2dnaBgYF00OkK8vb23r17Nx2UTz75BCEUFBREP6msrBw0aBCtoUwm4zgOQtisWbNly5bp9XqDwdCrVy8IYWhoKH0Opzh37pxCoejfv39ycnLDClRVVQ0fPpzK5FSoa9WqVWJiYkpKSrt27WQyGc/zarWa7kJSqXTq1Kn0KcFkMlEBpmECFxeXFStWmEymVatWUdmGaq4GDhyYl5fXtPlarXb48OFyuZxhGIVCgRBSq9UqlUoikezfv5++oKekpPTr14+uGjs7O9pLHTp0iIqKomqiqKgoqVQ6ceJEOoIrV66USCQLFizIy8sbNmwYlYHpyxpFbGwsy7K9e/e+f/8+xnj//v1ubm4sy0okEloHuVw+evRo2kxRFKdOncrzvLe3N90qEUKjR4/meb5nz55JSUnWbNPS0gYPHqxUKs+cOfPiQacKE7pY7OzsVCoVbfjbb79N9yJCyPbt25s1a8YwjLVWSqUyKCgoNzfXmsm0adPs7e0hhHK5XC6XU1Fnx44dgiDcuHFDqVS6ublZN1VK8AMh7Ny5M91VNm3axDCMm5ubVSf81ltvmc3myMhIPz8/2s92dnZ0aMaOHdswq4YoKyubPXs2y7Jubm50X7Kzs2NZ1sHBYcWKFXQOC4KwdetWPz8/hmGkUqlaraZr087Obvny5RjjhISEzp07cxx37tw5a85ms/ntt99GCE2aNCknJ2fGjBksy3bq1Ekul9N9BkKo0WiWL1/u4+NDLT6obcKQIUOoIE231oCAAI7jrEchz/Nt27a9ffs2TfDZZ59JpdLWrVu7uLjQIwkhRJ9Q6ZU9KCio4QKJiIiorKxcunQpbaZKpaIjaGdnN2PGDJ1O9+LRbzgcffv2tWZCBSqO4/r165eQkEDTdOnSRalUtmrVylpzCKFKpVq4cGFpaSnt2MjIyJYtW9IJTHvG2dmZ47i2bdtSGbgRRFHUarV5eXl1dXXWH/V6/bJly2QyWfv27a2LpaKiYvjw4QihZcuWbd++HQAQHBxMN1IKg8EQFBQEIbx69WqjUvR6/erVqxUKRatWrZ659htmMnfuXEdHR4SQVCqlu4GLi8sXX3xhsVguXLjQsmVL+lpt/SQxMRFC6Ovre+/ePULIzZs327dvT6eWvb09Pd18fX2vXr2an58/adIkKuPRlbJkyRKz2ZyWltamTRtalkwmY1mWYRhPT88dO3bQGXvq1CmlUqnRaFq0aEEnD93KevbsGRQURIeDapx8fX0PHTpEN1tBEBYvXuzo6EhXjUwmo1N0xYoV1gnZokULtVrt7u5OJ5WLi4t1uP8c0IeDXwuOYf4W4NOjY6C/r+fUcf3PH92Yd/9ETOKmf8Qv/iBuQWTiN+k/nUm5d+5ewumkxKg7iedvJZy/dffyzaTr1+7Fxd6NP5+UcOHBg6gHj849fHzmYWbk/Yzj97OO3M8+dD/38MMnhx4W703K3/+geN8D7e6kot1JRbvvFe9PrT6QUrM7qeSt1bteGfNmh5HTO4yY3p7+M3x6++HT2w8LbT8stP2wkPZDgtsPmdZ+0NSOA6d2GjCl28DJw8e82W3ItHb9JrXrN6l9/0kdB0z526BpXYaG9hzxZtchUz19WnX0927h6owgBADI5fKxY8YtWbBo6oTXB/Xu3bdH9+6dOi6eN6+4qOjPHJf/bnTt2rX1U4Q9B/Rvhw4d+n9UY/7nA2McGRm5ffv28vLyadOmFRcXl5aWfvbZZxDCAwcOfPXVV0qlskePHhqN5sqVKzk5OfQrQgh9kWrbtm3nzp1/+umn1atXp6SkdOzYMSEhoby8/OTJk76+vnfv3n377bfpwxU1n3j48GGLFi3mz58/bdq0xYsX+/v719bWRkVFWY1DioqKYmJifH19g4ODr1+/HhYWxjBMWFhYcXHxW2+9RV/FqO3EihUrCgsLMzIyOnbsqNVqo6KisrKyrNWzeqLTyZGent61a9dbt26Vl5cvXboUQpiQkEAPFaPRGBYW9vjx48DAwKioqMrKykOHDiGErPtp007z8PAYPXp0eXn5rVu3ampq6I86ne7ixYv0uVQqlX788cenTp3ief6bb76hvfr666+Xl5dv3LgxJibmxfwTzyvX2rSsrCxnZ+f4+Pjy8vIdO3bQLf7ChQv0VX7fvn179+5FCH399dc6nS4zM3Pu3LmVlZXLli378ccfKfvZunXrbt686ezsHBsbW1FRER8f36dPn6ysrKCgIKq4uHDhwp49e8rKyt54442ioqK0tLTx48fTZ8sX17zRv+vq6tLS0t59993i4uKEhIS+ffvW1NTs27evtLT0mZ9HRkZu3LhRp9NNmzYtPT1dp9N98sknhJDz589//PHHJpPJao6VmZk5ePDgpKSk0tLSuXPniqJ469atuLg4OkM++OCDixcvajSavXv3arXa4uLioUOHZmRkrFu37v79+y+of1VVlbOz84ULF7Ra7ZUrV5o3b37x4sXt27c3JWXR6/XLly8vLCycMmVKcnJyaWlpYWHhuHHjKisrT5w4UVxcTOcz1Wd26dLlp59+Ki0tjYyMtLe3P3LkSGRkpCAIR44cWb9+Pcdxn332WWFhYVlZ2fvvv19TU7N69eq4uLhf5T1LCHn06NHNJrh161ZaWlpDboaamprKysqvvvqqtLT0xo0bvr6++fn5MTExZWVl1qxo0YIg/Otf/7p48SLP859//nlJSUleXt7o0aPLysp27959/PhxnuenTJlC70zp6enWzw8dOiSKYpcuXRrx7KlUqlOnTiUlJQEAWrduHRcX9+jRow4dOkRERCQnJ7dt2/bixYulpaUVFRVLly4lhFy+fDkxMREAcP78+T179ri5uR05ckSr1ZaWloaFhVVUVERHR//0008RERH37t1TqVStW7e+fPlydHR08+bNm/bPunXroqOjXVxc9u7dS9vu7OxcW5NS7l4AACAASURBVFtrTWM0GletWnX16tXmzZufO3eurKyMyocpKSmrVq0qLCx8Xs8TQtRq9ZgxYwAAcXFx+fn51r/dtWsXhLBLly6tWrW6d+9eeHh4WVnZiBEj7t69q9PpDh48qFAooqOj161bZ51jZrO5sLDwlVdeWbRo0bhx41auXOnl5ZWWlkaVlnTfTktLS0xMbNu27c/6SiUlJa1du1Ymk23evLmkpKSoqCgiIkKv11+4cCE+Pp5aVYSHh1dUVEyYMOHhw4cVFRW7du3iOO7MmTObNm2qq6sDAHzzzTeHDh2i7wVFRUWFhYVjxozJycnZvn37/fv3rcdw055p+EdRFEtKShwdHefPnz927NgZM2bk5OQsXbo0JyenX79+GRkZpaWlp0+f9vDwOH369IYNG55HUkJ3AK1W269fv4KCgpycnA8//BBj/Mknn9AWpaSkHDhwIDs7e8yYMQUFBWVlZUlJSWPGjDEYDFu3bi0uLvb39+/atSuVz63Z5uXlxcfHE0LGjx8vk8nojw8ePBg8eHB+fv6dO3f69+9fVla2atUqURT37NlTUlKyePFijuOuXr1648YNqhucN2/e48ePW7duff78+YqKitjY2NatWycnJ0dERNA9gdY/LS1No9EcPXpUp9Pt2rVLoVA8fvz41KlTcrn8+++/pyRqvXv3psXl5uauWbOGZdn169fT3WzF/2Pvu+OqOtL3Z+aU2y+XJk1AEKSDVKkCdiUaNbEk0TQTN0ZXs3HVWKJriWtLNLbErCXGktiiiUaNJRpFBREsCCqCiEhvFy5w6znz+2PMyd1LCZvNxuT3vc8nn10595Q5M3Nm5p33fZ9n4UKdTnf27Fny3K5gzZo1P/74o52d3Z49e2pra+vr63fu3CmVSq9du3bx4kXieCTRJWVlZWPHji0uLlar1a+88grxQRUXF5Ps3yVLlpC9j9zc3IaGhgULFpAI8I6eixBydHR0d3cXnLdk6/PEiRN6vX7kyJFkWjcajZs3b05PTw8LC5s/f367FACPHj26d++et7d3YGCgxU8FBQV79uzhOO7dd9/tJJEYY7x3797t27frdLq33367tLS0tLT05Zdfrq2t/eSTT8j00bbfmrsQ9Hr92rVr8/LyEhISSkpKampqLl68GBQURKJ7XFxc9uzZM3fuXLFY/Mwzz1RXVy9fvtxgMLzzzjt37951dHTctWuXWq2+du1abGzs48ePly9ffvHiReERNTU1EMIdO3bU1dV98MEHGOMrV64cO3Zs/PjxhYWFt27d8vX1LS4u/v777xsbGwEAe/fuXbNmDcZ4/vz5JSUlZNhsaWn59NNPjx8/LiwzGhsbGxsbR40a9e677w4aNCg0NLQL/eWpQ4isBhTCp8792KjRBSCn1yTxk6WpYYwXwphCQCJmxQwjFjEyiVjEsgzDMAwtErMiEUvTiKZpCtEIUTTLMgzLMGKGZUlUrVgioxmWYWixRCIWSUQiCcIYY6780YP8vHytCRswNGDKgCkDjww8MnKUgacMHDJyyMBTRg6ZyK8AchjpeKjDyAhoE2BMkOWQiEMiTIkwJQaUBAP6ZzcjAHqdvqysTG80iUQSsVgsZkUiVkRRlDVi9GnBahA+QXV19alTp2pqasaNG7d161aVSkX2tKZMmYIQ2rt3b21tbXR0tJ+fX1VVFdmKJrEZ165dwxi//vrrJGU8Pz/f19f3yJEjYWFhxP+2cuVKW1vbzMxMYZAFAEgkkn/9619r167dvn37iBEj0tLSTCbTpUuXysvLyQmbN2+GEIaGhoaGhgpJd8TxKITpi8Xi119/nWyMeXl5bd26VSwWV1dXC8vZtggICNi8eXNMTIxcLl+0aFHfvn2bm5uLi4t1Ot2ZM2dycnKcnZ2XLVvWv39/lmXHjBmzZcuWzhnk//KXvyCEbty4ce/ePXIkMzPz3r17vXv3DgwMLC8vJ3eYOXPmW2+9JZfLbWxsPv3001GjRtXU1Bw/fpyM5r8a3t7ee/fujYmJkclkhFybYZhr166RFcmxY8cAAEuWLJk2bRrDMC4uLgsXLhw+fHhLS8vGjRuNRmNOTs6VK1fs7e2//vrr5ORkhmEiIiI++ugjsrd68ODBpqamc+fOVVZWDhgw4NNPP7W1tfXw8Pjwww+joqL+06JCCN98883Vq1fb29v37t37vffek8vl9fX1hYWFbU9Wq9Vffvlla2vrwIED169f7+7uLhaL582bRzyKGRkZxJAgi4yEhISPPvooODjYxsZmw4YNwcHBtbW1xKFRVFS0Z88eBweHOXPmjBs3TiKR2NnZbd++PSUlJTc3NzMzU1j9tIWTk9PSpUtjY2MpioqJiVmyZImdnd3+/fvr6+stznzw4IFKpRoyZMj06dN79OhBQvvee+89Ly+v0tJSsg+SkZFx7dq10NDQjz76yN/fnwStzZs3r0ePHvfv39doNJ988olUKv3LX/4yZcoU4viaN28e2fg/cuRIJ2y6bUGWHX3bIDk5efHixea3ksvlM2fOnDZtmlKpjIuLW716NULo8ePHbbdyCwoKvv76a4Zh/vrXv/79739XKBTOzs4HDhwYMGBAVVXVyZMn6+rqRo8erVAoKioqzp8/T8aHBw8eEGs8ISHB4jsiTg8hmovshdfV1XEcFxER8e677yYmJjIMIxKJ5s+fHxcXp9FoampqTCZTSUkJiY729vYmm6xbtmwZOXJkVFQUmeDJnjqJh2w3rUutVm/dulWpVE6bNm3MmDESiSQuLu6zzz4TYuEAAA8fPjxw4ICbm9uKFSsGDBjAMEzPnj0//PDDPn36ZGVlmQ9l7WLIkCFubm7l5eUXLlwgFnh1dfW3337r7OyclJRE0/Tnn3+u0WjCw8M//PBD4qQdO3bs9u3bWZa9dOnS7du3hVoKCQn56KOPVq9effDgwYCAgBEjRqjV6szMTDJ0aLXa8+fPazSaQYMG/aK4DnGYODg4BAcHk6p7//33X3rppb59+zIMQzg8TCZTTEzMxx9/7OPjw7LsK6+8smnTJhJCKXRUiqJefvnl2bNnK5VKlUr12WefJSUlEUrMru9cODs7/+Mf/1i9evXhw4djY2OPHz9eUFCQkJBAvneWZQcOHLhkyRJXV9dDhw49fvy4o/tACPv06bNnzx5bW1tbW9u33347LS2NoqjVq1dzHKdWq0UiUUJCwqeffmpvb0/TdEBAwNtvv+3g4FBfX19dXa1UKuPj4x0cHI4ePUrsNJ7nL1y48PjxYx8fn+TkZOFBERER+/fvd3Z2Dg4OHjVqlI2NDU3T8+fPf+GFFxwcHN59992AgACe50tKSgAA3377bXFxsb29/c6dO1NSUhiGSUpK2r59u0qlunPnzg8//CBUlI2NzcaNG0eNGiWVSl9++eXXX3/daDQ+evSosbGRuI/IO5KJr7S0lOd5e3t7spSXSCRz5sx5+eWXk5OTxWJxVyqf5/ni4uLevXtPnjz5ueeeY1mWYZgJEya88MILBoOhurpaGB8oiho9evQHH3zQvXt3iUSycOHCiIiIioqK8vJykr5x+/bt8PDwhQsX+vr6siz77rvvTpkypesJjWTfavXq1bdu3YqNjZ00aRLZeDp9+vSePXvs7OwI/Uy71966dauqqqpv374keUSA0Wg8f/58fn5+RETEgAEDOsmR02g0Bw4cMBqNZIni4OBgZ2f30UcfJSQk2NjYFBcXt0ugbY6mpiayhURSMCCE0dHR8+bNGz58eFBQUGtrK2k+4t8jgSGnTp26efMmy7Lr168nmThhYWF79+7t1atXRUXFsWPHyGRB2L/efffdl156SaFQTJkyJSAggKKofv36zZ0719PTMzg4eOnSpSzL1tfXNzU1tba2Ll++XCQSTZgwYebMmfb29mKx+P333586dWp9ff3p06eFDVyKosaMGbNx48YPP/xw165dfxK+vScDOEJQzKDmpsaDh4/eKXhYXVVbX19fX19bV6euq6uvra2rra+rJaiurq2prqmurq6qrqmurqmurqmpqqmpqqmuqq2qqqmuqq2urKuqrq+qbqiqrq+sVFdXqWuqG6urGuuqG6urastK8zIvnzh4uLa6HvMI8AjzAHAA8JDEe0IeQgwAhhADjKEgQ8gDysgjnkOYRxymMKB5SGNEA0oEGTGiRADCnw1cAHieLysva2ltFUskLCuSSKRiVsQwjFWY/mnBmkP4BNXV1YWFhRzHeXp6/vDDD8JxEhpUX19/9+7d2NjYhISEK1euHDhwYOLEiUql8vLlyyUlJe7u7kOHDm1ubi4oKNBoNImJiXl5eXl5eeQOzc3Ncrm8trY2JydHSC5ydXVNSEgg/4YQEtOrqKgoOzu7e/fuxDsnl8v79u1rY2PT0dBMThDWlG5ubo6OjgaDgbiP2gJC2KtXLyHZj2VZPz+/9PR0o9HI8/zVq1f1er2Xl1ffvn2FRWTfvn0DAwOJSFq76NOnT0hISGFh4c2bN8PCwiCEhw8fxhjHxsa6urqeOnWqpaXF29s7LS1NmJyUSuWIESNOnjx569YtjUbz32SIRUZGCqtYiUTi7OzMsiwJyKmqqrp79y5JyTh9+jR5I57nSZjKtWvXqqqqCgoK6uvr/fz8SktLBTtHr9erVCois0YyAA0Gw/jx44UFvZOT09ChQ8kGfNdBch6EivXw8FAoFDqdrt3GqqioIBbdhAkThBw8YlISB1pxcTHxh1AUFRQUJHiBKIry8/O7c+cO2ai+cOGCXq+XyWQkBIico9PpnJycTCZTbm6uVqvtaFIMCQkJDw8n2SMURYWEhAQFBWVkZNy9e9dCzCAwMPDAgQMajUahUBCxDUKeSfbLySotJydHr9dHR0f37NmTVALLsiNGjAgMDPT09Kyurs7Pz7exsaEoiqTVkcZiGIY0lsFgEDwVvwiKolJTU9umniKE+vTpY879oFKpEhIShEbx8vJSKBQmk6ntNn9ubm5LS4tKpRo3bpxwPsuyb7zxxo8//vjw4cOKioqQkJDRo0fv2bPn0qVLY8eOtbGxOX78eGVlZf/+/bu4g9CtW7edO3dWVFTY2toWFRXV1dXV1tY+evSIuJFJSJW/vz/xZsydOzclJcXPz8/X1/eLL74gQcVdeUp+fn51dXVgYGBCQoIwegQHB0dGRp45c4b8+cMPPxgMBnt7+9ra2lOnTpGDGo3G1tbWZDJlZmaOHTu2k0d4enoOGzbs888/T09PHzlypK2t7b59+5qbmyMiIvr06aPRaLKzszHGtra29+/fF/ZE9Hq9XC5/+PBhaWlpZGQkaTJfX18/Pz/BhB48ePDu3bvT09MfP35MUgpPnjzp4uKSkJDwi7IEPj4+crm8sLBw7ty5AwcO9Pf39/X13bBhAwm7ra2tJWG93bt3v3nzpuA/NxqNSqXy8ePHJSUler2+pqbGxsYmLS1NqDp7e/tVq1ZhjP38/ART9hfh4uISEREh2A8XL17EGHfr1u3u3btCBEp9fb1Sqbx79+6dO3d69OjR7n1IBqmQe+bo6JiQkPDdd9+lp6fr9fo+ffrs2LGjubmZ5/n8/HxiBGZmZhIfLHE8JiQkeHt7X716dd++fTNmzFCr1enp6RqN5rXXXnN2dhZCGIYOHUrGCoSQk5MTyVNITU0lvc7GxkYmk5HIAoPBkJ+f39jYGBwcTLZLyB1MJpODg0N5ebkwQAEAHBwc4uPjyb8hhGFhYSQut93gEW9vb6VSSbypgwcPDggI8PX1/eijj2QyWRcphRBCGzduLC8vF4vFpaWl5BMrLy8ncxz5xMiZMpksJCTE3t5e+NPDw+POnTskI4O4syIiIoT5VC6Xp6amfv75511rf5CTk7N48eKTJ0/27t174cKF3bt3xxgXFxdv3bq1trZ20aJFISEh7V6o1+uvX7+u1WqHDRtmYfKR3EixWDxy5EjzNPK2IC5BEhIvfDgqlWrVqlU8z/v5+Ql7jh1BoVAQmZyNGzfW1taGhYX16tUrISFh9OjRHZEh5efnq9VqPz+/oUOHmk+F48aNW7p0aWFhobBBLJVKhc0ImUzm6upaVFTk7+8v+Dzd3NwoitJqtXq9nvhLlUqlTCa7fPkyOYHM9SKRiDyU5FGLxeKIiAiS3PsnylUjmn8UhCIGIQrX1dVdu3XP3aOHXGEDEeQx5AHgMeIB5AHkMOQxEPQGibAEDxEAiMdPpOoBgAAgojPx5E8IIEAAQI7jWltbjJqW6FB/ADBRvCBsMj8bcxhDCAivDBTYejCmEGRoRm80mjDGEPEA6vXG6tqGiio1RBSFIUQUfCJx8eTNGhvVLa2tbt0cW2Qyo95gMhiZTqnLrPifwmoQPoFGoyFJCNu2bdu7d69w3GAwcByn0+nq6upYlh0wYMD27dtv3bp1/fr1sLCwK1euqNXq1157zdbWtqKighgVZNEs3IEYJyTIRDDt/P39zYfywMDApKSkU6dOZWRkDBw48Ny5c48ePfLy8jJnr2kLkrQg/EnyXjoJsyTGjPmfZFeVnE+Cu1xcXMx1sSUSibu7eycGoUQief755xcsWHD58uURI0Y0NTX98MMPbm5ucXFxEonk4cOHRqORTKXm5XR2draxsVGr1Tqd7lcbhCRLTbBnyHqR8BCSBBudTmcwGFauXGlu8zQ1NRkMhqamprq6urq6OqPRWFBQMHPmTHNqO+JirampaWhoaGxsZBjGIt5PIL/pOhiGEUgmyJ9kLdiutV9TU9PU1MSyrIVwhVwu9/T0vHPnjjBxIoQcHBzMt6VJ85FKILv15eXlK1asECqBZNHwPF9VVdWJRmW3bt3MSSZUKpW9vT3P823DBRFChNcuOzu7qqqKrLGIO0vYwC4tLWVZ1snJydyu6969OzFlz507p9frGxoaPvvss127dgkntLS0GAyG/1Tajqbp6dOnp6SktJ1XzJ1yxKIz32InjdL2C8IYl5WV6fV6e3t7i57Qq1cvkUik0WgIK8OUKVO++uqr27dv37lzJyAg4JtvvmEYJjk52eK76wgkXfDq1asXL14sKysjNVlVVWUwGKRSKSlVTEzM1KlTt2/ffvz48VOnTjk7O/v4+ISGho4cOTIxMfEXqQ4BAMTHqFAozEcPkUhkbnKQnOeCgoKlS5cKNcbzPGGPMA8EbRcIoVdeeWXfvn03b94sLCwMCgrat28fqQpXV9fHjx+TofLKlSsFBQXCVTzPq9VqjLEQf07SmAW+EAihv79/ZGTkuXPnrl+/HhQUlJWVVVBQkJaW5ufn94vLiICAgHnz5m3cuPH8+fPp6emOjo49e/YMCgpKS0sbNGhQTU0NMZNOnz6dmZkpXMVxXENDg1KpJAqNOp3Ozs7OvBsghH6RaMoCZOwS9noE7+WZM2eysrKEFzEajXV1dTzPd+IhFIlEnp6e5rNJ9+7dWZZtamoiFCYtLS3ffPMN+Tbr6+tJHLLBYBAu8fT0jIuLy87OPnDgwBtvvHH//v2bN2/K5fLx48ebV6l5/CHxPJNMY3LEnLOxtbVVrVbzPF9YWPj222+bl7ayspLUp2AQ2tvbm4/PZHzoaArz8fGZP3/+unXr0tPTr1y5QlowMDBw2LBhQ4YMMZ+5OoFMJsvLyztz5kxJSUltbW1dXV1VVRXxaJk/l+ToCi9FvJQCYWZJSQnDMA4ODsKARvi6nJycftFRyfP80aNHV6xYce3atcjIyAULFiQnJ1MU1draumfPnjNnzsTHx4eEhJBPg7htm5qa7t+/Tzoe2bmwtbVt2+tu3Lhx8+ZNPz+/uLi4zvdH6urqdDqdWCwWqKoIhM2+X/yaSIDSgwcPzp8/v3nzZqlU6unp2atXr6ioqIkTJ7ZVoud5vqKiQqvVBgUFWfDcBAcHQwg1Go0QtU7TtDBmEv5hks0rdBXz2AcyHLW0tHz++ef79u0jB0lQq06na2hoEELQyaD3Z7M3nsxHiIJiFolYOjJhUEh4lL29I80wGAKIAY8RDyHAEEPIAwoDyEEIIDH/AAcQfmL+EcsQAggxhBgDDAHAAEPCGAoE4xM/qSH4s4MSA9hev4YYYPzkHAgxBBDwT+hcSTZyVXXtpYzc81fyOQghoiD8+TYYAIPB2KRp9HB1gRDRDM0wNE1ZDcLfGL84IgknWA3CJyCrQIlEkpqa2nb1JpPJSIBW7969w8PDT5w4ceLECZFIdP36dZFI9OKLL5pzc/fu3bttNgtN0+a+CItID5FI9MILL5w6dSo7O/vhw4eHDh0yGo3Jyckd7QoTtNUY6PxD6kiTgIDMpoRPwvx457r2NE0nJSW5urqmp6dXVFScOXOmtrY2NjY2JCTEXDDDAkJdtcswbk6E3Tk6oWUnd3Nycho4cGBbwV9CKUGm9l69erW7krYw2s3xK5TWzKnef7GlBILsdon7LW7VuWaA4NJsuz4QmI3aoi2ZPs/zggqCxclqtXrmzJmnT5/W6XRubm4kO9ne3n7Hjh1C9DK5tqO3Jm1ta2vbv39/otdsDsJS09E7tgupVNoV1sGuN4pgt7fLkC705PDw8JiYmFu3buXk5DQ3N9+6dcvOzo5w/3Sl2Hq9ftGiRTt37lSr1fb29v7+/lFRUeHh4fv27cvKyiLnKBSKOXPmDBky5Pz582fPns3Ozi4tLU1PT8/IyFi5cqV5jF9HIK9g8SIW4geEcdfT0zMlJaVtJ+nId2GOiIiIqKionJycnJwcImEvlUqJLoXwsUdGRrYdKhFCwoYLYZoxL1i3bt1SU1PPnTv33XffjR07dvfu3SzL9unTpyu6iyzLkp2Cixcvnj59+tq1a5cuXcrIyCC8hcLmS2xsrK+vr8W1MpnM39+/rKys854swHyjp+2mD6HZMB9GeJ4nxC3tZkK2TRUzv5XFCCA8jqKooqKiRYsWfffdd62tre7u7oGBgUOGDFEqlRs3biTkKOS05557bvv27ffu3bty5cr9+/eLioqSkpIsFDvbfoNtH00g5K4HBwdbRBOQx/Xp00d4d4tPo/OKZRhmypQpiYmJpAWzsrIuX76ckZGRnp6u0+kEEppOgDHesmXLihUrKioq5HK5v79/YmJiREREdnb2V1991fbtzMsj/LujQpLxpPMZ02g0fv7556tWrSoqKoqNjV2zZk1UVBSxc7Ra7ZkzZzQaTU5ODslVIaMrifWYMGFCYGDg3r17Hz58+ODBg9DQUIsgCIzx/v37OY4jzrrO60EQp+mKmJD5VeY/RUVFbdmy5ebNmydOnPjxxx8LCgru3Llz+vTp27dvr1+/3mIkF9YD7WqTWMxrhPHO4vJ29VSEUslkspSUFHOSWwIHBwfBzUtI3Tt/3z8a8E8iDxQFxSwM75PYf+AQ1qjlH+QDLQK9vIFSqdYiCQNZGhAjkAcQQgojhAHknzgDiXFIQQAxRBAiACHGgIcA8wCjn5/VESAPoPlyjjSEYEf+BAQANOsjYpFIqZC7dHMwYfrmjXuVjAiYNOZNyHFcXV2d3mAAAIrFYmwyMV2bK634X8Ba9U8gkUhIxMurr76ampoqHCf7TITzkKzGxowZc+zYsYsXLyoUinv37qWkpBDZBpFIJJfLeZ6Pior64IMPzG9O/GDmK+y2q+rU1NSePXvevXv3xIkTubm5GOOJEyf+njo5ZKfw8ePHer1eGIu1Wq2Q1tguCNlXfHz80aNH09PTDx8+LBKJEhMTiVFN7F6dTldTUyMoahA/QEtLC6FIFYI5BQuQMNy0COo3/zkIhyehEJw+fbr5yoYEBTEMo9PpCN+gj4/PsmXLzO0lg8FA8q9KSkrkcrnBYBBYEAiIy/dXlKqLZyoUCpZltVqtxXOJJ0EikQhU453fluyGuri4WIiLkEogeR3tXki8iOb8McSFThhiLU7etWvXkSNH3NzclixZMmLECMJLeevWrZ07d5qXxGAwmHsGAAC3b9/esWMHTdMk/tDGxmbixInmmg1CY3XRoPrfgbA+6nS66upqc53l8vJyg8FAeO3IgmPcuHGXLl26evUqiYgePHhwV8wngvT09K1bt5IcyJkzZ5I0LaPR+O2335qvzAhjbWJi4uzZs2tra48dOzZ37tycnJz09PQ+ffr84lNcXFxI+5pzI5lMprq6OuFPspjz9fWdNWuW+fsS5ZKubIiIRKJRo0alp6dnZ2dfvXpVo9H079+fVIVUKiUB2HFxcf/4xz/MrzIYDBbNbdG9xWJxdHS0l5fXqVOnysrKTpw44e3tHRcX18U9GpFIFBAQEBMT89e//pXkF82ePTs/P//777/39/cn415KSsqMGTPaLZVWqxWJRCaTqaamRrBaOY778ssvz58/L5Dgk6BH4fJ2iaMsXs3R0RFjnJycTNhZyEHCGUPGoo7eyGg0CnoSBIJLWS6XHzly5PDhwzY2Nrt27erXrx/xgV+5coWQtQhXxcTEBAUFXbt27dChQyaTSafTPfvss21X5F2pYWEyBQD06NFj1apVFjVJXudXiweKRCLihpo6dWpDQ8PZs2dnz5597969kydPDhkyxNzp2i6KiopWr15dUVExevTof/7zn87OzsTXNHfu3P+oGK6uriaTqaGhwWAwCDsmra2tjY2NnWTdm0ymXbt2LVq0qLKyMiYm5sCBA+aaIqS5SYex6DNqtZqkgxqNxnv37pWXl0+cONGiV/A8f+zYMblcHhER0XZbzQJKpZJlWb1ebzGXHTx48OjRo4MGDSJGFHHyCJMjsU4FEL7oZ599Ni0tTavV3rt3b82aNQcPHjx//vy1a9eGDh1qfjKJSqBpum3AEcmPIJy9nRe7XZBIB4lE8sILL5g/lCwqzKe5rkuV/oGAAY8xxoBGwEYuTUwZIgJG491MILOnvLxNl+9yKeEFNWIncYurSmQwmTBAFCuqrqmmWVauUOqNnMRMzAz85M0DT0QjnqhJAB4ACPB/WjfwyT3//ZDZ3xgABBRyRVpyeF1xVTFZ0P57/I1G0wQwZlhWIZUCo4miqD9beTFBSwAAIABJREFUC/3/AyupzBN069bNy8tLr9fv3r1br9cLfMc7duxwdHSMjIwUUkoGDBjg7e19+/btXbt26XQ6QejGxsbGx8dHLBYfOXKkoqKCBKfRNH39+vXg4GAPD48vvviiE9etUqkcPnx4dXX13r17Hz16ZLG3SkYxQav6f4HY2FilUllSUnLkyBGS2KbX648fP94JFyWBo6Nj3759KYratWvX9evXiVOOFDgiIkKlUlVUVHz77bcCf0l9ff2xY8fUanVYWJhcLheJRDRNNzU1VVdXE5vQaDTevn27IybDroBYQd7e3gUFBUTMgzRoa2vr3//+dycnp2HDhhkMBl9fX4VCcf78+bt375L2YhimsrIyNTXV3t5+3rx5Dg4OAQEBYrH4888/F1bPTU1N+/fv/981BAn6cnd3Rwht27ZNeK7RaPzkk0/q6upcXV07dx0LiIuLIxJ5hOaEvGBDQ8Nbb73l5OS0aNEic2JJC5A0KtIiJpPp6tWrN2/edHV1bcvMlpuby/N8eHj4sGHDiFIFhPD27duE7ZZUVGRkJIQwMzPz/v37Am9nenr6Z599lpGR4erq6uPjU15efvHixdbWVlJOnU63atUqZ2fn559/npRTr9fX1dVpNJr/aeW3BaF3UiqVtbW1+/btM+ch3Lp1q1ar9fLyEnamk5KSPDw8Ll68eOrUKZ7nX3rppa5TFxQXF7e2ttra2r7yyivOzs4k3/Xhw4eEuYqsb958800HB4fZs2drtVqpVOrh4fHWW28999xzRA5E8E7wPN+RpyIiIsLZ2fnx48dnzpwRUlgLCwvNeRqTkpIYhrl582ZOTg6xAMn+yIQJE5ydnS1W+R1VWkpKiru7++nTp7/77juO4yZPnkyGBblcTiIITp8+/fDhQ+HTu3Xrlre3d2ho6NmzZzu5c0BAQHh4eHNz87vvvmswGMifwmYzWaO3vYpwbyqVyvHjx7e0tEgkEjc3t1deeWXSpEmErL9bt27u7u4QwoMHD9bV1QkD+IULF7y8vGJiYs6fP9+rVy8HB4fGxsajR48K7CONjY1bt249fPjwo0ePCPO+0Wgka1zy2RIxvc4RGxtL2FyKiorIoxFCP/zwQ3R0tLu7eycsPjqd7ttvvxViyCsqKk6fPt3c3Dx06FASa6rX61NTUwcOHKhQKMRiMWEhJjIbQg+haXrSpElGo/HYsWM//vijl5dXW9XZrkMsFvfq1Usul3///fd37twhREcMw5SUlISFhXl6ehKN2a7cipSBaDZgjFetWmVjYzNq1Kjm5maJROLq6jphwoQpU6bwPN/a2kraXa1W19XVdbSfWFZW1tDQQAJivb29pVIpy7I1NTU//vijRQ5h5xg4cCDP85mZmbdv3ybDUWtr6+XLlzsJ7uV5/scff1y5cmVdXd24ceNIboV5Jdvb2xNuYXMQTqMxY8Y8fPiQZPbm5eUR/jOLBnr48GF5ebmtrW1AQMAvtl2PHj0cHBxMJtNXX30lULk0Nzdv2LDh0KFD9+/fJz2QaB2TXwmbq3CHmzdvJiYmuri4XL58mYTXxsTELF26VCwWm0wmMmKTYhgMBlJFQUFBKpXqxo0bAsE4xvjRo0c7d+4Ui8U+Pj7mOsxdh7+/v5OTk1qtPnXqlDB98Dy/efNmV1fX0aNH/2KI+x8ZGDwxCBmKslXZyBRyzGGjo4dB4dJUUqtnxJxG26rVPi6tvH+/sLi4tKjooU6n1zRp6msbSopLGtVq3mTiOf6nREAiGY8BjwlVDMQA/DSdwp/+Qz/ZelBw+mHMA8D/pFGI8E//AYgAoACkANGgBxD9pEZP/oERhkBuozKJ7TlIm5mkgHSAyspKA8exDCJK9hRs3w9sxe8Aq4fwCYgZk56efuDAAXd3d0KsV1xcvHbtWqPRGBISIgiYOjs7jxw5cu3atQUFBSEhIQIxAMmQCQ4OvnHjxltvvfXXv/5VoVA0NTVt2rSprKwsKCgoKSmpk47OsmxKSsrOnTtJMveKFSvMt7XkcjnRCfz222/DwsL+o5SqLiI+Pv65557btWvXypUr1Wq1j4/PvXv3li5d+oszN03TERERvr6+RGAqNjZWiFcJCgoaPXr0zp07t27dKpFIgoKCjEbjuXPnDhw44OLiMmDAACIkFRAQcO7cuX379hEva1lZGZFC+m9ex8XFZfjw4UVFRcT75+XlRVFUenr6N998YzQaR4wYYWtrGxkZGRsbe/LkyWnTpi1cuNDW1tZgMHz11Vd5eXkymWzYsGEKhaJfv35Hjx69cOHCkiVLhg8fjhA6fvw4ITL938HR0XHkyJEZGRlnzpxZvnw5Eay7f//++++/z7JsYmJiF+V0e/fuPXz48CNHjmzZsgUhFBgYyHHcjz/++PXXX6tUqtjY2E7iZx49erRx40aDweDk5FRSUrJhwwadTkdo3yzsMRJbW1hYePLkSaKm9eDBgyVLlpD8W8LxEx8fHxMTk52dvWHDhnHjxtna2hYXF2/btg0AMGrUKAcHh9dee23ZsmW7d+9WKpUxMTHEPNi2bRvP8wMGDBCJRDzPX7p0acOGDaGhoTNmzLAIujYHOZNkfFkAIUSSjrpSe+YIDQ3t37//jh07Pv30U6lUGhQUxHHcqVOnjh071q1bt379+glRSW5ubv369SPKnMHBwV2J4RTg7u4uEomam5uJvQEhrK6uXrZsWU1NjVgsJoJgycnJu3fvPnXqFAkoJZRXZ8+elcvlXl5eRCBRIpEQ9xeEMCIiwmLfXS6XT5kyZfny5Xv27FGpVMHBwVqtdv369aWlpYLPITw8fNCgQcePH1+3bp3BYPD09NRqtSdOnDh9+rSjo6O53HwncHFx6dev37Zt2ziO69mz5+DBg8lxIqt49OjR3NzcxYsXv/TSS0qlUqPRLFmypKGhoW/fvm0jNs3RrVu3uLi4EydOHDt2jCh3k/DgioqK6dOn29jYvPHGGwJllwAh0y8nJ2fdunVER76+vv7o0aNSqbRnz54KhYJQBOXm5s6bN4/wSNXX1y9evFitVg8cONDX19fZ2fnVV19dvHjxwYMH3dzcIiIiCC1kRkZGVFRURESEi4tLjx498vPzt2zZQpzwhYWFy5cv/8W6GjVqFCHL+fDDD8eNG6dSqSorK7dv337//v3U1FSL6E0LnDlzZtWqVYMHDya6uOfPn1epVFOmTBGLxYRn6+bNm2fPniWNePXq1Z07d5IsTfNvZMSIEU5OTo8fP6YoavLkyW1D7/4jDBo06NChQ5mZmVOnTv373/9ub2+v1Wr/9a9/FRcXBwUFxcbGdtGjK5fLEUKVlZUHDx6MiYkJDw9HCOXm5q5Zs4bM0UTbRiKRkBYEACxdurSkpCQ1NXXq1Kltb+js7KxUKmtqas6ePevi4iKRSGpqarZv356Tk0OMus4DPgUkJSXFxsZmZWVt2LChvr7exsbm3r17hKW2o0vUavVnn31WWFjo4uKSlJT0/fffm/8qkUhSUlLkcrl59AepAeIXtbe3l8vlRUVFubm5Xl5eFrl/AIBr165BCO3t7T09PX+x/CqVauzYsTk5OcePH1+7dm1iYiJJYc3IyOjZs2dKSoqXl1e3bt0KCwuXLVs2Y8YMhNDNmzfNtUnIrmVmZubcuXMXLFigVCoNBsPx48f1er2Hhwf5hImSZ0FBwdGjR/39/ZOTk3v37n369Ok5c+bMmzfP2dlZq9V+/vnnd+7c8fX1HTBgwK+L55RKpTNnznz//fePHDlCtqcZhikqKvr44485jouPjxcG5z8jIAA8x2PMMxSUsxibDDzNVPFSI08pbLtxnM5WImEoaGdno6D1RhOPKJpCWCaTmHggk8sNJr5RrWbFUqlMgQGAEGCMzL10kER9wjZZgoK3iP/ZOPy3/weWf8P2QkohABADnR5jygYgUdvA1Kamxpq6WpVYJBFDREGK/pWxA1b897AahE9AOA8fP368YcOG1atXky2r2tpajUaTlpb23nvvCWEhEMLx48fv2LFDrVYTb4Bwk8jIyHfeeYdQh2VlZdnY2DQ3N9fV1fn7+y9atKjtCG4OhJCfn19UVNSxY8ecnJyeffZZ4SdCLE5RVEZGxuuvvz5nzpzExMTfvAZomiZKSocPH541a5ZIJNLpdITSsLW1tZPgVQihn59fRETE7du3KYp6/vnnhWwThND777+v0Wi++eab2bNnOzg4EHoeR0fHqVOnkhkdYzxp0qS8vLxvvvnmwoULDMM0NTW5ubl5e3t3cW5uF0ql8qWXXnr06NGhQ4emTp1KJIMrKysZhpk0adKECRMghD179iSRY5mZmS+//LKdnR1hHnd0dJw/fz7RGU9KSpo2bdqyZcs2bdq0f/9+iqJqamq8vLzatTd+KxDyN9Ib169f/+WXX1IURba9X3vttbfeekulUrXVA2wLkUi0ZMkSrVZ79uzZWbNmOTo6Go1GIoD21ltvxcXFdRK4pVKpiH6mUqmsr683Go0jR4589dVXiWVifuaIESMOHjyYlZU1e/ZsDw+P5uZmwlkfHh6en5+fn58fHx/v4eExc+bMpUuX7tu37/vvv1epVIR1Zvz48c8//zzDMK+++mpJScm+ffsWL17s4ODAsmxlZSVFUS+++OKIESMYhiGKC998801VVdUbb7zRiUFoNBoXL17c7uYLy7JTp05dtmxZFxrh3yCVSufMmUNcQ3PmzLG3tzcajSQQetq0acOHDxdq0sbGpm/fvocPH25qahoxYoQ5k9AvIjIycsSIEfv371+5cuX+/fsRQiRoOS0t7eTJk8XFxc3NzcOGDZswYcLu3bvff/99JycnhFB1dbXRaBw/fnz//v1JEFdYWNjp06dXr1594sSJ3bt3E5ZOAQihv/zlL0VFRQcPHpw7d66dnV1zczPJ/xTix8Ri8YIFC5qbmy9dupSXl+fo6KjVamtqalxcXN55550uBsEqlcrk5OTDhw/X1NRMnDjRfLWXnJy8cOHCjz76aP/+/WfOnFEoFA0NDWq1OiYm5q233mrLSGEOCGFycrKHh0dDQ4ODg4NgZzY1NR05csTe3r5v375tDUIiZzdt2rRNmzatWLFi+/btIpGotra2qalp+PDho0ePZll26NChCxYsWLNmze7du0+cOEGEYRobG5OSkt58801C2zh16tSSkpK9e/cuWLBA+KC8vb3ffvvt4OBglmUnT548Z86c77777tKlSzRNNzQ0xMTECKo8HcHX13fBggXLly8nj7azs6urq2tsbIyKipo1a1bbLGgBhH5j3bp1u3fvRgjV1NQ4OjpOnz6dfN1xcXF9+vS5cuXKG2+80bNnz6ampoqKitDQUK1W++jRoxs3bgwcOJCM7XZ2dmPHjv3444/t7e2TkpJ+na9GQHBw8KxZsxYvXnz58mVCukb6j7u7+zvvvEM8ul1BYGCgo6NjUVHRtGnTXnzxxUWLFk2fPn3dunUffvghYdatq6tTq9VDhgwZM2YMmaPPnTtHtA3aNQi9vLwmTJjw4Ycf7tix49y5cwqF4tGjR3q9Pi0t7Ycffnjw4AHRX/3Fgjk7O8+ePXvx4sVff/31uXPnZDIZ2bXp5NqqqiqiwlJeXj59+nSLX7t3756RkdG5HY4xLi0tLSwsHDZsWNvgWOIHUygUXRlzEEIvvvjiw4cPt2zZsnz5cgcHB6KcbmdnN3369NjYWBL9fuPGjZMnT169epWiqJaWluDgYCGoxM7O7s0338zLy7t8+fKECRPs7e11Ol1lZaWdnd3bb79NtiyDgoIUCkVRUdHrr7/+4osvrl69+r333tNqtenp6ZMnT1apVDqdrra21tPTc+bMmcnJyb/ONQQhnDx58sOHD7/44ouVK1du27aNZVkylI0ZM2b06NG/LhL1aQEiyNIMRVE8z5lMHMCY43nM8zRFyRCnLsnt1itG5ejYZIA8pBS2ElZGeTsilcROymAeIAwAD5DITYoRBSDFY8hDith6EGMMIAaC/ffkgcRlaGno/XSQ2G8/BzYTHpp/DxP9N0sS/nw5+SePQcFDE6DkiKKFewvgTKbqqirHXr7gpxRTq+zE04LVIPwZzs7OM2bMiI6Ozs3NzcrKMplM/v7+wcHBSUlJhFFGQHBw8MaNGzUaTZ8+fcynapFI9Pzzz3t4eOTm5l65cqWmpsbDwyMsLCwyMpKohAEAnn/+eT8/v3Zzvm1tbf39/U+cOJGWlmaRAzB06NBt27bl5eUZjUaSQkM008xXTnK5nCTkkPVfVFTU5s2b3dzcyL7pm2++mZqaahHv99xzz/Xq1Ss0NJREtXl7e69atWr06NENDQ08z0ulUjc3NyKXLCT7tQulUunr6yuRSAgLhflPnp6ea9asGTFiRHZ2NpEWiIyMJIQTRDcMQpiWlqZQKC5evEg0tfv16xccHNzY2NjQ0NDuBElRVGJi4qZNmwIDA4WxnqbpgQMH2trakv1RYqYuXrz4mWeeycrKun37tlgsnjhxYmhoaFJSEplNibSRo6PjjRs3Ll++XFpa6ujoSHgdBD0PhULx2muv+fj4XLt2LScnh2XZuLi43r17E3Xddve5GYaZPn366NGjCZ26p6fn3Llzm5qazMmKHB0dly1bZjKZOvL12dnZzZo1Kyoq6tatW9nZ2RzHBQcHh4aG9u3blyxMiSbe6NGjLSQNXnnlFeKOI+0VEBCwfv369PT0nJyce/fuqVSq8PDwsLCwmJiYzvdNe/fuPW7cuFu3buXn5w8ePDg+Pj4hIYHULcuyY8eODQoKIuQQPXv23LBhw8WLF3NycmpqaqKjo2NiYsjSgYitE4aAoUOHurq6EkHO+vr6Z599NjIyMj4+ntCBuLi4LFq0aNCgQVlZWbm5uRRFjR8/vnfv3gJfCEIoLi5u06ZNzs7OHSnOOTs7z5o1q5MMT4RQSEgITdN+fn7r16+Xy+XmCzgXF5dVq1Yplcp2DZJevXqtW7du5MiR169fv3PnjlKpjIyMDAkJSUhIMF89UxTVo0ePbt26URQ1cuTITmqYFHjz5s12dnaEbdXBweGDDz4YMGDAtWvXiouLHRwcJk2aFBQU5OTk9MwzzxA5SoVCsXjx4tTU1NzcXBLOPWLEiOjo6D59+pDWkUqly5cvHzx4cElJSY8ePdrNqurWrRt5UGZmZmFhobe3d9++fRUKRVlZWUxMDCFviIyM3LRpU0ZGRmZmZlFRkZOTU+/evcmXS7wWgYGBH3/8sfCIoUOHEok/Ye+MpunU1NSPP/5YrVanpaWZF0AkEv3lL38JDg7OycnJzs4mIQlhYWERERGhoaEkVu31119PSUlp1/j09fV1dHSEEPbv31/wh7i4uPzjH//44osvOtq9kslk8+bNi46OzsvLu379uk6nGzRoUExMTExMjK+vL4mMnTFjRmho6M2bN69du9bc3Ozr6xsWFhYVFRUYGEgGcDs7O1J12dnZt2/fdnBwIL7BqKgoshE2ceJEJyenq1ev5ubm2traJiYmJicn5+XlEZIeYgxv2rSpR48e5slmhK7Z29s7Ozs7IyOjtrY2NTWVfKdBQUGdjL00Tb/88suurq7nzp3T6XQRERFxcXHx8fGktETF8dKlS1lZWVVVVREREdHR0dHR0cXFxY8ePTIffCCE/fr1W79+fWBgIPlGyHGFQjFhwoTo6OjY2Fjh5N69e//zn/+EEAqvQFHU3/72t/Hjx5MsVoTQiBEjunfvnpOTk5WVVV5e7urqGhYWFhYW1qdPH1JRgwcPtrOzs7BeoqOjN23a5OXlRb4pX1/ff/3rXzk5OfX19fHx8ba2trNnzw4PDyct2NraOmDAgJiYGCIRTGpp/vz5S5cu7agPsCw7c+bMkJCQ7Ozsu3fvSiSSsWPHBgQE+Pj4XLlyhYQ+AgDee+89Mr8LNa9QKF5//fV+/fpFRUWRD2TgwIHOzs4XLlzIzMxsbm6eNGlSaGhoc3MzyWBv+2g7O7tly5Z1JP2qUCjavSo2NvaTTz7x9fUlURJ6vd7f35/4Ei3OTElJ2bRpk7u7eyfbB+awt7d///334+Pjr1+/TnhlIyIievfunZCQQD7hl19+2c3NLSsr6+bNm3Z2dnFxcQkJCURPiwRXJycnf/bZZzdu3MjJyXnw4IGdnV10dHRISEhSUhJp4sTExE8++YR84KmpqTRNJycnb968+cqVK4Q/z8nJKSoqivRz8tDQ0NC1a9eKRCKha0EIp06dOmrUqIiICKHwPXr0WLdunbOzM+k/SqVy0aJFqamp5F0ghOPGjSO39fDwII1I9gHbJW36IwBCCACWSyU2coVUxLIMTVMUzdCQojmDQacz0CpGLqIb72dKZAoHj0AbEwY8pmiMAd/dBkAAMYCE/AUBACDgIOYhBhAhDIhwIMAAQAwhRxhHnxh7GEMInzCNPikKBgBAHhKD8Cc6tZ8SDslp6KcTn9iLP10KnhQCAIAhRgDwGObfN955AESsFFFU24BsjPGjkkdxUdGtTWqrPfh00SEP5P9ZEBYZEp0lFovFYnG7XhTivDLnyTS/g8lkIvk8hNXKnCKZ5AFa0BsSlJaWzpgx4/vvvz906NDgwYMtFgFE/YKUiqIoEjVqQYNGSkUOkmII5IHtPpdkJRG2m/T0dLIYWr9+PdnLhxA+fPiwb9++Mplsy5Yt5lw7FtBoNDNmzPjiiy8++OCDOXPmtD2B4zitVqvT6SiKIupAFm/H87xWq9VqtRRFyeVymqYJDVpHPKKk5G1fh7AjWhwkj4YQkke3bTKTyURSUGialkgkLMu2JZMkvYKsgWia5jjOgpjR4n15nicVSxJgLBqr3YPtvqbBYCC9USKREO2vdp/S+UGTyUQkm0j9syzbicv3u+++Gz16dFpa2tq1a+3s7PR6vUgkkkqlHfUcgUWDBFwJJ7dtI3JaS0sLx3HkddoSJAqNRb4+C6ZTUu0dVZqQa9TRqwlMgMLX0UmjzJ8/f8WKFePGjTPXoSE9Wa/XEwLMtl2F47ivvvpq2rRpJFqyc5aLdotBGstgMFAUJZPJiBfd4jSO4/R6PfESi8VigfXKvJ5Jf+5kK0foFaTJSA237TkdfRqkVEL7tvtJCi1Ct6cuRSgrtFot4X4gQ6V5TbYtD0F+fv5LL71048aNrKwsYUOExLy98cYb69evN4+wsABZVWu1Wp7n23ZsoVStra3kBLFY3PYzJ6MxGdAIX6j52wndWGhB85G53YoybzjygQiP7qj56urq5s6du2vXrg0bNkycOFEYJSyGOItvk1Ryu9PB3/72t82bN8+YMWPJkiXm1LJtG0LgHP7F9hIezTCMWCw2ryjhcza/iUWnEtqL9BByeectSHbZhgwZsmHDhg66wM8NJHzFAtcxaaN25/e2L2jeVWQyGcuybavF4tU6KlJHs4lFb9Fqtc3NzSQdtPMzuwie53U6HZl528595r+Sft522jIajcJ41XZIJHcg/VlofWFUIfHt5r3CYt1C0G7Nk35iTj0qlJbssBAmP+Em5t9g1+vnN0RNTU0nzluaph1tbRUyCY0ATSGaQiKRSCGVunZzcHZzu3G3kDLUv/9ygkoKecCI7Vzkrv603B4gxAHEAchDwGOIAYUBMgJkApADiEOQwzQPaA5QGFA8pDGmMaCI9w5DQY4CAsATMlLwk+ogBvBnDyEEiP9pEn8iW/HEpYgx4HjA8/CJf++JuCGJRIUNTfzDMlOdGmAAdM3lZ7/6G6W+U6duLK3+Nx4sqVQ+edIkg0bDGw2hERHjX3nZ9s8c5fuHQkxMjBDO1pbzmYDkqPfo0cPqIbSEsBLt/LROaN/ITnNHC0GKotquPzQajV6vP3bs2OnTp+Pj4wMDA9uOWWRt0XkBLNj5zP1XbZ9rMeHZ2Ng8ePCgtLS0f//+o0aNQgjpdLrFixdXVFQMHjxYkD63QGtrq5Bc5OTkNG7cuI7eum12hEVJZDKZ+Qt2Pqu1a4p3dNDizm1B03TnIVJte0XnBLDmtd3uTN+JMWlR+E56Y7tt2u5BmqYVCkVXlBgsnt7RVRZVTXyAFuwpbZuj3dMsLumksdptX4v7d5GPtF2qTOFyvV5vNBrz8vIoirL4kDvpyQaDoaWlpaysbNu2bSaT6Zlnnumkw3dSDNJYnZ9G1l4dhUL9Yj2bP8j8We32nI4+DYtStds6nbcI0bLrSFOko6GytbV169atd+/eTUxMNHeP5+fnv/jii8HBwZ1HJCKEJBJJJ9lKnZdKKFvnHdXiV/NK6KQbd7Hh2l5F03RHbvN272let62trXq9Pi8vb+PGjR4eHv3797cYcNo2RLuv0O7IwzBMRw6rjjqMRVcn7dX2SLstiDHu168f8Ry2+1DhDm2bz7yN2u20bV+wbVfpPLfi1+kVmd+zk677i8NjR1d1MpK0/bVtzRASl87vb3Gw66MKQbs13/a0zt/lqVNVdwKaphzt7GzkMoh5zPMc5igAMYcxxq06LW9oHTG4X21lkVgikkgYk9FgrCuprioymjgj5o0AGSE0QKSHtA5TOsRoMa1FrB4yRsgYMGsErAHIjUBiBBIOSk2AxYDlEIsBwwMEAOIBxWPI8xBjCIhyPU8oRyHGAAIEIAQcBABCgCCmIYYQ/KRcgQEEEAGEMAIAAR4/oZmBiAGQoSBLIZZBLA2RnqEgalcnW6drLS5+4GLvgDFACAErqcxTwh/3C/m/A61WO2bMmAsXLhiNRhsbmzFjxnRRxvq3RUBAwPDhww8ePPjmm2+uXLnSxsbmzp07TU1Nvr6+EydONBctMMfKlSsJAYxIJPrb3/7WFTUwK6z4I6OlpWXp0qW7d++urKxUKpXR0dFdvPDUqVNjxowhDrFBgwYlJSX9kZcgf0bo9fpnn332ypUrRqPRzs5u4cKF5r+6urq+8sor06dPN9fJsKJz8Dy/YsWKtWvXarVamqb79+/f0S7ynwIQwueee87f33/QoEFPuyxWWNElUAjZ2tiolAqIeZ4zMRQsEvr/AAAgAElEQVSwkctkUimiWFbEuLi4YI4H+ta46EgbRT0FdIhiaYZheMxhbATYCCAHoRFSBkAZIKUHrB5SOsBoIW0AjAGwJswYoMSIxUYs4aCYgwyGLA9pHlAYIIxpnoR5YshDiDGCGAAMMYYYQIARJOGhPMIYIIggkafAEAFiKSJAjEaAEEAIA+KmhADQAFAA0BDRCNEUAAxEELSlQ4QQYoBLS0u7OzkZTf8VlaAV/yWs65WnD7FYHBsbW1lZqVAonnnmmeHDh/+nMty/CWiaXrdunaenZ15e3qNHjxobGwMDA4ODgwcOHPjMM890tPUYERERHByMEEpMTJw8efKv2AG14o8GFxcXkpr458rF/61gMBgkEomDg4OXl1d8fLxF8lsn8PHxiYyMbGpqCgoKmjx5chelQazoOiiKSkhIaGhosLe3HzVqlAWDq62t7erVq//vUJazLBsZGdnS0uLl5fWr35qQD4eEhGi12oSEhKlTp/6XdDJPHdOnT/+/0wes+NMDAqlU6mBnx9KUUa+nAN9NoWQZymjQGaGRN1GPH5bY2siVMqm3Tw8kUbA8jzmex5jHgAeQApgCoLFZ36w3Sm0kBhPPGY1KlUKEGDGg9YAxQMaEGQMQGXjagGke0TykeUjxkHoiHoFhU5NGo2mWypRiiQIiwhGDMP6JKpTITHAYcxghREFEcgwhhhACiCHEUN+i0ba0KmwdMMcziGVoBmJAYUgBhABAANMQGGnQrkGIMYYANjdryHBk/XifIqw5hH8IVFVVFRYWyuVyX1/fp7sKN5lM1dXVZWVlOp1OpVL17NlTIpF08ok2NzffuXMHIeTj49PFXHYr/uAwGAyNjY1EAuRXxCD92WEymcrKyh4/fqxUKn18fLrOhG40GolT3cvLy8XF5f9g1f2vgTGuqKgoKSmxs7Pr0aPHU9k4++OA5/mWlhadTtduRlnXoVar79+/z3Ec4YT8TctohRVWPEG7OYSIQm7Ozm5OTrzJ2NzUaC8T2Smker2hxWA0mDiWomRSiUopc3dziYlPCPeV2aI6nucBwDyAPAAmAA08/6iizgQpnYmvbWymJTLvXn4cxegBbQC0ETJGyBh51sDTBsDySMxDFmMaQ4okHPIAFT8ornhcrrSxpRiWYUUqOwe5UoUFVUKMAECYRzzHI4pCkPopURBBAInDsK66rKzkoUymxBzv7t5TqbRFPESYWJYQYUBBqK4v+/JfM/Q1t+vUTY9r/i2HEELo4uQ06pnhBq02Mjp67MQJth2ziFvxH8GaQ/jng5OT01MJE20LmqZdXV0Jj2VXIJfLux5TZ8WfAizLWpDc/p8CTdOenp5d0fKyAMMwFiy+Vvy2gBD+R6PT/9/oJMX3P4JKpbKO4VZY8VRAU5RKqZRJpXqdFgGsUihMJr1Wr29u1XEcx7EsTSGDgdFptc1NTVrOzo5hEMIYAAoAACENAMBAKpM1NLcaDAaJWCxX2YhYlkc0BWka0CZMGyFjxIjhIQsARhgDzCPMY4wxjyHgAeimkjjY+DRrWjWaZl2TRunqKGb5J0SiRGUC8JjHPIcpiBDiIYYAAIh5CBBJNNSzSCWX0DSAFJIwvIzmEYYQQMgDiBHkMcCQecJbagnCgGgwGHiOM3EmHvNtpAqt+J1gNQitsMIKK6ywwgorrLDidwWCUCGXKxRyCAErErFicUuzsVVv1Or0EGAKIRNn4jjOxPEGvd5gwhBQAPI/kX9CCCENkKuzkyOAJBCUg7QRUBykIKQgQBRACGPi12MAwAhzgONJkiCgeIg5zLs72/GY4p0wxwOdziiWiCDkMcAAIPDkfyEPASY+QUARgxAABJ8wykA3JwdXRwcIIMQIQUhhHhLBCgQhz2MEIA8RNLVr6WGMIYQQIoQghRCiUBtJRCt+J1gNQiussMIKK6ywwgorrPhdgQGgaNrWzp6i6JbGhsZWPYVo/CTdAAIIEIUARDRNU4h6ogmPMQaAKEYAADFEAAAKkkBOAAFGGPOAh5hDECAMKEgcfTSCJh5jBDiiQoEB4jFCAGJA8ZjjIWIgYCUUgMRNBzGGAEIiR4EghIioTXAIQAwhxAgCAACCAAKAEATkbAggBBhiADHEPAA8iS+FqGPXH8aYohBCiKYZClJWc/BpwWoQWmGFFVZYYYUVVlhhxe8JyJm42tq6nl5eIhErlcvVDQ0IY53BBCGkKSQSsSJWJBaLpQq5TGkjZiFkRJj43yAEHMfzHGRoCjEQPjHEOBNHIYhohoIUA5AJUnojMGITQzMYUiaAOAA5Hhs4A0Q0olgeAx5ijHmDyYQhpCgWAIghwBiYON7EA5pCNMJEhYLneZMJI4gYmvpJihBzRg7zSMTQCBJyUsjzvEmPKQRpmrCSAowxDXnCX0oMWcE0hABgCBUKBU3TFERtpX2t+N1gNQitsMIKK6ywwgorrLDidwXH44rqqvKKcjuVLSsSSaTSRnWD0WREELAMIxGLZTKpytbOybW7rb2Nyl4lsffEgCf8n4bmBq26SubaC9Is0Q/kOK6uslikcJTZOPKQwgDyGDU0qTWtzQ7dukOK5QHCAGr1hpr6eoVCJZcpiE69iQfV9Q0QIjtbe4gookrf2KxVa1q72duKGBYCAAA0GrnHVQ22cqnKRkqyBDEA9erW5kajh5uMQk9EKUwG06NSrZMDq5AxT7TtMTC1UhBgCIFFRCgGAEHo5uKKOcyyLEXTVh3CpwWrQWiFFVZYYYUVVlhhhRW/JzDGoEnTfPvO3d4hwVKpXNeqQ4imKJqBQCIWS6VSpULZzcXFCJncvJuhIWmsrQuGAEAEMQ8o1tCikdi5IYoi4aM8zzfWVigUtnJVN4goDBDP8xgik1HvYGuLKBYA2sRzWoNBr9XYK2U2ChVADMbYYOIMulaEKGcbOUXRHAAQAwYBbDI42crEDAswhBAaTby6Qe1kK1Mp5RAABAHGGHIc1nFOthIKIQgx5jFvoqsrm+3tGBuZCFEQcxjzsEJJIcEvCCEkLw8AAIBhaC8PD4SgWCSmKCs791OD1SC0wgorrLDCCiussMKK3xmY53FVdc3V7Os9Pd1pADiOoxEtFtEiiZgRiVmZvLKhKfdSlrujeOxzA0wc/ubkBQBRZJivi4KGGKs1LTdvF7Esw/G8v68XwjzEoLa2IeNanp2tKjoiiAI8wpzJYMzMzC59XJmQFOPoZE9hE8VzVWVlJ46f9urpHZcYRwMTBDxn0F26dKW7uwfNsnJbOwqbKMzl38i2s7dvbWlx7d6D4jkKYMjhutpyvV7fvbsXwgBhzmQw5N29UXAvLyIitoeHH+I5hEHpo+KbtzJtlLZ9EwdDCAHGEACWpSkITRgDCAHGAAClTK6Uy2UyGaIoiqKtIaNPC1Zb/P8rcBxXU1NTV1fXdXnJ69ev9+vXL8AMgYGBYWFhAwYMOHToUEtLC8/z/+NS/wIWLlwYFhb2z3/+U6/X/++ewvP80aNHAwMDFy5c2NjY2NE5tbW1NTU1pE4qKysnTJiQmJiYlZX1vyvY74/W1tby8nKdTvff3OT+/fvPPfdcSkrK/fv3f7ui/X6YMWNGYGDgmjVrfrVS6969eyMiIsaPH6/RaH7r0nUIjLFWq71///7/EYHZ5ubm9957Lzw8/OjRo099pKqtrZ00aVJgYODRo0efbkmeIgoLC4cOHTps2LCCgoKnXZbOUFlZ+c477wQHB1+4cAEAUFxcPHLkyNTU1NzcXADAt99+GxwcPGvWrIaGhqdd0qeGt99+OzAwcMuWLf/lfVpbW2fPnu3i4qJQKJydnS9evPgbFdASRqNx69at0dHRkZGRBQUFHMd9+eWXERERaWlpra2t8fHx4eH/j733Dqvi3PqGp+3eN70LiCJFASmiaMTYY4uJvRx7iV0TjSFGzdFETWJiiy3WKBoUjQ2xYUFEUSwo0qt0NmzYsPvM3O8f67zz7QvU5JznOSf53pP1hxfOnrnLuutqvxV67Nixf1Pt/xNiWdSobcp8nl1QVmaCew5BsDhhpNknOYU3bt6tq641mSwsi5oNRh6f8vV2b2hoZVgMsRgPI19V1mdk5pS9qidxHLEIQ8hkNtfU1pvNZgwxOGJwlkEMrWtu1mqbdFotwTIESxPI6uykcnJSdwsOIHGaYC0Ea+HzcJVSfvvGdVcXJwIxBKJJxDbV1xp0Ol2DBtFWDLE4xuKY1aRvNeh0BI7hLIsjxqI3mPXGkK7dG+pqWZrGEUuwyGTQUwTe1KjBEcJZwCTFnezt3V3d+DweiH04jnt5eLKI5fH4GIbRViti/ysOrz8h/WUh/H+HEEI3btz47LPPxo0bt3Dhwt+TUBshpNfrCwoKqqqq5HI5RVEgVRqNxhcvXty8ebNTp07btm3r27cvn8//j3TiNVRbW5ufn19fX/9vveMihHQ6XW5ubk1NzWtvlgihzMzMpUuX9unTZ/Xq1XK53GKxFBUVlZaWGo3Gf1/D/sOk1WpnzZql0WgOHDjQsWPHf7kci8VSVlZWW1v7bxXj/31UWVmZl5dXX1//L5fQ1NSUn5/P5/P/k4JKUVHRnDlz9Hr9tWvX5HL5f6zeP4oYhnn16lVBQYFOp/vDZWCr1VpeXp6bm8slAv4vJIvFUlJSguP4n3zh0zRdWVlZUFCg1+u5Zmu1WtjMm5qa8vLyunXrRtP0H93SP4xKS0tzc3MbGxv/h+WcOHFi27ZtAoHA29tbIpH4+Pj8LzWwLSGEGhoa8vLyMAwzm80IIY1Gk5eXB8rN7OxshmH+nBI+YIdiDNaoa2k1GMR8vkQswptaWg0GmkZyiZCkSBZDBEISHl/XbMhqLgry74BjOItwHo/ycnPiEYSDvUJAESaEEEJ8iuzUydvDzYkgEAhsBMa6uToSBO6gVhLISrBmHKMJnFYqxHyKJRBDICuGKBwxPj5eCLECHqU3MASiCcQoVfKmxnoej8+jCBJZCIbBERLweYhlccQSiMEZmuLxhAJ+bXWFndqZwEiCZXGERAKRp4ePd4fOCOE4YgkM4RjOoyhPVyd7taq8srKxuVkpV/h6exM4zrAMhhD7R2/j/830l0D4/w4xDHPt2rWcnByGYf7Zb1Uq1UcffeTl5YUQMpvN9fX11dXV169fz8vL++STT7Zu3dqvX7//cjs+TdP3799/9OhRz549/+i2/BspPz//7NmzkZGRf3RD/qJ/hW7fvv3gwQN/f/8/uiH/jSQWi4cOHerj4/M/0aT8/52USuWYMWNwHFer1X90W/4JUiqVH3zwgV6vd3Bw+KPb8v8apaamsiw7aNCg9evXOzo62tnZ/ceqhksL/EsQBMuyBPEndYsjSVIiFIiFQorA+STJF/B5fJ5IJGIYFrGMlWYwhCEMF/Ko4YNiNA06tUKKIxPLIj5FRIcHsAzCCYLC8SaGwRjGXinv2omPEziOMIxlcYbhU2RwoG9Ql44IxzBE4yyNI4ZAbER4Nz6fxyIGRzTBIgIxMqkoMNAfQ1YcWQnGirHW4OBgXZNOLJFSFEmwVgLRJMY4OjhgCMdZFmdZEjFiobCLf1ejwSCVKEicwBkGQ8jdxQthXhRBIYQRCOEIg6sUQrhcKvbv6NvQ1OTt1cHFwR7HcIxFJEkSOP5XGsI/iv4SCNsSwzAWi4VlWYqieDye7fYBmv42G4rtQ/SPDDEYQRBWq9VqteI4LhAI2hcCO5TFYqFpmqKo1yLtIoRomrZarRiGCQQCkiRtf4KKQBHLsqxAIGAYhmVZhBDLsgzDQLrP39lruVz+/vvvh4aGck/MZvPVq1cXL16ck5Pz888/BwYGOjs72/bCYrEwDEOSpEAg4CriemdbdfuHtkz4v2lJcZqmLRYLQkggEICt8i30FuZwBEPJMAyMQvsyEUIwTARB8Hi8t9cI7IXGA59tf2VZFgaCx+PxeLz2nIcXGIaB4f6dxxI0D2Zjm684HoIMjxCCqm1713428vn81/KKKxNmDkII+svVCE8sFguGYXw+/7UDxK0dgUDwpipglKFk24Gzba3t+/C8zYx6bb0Mw8A4tmcCfG61Wi0WCzDhtZPBdj2+qa72X8GwQnd+z7BCM2Decs2wXdFtetp++XArhSAI2wGFtc/xpM3w2e5Ib5kDbxqI9hsgNyUQQnw+v80K+s2tgKsIdhtgyJsYyG04bbrcpuUmkwmWWJutuw0T2hfSZp68duvm3oEGc2uZ66BcLl+wYAFsAm3KZBiGW6SvnV22lQJzXjsEr+1O+zHlpkH79nM34zbHUJud/PfUYjugsPsJhUIXF5fPP/8cx/E288H2YG1z3rVvzJtWE7dISZLk8XjtpwHwGYbgn8Kvd3R0/PTTT2GA3vRO+ylty5w37YrtSyAIglvC7RcOELdLtDlQXrusXvucYzhJkm3ODm5msixrMpnedAOxLRxW35tm75smCVTU0tIiEAiCgoI6duzYpi+vvUXYthAGtE0Loa43cY9bPiRJymQygUBgZ2dHEISLi0tDQ8Of02+CJEm1XC6XiXAWEThOEARFkjySUMjEUqlUJBS1Gs1SCd7aoNE7aCgMc5ZSGG1qaa4zG1p19dU8vpDFCQzDDBaTSa8nGusRQZE4gVi8RWtoaqgxG3TNmhqSx4eU8gajwdCipUiKpa0Iw81GjKGRvlmD45SALyAICmGksRVrbm7WtzQ3NYiEQjFJEGajocXcbDG0NtTXYowVw0kcwxFr0DVoza16raaRT/FIxDe2mMymVovJqK1vYhVSwBRFCNM16TAMYRhiGMZCszTDiESiAD8/FydniiIFAgGGYwgx+BtyFf5F/wH6SyD8/8hqtSYlJR09erSuro6maYFA0LVr18WLF4O6t7S0dPv27VVVVRs2bOAUwGVlZVu2bCkuLt6zZ4+np2d6evqePXs6dOjQs2fP7du3Nzc3EwTh7+//8ccfd+7cGT45ePDguXPnJk6cWFdX9+uvv5rNZj6f37t37+XLl6tUKq4xJpNpz549Fy9eBA8WtVo9e/bsIUOGwPZXUFDw2WefKZXKAQMG7N+/32QyeXh46PX658+fWyyWw4cP37x588svv4yOjv6XuSEQCIYOHVpRUbFgwYIHDx7k5eWBQMiy7NOnT/fs2ZOfnw+NDwoKWrx4cadOnSwWS1xcXF5e3siRI2fMmAEn0NOnT9esWePq6rpw4cLg4GAMw4xG4759+27evDl79mypVPr111/37NkzIiLi0KFDlZWVCCG1Wj1jxowRI0a86Xxtbm7ev39/cnKy0WjEcVypVM6fP3/gwIHc2cAwzN27d3fv3l1ZWUnTNLwzfPjwyZMny2QyeKelpSUhISExMbGpqYkkye7du7/drrJ48eLU1FSaphMTE58+fTpr1qxevXrB0VVYWHjs2LGcnByapqVS6YgRI6ZMmaJUKuFDlmWzs7O3bt1aWFhI0zSPxwsLC1uwYEHHjh3fcgZrNJqdO3empqaaTCaWZfl8vqen59q1a2HuNTY2btiwoaysbOnSpT///HNOTg7LsgqFYtasWRzfnj9/vmHDBj6fP2PGjB07dtTW1sKhuGrVqrCwsPaXLavV+uOPPyYkJGAYlpeXN3v27Pfee2/+/PlyuVyn0508efLMmTMQDqdUKsePH//hhx9ybskMwzx8+HDPnj1FRUUMw9jb248aNaqNzKzX68+fP//LL79oNBqQuxwdHadOnTpkyBCBQJCcnPzDDz+EhYUtXLjQzc0NPkEIHTt2LCEhISIi4osvvmjPJZPJlJycfPz48ZqaGqvVSpIkGCjGjBkjkUhomr527drevXtHjx6N4/jx48d1Oh1BEG5ubitWrIiIiOD4X1dXt2vXrtu3b1ssFrFYPG7cuNbW1rdMBqCqqqqvv/46KyvLYrFQFOXh4fHll1++xTpkNBoPHDhw7tw58FJTKpUzZ84cOXIkRVHl5eU7d+58/vz5p59+2rdvX9sOTpgwQSAQzJkzp1+/fjqd7vDhwxcuXDAYDHC3trOzW7FiRUxMDOwYBw4cMJvNhYWF48aNGzJkyMyZM+VyudFo3LFjx9WrVw0GA47jCoVi6dKl77777mvFqmfPnm3atEmv18fFxfXo0YN7Xlxc/MUXX8hksqVLl3bu3NlsNickJMTHx7e0tCCEJBLJuHHjJk2aJBQKMQyrr69funQpQmjp0qWctbm1tXXVqlV6vX7JkiWhoaGFhYVLlizp3r27TCZLTk62Wq3BwcHffvutWCy2bQ/Lsk+ePNm3b19eXh5cDT09PWfOnNm7d29uvSOE6urqPv3004yMDKvVKhQKe/fuPXfuXG4igQ/wd9999/TpU5PJRJKkj4/PvHnzIiMjgQlpaWm7du0KDQ3t1KnTzp07DQYDSZKBgYHLly/v1KkTCOGHDh06f/78rFmzcnNzL1++bLFYBAJBbGzs8uXLpVIpuFtv2bLl6dOncXFxvXv3fv78+c6dO0FKjIuLKy8vZ1lWJpONHz9+ypQp3OZmsViOHj36yy+/6PV6kiSDg4MnT5785ZdfhoSEfPLJJ28yp7S2tu7du/fSpUsmkwnMcfPmzRs0aBBFUTU1NWvXri0rK+vSpcvGjRuBn2azedWqVXl5eTExMXPmzPn1118TExOHDh2KYdi5c+eMRiOfz+/Ro8fy5csdHR25WhobG48cOZKUlNTa2koQhEqlmjt37uDBg4HzdXV1ixYtcnd39/LySkpKamlp8fb2XrRo0b59+3g83urVq728vKCDd+7cOXjwYHl5OcMwYrG4b9++M2fOdHFxAUny2LFj586dmzt3bnZ2dlJSktls5vF4ISEhixYtst0kYY1kZGTAcuvSpcv8+fO7du0KWxlN0zdv3jxw4EBFRQXDMCKRKDY2lqvlt5YyVllZuXHjRrPZ/Nlnn712Cf/666979uwRi8ULFy585513SJKsq6s7fPjwtWvXgDlOTk6zZ88eMGDAm46trKysdevW9ezZ09vbG7YsHMednJymTZs2aNAgTolmMBjOnDnzyy+/NDQ0YBgmk8lGjx49YcIEuVze0tKyfv36oqKimTNnDho0iJv/ZWVl3333XUFBwfr16yMjIxmGycjI2L17d0lJCU3TQqGwR48ec+bM6dChA+g7EhMTjx8/Pn369HPnzhUUFMhkskmTJo0dOxYWbxtqamr6+9//npKSAivrvffemzdvnkQisX3hxx9/vHbtGqwstVq9ePHivn37UhR16dKlAwcO3Lt3z2w2x8fH37t3b/bs2aNHj0YIPXjwYN++fSUlJVarlc/nd+/efdGiRV5eXjBYBw4cSE5Ojo2NzcnJefLkiUAgmDp16t/+9jeDwfDLL78kJCSAV7ZCoRg/fvyYMWNgknN6BND44Dju4uJiZ2fn6+tLUVRwcPDTp09dXFx+czL8hwnHcblUYqdSYIjFCESRBIYQYmhEI5yhCNoiIUU+vh4dfT0Yg64x7zGkakAYztJWxFq0xS9wgmRxDGE4QixtMessppbGWoTjCGEshltpM4thVcXPMZxgcRzDcJplaNpiNjQ31PAQjiNEsBhmpVmEES26BgyjECIQRtA0ohlUbjSQOIVhBIZIlkU0zdYb9E31DRhG4BiBIZy2IJbBygrKcJzEEEFgBMMgxorVVTQ0VGsxBHkHsRZNK44hDMdJkiQRTpKkRCxRyBV8ihTwBUKhyGqlLbT1D/f8/68m9BchBOamkydPwo4pk8nUajUo1Xx9fQGj5fnz5zExMU5OTpmZmdxXL168CAsLw3E8MzOTZdmzZ896eXnJ5XKxWMzj8VQqlUgkIknSzc2N+2rlypVCodDV1ZXP54tEIrVaDZrOd955p7q6Gt7RaDRBQUEURREEIZFIYGuTSqVxcXFGoxEh9PDhQzs7O7FY7OzsDBuok5OTSqWCoxE0gufOnfvNXrMsm5qa6u7u7u3t/fjx4/YvlJSU+Pj4KBSK/fv3g0bz/PnzLi4uoKBVKBRQXUhIyM2bN1mW/fjjjymKGjt2rEajgRI2btxIEIS9vf3JkyfhSXV1dY8ePdzc3JKSkhITE3Ecd3Z2hsaLRCLQcXp6enLvz5kzRygULlu2DPqu0WgCAwPBAiCVSkHjqFKpvvzyS3gBIbRp0yaZTAbcU6lU8I5cLt+8eTP0wmq1fvLJJ1AdcJiiKLlcjuP47NmzGxsb27Oie/fucHeEvm/cuLGsrKxHjx4kSYrFYpIkhUIhjBSfz9+4cSNN08DhixcvdunShSAIkiQVCgUMd5cuXXJyct40LllZWb1796YoiiRJlUolk8lIkiQIQqFQ1NXVIYSqqqp69erF4/Hs7Oyg5XK5HPSs69evB+3p7du3HRwc+Hw+/AuzkSAIDw+P8+fPg5HTlsxm80cffQQKYFDwT506VaPRmEym4cOHc5MQVLkymQwQF+DblJQUT09POI+lUimO42KxmM/nu7u7P3/+HCHU3Ny8bNkyiUQCTOAGRaFQXLt2jWXZzMxMR0dHT09P+C8UW1VVNX78eJIkd+/e3Z5Ler3+u+++U6lU0B47Oztom0Qi2b9/P6if9+/fL5PJIHYFx3GhUEiSJI7jjo6OwEmEUGlp6ahRo6CDMBmkUincjVauXNmeUUAZGRkwrBRFyWQymJAqlerSpUvwwq5duyQSSVRUVFNTE0KosbFx3LhxsKtIJBKxWAztWbFihdVqbWxsnD17Np/PnzhxIswcoEuXLuE4HhgYmJmZWVdXN3bsWChBLpcrFAqKomBQUlJSWlpa5s2bB5dRHMdFItHcuXMBAykmJgZmHTd8crn866+/tq2Io6ampq5du1IUtWTJEtvnhw8fpijqgw8+KC8vNxqN7733HnBMLBZDmWKxeNasWbB2ysvL3dzcXF1dL168yJWg1WpDQ0O9vLyuXLkCmxhcH2HdYRjWo0cPvV5vWylIg71794ZVZm9vD3PY0dHxypUrLMs2NTVNnDgRBg7MCEKhEMdxiqJmzJgBwipC6O7duxEREbCjyoGI8DUAACAASURBVGQy4KGjo+OpU6fghdOnT7u6utrb2wuFQoqi1Go1VOTj4/PixQswTH3yySdCodDe3p7H43FbN0VRffv2hV5XVVX179+fIIjjx48jhG7duhUYGOju7q5UKuGGCnOez+dv3boV6jUajbDoYDIIhUJY5gRB9O3bt6ys7LVzr7W1tU+fPrA/cGOqVqs3bdoEpsutW7eSJGlnZ7dnzx5g4969eymKcnV1PXr0KE3TH3/8MY7jdnZ2QqFQLBaDCYXH4w0ZMqSkpIRbXyNGjICZA5YWqGXz5s1g7SwtLXVwcJDL5XZ2djCC7u7uN2/e7Ny5s7+/Pyx8UFA6OjrC9g5d4/F4o0aNKioqQggZDIZVq1bxeDwvLy9uUeA4TpLkoEGDIHQcZkuvXr1gwisUChgdPz+/J0+ewN71008/ubi4wBakVCpJkqQoavDgwRUVFa/l4atXrz788EM+n5+UlIQQgohBT0/PBw8eIISOHDlCURTobRFC169fl0gkIpFo+fLlcLTV1dUNGzYMVr1cLgfmODg47Ny5E46Y9nTr1i2FQuHs7Gxvbw8rFPYiZ2fn5ORkcM1oamr6/PPPYUWIxWL4QygUzp8/v7W11Wg0rl69miCIuXPnwrUEKCEhwd3dXSwW63Q6q9UKNxmYcrBLkCQZHR1dWFgIVvSvvvqKoih3d3c40SQSyd///nfu9ORoyJAh3MqCeQJjN3HixObmZm5RR0ZGQhWwsmB33bFjh9Vq3b17t1qthrkB15KvvvrKarUeP35cLpdz5wWGYRRF9e7d++HDh7DfwlqDkwskvS+//LKhoWH58uUymQxaBQeNQCBYsmQJfMUwzN69e+3t7d3c3MrLy+GGNmrUqB07djAM8/33348cOfLly5evHZ3/ANXV1b3uDo4L+fyOnu5dO/kG+XYI9vUO9PYM8nTu4ecxIMx/WHTI2P7Ri6d+sH7JjF3rVtyI35V7dnPBr18V/fpV8aUtxUnfFV36vjjp+8KL3+af+7rg4ubCy1sLkr/LS/4uJ+m75+e3ZF3YknV527Mr255e2f44efvDS1vTL2x5cHlbxpUd96/uun9lZ9rl7Xcubr2VtD316t47V366feXArSsHr1786crF/dcvH0u5cvJ6csK1K6euJJ1KOv9L8sWz15IuXE+6dD0p+drFK5d/vXz516vXLty6cSH1xrm7N35Nu5qYlvzL3euJGTfOZN44k5mS+PR6wpOrJx5fjc+8Gv84fmdy3x7vhvt37B0S1COk68DevaeOHfvRlKkr583ZsPKTb9as+fqzuJXzPjq868em113A/qJ/jSIiIjr/X5r2BoJfBw0a9Cd1p/7PU1VVVUJCQkVFxUcffVRYWFhcXHzmzJng4ODy8vKffvoJ3nmL6sL2J51Op1KpDh48WFJScvny5ejo6Orq6uXLl3PB2SAURUVFXb9+vaioaO/eva6urunp6du2bTObzXBAZmdnu7i47Ny5s6Sk5MWLFxMnTrRYLAcPHjx16hSECMJlAqDAPv74488//zwnJ2fevHkikWj16tWFhYWDBw/+n7NFpVJ5enpCVCFAJqxYsUKr1b733nupqaklJSW3bt3q0qXL8+fPv/vuu/LycjBPFRYWlpeXg+EoKSmJZdmGhob8/HyI7S4pKcnNze3SpYu3tzen3Xd1dT18+HBxcXFKSoqvr29VVdWNGzfah7MbDIYlS5bk5OR4enru37+/pKTk5cuXo0eP1uv1Bw4cuHDhAsMw2dnZAA65cOHC58+fl5SUZGdnDxw4sLW19datW2VlZRiGXb9+HdS9a9asefnyZVFR0ejRo9+Oq3n58uW///3vfD5/3rx5eXl5S5cuhecMw0gkkri4uOLi4szMzPHjx+M4fvToUYAqzc/P/+GHHwoKCnr27JmRkQFTok+fPoWFhfPmzXst+IRerz9x4kRmZqanp+eFCxeKi4sLCwu///57BweH5uZmW5A0q9UKF8rs7Ozs7OxZs2axLLtnz55bt25xcxLUutu3by8sLLx3715MTExVVdW2bdtKSkra1Mvj8bZs2XL+/HkMw0JDQ+/evbtz506FQrFu3brLly87Ojpu3769oKCguLh4zpw5GIaBwcRqtba2tq5Zs6ampmbgwIG3b98uKyvbv3+/UqkElyegR48e/fzzzxKJZMuWLXl5ecXFxVevXo2MjATbo9Vq7dChQ0xMTG1t7YMHD2BiI4Ryc3OfPHmiVqtHjBjRnlEFBQV79+6laXrVqlU5OTnFxcVpaWmDBw82mUyHDx/mvOZAPgkICLh8+XJxcfGhQ4d8fX3r6+t3794NVrvjx4/fuHFDpVLt3r27rKzs2rVr0dHRbw/EraioWLt2bX5+flBQUGJiYmlp6f379wcMGNDU1LR69WpANbAls9m8a9eupKQksVi8du3a0tLS/Pz8VatWCYXCPXv2xMfHKxSKmJgYlUp19epVWDtgHIuPjweBMCAgIDExMSUlRSKR7Nq1q6ioqKSk5OTJk35+fnq9/uDBgxKJ5JtvvgELW3BwMKwCkUi0Zs2atLQ0V1dXGPTCwsLp06ebzea9e/fCVbhNUxUKxfvvv88wTFpaWlVVFTy0WCwJCQlisTgqKgoEj8uXLyuVyg0bNsBuuXjxYpIkExMTjxw5Yjvu7QlOKfgbMB4cHR1Xrly5cOHC2bNnt4HCMplMSUlJ9+7dGzBgwIMHD4qLix88eDB8+PDm5ub4+HgOtgS8Z6dNm5abm5udnb106VKRSHT27NnS0lIw/mzfvj0zM7NLly7Xrl0rLS29devWsGHDdDrd4sWLX7x4wRWi0Wjs7OxOnjxZXFx88eLF6OjosrKyZcuWcesU3omOjr53715RUdGuXbucnJzu3r27detWDn3EtoMIoYqKCtAfFRcX37x5s2/fvgzDHD9+vK6ujmXZhISEU6dO4Ti+ZMmS4uLirKysGTNmgLj1puOGpunly5enpqa6ublt27atqKgoLy9v+vTpJpPpp59+unbtGoZhCxcuHDp0qFarPXr06OPHj9PT09euXcvj8caPH//++++DGABqmpiYmGvXrhUXF8fHx9vb24Mpz2g00jT9+eefX7p0yd3dfceOHfn5+WVlZXPnzjWbzfv27UtJSYHmgUOgUChcsGDBxx9/PG/ePM6kCS9kZ2evXbvWYDBMmjTpyZMnJSUlp0+f7tSp08WLFw8cOMBtuVarta6ubuDAgS9evMjPz9+wYYOdnV1qaurTp0/BXWL//v3379/39fW9dOlSSUnJjRs3+vfvX1JSsm7dOovF8vjx42+//ba5uXns2LH5+flFRUWnT5/29/e/cePGli1bfg+qE3d/avPcYrGcPXt2+PDhOI7PnDnz008/tbOzYxhm48aNly9f7tChw/79+wsKCkpLS2fNmmU0Grdt23b//v03jR0cdg4ODidPnnz16tXVq1e7d+8OvkLgCnv58uXdu3dTFPXJJ5/ALrFjxw47O7tDhw7Fx8fz+fw+ffo4OTmlpqZya1Ov16enp9fU1EycOFEqlebk5GzdurW6unrw4MHPnj0rLi4+f/589+7dHz16tG7dOgiygFlUVVUVGRm5adOmBQsWxMbGvtY8CEMzcuTI9PT0goKCjz/+mMfjXbt2DVSKFotlwYIFjx498vLy2rdvX3FxcV5e3oQJE3Q63e7du2/fvv23v/0tPz9/6NChUql09erV5eXlS5YsKSwsXL58OcMwY8eOTU9PLysrO336tK+v771797Zv315bW8ut/ebm5l69en399deTJk0aMmTI2bNnDx8+zOfzV69eXVxcnJ+fv3nzZqVS+eOPP8KxSBCEWCzmxFcMwwICAhISEubPn08QxOLFi0+dOvWniq/GMYzACblMKhGLKYoS8AU4jrG0RSbg2ckkFMtaTKaWFn1VRXV5cXlJQWF+boHWKmJZjK92dQvp5xkx0Cuyv2dEf5eAHiK1m1PnqA7hA7y7D/TpPsgnrJ/CydPBvXPn7u92Cesf0P3dgPB+Hr7BcoVjUGif4PB+XSP6do3oFxTaWyZV+noHhHV/Jyy8T1hEn+7hfbw7dFRIZGFhEeHde0SGR0V2jwwLCVXKZJ39OkZGhEeEh4d3Dw2PCPX0cHZ1tgvrHtw9slv3qG7de3Tt7N/BwUEe2M03vEdA96iA7lFdQsI7qVQSDDEYy+KIxXEEXRYJRSq1ik9SBIGLhCKhUMijKD6P4lEEg5i/jIR/FP0lEP6DDAaDTqfj8XhBQUGg6xoyZMjSpUunTZvm5OT0TxXF5/PXrFkzceJEhULRp0+fTz/9VKVSPXv2LD09nXtHqVRu2rSpZ8+eSqVy6tSps2fPZlk2JSWlrKzs6dOnt2/fxnF8zZo1c+fOdXBw8PPz27lz54ABA+rr669duwaeJFDRuHHjvvnmmy1btsyfPx9shqDws7e3/1/BBQUfPIZhwEXt2LFjRUVF3bt3B9cUlUrVp0+fHTt2uLm5paamZmVlBQYGdu7cuaamBpwYy8vLX7x4AZrv58+fQ8tv375tMpm6du3q6uoKtdjZ2a1atWrixInOzs59+/Zdt24dgAe2FwgfPXp048YNoVAYFxc3bdo0e3v7jh07Hjx4sH///pWVlSkpKVqttqamJjg4eNiwYcuWLfP29lYoFH5+fuvWrRMIBPX19S0tLQBObTKZhg0b9tFHH3l6erq7u+/cuRNcQN9ESqUSdJkikYhjNYzCrFmzAFY7MDBw5syZ3t7eJSUler2eYRi4jfn7++/evTssLEylUvXr1y8uLs7b2zs1NdV2SnBkMpkEAkFISMjatWsHDx6sVCodHR1nz57dtWtXQHW3fblPnz5r1651d3d3d3ffuHFjeHh4Y2PjhQsXuEs5GPpmzpypVqtDQkJ27tzp7Oyck5OTnp7e5p4EalfwdOXxeGq1WiaTVVVV/fTTTyKRaP78+XPnznV2dnZ1dd28efO4ceO0Wu2lS5e0Wu2dO3cyMzM7deq0cuXKyMhItVo9derUlStX2kYSNjc3BwYGzpgxY9KkSU5OTkqlsnfv3lOnTuXz+WVlZSzLSqVScIJKSUmBcTeZTI8ePSorKxsxYgTnf2tL4KI2adIkcA6Uy+VhYWHTpk1zdHRsk3fB3d39xx9/HDRokIuLy9ixY0G1n5aWBtJCamqq2WxetmzZnDlz7OzsevfuvXr16rdA4YHF6dmzZwqF4vvvvx8+fLharQ4LC/vpp5/c3d1LS0vBSGj7CQgDer1+xYoVcXFxoMNes2bN+++/bzQaExMTm5ube/bs6ePj09DQcPnyZfi8uLj47t27fD7/ww8/BPkwMDBw3rx5c+bMsbe3V6lU77///rBhwxBCRUVFYCrk1O12dnZSqTQ7O/vmzZsYhi1fvnzu3Ln29vbu7u67du0aPHhwVVUVeLu17+C4ceNkMlllZSUg8sO1Pj093dPTMyoqqrq6+syZMxiGzZgxY8WKFS4uLq6urlu2bJk+fbpOp0tJSXn16tWbWNeelErlggUL1q1bt3379r/97W9tvPtomtZoNOCpIRaLRSIRJAOYMWNGUFAQ9zJBEO+9997GjRu9vb19fHymT58eGhra1NQEVoKcnJxr1665urru2rWrX79+arW6R48e69atCwkJqampOXr0KLcQwHY3evRohUIBvqBqtTojI+PBgwdck8AKFBISolQqp02bNnPmTEDz4sT49hQXF7dy5Uo3N7devXp99NFHIpHo1atXNTU1Wq326tWrWq125MiRX3/9tYuLi5+fH5wLb+FYfn7+pUuX+Hz+ggUL5s2b5+jo6OXltXPnzqFDh5aXl6ekpLS2tvJ4vG3btnXr1i0zM3Pbtm1xcXEajaZ3796LFi2CGQLk4eGxevXq6OhouVw+duzYuLg4i8WSlpZWUlJSXFx84sQJiUQyf/786dOnOzs7Ozk5ffPNN2PHji0rK7t16xaXTEUkEk2ZMmXjxo1btmz59NNP20RmJiYmVlRU9OvXb82aNZ07d1apVMOGDVu9erW9vX1CQgIH+YjjeHR09A8//BAQEODh4TFlypQ+ffqYTCZIAgESoEKh+PbbbwcPHqxSqaKiohYtWtSrVy+GYTQazZUrV4qKivr37//11197enqq1ephw4atXLnSwcHh1KlTlZWVv39C2pLBYEhMTFy+fDmGYbNmzVq7di1AzpSUlJw4cUKlUi1atGjSpEmOjo7Ozs4bN24cOXJkcXHxrVu33qJbdHBw2LBhwwcffABbzaxZs8RicXZ2Nk3T4FSv0+kmTZq0atUqBwcHJyenmTNnzpkzh6KovXv3Wq1Wf3//8PDw0tJSsGTCLvHw4UM+nz9p0iSGYdLT058+fRoeHv7tt9/6+/ur1epBgwatXr3aw8Pj7NmzRUVFXEs8PT0PHDiwatUqiNp4U4P9/f03bdoUEhLi6uq6du3aUaNGwc7f0NDw5MmTlJQUoVC4cuVKOI47dOiwd+/eAQMGlJSU3L59m2EYW8cNsPDv2bOnvr4+Ojp63bp1oaGharX6/fff//rrrx0cHG7cuJGXl8dtngEBAV999dWqVasOHTrk5uaWnJzc2to6bdq0uLg4R0dHFxeXRYsWTZkyhSTJrVu3gnoIrLUikQjkW3B1gTkJ5s0/FTYewjCKJNRKhVDAFwr4fAEfwxCPxOVSMWIZq9VqNltbjCaNRlNXV9fY2FBVUVGrNVsRH8d5JMlnGNTY1EpgJEFQFI9HkhRNo1c19U3NrQRO8kiKxxcQOFZdq6lvaGJZlk/x+BRJkpTZbK2tbjToTSRBEQQp4AtZBmkatBqNlmUZkUDApwgCx81mk9lstpqtFEkKKJxPkTiOsSxtNBlwDPF5FJ8iCJwxGHQGQzNNmykKEwgoHkVYabPFYsQJlqRwisQIxOCIxhGDYwjHMIqiJBIpRfEYxsqnKIlEKuALEEIsQwv4PAHvDwO0/4v+iiH8BymVSg8PD5qmN2/e/OTJk4CAgICAgH79+oGX1z9VlJOT09ixY8F7E8fxPn36uLu75+fnP336dMiQIfBO9+7do6Ki4G+SJEeNGvXDDz/U19cXFRVVVlZqtVqFQjFmzBgu0AvkxuTk5NLSUs7xQCKRREdHg06dJMl/E0A2FwdvtVpv377N4/HCw8M7d+7M4Xf5+/vHxMT88ssvL168GDJkyDvvvLN///6XL18ajca7d+8ajcbQ0FDIY9HY2GhnZ3flyhWlUtmtWzfuaqJUKrlgHgzDgoKCwKuzvZUmKyurpaXFwcFh2LBhHHPkcvmECRPgTqDVamNiYg4dOmQ0GgmCePjwYX19fU1NTWZmJocH09TU9OzZM6lUGhERwWHKKRSKkSNHgm3tnyIwm8AoQEyIvb19bm6uyWQym83Z2dl6vV6tVj98+PDly5fwiVarFQgECKF79+4NGjSoTYFwzxg/frxUKs3Ly6utra2rqysvLweVMKfihUH/8MMPOTQ/Ozu7kSNH3r9/v7CwkLNpyGSy999/nwtrCQwMDA8Pv3r1alFRkcVieZNW2Jbhzc3NHh4eXPwqhmFSqXTo0KFnzpx5+fKlTqe7d++exWLp1KkTd0fn8Xi9evXy9PTkEnIMGjQoJCQEvN2Ki4vr6+srKyuvX78O3tqA5QARXM+ePcvJyXF3d29oaLh16xafz7cNsLGliIgIsBAihB49elRXV1dVVZWamto+C0hAQAAn4AkEAldXV4FAAN6JtbW1paWlSqUS/KNgECMiIjp16vSmDIpmszk3N7e5udnJyamiouLUqVPcT66urtXV1bm5uW0w91+9egXCiUQiSUxM5J5LJBLQm1RXV/v5+cXExGRkZJw7d27y5MlyuTwpKamxsdHHx6dfv34CgWDKlCkDBgzg8/klJSUwKyoqKrKysjhQlvb08uVL0MKwLAtSHJC9vb3Vai0tLW1oaOCiajny9/ePjY29fPnyvXv3hg8fLhQKT58+3dra2rVr18DAwIyMjPr6ejA3cePC5/PHjx8PRv7a2loPD4/Xtqc9OTk5BQcHwzxsH9PI5/N9fHz4fH5CQkJ9fX23bt0CAgL8/f03b94sEokoioKbN8S/gQc7RFyDL71Op6NpOi8vT6fTDRw4kDMO4DgeEBAQHh7++PHjhw8fGgwGeN6hQwewBcE7PXv29PDwePHixZMnT7jAztjY2ICAAPibx+ONGTNmw4YNtbW1JSUl3PM2NG7cOG6zgnAmQMWorq4uKytjGAa84rnGf/DBByDGv5YeP36s1+spimJZ1nYuyeVyq9VaXFzc1NQkl8u9vLxWr169dOnSEydOMAzTsWPHtWvXdujQwbaogIAALpIWx/HBgwd/9dVXpaWl1dXVOp2uvr5eoVCYTCbwGoBZJBKJaJrOycnhBELYzAGro80I0jSdmpoKbtUPHjx48uQJPH/16pVEIikpKamoqABdD0mSERER3FYmlUqdnJwoigJFZEVFRWVlZVRUVHBwMIcYGRMT4+joCEqQhw8fgivE3bt3MzIyoJCqqiqBQFBRUfH8+fPfPyHbsDozM7OioiI0NPSLL77ggvyzsrLAq0Wn0507d47rLJ/PB4d/k8n0prRPAELLRR84OjpClC/kPXr27Bkkqrly5QrHTJ1OJxAICgsLKyoqXFxcevXqdfPmzUuXLk2ePJkkyezs7JycnPDw8KCgIJqmHz58CKHs6enpIE5zrDAYDA8ePADHHAzDunXrBn+/Hbvo3Xff9fX1hb/FYvGECRNOnz4Nk+TJkyctLS1wNzh9+jT3iVKpNJlMcAzZKiDAKeDWrVsCgaBHjx5crCZBEGFhYSEhIWDAj4mJgYdBQUEQxUOSpFarffnyJVzGzp8/z7XZYrHw+Xxgjq+vL/j8i8Xi3zza/iTEo0ilQikR8SmCpBnGbDIROCsUiCxmI80iPUPTBoOAR1EE3qI3NjXrmnQttJ0dhuEII15V1z/MyhnVPwbDIOU7Vl3feC0tMyy4s0zqhRCGIYxh0Z2Mp14ebvateic5H6IPa+oan7zIC+8W4OKgJFgWQ6i5Sfcyt1AqloiFfAKxBEImo7Gw+JXZRCuVcl9vLwJjcIzBEaM36PMKisNDQnGWJVjGYjanpd+TSqVhwaE4YnGWwRBTq6k3tOr9fQMwxGKIxRCDoX9kpcdxnKJ4FEUimsFxXCwWCUVCDMdwHGdommVoHEN/Jpn9v4v+Egj/QXZ2dlOnTi0rK0tNTT1w4IBYLHZxcenQocM777yzcOHCfwqZytXV1RYeBpKx5uTkcAnNYS+2PTudnJzgVGhsbKypqTGZTBC5Z1usj4+PRCJpbW0F7AG4Brm7u/9v9P6NZDab6+rqeDyeTCazWCyVlZV8Pt/Nzc32gi6VSj08PBiGgaiG/v37Hz58OCcnR6PRpKSksCw7dOjQwsJC8Kzj8XiZmZn+/v4cGADc0W07y23l7T0HACTGxcWlDXM8PT0lEolOpzMajQKBALA3srKyNBqNTqdrbm5ubm4GyQHO16amJqFQ6OTkxLWBx+N5e3v/C5jUEKfBfUhRFEhfAIIKDjCZmZkFBQXcOyzLQvRddXU1YKzZFgjRhvfv309KSqqoqNBqtdBgzpGSe1MgEPj5+dl+6+fnR1FUa2srJxCKRCLuBgCF+/j4mM1mrVb7e9KTVFRUWK1WkUgE+BBcIY6OjiqVChheWlpKkqS9vb0tHIhCoXBxcSkuLob/8ni88vLyX375JTc3lxuUlpYWiJyB+6i3t3dUVBQAS/Tv37+goCAzMzM4ODg4OPi18CcURTU2Nh4/fvzZs2cajaa5uVmn04EM0GZ62NnZ2ZYAIWSwGFtaWlpaWpRKpS1KvlQqdXNze5Mu2WKxNDU1QR6z1atX274G4YI6nY6TMYCgswihLVu22LYE5BmDwdDc3Mzj8YYNG3bgwIHs7Oxnz55Bymyj0fjhhx+CGx6fz8/NzT19+jQkTINZAfg0b6L6+nrwP9y8ebNtvdwFtE07gXAcnz9//vnz5588eVJUVOTk5PTrr7+KRKK+ffuqVKrq6mqz2SyTyWwhW2ATs7e3f1OZbyK5XG5vb/+mX0Ed8OTJk9OnT58+ffr8+fNOTk6enp4RERGzZ8/mkLogepPrIIdJyDAMTdMQRebh4WF7RxQIBJ6eniRJNjY2cvYcPz8/W/WfTCZzcnLKysri3PNAiGqzdctkMpPJxDlutCEAT7LtEYeurNPpYFbYopiAiu0tHKutrQVf8e+//94Wv8RgMIAXKPCfIIh333135MiR4II4adIkW4ggqKhDhw62cgv0t7y8vKWlBfC9mpubd+3aZYuFC6qHxsZGs9kMfJDJZG9K1WC1WquqqmiavnHjxv37921RIpubmxmGqaqqCgoKgsaoVCquIpAhOeBcjUbDMIybm5tta0GNCD6TMEDJycl37961BePVarVWq7WmpuYt/HwLga0bokMLCwsjIiJsn9fX1+/YscOWOUajkWXZ+vr6tyhnZTKZbS9IkiRJEvYi2BWNRuOJEyfOnj3LdQScJ/l8fl1dnY+PT1RUlJeXV1paWnFxsYuLy+3bt3U63YgRI2QyGU3T1dXVLMumpaVlZWVxJw5N0xD1Z2vHhqjv32SCn5+f7RYHoZ4Gg6GlpaWmpgawTL/66ivbd7ip2N5SarVaS0pK+Hy+l5eX7TqSSCTu7u7APe5EsLe359RVsLcbjcbDhw+fOHHCljl6vR6YwwmEEET6m137UxCOy2UyO7UCxzC9Xm80Gq0GFqP4FIYjBhn1OtZqxRDiURaj2WKyWC1ms5UFyQs9zy0qKa8tqazp4KBACEMIwzHMxdX1VVV9Jy83DGEIYQixiMUlUkldXYOTzBljEYZhZosVsUgs5BNgpmSR0WS0WGmtTteqN0hIFkeIoa0NjY0tLSacwAmMxRGLI8ZsNrW0tjY2NhKIJRDDYixL0xUVr8RSSUS3UBaxOMYQCJmMBl1rM04gHDEEsJ6OtwAAIABJREFUYjDE4hiOIQbHMBz/B8oxY7XwxUKpREISBEPTLMsghKxWmqbpv3BG/yj6SyD8B1EUFRMTc+TIkYcPH166dOnmzZuFhYUFBQXgP7N//354rU2YAcMw3I3Wtqg2hQMQnO3zNhsxlAOaMK6iNoWAdQvOD64QW7CvfwfV1dUVFBSAUQXUn7bQ9lxTQbQAC1JwcLCXl1deXt7jx4+fP39OkuTw4cNv3rwJcXH5+flGo9HPz8/2DgSx9dx/3+LU8SbncmAOgEbk5eVNmTIlNzcXbjygenR2dl65ciVXfhvUe+wfiqt/ZTkAptlbGkySZHh4eGRkZHuA7PDw8PadNRgMe/fu/eGHH+rq6uRyeXBwcGxsbERERHx8PAQI2ba5zbHHZXSwbVKb5gE4eBuev6X98EebQQeGg+zKhSS1aZttvRkZGRCdy+PxOnXq1Lt377CwsNra2h9//JH7UKVSRUdHnz17Njk5efXq1devX9dqtb17936T1iM3N3fZsmXgOuXr6xsRERESEmK1Wg8cONAmOLN9Z7n/clkB2hT+dv5Amzt16jR8+PA2P0HIXxv9NEw2hUIxYcKE9qYDOzs7EK4iIyO7du2akZFx48YNi8WSk5MjEAhmzZoFV7ozZ84AxqBAIOjSpUtERET37t1fvnz5448/vr2dKpVq4sSJ7VXmHTp0eBOIZXR0dHBw8MuXL1+8eJGXl1dSUuLt7d23b1+CIN4UbdV+g2rzGpj923zF4/HeosvHcdzX13fz5s2TJk26cuXKlStXsrOzy8vLMzIysrKyzp49y7329vF67U8w6LBpwJP2KYXgZm+7ctvsEtApgJV6bdUAB/Xan7hEBW3Y8vaU7rASxWLxtGnT2lfq7e3NqTbAFQJ6evXq1SVLlrRRlLRPXQAZHWCUwZL84YcftvkKfE2VSiUYCXk83lvSzCCEhEJhz549bXMaccSdArBdtFmVbXIttE/206aWPn36BAUFtec2oFv/CwS4zcnJydnZ2evXrz927BjYM6EZzs7OI0aMaM8cEJneVKZtN9sMARSrUCiGDBliq4ADoigKEFMDAgK6det26tSps2fPjhkzJiUlxcPDIyoqis/nc9M1Kiqqe/fu7U80zjUULg+/eQS8Nn0IJITgJolKpZo6dWp7tvv5+bV39YfNlqKoNkMJtwjIJME9BJw27gXYQkeMGNEeKZQkSYhAAYHwP5nq8H9IDGIxAnd1dsYQpm3S0haL1mpu0OmkYjFO8hiaQQgxLKJZxCJEURRfIMAQjhDGMKyPh1twl84Wkx5DGIZwDGEikdDUqrdTKSiCZBGGMIRjpEjMb2zUBnfywpAZxD97pSIsqLNKLoXQPgxDSrlUJOAzDCMViZC5mWAZEY/fyccbwzCSInHEEqwVR6zZZCosLOzs641jNIEQhhCfR/aMiiR5PF1rq4ikcMTgiFUp5fmFecVlRV7OnhjG4IjFEUtgDI5hGIazLGO1WAQEJhYJxSIxYljEIsZKW81mFnKn/dGD8l9LfwmE/yDw4CcIYvjw4SNHjmxtbc3Kytq0adPVq1dPnDjx5Zdfwl7Gsqzt4c2pY22poqIC3Bi4dxoaGgiCcHBw4DZNAFjjtuPa2tqWlha1Wm1nZ9fQ0MDj8crKysxms+1VqbKyUq/XS6VS0M/9+1mCMQzz888/NzQ0REZGdu7cWSqVApR/XV2drbehwWCoqakBaD6AoevZs+fJkycvXLhQUVHh5+fXuXPniooKR0fH27dvQ66qnj17tvEk+Z0Epp7KykrASeeeV1dXA3OEQuGWLVuePXvWsWPH77//HmLlSZIENx44VGQymUKh0Gg0AOsKo8DpVv/3+IcBiCJCKCgoCLDj4DnDMJD/ALDy2nyVnZ2dkJBQV1c3ffr0r776CmDiMAwD10TbFppMJlvbBUKouLgYQG64a4rFYqmurrbNgVFSUiIQCGwtKm8hwA80mUzV1dWcJQcwM3U6nbu7u1Ao9PT0ZBimvr7eaDRyGgq9Xm8bAvr999/n5ub26dNn06ZN3bp1AzvJwYMHAZGPY1dERISfn196enpaWlpycrKTk1NkZORrtR4IoZMnT965c6dr167ffPNNz549YaB//fXXf2oQweWssbGxsbGRkzzfPhnAYA7htWvWrLFdpFqtloOLbFOLRCLR6/XLli2z9V4zGo16vV4kEoGUKBQKp0+ffvfu3bS0NIPBUFJSMnToUHi/srIyPj4+Pz8/NjZ237597u7ugHAYFxf3lt4BmqvFYlm6dKltvQaDwWg0AkDoaz8Ui8VjxoxZv359enq6RqOxWCwxMTHgOQboms3NzXV1dbbGvaamJo1G4+3tzUm8bSRAmqYbGxvbXFLffiUFqwtN01FRUbGxsevXry8uLt6/f/+hQ4du3LiRk5MDOSHeQgRBgIBUVVVlMpk4g4PVaq2oqKBpWqVScUyAjAXcumhtba2rqyMIgot2hvgx2627qqrKYDA4OTn9C3dQpVIJGLmwX3Fd5nzLX0v29vbghjBr1ixbtVqbMbVYLDt27Lh//76Pj09TU9O9e/fWr1+/ZcsWW4sWJGvhnkB/FQqFXC53dHSEmTxjxoywsDCuFqPRaDAYwCWP8xp90yBSFOXg4FBZWdmrV6+VK1dyogUgUQFMNBft/KZCYAQJgqirq7MVlWtra7dt21ZbW7tw4UIHB4eXL1/GxsYuXLiQOxegFsCn/a2heD0NGDBg+fLl0dHREyZMuHPnzr59+1asWEGSpJOTE4Cdzpw5kxN0Ya6Cs+i/5q8IxkOapkeNGsVh/8A+bzAYeDwe7IQODg49e/a8fPnymTNnZDJZeXn56NGjfX19QUiDeRgVFfXpp59ys52maZ1OB6zgtrXfqRCsqKiwfVJRUdHa2iqVSgFdFuTbFStW2G4Fer3ebDa/lg/AvZqaGjBBc20wGo21tbWAfPtaBQrcfBiGGTNmzKBBg7h3OAshMEehUHh5eb0lAvzPRlYrU1un6d41WCaVUBROIAazmo0Gvb6lxcqyJGIRjsN6F4pEKrVaJpMTGMsigiSoQJ8OGI4wzM5iaMVYDGNxO7l0VL9oHMdZlkEsQgwiEBoR2xMnMAzHdY11CNEYYu0VEnuFGOE4C2nrESMTC/tEBLEYhuOEzsgilhbwCS9XRxzDMIQzDAh1jFIm7hsdQWAEyzAYsuCI4VNkoJ8fhnAMw1uadBjLIMQ4Ku2G9RuE4QRDIwwxOKIxhOGIAXskzTC4xYwLKEAAAk2I2WzU6/VW2sqyDPaXifAPor9AZTDY9R4+fNi/f//Y2NinT58CkHSvXr0mT56sVqtZloXtWCgUGgwGLrLIaDRmZGS09xSqra2Nj4+Hm5DFYjl//nx5eblcLo+OjuZ2sZSUFEhEAcfw0aNH4Xrt7+8fGBioUqlaWlogwSC8X1NTA54/Pj4+tg5IbQiUdmAmgn41NTWVlZU1Njb+/lsyHGxlZWXx8fE7d+6USCSxsbGQUnbgwIFWqxUQNUC/zrLso0ePbt26pVQqwbVPJBJFRkZCuoXGxkYQyby9vX19fR88eJCRkWFnZ/d2+Ja3UGhoqEQiqa+vt8UYrKmpOXToEI/H69y5MxyQBEGEhob27dsX8hyYTKazZ8+CPw/Lsmq1OiYmprW19ebNm6WlpTAKNTU1nMHhLewF/f3vZKZIJOrWrZtAIADLBjxkWfb+/fv9+/f38fGJj49v8wkAeUMU0IwZMwB3G5IcAB6A7Q2bk9jhv6WlpceOHROLxaGhodxVoLm5OTExEdxNWZa9detWenq6g4NDQEDAa4NjoY8Mw0BFISEhkKEhMTGRAyDRaDRnz55tamrq1q2bTCYbMGCARCJ58eJFamoqfGW1WtPS0jiwTYvF8urVK6FQ2LdvXwgYIwiiqqoqLS0NsPW42r28vKKiong83jfffFNUVBQYGNitW7c3XVzKy8txHI+JiQkPD4eBbm5uvn//fm1tLWe1fjvhOO7u7t6lSxetVhsfH89xKS0tLTc3902jLBQK/f39FQrF48ePr169yo1IdXV17969/fz8Nm/e3Mbm4+Xl5enpaTAYtm/fzrER0Fm9vLzGjx/P4V4MHTrUy8vr8ePHp06dYll28uTJ3DhqtVqCICZPnuzr6ws4DeXl5RBsxvUX7mfc8AUFBanV6tbW1iNHjnDOpa2trUuWLPHx8Vm2bJlGo3ltHymK6t+/v729/fXr11NSUgQCwfjx42FudOnSxcnJCfLycZbYlpaWn376yWAw+Pr6Ojs7C4VCgUBgNBohzxjMqJSUlOrq6t8cFFvSaDSAEANQtEKhMCAgYMqUKf7+/hCP+pslQKJUqVR648aNp0+fwmJnGCYzM/P+/fsMw0RHR3MCw4sXLyCbBUzapKSk0tJSqVRq62x54cIFQK4HN7YDBw7gOO7j4/Oboml7cnJyCggIEAgE3333HciZLMvm5OQcPXr0LV+FhITIZLKWlpZjx47ZzqVly5b5+Ph88sknkBfh7Nmz+/btc3Nz27Bhw6effiqRSI4fP37mzBnb5QYhlNBfyAdYX1/fqVMnDw+Prl27qtXqhoaGX3/9FQCTYZRXr17t7e39ySefvMlF1pZ4PF6fPn0gD2F2djZUZLVaz507FxUVFRoaaotx8iYiCKJDhw7Ozs4ZGRmQGwlG8P79+7/88sv58+d5PB4k30tOTubQpKCWHj16BAcHg5n0XyBIKzJy5Mhp06YZDIYTJ06kpqayLBsWFqZWqysrK5OTkzmpWKPRLF++3Nvb+/PPP/89M7M9KZXKkJCQxsbG5ORkDmzTaDTu2rUrMDCwT58+9fX1sGvFxsZ6enq+ePHip59+AgUreO3yeDzwa7169SqkNQJp8Pr167GxsZ07d05NTf1nW3X+/Hlu2Wo0ml27dgHIk4uLS1hYmEwm0+v1R44c4ZTUOp1u/vz5vr6+X3zxBQcaxBFFUQMHDjSZTLdu3Xrx4gVMCZqm09LSMjIyPDw8uFSEbcje3j4wMLChoeHChQtcsQaDYcuWLYBiAFuZUqn85ptvAHD7n+3pH0IsYiuqqgqLSwwGg1goUisUaoVcIZXIJCIeiYkElFgklIhFSpXSxc3NzbODUi4lEatv1tZXlDbUVDRUVTRUl2uqy5sb6huqXzVUvWqsqWioflVfWdairW+sq9DUlGrrXjVWv2qoLG+srdA3N9VXFjfWljfWVmhryuurio36lvrKMk11eWNtpbauoqG6rK6q1Khvqq0oaagp09S80tS+qqsoNjQ3NlS/aqh51VRb2VBToamuaKirbm6or68sb6iuaqyp1tRUNdbWNDVo6qsqNdU1DdWahuq6uopKfXMzxkJkIMJxhCHEMDRNW0mKFItFLGJYxAJgBMuyRoPBYvkrFeEfRn9ZCDHYYZ2dnT09PS9evAgIiuAPA1nLAwMD3dzcANLw9u3bu3fvBuGwsLDwyJEjTU1NbUozmUwbN260WCwuLi5VVVX79+9vbW0dMWKErc9Mc3NzXFzc9OnTJRLJs2fPjh8/LhaLR40a5ezsrFQqY2Njy8rKvv/+e5qm/fz8LBZLcnLynTt3XF1dBwwYoFKpAE69fS9kMhncxZ2cnPr37+/u7n7+/PlTp0717dt3zpw57dEjOILOQjg+4LY9ePAAzBQDBw6cMGECWJwmTZp09uzZrKysLVu2jB49Wq1WazSaPXv21NTUjBw5EjBFIGWwu7t7Tk4OQRBDhw6F3He+vr5paWksy3bp0oUL/vlnKSoq6t13301ISNi+fbvFYunYsaPZbE5KSrpz546Xl1dsbCxkob169Wp2dva5c+d8fHx0Ol1WVta2bdtA0LVYLCRJzpw58/r163fu3Nm6dWu/fv0Igrh58+aNGzfeUjXgpAFQTXx8fGRk5FskcyDIdx8TE3Pz5s3PPvtszpw5KpVKq9UmJCS8fPnSx8fnnXfeaV+LnZ2dWq1+9epVQkKCyWTi8/nl5eU///wzJIrgLmdAt27d+uqrr/r06UPTdGJiYkFBAfgx2qa9PnLkiFgs7tSpk1ar3blzZ0tLS//+/SMjI1977kL+wOrq6pMnT4Kr6uTJk7dv337s2DE+n9+tWzeLxZKenn7mzBkXF5eBAwcqFIrw8PD+/fsnJSXt2rVLq9U6OztXVlb+8MMPnMTO4/F8fX0zMzPT09MvX77s5ubW0NCQkpJy5swZCDXhDgCRSNSvX78TJ07cv38fkvi1CVSzJR8fH0gBeuHChU6dOul0uvT09J9//tlqtQJ0kG1Y4JvI2dm5f//+d+/ePXjwoEqlCggIaG1tPXny5FuuqiCFRkREXLp0KS4urrq62sPDw2KxAMqOr6+vbc50IG9v7/79+z99+nTPnj0SiQRyWj59+vTnn39GCEVGRjo7O8Ob9vb2I0eO3LZtG2TtCw8Ph+dKpdLBwQEhdOHCBRcXF7lcXl9ff+bMGQCVoWm6tbVVoVBAbq6amprDhw9HRUVBcqGSkpK9e/fiOA64Po8ePYqPjwdQ1rewyNPTs8//Ye++46OqsgeAn3vfm5reCQQIvYVeoyDCEiA0KfITdAVdRVxREBdk1QULNrDtqiiKgiwioCC6IBaQXkMCoQXpISRAepmWeeXe3x938hhDEhFL0Jzvfj7u8PLmvTdv3pQz955zbrlFdOpLTEw0+ss3a9bstttuO3HixCeffCIeC2Ns//79y5cvj4qKGjBgQL169SRJ6tix45dffvnZZ5+JLMHc3NyXX375537S2+32du3arV+/XvT+ady4sdfr3bZt25kzZ+Li4iol0Fb3ZLVr127gwIFr166dM2dOXl6eeA2uWbMmIyOjefPmd9xxh39u2z/+8Q9R++rChQuLFi1yuVx//etfRYFfIT8//5///OfEiRMtFsuBAwc+/fRTm802atSoevXqGV/ir1FQUNDtt9++cePGvXv3Tp8+/bbbbhMTg48fP17Dvdq3bz9ixIh33nlnyZIlkiR17tyZc56WliaKgnbu3Dk0NDQ9PX3WrFkAMGbMmMGDBzPG9u3bt3bt2gULFjRv3tz4JMrOzp43b152dnZQUNDp06ffeuut8PDwpKSkuLg4Qshdd931zjvvLF++XJblrl27AsCRI0eWLFkSEBDQo0ePkJCQmvNXxcm//fbb16xZs3PnzldffXXYsGHixC5dujQzM/P//u//jMu+ZvHx8UOGDFm8ePELL7zgdDrFPJrly5dfunRp7NixLVq0GDx48BdffLFjx46XX35ZFCW+cOHCsmXLMjMzBw0aVF2xn2skSdLzzz9/4MCBw4cPL1mypEWLFk2bNr3zzjvff//9jz76iHMuXlYpKSkrV64MCAi4+eabq6soUzO73T5q1Kjdu3evXr1a9KGx2+0ZGRkfffRRQUHBX//6V+MTp1mzZomJiYcPHz5y5EiXLl1EJ0BxqLfcckuXLl0OHDjw4osvjhs3LiwsLDc3d+XKlT/88EOvXr3E8/iz/PDDD3PmzBk+fLjoN7t169bY2Njhw4eHhoZ27dp14MCBn3zyybvvvqvrekJCggjUP//888jIyC5dulxdfEF0+l2/fn1qauq8efOGDRsWFBR0+fLlt956y+l03nbbbc2bN6/ygyk8PHzo0KF79+795JNPRPqo1Wo9fPjwxx9/XFxcPGnSpKioKNFXedmyZVar9bXXXvtDTBzljLk8nqLSstz8fAk4UxWvVwFKLRYz01WJ2anJGhIe2qBRwyaN4+Mb1AsFFTTd6yjNd5QBIZww6htP44rLwYFzAhw4EADgQMBdlA/EtwInQIDlnjvKuFhEOBAAXup1lxZcBCBAOHAiut5fOnuM+GrVUA6EcFp0yVN0KZsA4UAZyACUMJpTUgJcAkI5p8ApB3r5vJuDxDkFoGJ2KxAxEKKJAFjTNNlETWaT2WoBAKbrqqoyXWOc6bquairGg7UFA0KfBg0a3HPPPSdPnhSfK8HBwS6Xq6CgoFWrVvPmzRPdikeMGLFjx46UlBQxL8Xtdrdu3bp+/fqVqloHBgZyzmfNmhUUFOR0Oh0Ox6hRo5588kn/eKxJkyZpaWnp6ekWi0UM302bNu2uu+4ymUwmk2nmzJler3fFihVz5swJDw9XVVU0yJo1a9bgwYOrm+knsgtEl+o9e/Y8++yzkydPPnHixDfffGOz2SZOnFhDQFhYWPjyyy8b1Q4EUfN63LhxRg5Gq1atnn322eeff379+vU7duwIDAwsLS11uVwDBgyYMWOGmNlPCBE/MJ84cSImJkZ8+QgODm7Tpo2YNTd48ODr+7wUX6Fmz54tqpnPnj07PDxc9Ehs0KDB448/3q9fP1mW77333s2bN584ceLxxx+Pjo52OByXLl3q27fvxYsXs7KyRDf5nj17PvHEE/Pnz//ggw/Wrl0rwpL4+PhKTR38SZLUpEmTmJiYlJSUY8eOjRkz5tlnn/3JA27WrNmMGTNKS0t37tx5+PDh0NBQMZeyTZs2L7zwwtWJIuIuw4YNE032vv32W5PJlJubGx4enpycvG7duszMTKNGghjgeu+991atWiWK+jRs2PDpp5/2/+nBYrFQSp999lmx6+Li4gEDBkyfPv3qNAwhNja2bdu2hw4deuWVV1JSUj788MMZM2aIIaaXXnopIiJCUZSioqKoqKhp06YNHDjQbDabzeZ//vOfbrd7y5Yt6enpgYGBJSUlJpPJiOUIIRMmTNi/f/+WLVtOnDghvpG73e5evXqdOHHi4sWL586da9eunVhZzE/OycmJjIzs169fdXMaCSHJyckbNmxIS0t78sknY2JiRJEV8S3kzJkze/bsGTp06E8+QRaLZeTIkRcuXHjrrbeee+458QB1XY+Ojq6hWn2jRo0ef/xxh8OxdevWWbNmhYWFKYqSl5cXERHxxBNPXF3D3W63T5gwoaSk5K233nr55ZdFn+6CggJN0x544IG//e1v/gHk6NGjP/roo6KiomHDhhkBW0xMzPDhw/fv379+/fpDhw4FBweLgaAxY8asWLHC4XBkZGQkJia2bds2IiIiKytrzpw5I0aMmDdv3qOPPup2uz/++OOXXnopMjJSdEKTJGny5Mm33XZbDXmzkZGRffr02bBhg9frvfPOO42JuyaT6aGHHnK5XAsXLnzllVciIiJE2Q+73f7II4+MHj1azBN77LHH0tPT9+/ff/LkSavVKl5fYgDkJ58Ug81mGz16dGpq6saNG2fOnBkZGakoSn5+vngzjImJuZbJ8w0aNJg+fXphYeGOHTseeeQREcmUlpZ26NDhySef9I8W6tWr53A4Hn300eDgYIfD4Xa7x44d++STTwYEBBhDvi1atNi2bZso9C/KaM2aNcsYPv25evToMXv27KeffnrdunWbNm0SSVB9+vTZsmVLpWQzgyzLs2bN8nq9y5YtmzdvXkREBOc8Pz/farXef//9Q4cOzc/Pnzt3blZWVs+ePcWPUAAwe/bsw4cPp6amigr+YlMRERFpaWmpqaniYwgAHnnkkdtvv1286GbMmOF2u5ctWzZ//nzjyrHb7ffff7/oEHMtDzAhIeGpp556+eWXP/30040bN4aEhBQVFTmdzv79+0+bNi0wMLDmhEkhMjJy8uTJ2dnZ33333dSpU8VbmcPhSEpKmjlzpmjSM3PmzHnz5q1cufK7774TeykrK+vXr9+//vWv6/64MURFRT3xxBMPPvjg+vXre/bsef/990+fPt3hcKxatcp4WeXm5oaEhEyZMqVv377Xl45uMpmSkpIeeuihd955Z8GCBStWrLDb7aID8Lhx4x5++GHjehDvWsuWLVMUpVOnTsYPrIQQ0f7nueee27Bhw65du0JCQkStmm7duj377LPBwcE1twm9WuvWrVesWPHNN9+IJpwWi+Wxxx4bOHCgSHmYPXs2ACxfvnzu3LmRkZG6rovU98mTJyclJVV5Hjp27Dh37tyXX375s88+27Rpk9VqLSkpURRl2LBhU6ZMqa5AkcViGTp06IULFxYuXPj6669HRERYrVYxm33ixInTpk0TGT2ZmZmbNm0ymUxPP/30HyIgFL9DOZxOr6KWFBerSjnXdIkSWbZYAmWzLdBsD5BM5tyCEgmy+rRrVj8ujnNWEeMBAHeXFjqL8qhsCoqItgQEAlBOdJ1pzqI8KskBoRFUIiLE8rhK3I6S0OhYIpsJEA6gq2pRfrYtICwgJBSAABAAKCspKneXhcc0lCQTBwqcaJq3ODc3ICTCHhBMgAIQnYOjuITpEBQWSamZcMqBepzukoJipjNbQIDJYgVOgFDgFIASAKdSRoAzxnWdmSzEZrNJkizKjKuqlzMGnFGJyrKMVUZrC8HBWYPX6z1+/PjBgwd37dp14cKFhg0bisjBKCvndruPHj26devWnTt3BgYG9unTp3fv3tnZ2QUFBUOHDg0LC/vyyy8fffRRzvnnn3++YcOGAwcOxMXF3XLLLTfddFP9+vXFu/msWbP+85//DB06dNKkSV9//XV2dnZCQkKfPn26d+9u5H2JT5eUlJQ9e/YcPXo0PDw8MTGxS5cu7du3F59thYWFmzZtkmX5L3/5i3/edklJyc6dO1NTUzVNGzp0aPfu3Y8cOXLs2DHRQKzK79Z5eXk7duzw/14lUkfsdnu9evWaNWsWHBzs/73E6/WeOHFi3759u3fvzs3Nbd26dZ8+fTp16iRK9ol1FEU5fPjwiRMnQkNDBw0aJD4Vzpw5c+DAAUVR+vXrZ+TkZGVlbdu2LSwsbMCAAUa+gajlXa9evZ49ewYHB6ekpJw+fbpVq1adOnWSJEkU50xJSdm9e3dGRkZkZGTv3r07d+7ctm1bcXIYY8eOHdu1a9fevXuLi4s7duzYs2fPhISE7OzszMzMTp06tW7dWpIkl8t16NCh7du3p6SkBAQEDBs2rGnTpidPnmzatGnXrl2rnE7pdDpTU1N37tzpcDh69+7dv3//7du3O51U32atAAAgAElEQVRO0SzYOPh9+/ZdvnzZqDegqurp06fT09PFlDlRI7Fbt25t2rSp8vOSc15YWJiamipaO4pSKz179gwNDd29e7fdbr/11lu9Xu/YsWP37t371ltvmc3mzZs3E0JuvvnmXr16JSQkiO9q27ZtGzt2LAC8//77P/zwQ0pKSkxMzK233tq9e/f4+Pjqvr9yzg8ePCgaH7dr127UqFFBQUH5+fmpqam7du0SoUjPnj179OjRtm1b4wdgTdMyMzN37dq1bdu2goKCm266KTEx0e12u91ucYmWl5cfOnRo586d+/fv93q9PXr06NWrV+PGjU+fPp2fn9+3b18jf49zPnXq1AULFgwbNmzp0qX+BXsrEWVXdu7cuW/fvuLi4g4dOvTp06d169ainL24JESTrsaNG3fv3t34CvvDDz8cOnRIXJxGSuSBAwe2bdt25MiRRo0aDRw40G63X7p0qW3btv4JVP7El48DBw7s3LlTlOIUVV7at28vXmgnT55MS0sLCwv7y1/+YjKZxF4OHjy4f//+/fv3y7LcqVOnbt26de3atdIXF5fL9f333zscjsTExCZNmhivPofDkZ6evmPHjgMHDlBKu3fv3qtXr5YtW37//fdiqlh8fLyqqvv379+3b19OTk6PHj0GDRokxhJTU1P37duXnp4eFBTUuXPn7t27d+jQocrujv5XwoYNGx5++GFd13fv3l2ptE9xcXFKSsrevXvT0tJE55UePXq0b9/e/5I4cODA9u3b9+zZYzab//KXv/Tq1au4uDg/P79Xr17169cvLCzcsGFDdHS06INX3WFompaVlSVmeB45ciQ8PLx79+6JiYkdOnQQGWj79u3Lzs5OTEw0JpuVl5enpaWdO3fu5ptvFiV2dV0/d+5cenr6pk2bLly4EBcXd9NNN4mEVXFVrFmz5pFHHqlfv/6bb7753XffpaenN27c+JZbbklMTBSVPFRVfeqpp958883x48fffvvtGzZsuHTpUseOHXv37t2zZ0+REe3xeHbt2nXp0qXevXs3adIkNzd33759DofjrrvuMh5OaWnpt99+K6r5i+ddURTRS100k4iLi9uzZ8/jjz+elJS0dOnS6rrg5ufn79+/f+/evYcPHw4MDBTPafv27UNDQ/Py8sTkjpYtW3br1k280hlje/bsOXv2bFRUVM+ePV988cVXX311+PDhf/vb3zZv3pyVldWhQ4e+ffuKvnDGXvLy8sTAfnp6ekBAQLdu3bp3756QkCBSH10u11dffWWz2Xr16mV8jy8tLd26davotyQuMLfbffz48f379+/ataugoCAhIaFHjx5du3Zt1KiRLMu6rotOM8Y7s3jPPHTo0IkTJzp27CjKkIruLAcPHhQtH5s3by6eQeNzx+12//DDD6mpqdu2bSsuLhb9dbp16xYfH1/lT6hutzstLe38+fP9+/cXDSS2b9/u9Xr79u0bGRl59uzZ3bt3x8fHd+vWTXwwOZ3OnTt35ufnN23aVIzI5ebmpqWl7dq168iRI0FBQd27dxcnp7qXVW5u7pYtW6Kionr06CF+nOWc5+TkpKSkWK3WpKQk8S5RWlp69OjRvXv37t27V1VVMU2ga9euopOKsTWXy/X111+rqpqQkODfk1Nc/6JE89atW/Py8lq0aCGOTbQ8YYxlZGSkp6cnJCT41/q+2ubNm3Nyctq0aXPq1Knvv/++sLCwa9euffv27dKli39e9+XLl0WvTvFp1aVLl+7du7dr1844D9u3b7948WL79u3btm1rvEIzMjL27Nmzd+/ekpKStm3b9unTp2PHjvXr1xdPVlpa2vHjx0XKgHGEIp9CnBxRS0y8hXbr1k2MnXLORX8vSmlycvL11Sn47eTn51czq4jUi47q1bVjudtTWFSkKqqmKYwxzjj4mjWAV1VbNar/+tx/tWjdBoAAZ0CBAyHAS/Mu5mQcNAfY67fsYA8RH5dc51pe5kmL1RZWvyFQMYjIHUWXi3Oz41p3opIMHACIpinnM1Ij45oFRUSLGJMDKS64VHT5fHzbHhKVRIEnVdWyThyOrN8kMCxKBI2gQcHli5qixsQ1obKJcUI4LSsuyTpxWvF4I+rHWW12LvpHcIkTCkAyM8++8s6rl/OyLDZrUGBAuzat4+ObAeOKUl7u8SjlHrfb7Sn3duja7f/uvT+8+tLT6Gfp0aOHkdmRmJhY5TqiIXZ8fDwGhJWJNDOjjlalt0uR5sEYM/4qBtPEDREQEkLOnTsnpkRfXf5OBISjR49evny5KKsltnP1j8FX76vSX6vMCzeqgIptisPzr9h2tatrBhqdqa7lLFVZ3+/q/YpdiMdbw2rG9o2FVa5T88nxP0Lj9FZ5SMZGjFKZP3muxOn1L7NWaX3jkqi00L8+20+OJ1T5AI3TIuZK7d27d82aNcOHDzeecf/NioBQkqQdO3Y0adKkyquxOv4vgWs84Vefc7HQ/2z7p7pV96QUFBSMHj16z54977zzzqRJk67lUGt4oqu7eCod2/VdDDU/rTVft/4nocrNXn0JVXd3cczGwzFG+Gt4+n7ycYlIbMGCBTNmzLjvvvvefPPNq38i8T+Y6mppirdBY4VKrxf/l3nNjPNsFICtdF1dfZ6rXFjdkyUCwoYNG+7atcs4pf4vFiMg/Nvf/rZgwYLq3ror7be6twJxEsrKyl544YXt27e/+OKLRp9DxtiUKVMWLVo0ZsyYpUuX1jC6Vd1zarzT1nBOZs6c+eqrr44fP37x4sWi5ONPfgxdfear+xiqcuHVr9OffLJqfgarfCurYS9VnkD/Z8f/sK/xkH7uy6rKC/7q01XlW2WVxy9uVPnXGr7JXMu3Av/VjOKioqx0lWvWcB5q+JT/WZdEpX1VeXJqPie1q/qAECRJat6kSf2YqIK8PJFXryiKrjMOnDFuMckMeOsmjRe8/GyzVq05I6fOX/CoSkKLJjJAWeHl84dTrYEBDdp0VKk548zZsLCQ5nGx+edPWmz20Nj6uUWO4EC7qmlEcZRczopr06Vc1c5kXYyOCIsIsZ8/uj+qYQtzUJhXYQDMYpY9ZYUFFzPj2/a8lF9U5vQ0a9zAROn5H9Ij6zcBOdBsNjlcntDAgOK8y6pXDYqKZSBZrObSUreFQ9YPp8rd5VEN4iz2AJfLc/Do4Zzc3OZNm3Vp1/l8Zub8t1+5mJdltdlCgwO7du4SGRmtqoqmKorX63Y5vR6PV1E6dOsx7m+TwjAg/JX8rIAQp4xWVvOXdfE55P+eWN27aqXVqtxUzRNLrt5Xpb/WcK+fPLxKd/m5754/GdJcvc0qg8zqdu2/8SrXqfnkVHmEVR7S1c9mDQ+qytNb5TpVHvDPmkdU5QO8+pxfS3j5k+fqalXu6Cc38pOvnUq9KPzPFWMsNze3sLBwzZo1hw4daty4cXJy8jUeag1PdHXPRZWH93Mvhpqf1uu7bmu47zVeFb9kv0JRUVFubu6ZM2cWL14cEhIycuTIKucHXss2az6l1z7N8jrO83W/Bn/JW3el/dZ8+dntds55enr6U0899cEHH4SFhWmatnv37jVr1thstptuuqnmuY7Vnf/qfs67vnNyHR9D1b2lV/d0/4rP4LX81lbdLq7lifvJT5CaVXls1e3oJx9IzW9QP/eE17zaL7xIfpVL4hr3VcNx3rB0XT+bmakqXpMkebwKcE4liQGIthMSJYRQAOAMOIfDP5x8+F/PeDyeN56bfXPXThWN3AkHMJtM5Ro/l5XTrEEsEA6EcKD70o853eUDbu5i963H046cLFdUWZKCbOJnPl5W5jp88ixjvEu75iYAwqHc6804dS4zJ5dQ0qpRAwIcAFLSD+WXOt1Ox/gRQ4AzAuzEmcz0Yz+0bd3q+ImTIwck+dpfEK5p2qmsc5JJbhbfRPUqhPgGOxnnBMBitphkmTON6ZqqapqqiexBVVV1puMgVW3BgBAhVPvcbvdrr722aNEiUTp/2rRpNZSTQb+pr776aurUqaKa7p133tmpU6c/6NesG5wsy0OGDNmyZcv+/fv79+/fsmVLh8MhOhKNHj16/PjxtX2ACKHfiappmTk5oUFBJknijHHgwMTULQ4EKBXvwAQ4XMzNUxVF1/Scy3mMMeBAfCU8ictdfvpMZr+buxMgvtCM8fDQkJIyh9lsJqpKAICAJBG71RQcZJclSWw3MMDGOJNlGmC3KY5yAoQAKIrX5XQyjQEBDkAIhIeHqpxnZ10AAiLGC7RbrHbLibNno6KiCDDR554AB+CyRDRNdbpcdqudAgPCRL0bALDZbRaLlelM1zWdaZqua7qm60zTNM44tp2oLRgQ/moIIY0aNRo7dmzNX566des2YcKE6hKTELoWdrt9yJAhrVq1atSoUXXr1KtXT9S6qKGY0I3DZDJ16NBBZMkmJSXdc889GITUltatW3fr1s3hcHTv3v2+++77yWq6fwKNGze+4447RL+7KlcghIi37upm3VyfPn36vPDCC5s2bcrIyBAlW0aMGNGpU6e77rqruuzBX0X37t3vvffenj17/qyJAwih3w7TeUlZmc1iCbDZTBLljOm6zpkvFBRBGuG0T7euT017WFHUAb17yZIsioVyIMBB1/TmjRqAzviVqEqKCg1uHt8TjD5MHFo0ijuTlaMqVzrQWM2mdk0bUUotJpPCOQCYTXKbZk0iw8LqRYUD95UljasX3aRRXHhggCxLIlKNiQxP7NzR5S4PCQ4Wc31E2CrLtElcQ6vJwnRmtlgBeMXHOaeUBAQEmMwmXVM1XdM1jemqrusa03Wma7qOeWy1BXMIf02KoogGRDUUc3e5XKKpeg11FBCqGWOsrKxM07Tg4OAq69+IrCcxdzw0NPTG/9onqilcvHjRZDLFxcX98sKA6Lp5vd7z5897vd7Y2NgaYqQ/E6/XK5qYV1cRhHMuOr9brdZft1gF59zlcuXn5zscDkmSIiIiIiIirrGG53UTH0MWi0X0KflN94UQqjmHUKCUhgYHBVrNZkm2mk2ySTKZTJIkKYpeUFbWMq7+67OfaNm+PeFc58ABZEKAQsml7Ms/HDbbA2Jbt7OHhjPgBIDpat65EyabLaJBPKGipCgvLbxYculCgzadZNnMgRMgmqZkHtsfUT8+LLqBr1oMQNHlC8V52fHtulNq5sAJoariPX/icFSDJkFh0YQQzoExnp99Xte0eo2aEWomQBgnZYVFF06eUj1KeGysNTCYcMo4MEYIJZSQzHOZr7z7nwuXzoeGBndsn9C4UWOPx6N6FcXr9Xo95eXlbo9H8Xq73tT73r8/HBH15/8V8veBOYS1xmw2/2Trs4CAAP8KXQhdB0ppzSUixZjbH6XuthiBCQ0N/ckHhX4HFovlOtqs/6FZLJbqGpwIog3pb/HWTQgJDAz8nSsi4scQQjcUQiA8NDgyKIjpmixRiRKzLFnNcmBAQERklEtRZUXNO3eWOctIRcdADgDAmOalOlfc7uyMI5LJLIoi6VzTvU4ukeK8i4QQEHl9qoer5WfT91JJEtEf01Svx3XZc7ww+xwnRIziaR6PxrRTh/YSKnEAAMp0VXG7vW6XZLZyQoETzrjq8QJAWVEJUBmAcEY0r6Z6FQ6kOC+fFpZyTnytDgkhQJ0lJeL3L7PJZDGby8s9itfLGWecqaomqhYZ5YJQrcCAECGEEEIIoVpACIkMD6sfFa64yykB4FzTGVF0SlWv18tUb+fWrepFRATIJnC6uAjwKqaEUsIIocA583iYxw3AfIEYcKIxTVMBgBNu9KLnbicHYzgQKBBdU3RNqehtSESVGtVV5puJKv7AQfN6NG+5r908UM6Ac8KUMg6iBz3lQDlQoMAY48wLQBmnokIQJZRzxoEzDmaz2Ww2edwuXdcZ44pSrusaYzrXdMY4MMwgrDUYECKEEEIIIVQLbFZrg+hoGXQmEZ1RnXMJNLMsB1nMgTYL5Xpx/uXwILvLEh0eGW2VZF9tloruJ6KqTEWeHgcCjGkeR7E5KCQkJlYUKAVCADg3oi0jpc/vn5z4AkK/iNH3T7/9EeCE66woL1fxlNsDQ4BIQAhwCowCEAaS6HHvG0sEAkApEIdSLnZoMskECNN1XRQXVTWd6b5BQqYDMIIRYS3BgBAhhBBCCKFaEBwYGBRgVzxuSZZB04FpASY5IsBis1ATZRIF2WQuLsy/YDEFhoTGh4RT4gvfmFFtRlRzIRwIMODAdV1TgyPqhcbE+ZKEKYAICUWXeqOVpvg/0aoGgBNCfIOJwCsiQA7+acYEODDGNJ2XFRVYQ4IpSMABOAVOACgDKuJDLiqdAgFCgYA1wM4BOAdKJU3XWMUcUU1TFUVljDHgDIBhXZPagwEhQgghhBBCvzdJkkJDQux2OzBNZNBRxu1Wi1UmRFNUppWrmttTHhJgVzxuu9UaHRQaaLUBEK+qnM6+IEkSAWI2SbGREVaLifhG8ggBX6QIwMWQnf9cTMJ9bSlKHY5Sp0tjTJJkSijjjDMeFhYSbLOLzTBxXz8VjU6pqHsKBIATnTFF1cu9KiGSzWbXmc45yFSSZZNof2jsnRKiaxrTGXDOdMYZYzpTVU1nTEwixbYTtQUDQoQQQgghhH5nJDgwsGl8Y7vZLIlAy0uBkUC7zW63eN3OckX3aJ7SMpfHbiWaWi8yoqyJM9ASQIBRTguLSkNDQ1VNI14ICwq0mU2EA6GEcdGHsKKBoBhB9EV2V1oaAvCcgtK0IydsVnNpmYMDadyoQXZObq8u7YLjA7gRSRpDir50wooFHKBipezcvFPnskqd7tDAoOiI6OLSUirR2OiYxg3iRAApZp5yAEmSuK5zXWc6E7VkABhjuq5pmqZhUZlahAEhQgghhBBCvx8CQCiJiIho0awZ09WSQpkA95pNoCuSJFlsduCkzFvidLglCiYKiuJVy8u9Xq9I8pNlOb5Bw7ziQrvNIptMVrPVN/LHxLBdxYRPXywHhAFQYoz2if+PCQtu17qJo7SsfavmhBJCSOPoqMiIMFZxgGJl/uPEPs4J58DAWEpCgoKaNW7oLlc5I+WK0qB+rExoYEBgxZEQ3/xUQigBXdOAc11TdV3nug6MUQIAoPtCxN/rCUA/hgEhQgghhBBCvx8OIAEJsFrtNhslNq4qnOmKxyNTznXF7SknVNI1xpnGgHLGJUmSTLLFZAFOOOeEQMPoyIbRESL7T5Qn9UVwnAAHLmaFGomCcKXlKOe+fhCRISHhISGEELEa52JDYvDvx6mDwH2jjgAcGBNDhQRENZvgoICgwCBf6qAoKsMJIZRzcVC+1EBKiEwlAqDruq7rmqYxXQeRTagzUZD0d38ekA8GhAghhBBCCP2uOIDH6y0pLQm023Wdm2SZWMxWkySB1ekoc7vcMiGUAKXUYjEHBoeEhEdbiMnjdHFeMSVUDAGKup4AQLgoKqOWK56y0jKzjUhikicH+qNaocYBiDaFot8EJ1yUIuX+I3tARfDHK6acMsbcDqfX63W5XIRQ4JSLuJATAAqi/wQHIJRzQoBQQsvLFcY5JYQAaKom5ogyTWecMZ3pmggQdY5TRmsPBoQIIYQQQgj9fggQxlmpoywvPx8iIkodDo/bFWCzcCA647LJJFEqm2W73WayWOs3aNi6RdsmYQ2V3BIvaL4Yz+gbCKJrIAcxLsgZAb3c5Sy5fAkoAOHcmD1q5BUSYMC5rygM8TWvIMB5xeY4ACGMEA6U+PZXEUcyomsKcO52OQEI5xSAEk6AE84pB8k3QggSENGKEFwOJwCXJAqcKYqia5quayKRUNM0TdN0nXHOfzwsiX5XGBAihBBCCCH0++HAgYPD4cwrKAiw2RjwkjJHYWGhLFG71Wy1mCVrgFW26CavxoGDtUVoXKAmcVABmNFy0LcdInpOiBKdIr4DruvANF8QSHwhXsVw4pVZpYSIbMCKgBAqVgXKfYGmuF3RpB6AXhlhZL4tcsY54b6YkAEQDpSDSGekQIh4sBKlnHNRQUZRVV3Xgfimj+pM15kOmEFYezAgRAghhBBC6PdWXl5+4eKlkODgAJs1MDCgsMBVUlKmabrOuaIyRVEJJVSSmZfwbhpYfNVefEU/RU9BQirmfsKVG4QAZxyA+kqB+sJHQjgAMGNeKKG+hEH/uaRcdLv3RWfcqCla9fCdb3dMDEESAoRW9DskRlEZxrnGGCGE+arIEEoII8SrKJqqakxXVY1xzjjDthO1BQNChBBCCCGEfm+M85yLl+1Wa9PGDU2yHB4aRgFKy8q85eWqqquaKlMqy1KZx6WqKjAxxVMCAozrnOuEEEpJRdEXACBAOecEGAdKfaGff9OIiqKjwEVRUl4RFlbgxIg4fTVjwLjNK47ZiAzJlTi0gq7rqsrMZgv4JSIqiub1ek0SJZypqqbpIn2QEQDGuaKous64UXwG1QYMCBFCCCGEEKoFqqaePp9lMptaNGog26yaFqSoqqppjIGqKkC4SZbK3C53udcY7fOUlxeVFHsVr8kkhYeFBtptIjBjvhIxYkxPpAMSTrlIGfTVhRExF/nRkKDROt6YeOpb50rs5ytbA37/rhg29N1DzDXNzcv3KlpkRFSAPZBzAAKES06Xy+V2B9slAA5cFxNHRTEZzjmVKGFcVJbBmLC20GtYByGEEEIIIfTrUxXlxKkzmReyZabZZR5sMwVZTWYJZIkSArJE3eWeC4UFtKKjX1lZGeUkJjJalqTiklJNZ35TOiv6x1d0ifjRMJ/fqF3lkqMis5AYawLxDQBWninKAfhVs0dFDVOPp9zrVex2u9Pl1nTGfcmE9FJBnqfcbZIl4JxxXTSj1zRNVVXGGACpGOpEtQZHCBFCCCGEEKodnHOv4s04lRlgkhrHRICu6IpF03RNYypjlHMOsPfk8VvatjcRwjhoml5SVuL0uFTNa7fZmM5Aohw44YQT/xmhxgRRToix7Eo/QrFrTnwxpO+/lPgHgYRwLkaPfFNMfYu50W+eEM4555QDeBVV0VTmdFFqYhwoEAJU1bSMUz8QwsySxHTGGXAGwDhjnDGuM51X7AagukxF9JvDEUKEEEIIIYRqk8frPXYup9CtBgaFWcwWi8kUYDVZZAk4s1tNe08cP385FzhQQs0ms7dcuZyb53aVW0wWkySLYbsfzbY05n2K4jMVrSeMRvUVTQypKDkqVvb775XMQEIYEHalGI3fmCMHX5AoqtQEBgYE2APKHM7A4GBJkgEo4+RcTtbRExk2s8kkUV3XgXNNF2mETESkjOmiQ/3vcppR1TAgRAghhBBCqNZwDpyzwpKSvUeOOxlt2qxJTHRYUIDdZpY1XQ8wm5xK+bsbv3QrCmE8MjS8WXx800bxzZo0iYmKIUSEdqLB/JXqoBWbliqaQ/AflYnhYHSSAKC8YhooYawiL5CLjXEOnBNekWBICBEpiMyIDivGFCmVrBZrRESk2WQW7Q7dHvdnX61xuR0BVrNZlgiAoiicc03XNU3jnBNCOBCd6bovJsSwsHZgQIgQQgghhFAt45wXlZRsTz1wqcQdHR0bFhpst1hkSpiqxIQG7jt9aum2jWUeDxASGhjSIDY2LDiUEmp0JKzoTeiXFgi+yqFAKCeUE4kQiYDo+0CJL0mwIoWPEKAUJAqEUEIJoRJQSigB/1mkRlqhaDIhwkRq1KoJDQuPjY212QI4J6VO5+fffnn8VIbdIpuoEUiConh1XePAdV3TGdN1nTOu64zhIGHtwRxChBBCCCGEbgAciopKd6YeSuzSITKqHgFCi4qdbo+F8JjQwP+l7vWq2vCuPRtFRslU8o2niRTBimKhvmiN84oZoMQUHGwJiwBKuOhZX9GbXgSLvKJ4TMUAIgeg3NfeELhv1JE5y4o8LgeAkUhYRbIfEbmFnGi6npN7ccue7XvT9trNsomCySQBcO6bdwqMcc65zrmu6zpnzPcQMCKsNRgQIoQQQgghVPs45xx4YUnx9tTUjq1axUVEUkppYVGZ0xlgMhNCvjucevpyTmLLNp2aNG0cGW23mGjFQF/FfMuKgI1zTjghlJpMJqsFJBMHAML4lYKjhFX0G/zRhFNCRCGZiqb1nDMmyTIhhHOji31F0ZqK3vQizPN4y7Mv5WacOpV+/OjFixfMhAFhsmQ2SxIB4CIQ5JxSwnQu+hCKpvSA8WCtwoAQIYQQQgihGwXnvKzMlXo0o6xx46b1o0JDdVXXypxukySFB5pzSvM+2Z274VBaTFBweGBAsM1mt9lMJlmi5EoNUSIayHMxsRMIAUI44UZ3el/nwIrUMU6I0aUCjMmnYPSzINyXUUj8DpJyAOBUZ0xVdLfH43SVlzicBcXFLpdDJsxCQdMZIcxuMVFCGGOcMU3TRUzo27YvkmQ68w0eolqBASFCCCGEEEI3ChF9uVyeY6dOuzzuVg1jAwJsHo/XYjbZbDar10sDZQ78XNGljMtMZ4yziimXHDhnvpmjBK4q3Wk0ovjx7qo6BL87VdkKghAgQAihRqEZIhGwm03BNrNsJq5y3aUxSiHIKpllGQB0zhgTU0R945fAGeeMAtcBdMY1DWuN1hoMCBFCCCGEELqBiOxAVdNOn7+galqruHox0eZAu1lTNaXc4ypzEImEmMyRNpkSCSTKGPN4lUCblRDCgYt5n6IbBflxJ4kqwzvu15beiMmIMftUdDH0jzB9USJnjIv/6rquqJpXKc8tKFUYASASpSYgFkmWJMo5ZzoTVUoZ1xkHxrnGdMYYA2BXeleg2oEBIUIIIYQQQjciztj5nEuqqvZIaG0GRfUqkkTNMtEYeL1ep1tXNF1jXGecc7jMSznXdZ3rTBTtJJIE1Be8Ee5rT0F8/SZ8ZWQqZoKKqqFcRIYESNXRGSF+E0dFhCkCRkoJlQihAJQApxTMEjHLRKIUGNcZ46LUDQcOoOtM55wxzjhjOuOMcc6wJ30twoAQIYQQQgihG46v7TvjF3MLDlsye7RrbrEpAapVlggHUI5gr8kAACAASURBVFTmVhTOQWc6AOMAHJjOuc64puuMcUmWOCc610lF5VHfCGFFrCdmbwqkYoTOV3e0qniQ+LISr0w85ZxTQoEQiVJKRboiIYRIlFhkapVliVJN0ymlkkQ5B84YA64zpumMcSbmubKK//5e5xVVhgEhQgghhBBCNyhCgAM/n30xJMjernF9iVLN69WY7lU0U7lECeGggMp1xgEIAxDBoSTJskSvtKIAQgjnFXVcfAODlBNf24mKRhV+UdmV1oEVCwnx1SMVMSEHTjhQQgillFBKgBIiEUoolyk1SdRikq0WEyVEVTVNJ5QS4MA4YyKfkImqo2JHOGe0NmFAiBBCCCGE0A1KjBNqTD+ZeT40wN4gNNAUYC8v91o11Wo1m00yIS4A8Go61329JGRKZFkilHLOgBMQHSUI9UV0omAoE0uu9JkXo5EAXKzIK1IFK2JIqFiTGBNFxTqUUEqJRCklIFNCCREBoUmWZEqBUOBc13XGgHNgjGmMabqu6UxnjBPCOTDOgZKqExzRbw8DQoQQQgghhG5sHJzu8gM/nLIktG3RKBpIiaxSkyybZJPORLjFGAMClBIimWRKCYiao4RwTvxjO845EMaBEwrkyvAcAEiMaASAEOpfXpQYk01FQEmkirb2Eic64YQSIlEqUSJTQimRgMiUyFSSZIlIBDgBzgkhnDFWEd+KmaUcQFM1lelUMlOTjVCp9s5vnYYBIUIIIYQQQjc0DpwwKClzHTpzLjw8ONhi1zWnLIE50MQ593oVr6qpmg6cyZIkyyaRlMcJA2NaKGFiM4RwzrmYL0qIr6QMAABnlIp+EkAI5ZyLsUEi2hVy34xT3718QaYEAJSCTEHEhBIFSqlEiCxTmUqciXFHzjnnBFhFb3oATimRQeIcGAeQzcRkru1zXHdhQIgQQgghhNCNTlRxyc0vSjl6onub5jZZtlksVKIApNTpdLjLCdEkSiRZopQyBjpjFCRGGOFMpBJy4qseQ3QQyX+++E+kGoqhRKPHICFGvuCVaqLE+AMQQsXIokRAokSiRJYIJZQSIklUolLFYKOv3T1nHDhwznlFXEgACHBJoiDL1Bd3olqAASFCCCGEEEK/FYvFMnXq1F9rawRAlqWGsTGxYcE2ixmAeTzekjJHqdPtLld0ziWJECCsonon58CBVdzVGAvkUBH2/biWi68hIQEqBhN/vPOKiFBsTjSnIAQAJEoopZSQKymFkiRTKgJCblQTZRX/800dBXGQYLK2Tmhvs9l/rbOEfhYMCBFCCCGEEPqtBAYGzp0799fdJqVUlqSK/vCcce4r2emrA+pfLrTa4p2/vIaLEU0ScmV7lW76MfpdVDokDoRIkmyxWH7xEaHrgQEhQgghhBBCvxVKaXBwcG0fBULVwtm6CCGEEEIIIVRHYUCIEEIIIYQQQnUUBoQIIYQQQgghVEdhQIgQQgghhBBCdRQGhAghhBBCCCFUR2FAiBBCCCGEEEJ1FAaECCGEEEIIIVRHYUCIEEIIIYQQQnUUBoQIIYQQQgghVEdhQIgQQgghhBBCdRQGhAghhBBCCCFUR2FAiBBCCCGEEEJ1FAaECCGEEEIIIVRHYUCIEEIIIYQQQnUUBoQIIYQQQgghVEdhQIgQQgghhBBCdRQGhAghhBBCCCFUR2FAiBBCCCGEEEJ1FAaECCGEEEIIIVRHYUCIEEIIIYQQQnUUBoQIIYQQQgghVEdhQIgQQgghhBBCdRQGhAghhBBCCCFUR2FAiBBCCCGEEEJ1FAaECCGEEEIIIVRHYUCIEEIIIYQQQnUUBoQIIYQQQgghVEdhQIgQQgghhBBCdRQGhAghhBBCCCFUR2FAiBBCCCGEEEJ1FAaECCGEEEIIIVRHYUCIEEIIIYQQQnUUBoQIIYQQQgghVEdhQIgQQgghhBBCdRQGhAghhBBCCCFUR2FAiBBCCCGEEEJ1FAaECCGEEEIIIVRHYUCIEEIIIYQQQnUUBoQIIYQQQgghVEdhQIgQQgghhBBCdRQGhAghhBBCCCFUR2FAiBBCCCGEEEJ1FAaECCGEEEIIIVRHYUCIEEIIIYQQQnUUBoQIIYQQQgghVEdhQIgQQgghhBBCdRQGhAghhBBCCCFUR2FAiBBCCCGEEEJ1FAaECCGEEEIIIVRHYUCIEEIIIYQQQnUUBoQIIYQQQgghVEdhQIgQQgghhBBCdRQGhAghhBBCCCFUR2FAiBBCCCGEEEJ1FAaECCGEEEIIIVRHybV9AAghhBBCCNUV5eXlDoeDc17bB1J3EUKCgoKsVmttH8iNAgNChBBCCCGEficOhyM8PFySpNo+kLpL1/WioiIMCA04ZRQhhBBCCKHfCecco8HaJUkSjtD6w4AQIYQQQgghhOooDAgRQgghhBBCqI7CgBAhhBBCCCGE6qjaDwg9Hs+pU6ccDkel5UVFRadOnfolE3xzcnLy8/N/8QEihBBCCCGE0J9T7QeE5eXlkydPfvfddystnz179qxZswgh173lJ554YuHChb/4ABFCCCGEEELoz6n2A8KwsLAuXbps3rxZ0zRjYUFBwfHjx0eOHFmrh4YQQgghhBBCf2Y3RB/CUaNGHThwYM+ePX369BFL1q9fDwDDhg1TVfXdd9/dvHlzeXl5QkLCrFmzoqKiLl26NHXq1HvuueeTTz7Jy8tr1qzZ008/HRsbCwBbtmxZtmzZxYsXu3Tp4vV6xdY45ytWrFi9erXD4WjQoMG0adM6d+4MAK+//jpj7ODBgy6Xa86cOenp6WvWrFEUJTo6+qGHHrr55psBYObMmYGBgU8//XStniGEEEIIIYQQ+vXV/gghACQmJtpstnXr1hlL/ve//3Xp0iU8PHzevHlffPHFzTffPG7cuKNHj06ePJkxpihKYWHha6+91qlTpwkTJpw8efKVV14BgFOnTs2dO5cxNnHixIyMDCOBcOXKlR988EH9+vUnTZrkcrn+8Y9/nD17FgAuXbq0YcMGSmnjxo2Lioo+/vjjAQMGzJw50263z5492+l0imASG5UghBBCCCGE/pRuiBFCSunQoUNXr17tdDoDAwOPHDlSUlIyatSokpKSzZs3Jycnz5w5EwC6dOny6KOP7tq1q1GjRgAwYcKEe+65BwAyMzNTUlIAYPXq1QEBAYsXLxYbNGacfvLJJ3FxcW+//TYAJCcn33bbbf/973+feeYZ0Zjy/ffft9lsX3zxBQAMGTKkVatWHTt23Lhxo6IoAPDqq6/W9un5w+Cc5+fnR0dHG/8U5xAACCFms9lYU1XVy5cvi9smkykyMlKWf8al6PF4nE5nVFTUdRzhoUOHOnXqVGn5uXPnwsLCQkNDKy0vLCzMzMxs2bJlUFDQz91Xpf1mZ2c3bNjwl2wEIYQQQgihX90NERACwG233bZ69epNmzaNHDnyf//7n81mu+mmmw4fPgwAaWlp06ZNAwBd18V3dxEQtmnTRtw3JiZGVVUAOHPmTPv27SmlABAcHBwfHw8ApaWlLpdr6NChYuWgoKD4+HgxQggA9erVs9lsYpRy4cKFf//736Ojo/v16zd8+PDw8PDaOx9/PJ999tlHH30kzvC//vWvhISEgwcPzpgxw1hh8+bNxu0zZ8489NBDkiSJp1WSpKeeeurWW2+9xn1t3rx53bp111gx6KuvvlIUZdSoUeL22bNnrw4IL1++vGTJkueee85/4YULFyZOnBgdHT137txfGBDm5uZOnDjR/wwghBBC6BdyOBxnzpxxuVwdO3YMDAy8xnudPn26Xr16176+ITc3V9f1+vXr//wjvSYXL148c+ZMUFBQ8+bNf/LwLl++zDkXCVMI/UI3SkDYoEGD5s2br1+/Pjk5eevWrWPGjCGEuN1uAIiLi2vQoIFYrVmzZs2aNRO3rVaruCEiQADwer1inqfAGDP+6v+6stlsLpdL3A4ODhY3YmJili5d+sUXX2zevHnVqlWrV69+7733mjZt+rs8+j88t9v9/vvv/+c//2nbtu3ChQsXLlz49ttvnzhxokuXLi+++GJ199q4caO48Z///OeVV14xAkJN08SAIeecMSbiRoFzLn4XqJmxBQDYvXt3q1atxOXxwQcfLFu2TCxXVVWSJHF5JCYmLlq06NSpUy1atDA2curUqaioqJUrV169zRqoqmoymSot+cl7IYQQQujaaZq2aNGizz77zFgSHx//zDPPiDGDGqiq+sADDzz++OODBw/+uTt97bXXHA7H1YXxf7ni4uInnnji5MmTxpJ777337rvvruEu8+fPVxRFTH+7drt27dq5c+esWbN+wcGiP6EbIodQGD169NmzZ9evX6/rupjtKeLAFi1aTJ8+ffr06ffdd5/JZIqIiKhuCy1atDh+/LiIAz0eT1ZWlhiwkiRp7969Yh1N044fP+7/vV9ISUn53//+N3ny5FWrVr399tu6rm/duvU3fsR/Hoqi/Otf/2rbti0AxMbGnj9/HgCOHz/eqFGjLVu2ZGVl+c8XvVrHjh0VRWGMTZgwYdKkSQMHDty1a9cHH3wwYsSIESNGvPXWW+KngS+++CI5OTk5OdkI0u6+++6DBw8CQH5+flJSkoj6ZsyYkZycPHz48C+++GLLli179uxZtmzZ2rVrv/zySzH5U9O0adOmDRo0aNCgQWLmMAAMHjz4vffeMw7p9OnTL730Un5+/rhx45xO53PPPZecnDx27Ng1a9YAwNatW6dMmSLWnD9//rJly8rKygYPHjx9+vRBgwYNHjw4LS0NADIyMkaPHj1o0KB//vOfv+XpRwghhOqW55577vPPP58yZcratWvXr1//3HPPORyOBx544NSpU7V9aNdjwYIFZ86ceeqppz7//PMPP/xw/PjxS5Ys+S0mFq1duzYnJ+dX3+yN5tChQ1cvXLp0aW0cyx/DDRQQ9u/fX5KkBQsWtGrVql69egDQqFGjRo0arV279ptvvsnOzn7++ee//PLLGjLHkpKSdF1/9dVXT58+7Z/7N3DgwIyMjI8//vjMmTNiwKp3795X333FihWffvppfn7+mTNnxN7F1fPpp5/+Zg/6TyI0NLRv374AUFJSsmTJkttuuw0ATp48uWHDhu+///7vf//7nDlzrr7X999/v2nTpg8//PDf//73rbfeSin1eDwhISHvvfee3W5fvXr1v//97yVLluzdu/e77767ePHim2+++cwzz6xcuVLE/ADgcrnE+Juu62Lk8J133ikoKFi1atW8efMWLFjQtWvXxMTEu+++e9SoUYcPHxbVZQ8fPpyRkfH111+vWrUqOzv70qVLANC5c+fjx48bx9a8efPHH388Pj5+5cqVa9euvXDhwqpVq+bOnbtw4cLs7Gyv1+vxeMSabrfb6/WKhMmmTZt+++23ffv2FW86Tz75ZFJS0ldffYVDzQghhNCvJTU1defOnY8++uiYMWNCQkLsdnvv3r0XL14sSZLIXvnuu++mTp06Z86cwYMHf/LJJwCwePHisWPHDh069P333ze2o6rqm2++OXLkyMGDB8+YMUMUI8zJyRk7duz7778/ePDgJ598stKunU7nzJkzk5KSxo0bt2PHDpEyM27cuPLycrFCSkrK2LFji4qKftYjysnJCQgI6Nu3b2hoaJMmTSZNmjRp0iRjFtvRo0fvv//+pKSkO+64Q9S8qGTdunV33HFHUlLSPffcc+TIEbGQMfbGG2+MHTt2+PDhr732WklJyeLFiw8dOnT06NEJEyb8zFP+R7J06dLp06c/9thj/gsfe+yxpUuXVhkoohsrIDSbzQMGDACA22+/3Vj44osvxsXFzZ8/f8KECVlZWU888YQxQmj0rDduJCYmTpo0afPmzQ888EBaWlpERIT405QpUxITExcvXjxp0qR9+/Y98sgjInrx73rfo0eP5OTkRYsW3XHHHW+88UZycnK/fv0A4Ouvv960adPveyb+qC5fvjxp0qR27drde++9APD4448vX758/vz5S5Ys2blzp1H01bBq1apPP/302LFjycnJIk0UAAYNGtSiRYt169b16tWrWbNm0dHRw4YN27Bhw9GjR4ODg3v16hURESEGA6t04MCBIUOGhIeHt23b9ttvvzXeTI2cAQBo0qSJJEnjx49ftmzZjBkzxPz7mJgYj8fjcDiu3uaaNWtGjhwZHh7eunXrjh07fvPNN9XtfdSoUSaTqXPnzmVlZYWFhWVlZWPGjLHZbKNHj76uM4oQQgihykTM079/f/+FQUFB7dq1O3bsmPh5+ujRowcPHuzSpUtsbOzatWs//vjjli1bjhw50j+gqrKUvdfrLSwsXLlyZbdu3a6egJqTk5OZmTlp0iRJkp5++mlRmCAvL2/37t1ihS+//NJsNv/cOhTDhw8vKysbNWrUG2+8kZaWpmna+PHju3XrJhILp06d6vF4HnzwwZiYmDfffLPS95Bvv/32jTfeaNiw4YMPPujxeKZNm3bx4kUxwXXdunWdO3e+++67N27cuHDhwl69ekVHR0dHR/+5A8KJEyd26tQpPT3diAkfe+yx9PT0Tp06dezYsbaP7gZ1o+QQCrNmzao0rbl+/foffPCB2+0uLy83Xl2NGzf2H0a/77777rvvPnF7/Pjx48aN8691CQB2u/2FF17wer0lJSUxMTHG8vnz5/vva+bMmdOnT7906VJsbKyRLWbMTkQ1y8zMnDJlyq233jpjxgxCiK7riqLY7XbxJEqSlJWVVWl01/9XOoMI4YKCgozYTJIkj8fj3/xDbFYQo4ViTqnILDVyDs+cORMXF+e/cTGKGBYWtmrVqu3bt2/evPmhhx565ZVXunbtaow6Xi0gIMA/j9HtdhNCNE0T/zTyUQFAPED/la8+YIQQQgj9EtnZ2ZIkiaKA/po1a5aammp8JZg7d64oIzd27Nibbrrp+eefB4D27duLcb/qStmLfKU777zz/vvvr3LvixYtCg0NFVXr16xZM3PmzIiIiG+++aZ///5erzclJUX8LP6zDBkyhFL64Ycfrlu3bt26dZIk3XnnnWI7y5cvB4C33347LCxszJgxDz744EcffeSfALl48eKoqCgxM2748OFDhw5duXLl1KlTv/76a6Mgv9ls3rZtW8uWLWNjYxVFEQMwf2Kvv/66CAJFTCiiwddff722j+vGdQONENbAbrdf+28thBD/aNBgsVj8o8EqybLcsGHDn9UCAYmMzSlTpvTt2/eBBx4oKysrKyuTJOnf//73ihUrxCirJElX1/aswYABA3bv3n358mWHw7Fhw4b27du3b9++rKzswIEDHo/HqEYTEBCQkZEBAMYoblJS0saNGz0ez9mzZx966CGPx2M2m0WpobZt2547dw4A9u3bN3HixKSkpNdeey0iIkLkmmZmZgYHB1dZTXTAgAHr1q1zu90XLlw4dOhQQkJCUFBQXl6e0+ksLCw05mZUEhERERwc/MUXXzDG1q9fLxaWlpaK2rkIIYQQuj7h4eG6rl/dJtrpdPoHiqKknKZphYWFXbt2FQvFsBsAiHoHopT9tGnTxI/U4nuCfyn7SqKjo0WTqqCgoOjoaJFkNHTo0NTUVI/Hs2vXLl3XBw0adB0PavDgwZ999tl///vfv//97xEREcuWLfvggw/Er9sA8Mwzz4jjzMnJycvLM+4lOn45nU7xVxHcnj17NjMz0//Bjhw58o033qhT329ff/11MU6I0eC1qENXBvrtfPPNNx6P55tvvhHTGCRJ2rhx46xZs1599VUREz755JP+42b+k3UrEX9KSEgYPnz4fffd5/F42rRp8/DDD9vt9kceeWTWrFm6rhtvxxMmTHjppZdWrFiRkJAg7j5w4MDjx4+PGjVKkqQHH3wwPDy8Y8eOb775pq7r7dq1E7WFevTo0bJly+HDh4uiZOJ3slOnTrVu3brKQxoxYsT58+dFYuSQIUP69++vKEq9evVGjBhhNptF+Wlx2JUe14svvjhz5syVK1caVaGPHDkyZ84c7D+BEEIIXbcOHTqsWbPm9OnTlWoEHjt2rHnz5sZnsYgMRUtkYzqPMcGn5lL2ISEhVe46LCzMuB0YGCimFyUnJ//3v//dtWvXd99917JlyxrKH1appKRk4cKFo0aNatWqVVxc3NixY0ePHj158uSNGzfef//9brfbbDaLVmrie4sx48l4dOHh4f4r1KtXT0yzqlT2vK4R44TiRm0fy40OA0L0Kxg1apRo9Oevc+fOy5cvLykpCQkJqRQptWrVqsqgyKgfTQiZMmXKgw8+6PV6jfmWo0aNGj58uMfjMcbxkpKS+vXr578kNDT06aef9ng8FotFtJQQyeJms9nhcCxatCg/Pz8qKmr+/Plut1vXdXFHzvnq1avF72qGpKQkkawYERHxzDPPeDwek8kkfl0zm80fffRRSUlJcHCw0fXEeETGHdu2bfvVV1+VlJQYLe979+6N0SBCCCH0S7Rv3/7/2TvzQDmqKv+fc29Vd7/ufnuSl5CEbBACYd8RUXZ0EBkVBBxUEDWI4MLo6IijvxlccMHdGdwAQRh2FVyAILsiYQ1rCOSxJIHkJXlL71V17zm/P25Vv84Ck2Bev+S98wm89Kuurq6qnL59z7nnfI/W+sc//vEPf/jD+gTjgQceeOmllzZu1ZDNZtva2hYtWnT66ae77EG3vS5lv2DBAgAoFApXXHHF/+nLuawiAKjVar29vU5voqenZ86cOXfcccdjjz1W10TYfFpbW//yl7+EYVhX4NNaT5gwweU3TZs2bcWKFWeffbbzb2+//fa+vr56kD2dTqdSqUwm89nPftZtueyyyyZPnuyi1b29vW6Z9M477/zJT35y6aWX1mttxgniCm4m20fKqLD90tHR8QbrgW+M1nqD6jvP8zbI6tx4iwsK1v00V1iolGpvb//whz/8m9/8xm3MZrP1F/71r3/dYYcd6pkVm6SlpWWDXIuOjo7Gd3k96t6gIAiCIAj/OB0dHV/72teeeuqpc84554EHHnjmmWcuv/zyCy64YK+99tqkXMpRRx311FNPXX/99U8//XRdv2BLpewd1Wr10ksvXb58+UUXXeRC1W778ccfv2jRImvtBlI3m4PW+ogjjrj77ru//OUv33PPPQ8++ODFF1+8aNEiF1x2CUrf/OY3e3t777///osuumgDCdN3vetdy5Ytu/zyy1999dXLLrvsyiuvzGQyPT09s2fP/u///u+77rpryZIlP//5z+fOndvR0eF53ooVK0RsU9gAWSEUxhEnn3xyvSNlI52dnRdccMFonJEgCIIgCFvMQQcd9NWvfvWaa65xX99tbW3HHnvs+eef75bONohEf/KTn1yzZo1rKO+KA90O3/jGN77yla84icFJkyY5KfuhoaHXq21RSk2ZMuXGG290weVzzjmnXrFy1FFH/ehHP9p///3fnIzcv//7v7e3t99yyy1OrTSVSn3gAx/4yEc+4q70Yx/72KWXXnr//fdrrQ888MCPf/zj7mRcVPqjH/3owMDAFVdcccUVV+RyuVNPPfWQQw5xrRq/9KUvXXjhhW5N9dxzz3WyCIsWLfrsZz/7+9//fpO6CcL4BDcuyRUEQRAEQRCEbZ8wDIeGhv7PlT2X5FmtVhuLAB0bSNn/nzDz6tWrJ06c2CiO0NfXd+qpp3796193ztgb09fXt0n5QwBYu3YtEW387CbftJEoitatW+faazVSKBQQsdH3q9VqzLyxRut44w3+FcYGBx54YKFQcI9fzywfeOABV3cqK4SCIAiCIAjCdkkqldocb9DVj2QymY23Z7PZLVrWQ8RGvysMw6uvvvruu+/u6Og4+OCDN/84m2TChAmb86Yb4/v+JndobMjs2ORNEMY5UkMoCIIgCIIgCG8Gz/NuvPHGKIq+9a1vvWnRBEEYXWSFUBAEQRAEQRDeDEqpW265ZbTPQhD+IWSFUBAEQRAEQRAEYZwiDqEgCIIgCIIgCMI4RRxCQRAEQRAEQRCEcYo4hIIgCIIgCIIgCOMUcQgFQRAEQRAEQRDGKeIQCoIgCIIgCIIgjFPEIRQEQRAEQRCEJoGI1trRPotxjbVWmkY2In0IBUEQBEEQBKFJtLa29vf3M/Non8j4BRFbW1tH+yy2IcQhFARBEARBEIQmkclkMpnMaJ+FIAwjKaOCIAiCIAiCIAjjFHEIBUEQBEEQBEEQxiniEAqCIAiCIAiCIIxTxCEUBEEQBEEQBEEYp4hDKAiCIAiCIAiCME4Rh1AQBEEQBEEQBGGcIg6hIAiCIAiCIAjCOGVb6UNYLBZrtdr23qMTETOZzBZ1uhy3Fy4IgiAIgiAIwqizTTiExWKxWq2O9llsBZjZXchmukbj9sIFQRAEQRAEQdgW2CZSRmu12mifwtZk8y9n3F64IAiCIAiCIAjbAtuEQ7i9J0xuwOZfzri9cEEQBEEQBEEQtgW2CYdQEARBEARBEARBaD7iEAqCIAiCIAiCIIxTxCEUBEEQBEEQBEEYp4hDKAiCIAiCIAiCME4Rh1AQBEEQBEEQBGGcIg6hIAiCIAiCIAjCOEUcQkEQBEEQBEEQhHGKOISCIAiCIAiCIAjjlO3eIezv7+/t7TXGvOkjFAqFl156eaue1D+EtfbFF1+67777X3hhWRRFo306giAIgiAIgiCMWbZ7h/CLX7zgfe99/1133f2mj7Bw4V/e88/v26on9eZ5funzJ574vve+56RPnfeZk0865fC3H/3oI4+O9kkJgiAIgiAIgjA22b4dwhXLVzy06KE99tjjf//32tE+l60AM3/xixd0dXZedvmv7v/rvVddfcVRRx1x1lkf7+/vH+1TEwRBEARBEARhDLJ9O4R//NOf5+0670sXfPGxRx/r7e11G1ev7nv/yadde+3173vv+4877vjvfvf7QRC+wfZGnn12ySfO/uShb3n7aaed/sc//rnJl0NEvb29u8ybu/fee+Vy2d122+3fvvC5f/3c+ZVyBQCCpAGJ6wAAIABJREFUIPjpT//n/Sefts/e+x933PFXXnmVe9U555x3/XU3nHPOeYe+5e2fOu8za9eu++53v3/kkcd+6rzPLF78hNvnyiuvOu644w99y9s/9MEzH3xwEQCsWLHy/SefVs+VvfHG355//ucB4J677z3//M9fe+31J574viOPPPaii75Tv0tXXnnVaaedftxxx1/yPz//9KfP/8tf7mry/REEQRAEQRAEYeuyHTuE1tprr73+Xe86ft68XXbeeeebbvq92x6GwfPPP3/RN7919DFHnXbaKb+96Xff//4P32B7nVWrVn/gtNPL5coXvvi5qVOnfvmC/7jjjjubeUVa61NOPeWG628884yzrrrqf3t7e/P5/Omnf2Da9GkAcNVV//vLX/zq+OP/6dvfuWiXuTt/7+LvL1nyHAAsWfLcN75x0exZsxYs+Oh9991/4rvf+/RTT5137jmrVq3+6U//BwAWL37iexd//8QTT/ja1/8z35o/e8E55XLF3Y0wDNxbr127dtmyXgAYKgzddeddl156+cknv+/449957TXX/uEPfwSAm2++5XsXf3/evF0++MF/ue76G+69596hocFm3hxBEARBEARhA3gEoISROPgbM9q3c5zijfYJvHkWLXpooL//6KOPAoB3nXD8zy75xSc/eXZLS4t79oMfOv0Tn1gAAEEtuOSSn33mM+e98XYAuPba6wDgxz/+QXtH+7vffcKnzvvM5Zf9+uijj2zmRf3bv/1rV1fnNddc993vXAwAk3p6Lrzw/x144AHu2U9/5lMfPuODALDnnnu+47h/WrF8xbx5uwDAoYce+rnPnw8Ajzz62L333Pvt71w0ceLEbC73xS/8e61WW7FiJQAce+wxO+00Z/fd5995591RtOHS6Ab84AcX77rrPAC49977lz63FAB+9avL3/b2t331q/8BADNm7Pip8z7TlPuxHRAG4Zo1a19btWr16r5atcoAnvaMNcmw5oa2ZIhLBjoGQGAAZGB0m9n9YQZAAKUUACillUJAQMT4tegOgBj/heudDQ7vsTE4/P7xSbDbwAyIWilrLTG1ZFp6JvdMnbpDd3eX7/tb8V4J2wti1cLYQ6xaGGNEUbRq1WsrV64gssYaY0wul1cKCoVS3cRe373ixMiYoW7aQMau619XKpVyuVw2m/U8T6tk6QgBEZ3ha6UB45fhsH27TQg4/K7uF3xdYwcAaG3NM3OxWFKoPN/3PG/a1Ok77DBVrLqZbMcO4e9/f0s2m7vjjr8AQN/qvkqlfPvtd5x44gnu2QMO2N892He/fQDgxRdfyudzm9xeP+CyF5YBwNe//k33a++LL61csaLJF6WU+vjHP/rRj35k6dLnH/z7ol9fceWCj3/i8l9futdee37kI2c88cSTl13262efXfLww48AQF1b1bmFADB9+vTZs2dPnDgRADra2wGgVqsdeOD+nV1dJ590yvz58486+sh3vvMdHR0db1yXuNNOc9yDqVN3qNVqtVrtlZdf/sAHTnUb9913nxG+DdsH1Wr10Ucf++1NNz/26OP9/evCMGJiBPQ9LzRhMsdAAHbjbTLniMdPYGA3aLICIAAgJgbwPD+Xz1lrSqViUKtZsuu9CtafSqw3yCLWh123+xuPwcMwAHjaNyYiZk97mUxmyg7TDn3LIf/8nhP33HP3TCazFe+bsC0jVi2MPcSqhTGGMWblypUPPfx3rdXESRNyuWxLpt33fa01Ik6Y0NVoUEkwom5wbhu68EeyJ4ZhsHjxk08+8VS1FixZsqR32YuFQsEY838v2SEAJ74iIiQH3UybhiSqwgy+73V0tM+du/Puu+82bfqOh7/9yOnTd/S87dhV2Y7YXu/y0ODQbbfeNqmn57rrbnBbstncNddcW3cIOzo63APnHdV9p9fbDgClcrmzq2vGzBnuV/fAWqu1bs5FPfvskltu+cOnP31eOp2eN2+XefN2ec97T3znO064+6579tprz59d8otLLvnZjjNmHLD/fuede85//dfX6i9sa2+rP87lchscduLEiddee9Uf/vCn229f+KMf/viXv7j0qquvcE8RxZ/zMFxvzbAelVGoAMCVEXZ1dbqNTbsh2zIvv/zyr355+R9vubUwNGStdUExRw3YjbVYHw+Hx0WM5xcumBbffgsAxKyU8nyvVC6++trLQa1GzFord6T4ZcxhGG7dhApE9H1fJSFAZnCpIi+93PvYYw/ddNONJ5188llnnTlr1syt+KbCtolYtTD2EKsWxhjlcmnx4scGhwb22HP+hO5urbUxhogQlVKglEaltBqOSmCyhIeIStUNNTZ9N80bHBx8cNFDt/359nvvvf+VV1ZEQUgK3Zp3chx26aNb/XK0bvRE+JVXVjz++FM33/ynubvs9NBDD530vpMOPPCQfD6/1d9X2IDt1SG89bbbAeDqq6/s7u5yW26++ZavfuU/n376mba2Vlc4t8ceuwPACy8sA4DZs2f396/b5PalS593R9hxxx0fe/Sxs84608XY7rrr7r6+Nc10fhDxf6++Zt999jn6mKPclnw+n86kUaG19pJLfnbKqad88YufBwCnoGOJNuewjz7y6JNPPn3mmR8+88wPL1ny3Gmn/st9991/+OFvA4BKpeL2Wf7K8jc4Qnt7Wzabe+bpZ4855mgAeOKJJ7fG5W7HDAwMXPTNi++5655atermEpykGrm8IpdUwckkAjlOJYqHYLcxzr5w4yygRs/zV69ZOTg4mE6n5s3bbe+99umZNDmTaUmCZ1ypVa+6+vJVq157U2etAWiDRCQAmDx56knv/ZfOzm53ZmRttVZbs2b14iceev6FZ59/4blf/OLnq1at/s53vtnZ2fmP3TZhm0asWhh7iFULYwnnjz3y6EO+rw8++ABELJUqpVLJxfSZGRGUUp7nK+28OUZAF/pHhFTKz+XymUwmDvo7S2Iolkt/+vNt119341/uuKtSrabTmWx7GyhVX8RmBmA2URhUK2/CJ/Q8X2uMIkMbzVpbcnkvlUqW0uNwDVkbheFTTz79/NIX+vrWRCY69ph3biLvWtiqbK8O4Y033HTooYfWvUEAOPLII776lf+84YYbP/KRMwDgmmuu23mnnYwxP/jBj4448ohcLuscwo23149wwgnH//53v//ud753+gf/ZfWq1ed/9nNnn72gmRc1d+7OO++88+c//4XzzvvkXnvvFYbh9dffONDff/jhb0fEqdOmvfbaa0NDhUJh6ML/+joAhEGwmUf+wQ9+2Nbedthhb3WyojtOn97V1Q0Av/nN1RMmdD/xxFMLF96x44wZb3CEj3zkjJ/85KdKq9mzZ//857/cSle8XVIul3/w/Z/cecedURgCKDdYIqBWWmmNiICg4rBaPBy7FzIzWUvEiIhupGWXs8EE7Gm/b+1rg4MDs2fvdNoppx94wCEpP8XMVP/DQEz33nvXG0wyEDGdTjeOm8wcRZG15LVPpLBG1Q2lgKZMnnroW4/K51oRlYrPDBHwpPd98MFF9119za9eeaX35pt/N23atC984V/rNbrCGEOsWhh7iFULY49nn32mVqvsuts+RDwwOFAulTPpTCbTggjpdNr3fd/3lEKIjaRuXWQNhVHYPzCACF1dXblcTrMGhMhEDz/0yN133nPbrQuNMa3t7dpPJXGT5A8wIqo3XCBBRFdz6B47v9EYU61Ws20dWmcqhb5go1mr8jwXgIF4NVIhgvY8P52O0ulKsfDnP902adKkqTtMmz9/j5G8r8L26RAuXbr0+eef//AZH2rcmM/nj3/X8b/77e9POeX9ADBp0sSzzz4HAA477K0XXvif9d023l6POOy3375f/o8LvnfxD2688aZsNvfud59wxpkf2vC9RxKl1GWX//Ib3/jWr351eaVSBoAdZ8z47//5yZ577gEAn/3sp7///R8e/vYjAeCMMz9cKBSfePLJ97z3nzeImmg9XP7rvuX23W/fM8788He/873/+s8L3WvfetihWusv/8cFX7vw63fdedeknp73v//kvz+4qJ4j2nBKiEoBwBlnfqgW1G6++Q+lYumUU0++7NLLU36qmTdnG4GZFz340J//eGsUhgCoFWrleb7np1OAQMwArFBprT2lUaG7gXE6PQIwmMhUy5UgCFAhEQMzMSutamF1aGhg6tTpn1jwqV3mzmOGIAxihS9iS/F0Y/r0mY8+9rC1ZpOnh4jWWqVUYwzPRcOJaJOxtQkTepgwCMJ4khF/iaBS+pCDD582bdYPf3Th8y8suenGG44++ohDD32LhOjGHmLVYtVjD7FqseqxR7lcevrpxfvsu7dCHBwskKVstuWee+5bsmQJWdp1t10PO+zQzs4O32/RnlaoEJGZqtXq4Nq1bCK/JTe5pycIw4H+ASZobc0p0IVC8dFHHrvxxt8ZY7Jt7TqVcunIsdiSW0EHAABUClADb9qkXfFRFEWNW9xRTFCFFFi74fKg1p5CTHxOpz4TF+wioJ9K5drby4OF2269fb/99p0xY1Zra+sI3VgBIE6XGGX6+vq24tGWL1/+7hPec+Vvfj1r1ixmqmcev972DSCitWvXdnd3/yPJopMmTdqc3V7vwolo9erVra2tG59kX1/fmzs3a+2qVasnT+5pfK0xZmBgwJVTvjE33fTbuXPn7r77fABYsXzFCSf8809++uNDDz1kg90288K3X8Iw/N7FP/jVzy+3xmit06m08rTSWA1q1kbWGqW0Qg0AqVQ6nU57WqNCRFUXmtOeRoWVYrVaKTMzkTVEudbWV5b3VqrlBR/95FFHHkvMREzETGQt2fgXJqJVfa/98lc/7e19fss/uRsK1ylQPZN3+NS5F0ybNksrpbRSWrkaBFc6oFAB4v333/HT/74o5ae+9KULPnv+p0X1a+whVi1WPfYQqxarHns8+fQTr7264qCD9h8YGCKiIKh997vfe/zxxWvXDARB4Pv+7DmzLr74W1On7pBvzXtaE7M15rVXlutqf3d3qq8v8DonT5wymRlefLF31uzZmXTm2Wef/epXLvzDH/6o05lcvtW5Z0TsvLn1ggrM1thKqfAmzry+Zji8RalMNu953rDskhPpjZcKUSkEgFq5XKuUP/2Zc88446y99tzrH7t/444DDzywUIj/vQ45ZMMZu+OBBx4AgJkzZ26XK4SbSWM66OZsdyilRt2rUUpNmTJlk0+96XPTWk+dusMGGz3P2xxvEAAWLXr4Jz/5n8985rx0OnPVb66eOm3a3nvv+ebOZLumUqk8v/QFaywipvwUIKCCQqlYLheqtYq1BAgp32tv63JZFpBp0agUkMuPZ2aOjNY6k8sYY8iaWmABUSHXapWeSZP33++QWhARWbJs4xZAVJ9jWEut+Y5/OfWsxU8+WhgajKNv9RT/9UnEoJNxNpGGRjcSI7a3d+279yHdnZOCWk25SUYCKgXuAaqZs3bZYYcdX3rp+aeefrpUKnd2dozOrRdGDLFqseqxh1i1WPUYg5mr5XJ3d6cxZK1VCv/851sff/yJ5a+sNMYqpYl4ybNLP3rWJ779na/vtdee+XyeiIwxENQ6fT/t5fI6WlcY6po0SWvd09MzODA4adKkJUuW9K3pI+JsKg3xoqDT1N1QJtRPpzsmtE/0ppf611lrmOPmK5vq0dIgZzqsazrs9Snt5Ts6mbhcGAzDwEmeAoPTJ2VgRCAGheilUlCt3HP3fSefdDIzy7r3yDEGHcJMJrPPvvts7PW93nZhc/jCFz533XU3XHftDcVSad999/72go9tLGc6HiiXyqtW9TGz9rRSmM6mS6VyqTxULJa0l0FPA1EQBmvWrp40cUoYRr7vK/RJgYJhfXFrrYc6nUpVKxYRFKgwjIwx06buiErVajUiJiJr7XrNYcmFoqmttfPQgw+neoqS+5/rXYXcD3RpF6gQQSWyCEmSkVIKtVZaa1WtVpXWWimltdJKIaLWSilQGlFrrbIt+e7uiS++uHTFihXlskwyxiBi1WLVYw+xarHqMUYURZVqZdas6VEU+r63evWaRx5+9LVXVwdB5PlpRiRGjbB69eo//fHW6dOnZrNuuos6nfb8tFZplcp4Ku1SxnL5fOHV16y1a9euW7tmHQAorZyH5/5f772ZWzva0i1tURRWiwXUWisEGo5yuH1AaZ3K6ZY8eim2oa2UbFAGtoiYdKJwUQ5USgWVSirT0t49sVYtFQeHEgEbYkbnFSIAAaNSSqlVq1YPFYaiKEqlxmOxUnMYgw7hxIkTL730F5u/XdgcOjs7Fyz42IIFHxvtExllypVysVBkJkRfedoYMmRKpaKXyqlUXvkpJI5qQ1GtUKmWci2t1lrteQqQgMOgprXnez6AImLP94itUpqBIxsxc3t7RxCE9VmFNZaAyRLH0Weg4Ti0e+Ak0AEAUSlUylPK8zytPZf3xMSWyBqyZC1ZsAwICEqhQrRusqGTeDMqrZT2tFJagdJaa1RaKcUMuVwbMxeLxbosrTCWEKse7X8BYesjVj3a/wLCVsYYY61Np9NRFCHCwED/8uUrgiBARJXKdmf2X1t5AjAgqj711DPlctVao7Wntc60t68tFFKlKPBaOru6E9kkUkoba8vlSrVaBUgBoPMGsaFlPQNqBR0TewC9cmHQWgONgQ0AAFB+Kj1hWvfe+7fOmuXnfA6rTFZpjakWU6NC70trH18Urn7FmgiIABAILBIpa02ktZdpbeua6A2sXZdcqFO0iTvcu19rtWq5XBaHcEQZgw6hIIwcQRAaEzl1ZIXKWMPMBJBOZbh1Qltrlw3D4jpSpmZMRAxEnCg2k6EIY8kfBmZUChhQITCQtczoeakgCKytTzNcpJnIUpKGZF3KhO97uVw+m822ZDPpdCaVTqdSvqfjprSJfDMwg5NCsJaiyERRFARBEAS1Wq1aqdZqQRiGDOxSj7TWSmvllMSUp5TS2nPNtVyboGRaI4w1xKqFsYdYtTDGYCYiq7VXqwXkGl0mTyHqvuAZhUxskRkRjTFRFLfRzubyjMpEUTadSadTxOSOhohENopCay0oSiRkYNgfBEh5KtveEYZhVCu4YlknPup2TbV3dc3fMzdthp9rqQ2sHXrmUQpDJgvMgEp5nkqlUh1ts955nKkExReXrX3y0Who0Pl6TkGJiSpD/alMrrO7u1gYjEKLCMAMGPuErtm9MXarN/YUNkAcQkHYIuJ+VRg3rkKllaeUQgZTG1i9XPm+QsvAiAqYEBEZGFihyqSz4FLo0XXAAnThr3qqBFEQBETEFizZZHrh/mKX9tzZ1TFp0sTWtlZPe65KmxmsJTJsIg6CqB68S0ZO9w4KFWo/nUu35BUqQAa21tYq1f7+dQP9g7VaBRC09lBprTylI6WS3CSl662Dmpa97zptuk6hm7Nd+McQq24GYtXNRay6GYhVN414+c6pszD7vj9xQpfv+1FUNUFRewETEUVawbx5u1SrVUQwxoZhsG5df2tray7X6nkqjCIn3QJaI6phNVHVUAvo3g4gnfLyHRNqlbIJQyICYKa4ZpCZu3fdfepbDw+LhWp/X/nlgq3VrImALNu47SEopbQOB/qrr65KtbW2zZwxed99X7nj9jXPPOF6fyIyARMx2ZJO+63tXYV1fYawwSeEOMWayb11Exi3Ji0OoSBsAQpVSvtxVypgQNDotbRka7VSi/a10hRVo6iCZNKpdqW0jucRwMBaaVdxzfG3dTwN0Fqh9gHYWhOGkTXW5R0RWWvJNRdqb2/bYeqUru4upbQx1kSmVgtNZK1hY621xlq2Ni5cYQZmZAaCpP2IUu7kMZ42aO0pT3t+Oj91x/apO3K5WOjr6xsaGgyCECBQylP1jCZUTjk95fmu7fKI0tvbu3DhwmXLltW3HHPMMcccc0xvb+8ll1zSuKfbPtLnMx4Qqx7pOyxW3XzEqkf6DotVNxnf97q6OgHiBgGZTHru3Lkvv7z8pZeWR2GVTODakHR0TZi32y4tLRlm7h/o732hd/ETT/32tzev6Vsza9bMj33srIMOPsDzPVSICES0ww5TfN/DYXUjcLmivue15NoqxSFrDLvoRZLOqdOpyfvsO3n/t/T3Ph8MDJhKxQY1iiIiQ8RASbqnW9H2qtbzbbVkisVoYGDGkUdnO9uXP/BXsjbpRG+JmAOqWu6Y0DM0sNZEFhCBeViSBnDChG7fH1mfZZybtDiEgrAFEFtjbfIbuuavuWyrMQOV0jpQHjAhUFtbu6f9VMpHrWPxOKU87VmyTAxMDCrOwEd0TasAwBoKg4isdelGSqnurq5Jkyd2dna2ZFKWoFoNo8iYwEaRcVMNY6yxZFzqkmVLQAxMQABxQM2pOLtYNyIqTytUWmmH5/m+5/me5+emTJszcXJULhXWrVszNNhvA+t5vpMwMMYAgCU70gkb9WF3zpw5Lgi3cOHChQsX9vb2ujF6g+31X4V/BLHqEb29YtWjglj1iN5esermY40tFkv1tV+l9IEHH7h8xQpjTKFQCoJAa93e0b7nnvNb87menp5KpbLshWWXX3blXXfd6wIWjz762LnnfvrjHz/rrI+eqTDtSlrXru03xq7fXgJ8T2XzuVqtZiMT+4KJ9qiXTs85/MjsjrPXPftUMDgQVsoUBDaKyIU6mIaXvFGRM2LfoyjkMOIw4CCYMHe3fEf7s7f+0RqLgMyASMwIFJSK1JLNV8pFY10kJxE8BRgaKhhj0+mRur1i0uIQCsIWQESJ2jIAAyjwlZ8yqdZ8h7GRtZFS2vd8Zkyn0+lUGhUiotZ63s6z991zXt+6wfsfeLharcXpEODUBOKGrdbaKAzdDKOrq3PuLjt3dHYYY6MoKpQqUc0GYWQiE4bGRCYykTE2MpYIrCWyTASWiRmIgIBc4NmlOwG62YZC9we18nzUSinP87Xv+ynf81J+OuWns10zOiaFtcryl5cNrFsLwFprY4279k0opm9VFi5cuEHsbc6cOZdccokbjs8+++z6+Ou2L1y4cMGCBSN6SuMBseoRvb1i1aOCWPWI3l6x6uZDwFHkmsLHiZ5TJu9w0kkn9fRMfuSRR4rFYsr3J0+ZctBBB82fP19rf+3aNXfccffC2/+C2ldKA5DWmpmuu+6GI458+5w5c5yNhEHoyms5EXFRCrP5tqAaWBu5tOa4ahAYiGfuv1e+Z1r/kmdqhcGoWjG1wEYRmYitJWJgC0lqq5PLRa1U5JFnOAopCikyHIUdM+bsevRRT912OzNB8gEjYI6iECCfyw4NFQGTOl4Ap6kzomEOMeltwiHcuGHlds3mt0kZtxe+/VLvu+Oy6JEBlUqn00opY1KWGYAVYsrzfd9XWrkmqxO6ut5zzCEzp7UPDVYLhcJDjz5V7zvV+M9vLTFTd3fXtOlTJ06aQMTlUiWohUEYhbUoDKIwjMIoiqLIJsFm61KWXAISk5NGIGZKMu+dblhSUKIQEJVGRFZaaU8rT2tPe57na99L+SkvnUmlUql0JjV91m6dEwbWrHqtMLTOmCTQPsL/wsuWLdsgE2P27Nlnn332smXLNojGzZ49e86cOY2pHcKbRqx6RBGrHhXEqkcUserRASHJYGZiVlpNnjL5n/7pnQcffMDQUMH3/UmTJvX09OTy+chEK19dueTZJQAKtU+pScAabQnNusHBoZdfWt7Z1dmaz3OjXSO4mtt0SyaoBcZE7FJFh1VmYNpucybstl/fc8/WBgeiSiWq1WwUUmSIDFuKlwfd+cVtJhRYJGWUNWx9tgSW0Johazqnz5g8Z9Zrzy9z7wqMzKiQbBTWMJPLZSuVGo+4IQ8jJr1NOISZTKZarY72WWw1MpnM5u85Pi98+4XXr2t2bVgRwPd8pTSRZQallac0oqqPr9mWzOSOtqyfVRnuam/DJC2+LtvshttsrmX3PXbrntCNqCqVIKiGQS0IgqhWC8MwisIwcsFma40hIrbWUtzwKpb+cn9bhgYlsHp3WUzORyEgKw9iJXOtlKc9z/N83/f9VCqVTqXSqUwmnWlpnzqrs32oP/PIXU24t/WK7Q2YPXv2JhMzZs+evWzZst7e3jGWttF8xKpHDrHq0UKseuQQqx5t4o4mzIyA+Xw+l8/NwHiJ2/d8stYglkvlMAwBEdEDL6Wszxw4fdAwDEqlUj6XW19HxgnJKAZlTeDWsGNvkAGA2ye0T9v/beuWLq3190elUhQENgytjcgYJkraEg4vcyACIyEhKwKyQPFPZEKggpeaud8h6156MQxdQxbXmwWQAMJApVK+74Whac4NFZPeVhzC1tZWAKjVatv7chkiZjIZdzmbw7i98O2XRJe5/u/FAGiZwzA01rCTeGPQnk6n0j74CjUR9a1b9+TLffu37jQQ8NIXV1hLWg3nQjjFMEScNm2HST2Ta9VatVKpVYJaLajVgiAMwzCKosgYF262ZC1xLEvABOTUypNgcxyjcyoFDOs3mFVxIgcgowZUAEopT6EGpbT2PU9rL+WlUqlUKpVOpzOZlpZ0OtORbe1uwr11A+vrjcsb4/YcS8PxaCFWPXKIVY8WYtUjh1j1qDG87g0cBxd4qDj06MOPPPfcc7lcbt9999tjjz2y2AIImUyme0K3szWorgqj0FPADPlcNt+aw0bXLUEjeKlMUAvJOm+QnGUis0LsmTuv8NqqSv+asFQ2Qc2EIUUhW8tk47gG03DHCnTFgciAipmJCBiY6peB0Ke97Py3H/L47X91S4qgEiFVgiiKfN/DyDRndiwmva04hM41Gg/uxMaM2wvfbuGGNCRgBiIOg6BcKVVrZWOMQkylMi3ZHBFDGlIIgF6lUr3u97fdt+ixQrH02qrV9RQIdyCFLnINQRANDRSqlaBaqbkZRhi5P5G1xhi21jqpg6TZFRMTWyZGdhFDAGKwiY50PfAMifA6NPxM5hmo0APUSoVKa6UD5aV8L+WlglQ6TGfSmUy6VouSCx7Zm+vSMDblpgoaAAAgAElEQVQz6uYSOUb2hMYLYtUjiFj1KCFWPYKIVY8O6PpVxoZpjPnb3/62cOEdK5avDIIAUd1379/23mfP973vvTvttFNbW/uu83ZZ9kJvb+/LqH1PI5NlsgccsL/WXk/PZEtmaGgoDMP64f1UKgwMETm1I2ZEZnSdVHLpTL6tsHZNVCrbWtVGARjDllzBamzIwxIww2bo5EIBESwxWILIJNJJ5TXL/Sk7tnbmCv0lVoAUN3ghZkXWWpVOedUg3PSt2NqISW8rDqEgbB8wuCwNgFj62VhTqhQHB9cRMaJioCAMrI3a2yeEYeh5nmv0MzhUGCwUEOpScjGIkMvl1g3WACCoBgMDhWolqNVqQRBGbn5hImuNtUCW1ks7ovhnHHImdCrmBEhJ9UwyycCkogaSDChkQAYkUK4hkUIFSiN6CjV6odYp7fmeH/ipdDqTqVUDGJZeH0GOOeaYZcuWbU6t9s9+9rOxF58bNcSqRxKx6tFBrHokEaseHZLemi4pevHji//8p1tfeGFZtRq48EehUPzr/X8n4nPP/WRHZ0fP5EnHveOYJxY/9dBDDwdh2JJpOeqoYw972yHt7W3pTLpcipa/utImzSu1UsxMTik0zhRldj0kgHeYMbFaioJiIapVrQnZGKJEU5Qb1UAbTjVZhXROHiiMlzWNtRACIEKx6K1q79mhOLCUmBmdjAwzABGAMZj2tY6ac2vFpMUhFIQtwFIsw8Vx0JmNiUqlgrXWS2U9nTFMbGrVWrWlper7GWtJE4MCQPdCQE56HDtRL8Y4hYKhWg2GBks1V4YShpGTKncq5dayG31jmCFOPeJ4Y3xKtmF8ToLPLtaXiBY4LTtAQGBQ7MT1QLtKA0StjAcq1NpXXkoFUaoW1moBjLxKQWOt9sKFC9+gyY/rFDQmGwGNCmLVI4pY9aggVj2iiFWPFhj7WRAEwUMPP/zSS6+UShVEhdpDUESmUCg++cTTixcvPuSQQ/beZ59aLdz/gH0OOeSAWi3o6Gwnomw2N2vWTJeQjApSfgoAwIBWSDZJs2bnDLICYGCN0Dp5et+rfVG1QlHI1lCs3xv7gY2qSwwUN1AZ1oSJvUIAACJASwQYQgRUG9TpdEZ5miM7rHSKcTGijYyn/eboyohJi0MoCFtEXbvOfbszMUVRCOipzIQUtNeQfN1nKmuDMPC8NMUZ85BI1WFdMMD1geV4usEAEARhqVQMwzAMQ9fAmCw5ZXPr5hrMZN178nBRuUtHiqcUcWmKq01hcF2PE9GCWKHM1W67DsjI6KY9CkAhGlQK0UP0jI5UFIGOQp0Kw2j4hSPMggULfvazn9UFoDfeod4CaOwNx6OHWPXIIlY9GohVjyxi1c0nETlCRKxWK729LxaKRWL2M+3oz0T7CptqFJRLpdLjjz92wAH7p1Kpww47dO3atevW9YdhmM1mJ0+enM1mq9Ugl89jkpIMsa6tio227uexi1FAW1t6cMjWigNRUCNrOQljrHdy9faDsef3ehKhTGSBiDGyNiRrPb/d08pEFsD1oAAV+7xMRKAUqiZJjY5zkxaHUBC2CI4jWC4RAjHuHYLIQAUeUiqLdfmBZCbhcClA9d4c9XpuVPFEIwzDaqUaRqG11hJZY2k9OAk4c1KWwnHcmShO7iBLAIaS8BoP53Ekozcyu6g5gkFExQCMyACIGlEDKFRGgYeoURn0bKQiY1wSPzdnVH6DQbk+HI+x/j+jjVj1iCNW3XTEqkccseqmkjR0UEq5QtZKuczEiMrLTa5GHZlUAdgQUWRMoVAMo0hrz/e9tra2e+6+f9myF/fbf+899phfq4VRFAKAUmiNqdUCAOUpRXa4BUpSgRtX4ea6O9euXBmUS2QjIEJkhQoBIZZccmzQnGW9hOv4f1dKC0zWukVvXQsJvHxbulINIPH8OPk8IoDzP+sCvyPNeDZpcQgFYUvgOHufmMjYVNozRmWzuVK5xMFQ2ksxlU1QYmbP8xEQlQKVtLHi4eERlbLGaK3CKCqVym7qYYypBrX63MImUuXuRyxJQETMluxw3Lth0mHZEiC5CDQwUaKnQPE8gxgRGsTNGdkJ2QECGgDlphqIBlAr9MBGSnnWGgCAJvaZrGfzNw7Kbjh2Q3bTzmRcIFbdFMSqm4pYdVMQq24+2tM2oHw+39rW5nlerRbY4iueWmcooqgEwJl0uqOjg5mJjDHwu9/d/Le/PsjMy5cvt4bed9I/A2QVKmacPn261hqAjOuEAgD1itZkidDzVbVqwkpIJiInKErMYDSiVhq1Gvb8NnAJk23oEkjjD4q1BIyogFExAddKQ9mWtFZg3SrjsPG6HojNZtyatDiEgrAFcBymQktkrPHYU6jbWjvCMAiqBUAFwFphPt+W8tK+73taIyZ5GS7wHMtoYRRGWnlRVAGMUy2stSYyNk45cpML18vYuqoTVOj5KVQKEJGZiIyxURSGQeBeZJNOQMQUF6isN7Q3JvyjaxxLjABIiAAKAAENokZUCB6iQeUhRmSb1AuozuzZs7/97W83BurGfHBuFBGrbg5i1c1ErLo5iFU3FQYASPmpaqU2bdrUmTNnrFmz9pWXlwfVotIVJwmTSvld3Z277DIXAa1lZrPk2aVBELhl6Pvu/+t73nui52lEILKTJ/ek0yl36MQgIQlTuCVCAvaqpQoTkrEuBxriTGeyYD2ttO8jqng1e4NMUYxTr5nJRKG1FC+9IxK4JXtC4KpVSqGx4KIgrvmEUjDcPqaJjFuTFodQELaIegsgImOrlWq6JW1sururp1wphGGotc5kWnwv42kvnU4prRAxliaIpxmslCJLYRg6LTo/LhcBa8m4YhQicoFihS3ZfDafz7W259vas9mc9jytNaLCONWI2JowrBUHBvr7165Zu64wOFCpVCJL1nJD6gcnFeAI7EZtZI5TOjj+qRgVgkK0iArQAHhaGQZtyax38c2inrzR29vrVJ7H9nA8eohVNw+x6mYhVt08xKqbBAIA+L6vFHZ2dh1++NuXPvfcrFkzli9fYa0FgEwmteOO0+bvNm/nnee6DE1klc/n6w5hz6SJWivt6WKp5Psp7XnDvVWGWxxyfRMwEtkoiBiYLAKREwHFpCdiSNZn8vwUoIbhTGuG4Q8SMFljAmMssnKCMbGjiMiMlsgiEnFdngZjuV3GuGdF85cJx6NJi0MoCFsAx2FnRlSRMR54URC2pFo87fmeb4kAGBF97afSac/3lFZOLHx4ooEqiqJyscxMQRQ19rkiJmMMI6cymVxbe7atM5tvS2dyiJoJiGwtYjAEYF0dCYIrt1Za57p68pN2mLEbchhUBwcH+vpWr3rt1dV9fZVKxWkVJBOOOGoOrADA1gdmRGJLgIA6KbdRgNaSBtRMFpKQe5Nxg/I4GY5HC7HqJiNW3QTEqpuMWHVzQACtdWtrfnCwsN9++37wQ6cvXHhHe3troVBSWnV2duw0Z85hbzustS3PzGQJAI57xzFBGKzpWztz5o4fPuODAGCiqFKuTJ26AwAQMwAogvq6ekMHCQQgIrDWxEuGLqmZhp1HAIgiYmY/nUGlnF8XrwICKqUBbBQGkYkAkNnWVXFi0SaFRMzoLDz2JDkugkUeTl8dBcaYSRtjPG9Dp8+Y4ZwCcQgFYYtoGDARoiiy1oRB5Kf9bDqLWgGCQkSV/FEaAFTSXMcaW6xUozAAhS7XCABz+fxQsd8lCmXy+QlTpmfbukH7xnJoqVY2ZEMg1yWWkowmRGQFiAqUQqWUVqgUep7yvFRn9+SJE6fMn79HsTi49Pmlzz79bKlUcqn5iXRBHHVmQnDKdYjAwIncMwAqRFAawAO05CYZ2MzKlGEWLFiwmb1ihTeLWHWzEaseecSqm41Y9YiT+GHpdKa1jYvF0tFHHz13l12eevLJVatWp1KpST2Tpk+b3tbeWu+4QpbmzJl17rkLLFF7W3tXdzcCl8rliRMntLRkVq58dWBg0DmExMyAzgEjrvfEJGawNnbPnEfoWlIkXh8wQxhFgOinWzxPgwutxHK6EAW1KHLit5TYNJLreYEKiC0gA1uK1z9dUIbjE8HhNvej4RiOJZOuVqutra0bb6w/FodQELaA4W9oABdgdnXbUTlCQEaIJbewrloOiTBAnAmvlFJKkxtfAQE4lfKBARG7eqZN3+0AY7EcmigKrHE6Bdap06lYnpwBGREQ45whhaiU0h5qpbRWWivPV57WKU+1tnYffPBbd9t1/hNPLF669LlisWiJgF0CkhtdlVMvAFAAgKASLQMkVEgEYLAedR6VvA2AMdkBdptCrHpUEKseUcSqRwWx6pGGkxW2bEuLQlUqlaZPmzZjxx1dDrNyBpeUwyIgKkRArVFpjYBRFBJzZ2dnPpfTWgNiPperazAl6crEAGQZmQlQAZGxKokxYHICdR1SpZTveelMpqW9XadarTVMpJTWKc/WiuUBQ5ZNFA0nosaZpUwcK4jaeJNzJFkhxL0MR9GUE8aMSa9cuXLevHkbb6w/FodQELYAstbFx+rZSG4I06iYGRFcglCiDBePoCpWh4tDXxQLacUBNBNZNx0x4A8Vosi1OLaWjKlrlzOxqr8vICIjglKgELVSCpXSqLXSGrXWvqe11qGvfE+nQpVpaT30LYftOm/eU08/vXjx4iAI45h5XECOzHFpitP9AlQMyKAQlQJgoLhDF4O19Ia3R9guEase1dsvjAhi1aN6+4URwXWxdMtvSqmWlozv+1EUBkGolCLWkHhQiU+ISfcHZGJUKpfLpdPpVMp3vSvq0RBbb34SrzzHLp+q1xUSASIBq8buLACplN/S2q48nyzViuV0lkGngYkBTLlaK5e0n8mmWxC4MjQQhlHsRlK9aaFyl9S4ql2X+SWuCzlhY5Kq8CYYGBhYsmTJ1KlTW1pa3NrgypUrBwYG6juIQygIW8Bjjz8RGRNnuccThXi8VUpxY65OEk0bli9P+vvU90ByX94EQAAQ1EypWI2iyFpLNhZoZmJmcoJcyRHZdRBCBIWgXRqSdj9Qexhq5XnKj1KRpyNfhRGlfa+9fcIRRxy5227zb7rxtwMDA4BJThIigHLDL0GSgsRAqBEVgUKnKAZQrpRvv+2OXXfdpel3XRhZxKrFqsceYtVi1WOMUqm0atUqgD2Y6yq46Hna81rcFH+TqIau7iquk60HQABxuGdEo8NFAArAAnuQfHxiCdHYLyMirXUul8l2TQwrgQ0CBiCioFTMdqQJtVKqViqTtWAJEZTntU/qKaxZXa0GzAwIHJ9ZXHS4/lnHARtuOKlXX3u1WCrm8/mtdDvHIwMDA40e4AaIQygIW0CpWIxrpgGTpPZk5GJABEZgbqzf4A1GunhXgKSY2+2NDBCGYalUNSayxjCRJWK2wARUj8iBeweME5DcVAOVUkqhVkp7no7QZSIZbT3PM8aLjI2MMdY31k6cMOmUU99//333PfPsM8bYpGKA4vZW8X/EgIzEoBgUgnLBPGPM6tWrm3izhSYhVt3Emy00CbHqJt5soRlorVtaMu7x6y2XYYNBx1mjSiVL35tk/eMk63FAAMyuoDauaAUgtopcDxRwiqaZfGdQqpC1EHcWZGuZyHiZNo4qJopcd00iJktMnOvsZl5brQaUfLjYRU0YOF6yh+Q3ZGClwMYtOqGlpUUr/Y/eROH12VYcwmKxWKvVtvcVYUTMZDIbV22+AeP2wrdTKBa9qg+ujMM5/fVYFrov77iDVMM8Y+MhOX4JMwBEoalUKkkCkmUiBkpmJElBjNNjRlao3CRDoUKtFKJSqGyklfa0NkZpT/vaWmM8o61JWUuR0dZya2vHO975zslTJt97z72VSiV5f+XUnqmu/RXXqCgEqKchEUka0hhErLoJN1loMmLVTbjJQpNpMN3hKr6GZxsXAxHWW/bexD7rrwpaZ7r1Qj+qv2V9zTzWv2UA8LVKZ/NhLSBrmBmAEUlpDQw2ivLdnUOvrnKpoGQtEzMiR8RkM/l2E64LrY3DNBoRwDJv4LIycL0DTD2FdVSkksYP24RDWCwWG4Vutl+Y2V3IZrpG4/bCt1+wXnrNgCoeItGFbpkB49iz66ODw9LN9UE3yV4annAk8s0MJjLVapWtCzgbYEYgF55LjhBPNVy74+Gos1UxVllFVlntKWW09ZUhL2U1WbLWJ+sRMRFnMvqggw7OZDJ/+tOfK9VqHBYk920DAApcG2RQwEyADFQ/2abfcmHEEatu+i0XRhyx6qbfcqEZNDpFzifc2DMEAKJY0Cj+dSOPayMXK144h8SwkhLcZKkcQSUOIVnb3t5hDZM1znPkuGsgotYUhZlsvq9WQ1RsrZNlAkCwaNkA61RLOiiUrEaNTtUXPUz8z/jzxgAK0NVL2voHcGvfS2E9tgmHsFarjfYpbE1qtdpm+kXj9sK3Z4ZbF8fNgjFR2oqLnoe7staj0fWOPpw8Naxkx/VcDjYmCmoBEzETs0VImlKxy9FghLg/sUpkxBrTkJTSyUxDadZaEbOylsmSIUrZRtUDnwnmz9/D87xbb71tcGCAQSV60C7YHOvaASAnaUiwqXCjMCYQqxbGHmLVwhgDG7KYob5Y1+gNxs3c48cARC5ltO5qNe4QBznqNgNJ5wce3j9eRmcAdIEHcEIyBJqikJjcU0ophcjMGoCM0VxBUHH/FURiJiJgAEtEVoHWwNbV2HLSzwLdsiQqqJ9vo3+4yWV7YWuyTTiE23vC5AZs/uWM2wvfruGGgZIxkR5wj+P4WeO41RBwTnZN9ksKppO9LdnIhESEbNHJ2gEniRvx9348x0FU6KoD6pMMpTWjE7LzFDOR0kzKesTkERMQkxNDd82AmFuAd9ttfspP3XDjDcViCbGe0q8aG9MyMDMNX7wwFhGrFsYeYtXC2CIRAk1+aXzu9fIpOfEJcVO7RVFUKhcb36D+sP6z7qw5V81am0qlnMRunPbpjBwxnc5ojYC6UCDP9xG4aigMa8wcNzYEgAg930ul/dBYTFJD600GVcMypct5FT+waWwTDqEgbEc0xJYxyUOqD5oYV6oAQBKHSwJySRA6Pkpc0wLMA4ODbhtZG0URkEUXdWNiqMumc310VAhOqAARyTVWVkohWqu1QtJakyJttdbMWrNiIsuaiFNE8fyCGNhVjePsOXOOOuroP/zxD1EYxXMlckE6BCBCBLaw4ZeEMNYQqxbGHmLVwthjk35f3YDrP5MtG+6//hIiz5ixY2dn1yYOyGATDwHXj564oEYURvUFPmDXHwJrlTJTrmtCezi4PJdrG+hfF1SL8QeRIfEIIYog5Xk6ssOZ2U64xvUh3PR1s2RBjzTiEArCFoAYx40BYFiU3AWf43atDTE2jofQeMis77H+l3U9TYnI2ijEJDYMTFCfDsTNpwAByIlxKUBAhYgKtdKoUClLSiki0kqT4nhK4ZokJ4204vNKwtcKEHHfffctlYp3/uVOQ5aZFddPDwGQUTWWsTfnPgvNRKy6OfdZaCZi1c25z8K2QONq4QYlhXFnwaTasPFVmFDf0Fg0qADQrd4lfTATiU+0FBfNOjmZ+E2BAaBWLQ4NevnWrsLQunJxoMESuV5oCGwMaWzIQX0jPzB5U3EHRxpxCAVhC6h/2cY1++7ruq6UDC6NB5w+Vhx7rjdUdR1imevyWcTEgOlMplotu8Y+xhrFzGzZzTCYkgGXEdkdzWnLuXFcKURSVhtlldZaoVaaiBRp7ZI0iDXpZILhcjaGtccQXK4H+scee+zqvr7Fjz/OjBYYgVxTZkZgoiSdg2WKMSYRqxbGHmLVwtiD/691so0TRxFjG6rX4TV6hq+++tr6jemwbjx1gRngYV0XdxZAluodWYjcsmH96WppEIDKxcGk70uc6ur2YWaFioxxlYmQrOIrSOoRG3Vl1lNHEpdwZBGHUBC2hHh45PVH1+SbH5K8iOHGxBi3c8X1RzOMR0FEaElnKpUiADATW2vIzTAsuSbIcWxuOKe/HtRDREWIiIqUUpqYlLYatOb4c63rhTJQL6hJzsSNusgaQSvQFTzi8MNXrlzR17eGGQgZGZkxTtOIjyAhujGKWLUw9hCrFsYfjfmiG1CvxmvsTW8t1XsbNhwFkiDE8GvrDh8zG2vdEYjIHce5he7diShtoygyGyxXOqEkRGRkRARi1OvVCw4/aDgNcQObhjiEgrAlIMRf/PH4RZBk6jdMKepjGzAyouslPCzoHAej4wdsieJsJbLWGGZDZAHIaQoAM4N1WfoukwPj8DUohQriqhSllZ9qbW/vbO/oyufz6VQGFQKwCYNKpVKrVkwUOak9lyCCGGcxKaWUMgrVhImT3nroW2/87U3WTZSYkVUyN5Go85hGrFoYe4hVC2OQTbtHG6WJrqc16lJGN+pAyIiotdLKG97W+DbusxN3n4gtylrLzDbuJLHeG2mtARAsG+AwNNYSgPacW6nAWlM/Sa11nGLKBKDiHNXhEtz1lJ64btMsvuHIIg6hIGwJSQFKUgiNjU/E4uYNWe+QxJy5XlnSUFwdi6DXU5aIrA3ZWgICIGKLzMTW9ViOJeyS2J4TNFdKp71MV/eU6TN26u7uyWSzWmGsX6dRa+152tPKkikXhvpWryoMDSRDuUtjQqW0O4721EEHHfzkk08uWfoc1WcV7Bo28/BFCmMPsWph7CFWLYxXNvT9Nleps/6J4Abhz3rWdcMBk98RQCNkMqnu9pbpk7vnzpo0ffa0zgkT0ul8GJaH1q1Z+dLKpb1rXlm5bk2hXK1FkY0TSN3CeeP5YVK7WA/UxEv4IjPaLMQhFIQtABHIFYqwcmk86z8fa2nFQxsm6T7uOfdLPFS7sa5ekg0MYJmsiYjJ1aUwGycjzo2ZQK7hFCAo9DMtPZNnTp46s719gud5oaGwUFSISoFSytNaaeV7nud7nufl2jp36uwKatV1fasG1q01xjVItpEKlVZaR16IqZR+17veteLnKwvFEiAyMK4vy/56wtbCdo1YddNutdA0xKqbdquF5rCeFa7PBqIy670q+W2Tvel5vbVkBgBi1+ASVLzejJt8RwWqNePN33X6/P33n7nTrhNmzIZMTznUYWBKJioyIarUFH+X/VP7ZCIdrB165cXeZc8//eiiJ598YbBsXQYqM1jFOr44F0pB5ER6xi11IyUrhLJEOLKIQygIW0A6nVao6lrLzIksATRGseKkpCSojJho2MXTiWR3Hh7n3N9kyDARsWEywMwQy8+5fRQgut6xiB1dk2bP3ae1tQuRy+WSa36F8QwDldKep70E3/Miz/dTfiqVnjZz9qQpU15e9ny1UklaY0Vaq9CztcBMnDh59/l7/O3Bv3NcEuCSruKyhGy2ZVRuuzCiiFWPym0XRhSx6lG57cLIYaypVqtvvM/rBAI2HR1g5sZAiSuxHRbndS8iBgC9nieGPsB+c7vf8/Gz9KQDi+Xq6sHii0/2BbVXTBRZa4CYnIW79eyUn860ZHMTuveYfcJb3vve8tN/vvyXf/n7i6w1MlhgzXHgRSPEKaTEoBuSSAEAoFqpGGO28J4JW8B26RAODRWWPLskl8/NmjUrl8tu3YO/9NLLXV2dbW1tW/ewb45yubxsWW+1Ut19j93/kStdtWpVpVJxj5XSbW2tXV1x55lCodDfPzBz5oytdMpjnIMOPuDKX181ODBQL7h2Ebv6tCFRKm+I1nLcupW5Ll7nKlqG1Q7igZfIGsscMVti+v/svXmcJEdx9x1HVlV3z7Gzs5fuFRLYOgwGBIjX3PBg4GMDBgziMKdfEBhf2Mb4BAPmsHl5zIuFMIcR2Ag/BuznARswloQAcxkJWwcCiUPHatFqr5mdnZk+qjIjnj8ys7p6ZldoQDNiW/lltdtdVV1d1URnZ0RG/EJFFFxIb1IFBQeKAGx489aTd552P+ZiefmwiIszDEAEJmJmZjbMHGcY1hib51mVOZury/NW+6fPvt/uW24+dPCgJams5ZLZUFZybvh+97vff191VbfX1VAKEy4zz7NHPfoRd8/nnlhPklXfPZ97Yj1JVn33fO6JdaPTmdi2dduKfvQ1zV6aK2oIawVQXaUyuvpk5DeOpJkOlyUJ8bQTtz7xKY898WHPuum7Pzh44xXdxcWy37NV6WwlIioSsrIBEX3TQmaTmSzPW6325NTstuMf+bI3PugRn/7nf/7CTbfuAyfKoCJE5N0/H0YB32KzwbbtOyYnJ++izzJxBI4xh/Ab3/ivN7/prTfeeGO95Td+45UvfNELmPkOX7cGnvfcF/zmb/36eec986464Y+Gc+6DF/3dBRe8q97y4Ic8+LWv/ZOTTjrxRzjbG97wpq9+5avNLfe//8++5a1vPu64HZdcctmfv/FN/33VlXfFVY8/ExMTXqMuypEH1S4/kRgWpYxE6TSOrVqX/PtINAyz+72yuXNSqjhVEXAqzguQ+7IUPzch5i3b77Xj+NPL0g76PRHrmxaT1y0gZKIwwWBjMnZsXGacyZyzzuQiVpxzTlvt/IRTduat4sDte6x1lquq4tLYQcU7Tzn15JNOvv6GG7wmQ53oj4RTU2k4HkOSVW/8Z55Yb5JVb/xnnlhXiIjNUee6tZu3wmNEBBVFaoqGwmhPwsbxOlw1rw8Vfx6AguHRjzzzPg972kIv//y//lv38KFBv+vK0jmrIiICCgrSfO+IdwyNyYu9t9y06zubtp5w5pOef/p3v/LpSy6/qlSl2nRRHBBrbE3Y0HcyxjSbWyTuco4lh/Dzl3/hVa/63fOefd5f/OVbTj115+Li4uWXf/6Nb3gTIL7kJS+6u6/uLuatb/3LT3/q317/htc9+tGPyrLsmquvffvb/+oFL3jx+973N6efftqPcMIHPPABr3/9awGgLKtbd936lrf+5Z/+yWvf9/73rMO1jzkaG+f4SNyKXR6MzayaI3DzQT3BUFCiUL6tAuKcqnPiVK349B9VVK0H2c3bTtk0e579FiUAACAASURBVFK/31OtnDhUQRBSQURiIiImZmYiMibLbOYy41zmcufESWZFC3Xqw3hFpzj+xJOZeP/tt1XWcWVLw6Zy7VbroQ8994bv3CAhjypm7o/UqCTGimTVifEjWXVi3NCj5n+OaL2sKCOk8LQuI6wPKMtyaWkpHBZWuNWBGvB1qVKHUnLDT3zCg7be/5euufqqw3MHBr1lW1XinIgD1dCWMJTRNi9i2HqFkLyG0sKB/MAPbvrB7Pb7POy5L9u56QMf/o+B9T4qoKJBEWRVAUVGbJQ5pgrC9eVYcgj/6h3vfNKTnvgHf/Bq/3Tz5s1Pf/rTnJN+v++37L519zvfecGV3/ivTqfz+Mc/7uUvf1lRFABwxRVXXviud3/nO987ZefJz372eU996pP98X//9xd/+tOfmZubf9ovPfXb11//lKc8+XGPe0zzHf/t3/79Qx/6u1233HrWWWe86nd+66yzztqYO73qqqs//rF/eutfvOUJT3i833LuQx/ygYve94xnnPfhD1/8utf96Rc+/8VPfPJfzj33IR/5yP9aXFz8+Z9//Kte9VtFkd/BNU9OTJx88sn+8emnn3blld+4+OKPVFVVv+mll37u4g9ffNEH/9Y/ff3r33jyySe/5CUv2r37B2/68zdfc803N89ufvjDH/abv/nKTucuTtM91qjjsH54orAxIHGHggZpZThCWn/UglOdn5/3IWkR58SqOFEr4RdeQAVjHfnUpu0zsycNBl1xlaoDcQgSEpAIyBIzExM7ZmZRK2KdZiJOVFVi62SNkxcARJjdtmPQ7y0tHLLWOSvWukFpzzrjzM2bZw/MHcTRcGMaj8eXZNWJ8SNZdWK8wJULgEdkZAEQUUUwrq2tyBo94cTjJ2OFlDrwLS2x7ocZ9ZHazA97+M/itrOvvPyS7sJ8VQ6cdRL6cIKCgDQlX2pZJagdQ0TyLiEEpVyzdHjh8MF9p/z02Y97on7h0v9c6le16A2pCJCgil9018ZZE+vGMeMQLhxa2HXLLb/6qytXAp/5zGf4B91u9+Wv+PVut/viF79wz549H7zoQ3MH517/htd99zvffdlLX37GmWf83qt/5/Of/8Kfve71iPCUpzz5k5/8l//59r/6pac99fTTT//ABz44Pzf3qEeN5Nxfdtnlf/gHf/SkJz3xOc857x/+4R+f99wXfObfPnXccTs24Gavu+5bALDieiYnJx/84Af9139dBQALhxcu/9zl1133rec//3l79+798N9ffJ/73PsZz3janbzmw4cPX3LpZdt37MiyrN64sLBw1VVX109vuWVXUbQA4E1//uaDB+de+7o/OXTo0Fvf8hebN8+cf/5L1/8z+MklBMKCAAHUv9Z1SpIfbP0oqPHoODSOlq8AQehY5U8t4vwMw2uXq6pgVK7LW5ObZk+uqoFIqc6BWlABFF+OEnIyhNgZJjbMTpwzIioiTkRUc5WmSBciIDG2qLXjhBN7y0vWirXOWimtdKbbZ5915he/9KXY1jmNxGNOsurE+JGsOjFuNLM7R9I+7+AlI539VnSuL/Iiy0w8d+grz3Eh3DfrNAQP+rmzZdNp3/rGNb2lBWsrnyAawxZhZTDkma6+ovrNkBqLhUTUHXSXlhcXTjx158894uzLL7m6UoWwmKkIDpWcT7H+8T6zxJ3kmHEIfZb8Kaec4p/u2rXrM5/5LMSvxwtf9PwvfvFLP9i9+33vf8+DHnSOd5/e9973/9orX/HRj30cAD7wgfe12+2nPe2pL3j+i9/73r99ylOe/Ld/+8FHPuqRr3vdnwLAzp2n/OZv/PaKd3z/+//2jDPPePNb/hwAnvjEJzzm0Y//+Mf+6dd/49c24GZ3797d6Uy0Wq0V208//bRP/eunapmpd7zj7WeeeQYAfPGLX/rODd+542v+xjf++/d//w8BYP++fd7xe+Ofv+HOXMyNN9187kMe/LjHPcYYMzu7ORX1+rAZ4oi8OMSBFhG9mt0wrgx1DYpPy48J+op1on7o/6oqYodSdeIUxOvjAUJncqsC9AfLIBbV+p5XXq0OEQgJiYywohNmUWPEqYiKU801nFHjPAgBiRCRmJnbk+0dJ528Z9cu58I8Y1Das8468ytf+1pVlaCpy/E9gWTVifEjWXVi/BhNfr6TbuHqs8Q04+HXAlQUKJSjBp0iBbjXSTsqPu7ma64p+33nKpWgYSRebimewzcWRKR6YV4VVFTiFy76hogASASIFQ3KQe/G3tKJP3X2z5y9/5rrbhMnQAjhP0FFN1ypTKwvx4xDuG3bVgC4/fa9/un+/Qf++Z//DwAsLS51u8vPOu+Xb7j+BgC4733v6w946EPPfd97379r165vfvO6hz703HY7SDA/8lGPeNcFFy4sLOy65ZbnPvfZfuMDH/iAFW8nItd/+/rtO3b8/qv/oN544003bci9wuzsbLe7LEF2acjS0lLTUbz3vU/3D0488YR+v/9Dr7m73AWAzbOzv/L85z32sY95wAPuf2cu5ulP/6W/efd7Lrvs8v/xPx772Mc99txzH3IX3eWxis/h98PbsImVxtR+H4wbJnVQFLWDxlZFDflJzZ/vWrjcx94QnB9zVTUrOnlruqz66koQq+BUBUH8PKUu2RYhIjZKKk6NERVVAfXTiyilEKu8S0Qk9CJ3M7NbDs/Nl4OutVpVUlWybev26ampg3MHVdNwPP4kq06MH8mqE2NGyJ1srPIdzRtsaMwgqCKN9IGH2o1UpcbJTfhWDMtnpwqe3H7C7ptu6i0viY9chJBFSLr2Jo2h8yWqDJVg/PVxqOZV8dnQioiAgopIiM6itXbXdVdtPfHE2dnDB+YWQQEofEkRFRVCr4kU61hnjhmH8NRTTwWAG66/4YlP/HkAOOecB372s58CgEsuuTT4PwidzkS99u3r3LxDNTU1VZ9nYmLCC6sAwOzsZr9xtUhpVVkAOOH443bGfgw7T9153HHHbczN/szPnA0AN99882mnjejHXHvtNx/04HPq73+d8ElIP/SazznnAe/863fc+WsoB6V/cP75Lz3rrDMv+fdLL730c5/85L8861nP/MM/es1dcZfHJgqNuv2GcHnY6RtdYS2QNYpvTOVjzQhR3LmOREs9wVARUVJQcH5/e3KrqEhVgrOqlYKti1X8YKwiyiJCzKpKSgogChKyPkLyU634hcSElpm5qqpqYLIi27Rly77dXSdORKyTojOxdcuWAwcOKAxrDxLjSbLqxPiRrDoxhjTKRH/Y2mA8wOeBik/YrM+iwz71UYpGZeg0ihIAE+y8z8n79x5eXjos1vmgR5QSVZ/36V8nEBYCw+J2jL8EVRmo/1UAJy4sKYq3cefE2n0/0E1bZg/MLYgSSYzPQGyKeKQOGYm7lmMmNZeIHvPYx3zwgx/y9XU1i4uL/sEJJ5zQ7S5/73vf80+vuOJKALjXvU49+eSTv/zlrzrn/PavfuWrp5122rZtWzudiW9d922/8Zprrl3xdkWRb56dbXc6r3zlK/yfmZmZ7du3rf+NAgCcffZZnc7EhRe+R2Qo4HvFFVde8fUrHvKQBx/tVT/mNXtf2n9QInLTTTcDwGAwuOiiD23duvUNb/yzz11+yS/84i989KMfa17VPQ6sg8sAIeneh7JCgAzjVsA6inakUyC2OxMzm2cmpycNmzrwJwqiPvYsTsWfgjnPW5PWDpwtnRs4W4q1zjnnRETFiXPOSthmXeWcq8RW1rrKWltVtnJlWVWVtWVlS2srW1W2sraqqqoqq6qqbFXadrvDWeasWCfWqeFsdnZWgSAqtqfw3NiSrDoxfiSrTowfUWGl2WHiyLa7Qmg0SoiG06i6aJfDYxr6SaSgCNPTnYWlYunwIWsr8QbnnIgFFUQEBFHxluwt2Dkr4pz4UzvnrHPW2co665y11kroMogKIuLUWX8d1la9pcVeSbOb2iEnW+tYTjLnDeKYWSEEgD/7sz/ds2fPy176ihe9+AU/+7P3W1pa+upXv/bxj/3T5tnZPC8e85hHv/lNb3nHO/76la98xb59+z784Y+cffbZs7OzT33Kky/590v+6n/+/7/8zGd87Wv/+R//8aVf/dWXAMBLXvKiCy54FzGddtpp733v+1e/3bOf/ax3X/g3H7n4Hx77uMdcdtnl/9/b3v6e9757Y+50enr6nX/9V//vr77sVa/6vec97zkzM5uuvOIbb3vb2x//849/9rOfdQcv/HGu+fjjjweAiy760BOe8PiPfvTj3e4yABRF8ZUvf+WLX/jiH//JH+V5tm/fvvvc5z736FYw6qO5gL6wBMNwrKioGKq3Q6LSUKcrlq8gIAEoEp+yc+fJp5yUF3m32507OPf9m74XjhVRVRUFEYjp9ybriIhIpa5UtSASo9cQW/wggUod7VP0//mn6A+z5MPNFTEhETP5tsg2K601lZ3Iijxv9XtLzok4ReRNm2ZiSDyF5saaZNWJ8SNZdWL8qFfwYgN6bfh4TSew9hWj6wh1FqeI6/f6zjkv8CKyymZ82SyhyTuL8/udteI7baqCKhECkl8V1OYifCNf2a8FNjp3Dpcm64gMgIqoXw4nRFVdWjjcmZrNl26vrIIo8LBdaGIDOJYcwunp6Xe/+4J3vevdn/jEv1z4rncDwPYdO17+ivNf+MLnt1qtiYnO37znwte+9vW/8rwXAMAjHvFwL5rysIf/3Ktf/btve9vbL774I53OxPN+5Xm/9sqXA8CLXvyC/qD/yU/+69Li0nnPfuZFH/hgnuXNt3vhC58/Pz//tre9/W1ve/uJJ530W7/9m3ewOneXc845D7zggnd+9GMfP/9lrwCAU3bufP4LfuXXf/3XfHarzxGtIUKvKfwjXHM9gJxzzgOf8pQnv+uCC991wYUPeOADHvGIh/vtv/t7v/PmN731mb98nr+Mt771Tet1z8cCqtAcPEN6T5xswGgCRgBD2UqQJlDYvn37mWefgYjOuVarNTExWQ+psYwEFAFFFBWAyBTWWpUKgsqzUxAIenV+uCcFYAIRB0AKFoCdz4YKcs+WCNFiRURcWWK2zrIlJ8ZZa61zThGKdru3vBSl7mBycmqosRCTphLjR7LqxPiRrDoxhsT/W1csAB7NLRwleGG9bq+qLBKigi/rGz1AUVUQ2oacU1eVTupaWfDVgiKqIjDsWl87nPV6PMW2Lhi+V/4fh3VxbMg2FQFFRSJVVektU97Kq+VBdEsbklCJdeZYcggBYGZm5o//+A8BYG5uLs/zFYqX5577kM9+9lMHDhycnByR6Hzu857z7Oect3//gW3bttarW5/4xCcf9ahHvvKVr/ANDC/6wAc3z84CwJe/8gV/QFEUr3nNq3/nd357fn5++/btG3uj4F3Zhz3858qyPHx4cevWLc1dv/jkX/jFJ/9C/bQuDjzaNV944V8f7V2e/vSnPf3pT/NJua9/w+te8wevLstyZmamPuCMM3767/7+orm5OSbeNLPprr7LYw2Euk9rTDkCHP4Ma4iFNYtS/NYwjQBjzPEnHu/zNGrt5rjbyxRo0DH32RKESOycQ3Gq1k8yAINWgoaAnxCQABD5x6goIj4/H50IOEtIiA6ds9YyWWsrZuPYWuuss7Zy1kp7YuLg/n0qICJWdHJyCpFEw7QKMaUijSnJqhPjR7LqxDgiR08TXbEq2Nxep5g6kcGgBAACqlf3PN5QRQUBBaAwWVla50REnCqq8z6cq9fGwztq893jW7vGm2uz9UTdp96p78OiThyAKhEpVmWfKSMsRRUVo/qTQrLo9ecYcwhrZmdnj7Zrhe/kIaIdO0acuq9//coLLnj3b//2bxRF6+IPf+TEk066//3vt/qFWZbdLd5gTZ7nR7yjO+DHueZOp3PEvvN38IHfs2iMnz58NaJY0NDmwhhsUxxKbqGCybOi1fKTDBHfiLhRk1l3zoogEACKWBSnKioOUcJ7I9XzGy8E7cWcfWdjRFElEXHoCMGJI+eErXPsJCT4izgn4sQ/lyzL/an8XKdotTE28ArDfQrUjSXJqhPjR7LqxDhyZ/yipk+4os7QVpWIQyQfhvCNUpovJEVFyEDRGFdaX+oHol6TxjmNJX5H1pI4oqc6uoQZFgjD7RAigogTUUDyGXANPdRGEuyduPHEj8Ox6hD++LzmNb/30Y9+/KP/+PHFpaUHPvD+f3n+S70AaSJxx4SSbg3xNPLP6oqUYQeeMB9BjAlIIZ0efbg5jKlexLlx5tGZitdJB1TnRZsVwqQEFQEFEMMliCihAgZFaH9uFVAgIaEQ4RYnwuKsc2ydOGuFnRUnos6JZLlRQCfg22tleabN7KMfqdlR4pggWXVi/EhWnRg/ar9oRYv5lYdFG11xgIiKKFFtydJYIQyGLQC5QStoxYoIBN8PrXXBpKM7dxT3r06+PuouVQ1dK5QQEbw+EwIgiCIxOeuCGWta794g7rkO4ebNm88//6Xnn//Su/tCEscSWv8dZw2ijZJpLxDQHLsQwGsGxEHZWVsOSt8Y04WY7zDSplqPsI1Itk/XF1+1Eg+uA84ooAQAooh+pI9TDCQB9U99HFlEffqHCxMOv0V9DohvNVsLJSjiPVg96J5EsurE+JGsOnFPwC9sR98Ma49rxQph7RkSo49uYNR2qf02adQCMhlnRUVUnW9aWEdGfOjjDrzBH7rL95/w+NpaRFQVBRVBEWXCKh5Pw/BGWiNcX+65DmEi8aOiPpDmxzQ/tKGCIvq8pKFqHIa0/DjGAiDaqlpeWp6cmgQA8Z2kVgydiCB+6iIAUJeogIioxFqYcAFEsTJGAVVVUEABNYTgRAWFAEVZFFBi5yyn4kRU/buLF0fwkmEarlcBRBQaBd2YRuNxJll1YvxIVp0YQ1akazasUhueYUjObBymiJiZDKLkbvNVK0ES8QvX4Zx3oGj6I9yBT8MOSapEfkFeVAXECRnE4fJgsuaNIkWVEok1gLWQ1jBm5WcQdZ5RrWaAjUE5HqwqIvv37ZPQl0pUBOIsA+s3iF1dFXwg2AmAhB/84bgcg8k+PSlqQg+LZ8IGVVAB3zBL1U8d6ki0gsQkKUBrnThV9YpgMCjLkUBfStwYU5JVJ8aPZNWJMeUIDlLTW6s3xL9HtgJAnmcSlGHUrWgrjQAA5Hu2DJNFhw6hBHUlB0B34BP+sF3kXFVfW52MjQrgu3tSFHdCadxvsun1JTmEicTaqMckgfDrrOjjzCF9aCQJA0ae+dcuHFo4eHBOJf7Qxx95BWzkMIXvpqiKOIjR4DhxGNa9qELQ+xrOKjQEjH0uk49Bh7ZcfjcooIvTDH9pSFAOBo0JD/Z7PQE54s9PYsxIVp0YP5JVJ8aOI0jFNL2+I3mGsmJ9r9UqECHa3qjNKNTFhHV5Ye0KagxiVNZXABJGmldYFK2JickibzW3N46k4Gw2ztk8eQyWYApsbDDJIUwk1kgs16hF63z2kYRWrKih0ZXWg6vWmRyqqmAr9/3v3dTr9eI0I54YmpOSMBSqiDgbFQhAFWMWUvOUPpcozD4aQzyqYEgqauxRH3bDOAuJMtBLS10NvZEBEReXlrRZM5PG5jEmWXVi/EhWnRg3Qv/Lo3mD9YMVbmEzWJDnWV7kYc16RVlssGwcfcXK5WdCqKoe4bB4NXh7xO3ORJYXAJQVRbvdwdBgM67IIxFC5crmmaMrqECNcsjGVSU2hlRDmEisAW2OVUNlb5/toBoqVABxKG3nD/DNWCFKPJf93o3fv3HHjh2DatDr9oZxNERUIEQJUngIqOIqznz4JsiAxfmNhoavCn4SgkAaL1IVVSnMCxAUY7ytDpUDIBAiIZHvCru81AVCQPTqz4uLi2F2NJJ4lRg3klUnxo9k1YlxJSxwq2Itz9LYi9EBW5Ev6lcFvXVMTU6Cgg1NL2tvzdufD1dI/eKjKMSYyg6yrEA0fhGSmU2WqWpVlbW8TVF0rC1FXO0V2moADlfbqA4FgTVejYAGC09sAD8RDuEdCNQei9z5Wtt77I0fu4R8oaBWB6QxTScEipE0xIUR0YeI/a97aEblxblAVfHQ3PzCoQXrbKvdiglMfnKCfkIhCoAM4KwbGAlzDtUwrnuFdPBV443esHWiRT3iai0KBoCKCqiAighAiAzMRMzM1tpur4cYdqm6wwuHYjur8f9/9p5MsurE+JGsOjGm6MhK4Ordo8qiqkrRP/T+o98+NTXpD6NmYieAIoJ4xRdqVg+uvg4nCFU/zwukjIiJyCsf+e+HigIiIZksV3G+lUrV7wseuS2KXxr3O6T+3gLJMFiTWF9+IjzvVqt1d1/CXcmdv5177I0fuwT1rhjAlaGeeHgqAIK+UqXOvohh4eHojX7IrqwV54ZCAYiKhEghNSj8tJOKE9cHIAUOoegwF4lKXAhah7jjGwtAmE8AqvrEfQoTIWREBGQgNpwxMzMvLS1VVYkEiExEztq5uYPxrtOAPM4kq06MH8mqE2PJyqI/AQ3asxL+HmmYqaOvrQ1bEYF8C8BmEMHXxmLMR73D8AICVJX2BkKgTAhRkhSRiEJ7eQUFFWYmhKqsBH94WSACii+1VRRMdYQbx0/ECuHU1BQA9Pv9Y325DBFbrZa/nTvDPfbGj12w/rsO+fqorE9t8JGvML6GCQlECQIYid6GxB5pnhcQkZWUooAAKgggAJZlt2i3EA2IKLgwVYlFLHHMJFACrPOIwhaExh8yij5JhInYmIyZjWFimts/rwIIhIRoqNdbOnDwQJ2dAjETZcM+6sSGkax6wz7qxIaRrHrDPurERuKrWcPqN6pfooboxsWDYvIwol9w8/ZNsYGgPyp+JwLDrwyCihIjKModhhiMMcaQdWJtz5ezEhOhYWJQEbEi6iQshrMxaqvV012MsRIARCBA9FpKgARhIT5qOSXWk58Ih9C7RvcEd2I199gbP7aJNfs4HH7DP776X+LuOHkIrahCNhKMDm/DyDURsoAKhR6xAEp+/BYnbsCmBWBQAcDFS/FDKSmEuYWGBj4EwHWlNyARICAqESITGiLDJjOcMZssM/NzBxcXl4qWj0BTZmjPnv2LCwuNGUwajcedZNWJ8SNZdWLcCOt8iKBKqtJoLx/jGmFtjwBGLEJUqc5JXq09owSo3kt06ig2oQ8ltUe5FOccotSrkWzJFAykVtSWlagDIN9pUOQIqadhF4YG9KoIpNJ0AxMbxU9EymgiceyggMNmxkqgMSsppP/ocGAe/iqPqAOEVAwdns9/EX3dCiESISExISFQqBBHcFUPQIEYkAEYIcaVw0s4lGRjDDAjITAQAzAgKTGgQWIiQ5yTyQ3nnGVZnpVlufvWPQBAxEjETHlmrr/+W5WtRkSp0+g8tiSrTowfyaoTY0jtxIXOELFPQ+xj4o9CAFQV3zpCRWrrkPrQeMJGBWH4QiAiIYt6gSWo3bbV1MoR/nSICMxkDBIxG2SDPuc5XvuKRhThtP77VJ9Qoe5LPxrcSGa9vvykrBAmEscICHWaRggy63DSUY9kOpxsqAIpKIaMoxCtq6tIQBvKzaTE5HsTAyohqqAGjTpQ68rlrDWtPpKnQlEQAcGXAxASI/i4MpMvcUECYkADZJANUcacs8mNKUxeZEWOCHtuu72sXLtVIDExG2NsNfj2dd8UBQSq2yenwXh8SVadGD+SVSfGkyNmXTbqBgExKsgAidR7627vODwu9sH0Lx3+i36NPCZyqiKiiDQ9OiLC4CiGgkEkZGOYEJCIgQ1DaNbiM0ApCPyK1M5kvKCYSk0AIr7uVhEVYVgQmRa+15nkECYSa0RVEBiiBkEsyg6xZAJQ9flHXl2uOYyRfxrj09CoSAnHo/ExOUZx6kBRgTD0h1VxA1f2Td4RcL5rlU8yIiJE3+GHkeLcAhiQAA2gIWImZs6Yc+aCTcF5nhV5npu5gwcPHVoweUZMxjAz5bn53nevPTh3AILOgdQTosTYkqw6MX4kq07cM1jhqvmEUhFFlGG+p/pjhqmYdQfA8DRIymjddiVqfXrFXGRmib4cMdVySv4/w4aY8iIjZu/dMWUVqnMiUjdnQS/1pFIv3SsNVwcptgtliHWFmFRGN4rkECYSa6EeTjVOGWITVx8aRomJF3XGUaNuW2NFy3CAG8mHQEJUYCAAFQIEEAUBxNgTS1X64thkHdChNJ1GyTtFJiJlA4jABo0hNswZcU5+bmFaJm9lRVHkBSPsu33foYPzJjfM/g/neaZQff0/v6oiCCjN7rRJpWBcSVadGD+SVSfGkbrwr14VDNWnqw6Lf9c6SHGPxOzN0eJALwwaaxC98QsBaeMw8sqk8R0JAZmMYSSDSMQGiJ36FheAzKZlSJyKE+fEWWf9iiAhqV/6o9i5HpUAAJwIpurBu4fkECYSa0UxKpoHWXONInb1ZADD5EJptDrFF/4rrAzhIgICERFlqtYpoCIpIYgvA1D0SUwKAOIGDinLJ0O6E4jPxUf0cWcmZK9Lx2QMZ8bkhnNjWsa0TNbOilZRFMy4f9++5cVFYxiJDbMxJsuzPOc9u2/evevmMFWKrboS406y6sT4kaw6MW4Mi+uO0lui9hVXtaf3GyEmgWojX3r0/GGNUBVAQPyi9tD5DGmiaphMbpBzjQq8qKDOhTJFnxwNCEoASMaQyTirbGmd8xW06q8B0GvZ+OehRah3PAEAJMU3NojkECYSa0HruuvGSDvMNUKfthMUvBBRYicqqUPWIRUDEFdMNRCZKBNFFitACqJAiELg9QIa7Whd5arlvJhGZj9UEvkesMgUmhczZ4YNm5xNxqYweSvLW0VeZDmLK2/btb+qKsMG0TCxMZnJTJaxyfDb113V7XXB6301Sw4S40qy6sT4kaw6MY6IjHiAte+3YtlwNfEw/4wABBvSSr4EUMFrfAaf0L+TgrduAADkkPeZGcN5pmrUBXeQmMKXy3/LNNglEYoT9V8rbGVtS2VprSggKThVAt/S07+AAGDoi4gSygAAIABJREFUDY5YdLLt9SU5hInEGkCMsbVaLktjBj2GzP1Yv43DvKOQlqSxVXGz/88w0QeRiBgElQnVqTrVUOniWyUTenl09G9iyyWTtzlrM2dBsxyJyRehGGMy4sxkucmyPMvzvMhzA+AW5g4Pel0AYF+rYjgzxmQmy02rnR2e33/dtVeDxvB5VNtLM40xJll1YvxIVp0YU+olaBz2GBxdLWy6iLV8S70XEWOzimjtEUXU4CsOPUW/zK6+CBYNAGQFI+eigFp7g4x16AWDRFP9jUMkn6iKKiDMWYu4tKUAqjoBIPCPvDYNrnACNZnzxpAcwkRiDSg0Uu5jcr5CCCX7QpL4q1zXRANIFHSO8xINr6lnGBry6skAOhVUJBBWFAUJuR2odWssCJlL6Fwl6rKslecTnBVMBonZTzLYcJblxmSZYWPElQuHFqrBABGYmWO8mdlwlpk8y1tZUZhP/fO/Lh5eUCD1ytS++LsZVk+MHcmqN/4zT6w3yao3/jNPbACqqI0laMKmETcP09oVXOEZxqcYl7KHdkoQQyR1gmgU50UEUcwNEjNQjioYv2XMFC4jlBaG14mEYIzPMnVekMafmVtFq6rKyol3ax0AUtD+DQmn0S9MlrxBJIcwkVgD2NQZqFMaGslIMBzBYoBN4090CEsPY3I4+gJEZs5QSdGpiLLPsPdFKT5dAwhjuBshtHJFdOIGg2W2AzZFlhWIOSIICIAbVDDoilcGIyIiDn+YDRvO8izPsyLLW1m7yL551ddvuP6b4Zqj/Bgiaj2ZSowjyaoT40ey6sSYohBUWxCiWmcIZUSfb3UBYf20KT8jMppeGlVAUVWRAayPaoRFcq+IpJq1J+ygqr8ubIiIgxeIgEi1H4msIKFO0UuPirg6iZuzVlVZBFZwGBoQEhBGwZv6ohIbRHIIE4k1gQAgXg+rEXUeTjXwyNu1PmC4Z2Ucl5CIMxBSZEWnPt7rtbjCrKWuCI9ROPTVKIhofB6IrUqxlpmQiIkJmSjMLtA/9moGnHGWBUHzIm+3i6XDB772pc+Ji2J1vhmXAkDUMk8D89iSrDoxfiSrTowncfl5GN7QkO+MoBIX6IbuX/PpKl9xmJAZcj69D6gKwGE5zxszIgJwu+VKh4iigITE7LvLI6MAikDoKBhKDxVICZDRqQMkJkFnHSAQknNqMlOVFSKFhftYhBhCOZRyoDeU5BAmEmtC6wG0zghaOVatECDwoTIYahOMpmvI8EAiMhkIiXNIrCKgTlQoZASFiHWoTkHf55UQ0M8yCH2bY/IqdoQGgRAYgAAJgf1TIkNsKMtMnmd5VrTyTiefniw+fenle/fuieUoGlUKGtJ7Keo8tiSrTowfyaoTY0r9/7PEBUDCeoc2EkFVlaITuEJ+Jpxhhf1D7BbofLEiIQpgKBUkg8i52IqYjWFmIwBM4IiqCsFKEKqplWsEQFEQITcmF+PUIufGOGsR0VpHWU5o1Sdq+34Ww/ztVU5gsup1JjmEicQaUfRq5hrnDQrDOcSK4bVORxqqGsSXaP0oFlEzMRtDQg5JVJBUhVljBXmMPeNQGSGGnYOUOSGSjyvHx+xFopkIo4ABZRnneZ7neTtvd/JOp+i0+IovX3rt1V+PgmL+4n2gXOsAYgrSjTPJqhPjR7LqxHgRFGPicvDoDvALhEgAAKqC/lF4ldQu4uqmhZ7hQqIioGIoT/WxDQAAFVInWVFkRaYC4iwjWEUpRW2Fvg8nIAISgvrSQ3CqAANxzqghYwAFTKcDoFhWVTlQ8O0MgSCa8qg3OBQcTVa9ziSHMJFYAwqgQTAgBpE1jF0YNbWGmnTxQV3KUpdv41DeYJiwQUyZMU4ECcWpqghKlDWIuRt+khFrU5CAfHUKIYKfXTASIRIhAnKd1IFMZIwxWZbleZEXraLVLtrt1kQn++63v/GFyz7tqgqBJN5bI0aX4nJjTrLqxPiRrDoxniA0aggDWpe/AgCgXzlUEEQS3/8BQjtOBGzmjmpjuZAQvfiub9bpewICioa+nKAg1aAHRRsG0J7oWAtVJeCcOusXEmt8VEIEAAlEVZ04JcxEOWsRIy8vL4tztqwg1C4GEyb0X9cj+oDJvNeX5BAmEmtBAb2cW52F5GNyODxgVMUAmsNYiDIPZyHNZ0BEJsvIORFyJCqiql5jIA73XuwrTkwQY/CZkCAGmzG0jo3lKESExCbjMMNoFUU7b3VaE53Wpuli323f+8KlnyrLQa3+pY2ahPguEOdMKUY3jiSrTowfyaoTYwcCyKhNQsN9Gh5GGMpaVWI2qX8NAAZ53ZgIPfwa+JRNlWBPhL4M0PtoYbHRVYJQQq6M4EyuZc8565vH1zWyYR1dlVhU/IkEVJ2zxEhQiFpxTqx1znkNGgnL8MOCW4i6UEdrq5i4y0kOYSKxFhDUN2itq1K0TiYaQVe+7khbG5keAGDYFHnunLXOkRPxkwwvVKBHGBaH0biQkBRnGEjE4T8iImbfvCrLs7zIW+2i3c4nJltTE/num7/1uc/+78OH5/19AIaSdG10AlJQAnApDWmMSVadGD+SVSfGjmam8HBjwzOsa11HxGM01LJqOBhjdwkcaighEJGqKkXlWp/9iRA9xFBx62wFCIvLXc464hwSInBw5oiQ2FfLgggICgj6kwICqLOuZBFXurISZ72vqX4BHSCKiyIOQxzDx4n1JjmEicQaQMCQgQTqEzJ8JlJjyqFUl1SPTj6GbVpHtvl/FQBNZopW4SyzddY5cU581FlVVcUP0itSKYbVKTFAF4pTkINeORtj2BhfitJqFZ2JvNNpTU+1bv7uVZd86qPd5UUAVSBQVBBQ1NjQOYQJFeUoigyJ8SBZdWL8SFadGEt8zqd//EMLAqHOfq4FdUWRgjVrM3ghAKqEJBAbDCJ4eyL03eEx5lmrWNtfXCqmlDICjc0LCREZ2RAhIqqoiLA4Edfsaii231taVnG1Q9pcG4S6oNf3s0cSUDnC/SXuepJDmEisgUZ7YqjTdaJGcxxkQzjOV2Y3wso6ErjVGJqLUgVgTNZpt6uqqiprnHPOOXEiKiIqviZA4vRl2DfWC9eBl7HzKgUh1szGsC9FybMsK/KiVbQ7+dREKzdy/bVf/tLln1nuLiIAAPnsI98FKOQh+QFaa82vIwQmE+NBsurE+JGsOjGWqATtokZP+aGmaP33iJqoz16OyaYqGj2wETuxIkVuwIUlRQD16aYY38h/TRDIx0UG3V7R7piiCOf05syGmABQRVBEHXqP0a8BVoN+2e3WZwYAbn7T4sOYM0rIbAcDUB3ZnVgfkkOYSPwI6FBoIDwd5uH7kTrI2/mjFSTsiLG6GLhupkPkRTYx1SkHVVlaZ611NkwzAgoQ5hoNLTygUJgSxOu8QJ1PPTKGsyzLijzL81Yrb7fziYmi6h/60hf+/VvXXllVg6jAhz7SGG4tNJUFHJFRqMN2iXElWXVi/EhWnRg3NIYbvAKLKgAIItWuYDOPNL5k+BRxmDKqjeiBOKeqzEbEifo4iS+IXW1O/j2g7HWdtXl7wrRahIjsHUJGRBVx1om1qk4V7GBQ9rq2KmN+6Ojpmhfn00SRkNiJc06SK7gxJIcwkVgDCMOQXJgnAEItTR6G4zDEoqBQCNyi+Hx8CCkfYZwdDtIIUBTF9PRUf1CWg6oqrbWVtU6dcyKukZLks5JiDTiEYm4EImb2ETr2yUdZlpkiL/Isb+WT7azTyZcX937iHz9wcN8eVYFGhND3nW3Mk4bxZkRNAnbjTbLqxPiRrDoxfgSLbuQvq0pch5a4KoiqR6gjHWlE4SVGRetlQ3+2fr+cnp60lYKXzlWERrhk1YUAANqqFGu5n3VmtrQmprMi9/JIIuKsqwaD3qGF3uF5V1WqGhsNNvNZm+eLrQgRkRkRBoNBo2wy2fX6khzCRGINaP2DHFtN1YNVPUD6kDPUSfdhMoHDQTV2qapP60fHdrvYtGmqNRj0B2VV2rL00wwnTpxzKlG6IPwEaB1MixUpzOz7Vxlj2ORZlmdFnrXbeaswywv7rvivK6++8svd7mIMNIfcqBUSdXX6foyuY+hEtCGfcGLjSVadGD+SVSfGj4ZrNPJ/cpS2Ve8ZAoDICp8QV3iDMcox4mWJaLfbb3daaK0ggmjd2+Ro0rWIhABiq+78gf7iobzVyVoTbIyzVdldrgZdZy2oYFiQXPnq+p8gLOoLbYmIud/vN1b0E+tOcggTibXSCM/VqfVBqsAPmaq+1Y/P8gm9fUABwHf08eN6Q9Y8piuVMzPtsir6vXIwqMqystZV1lorIR/JifqQc2xN6wfPmLvPxMzMWWZMxnlmWq2sXWT93sJV//mVG775jYX5g865WJTOACqhD2zsOBRSQ0IaUp0kpYhpVB53klUnxo9k1YkxA2vfLzwfcftCgWG9VFi7jrWj6F+04pTQ2FGVZZ4Zk2dgrYLUOc9HWCYcviyGKlRc1Ud1wiRO1FbeJGMJYR1dUQAYdVjDRXoBXpNnZVlWVdXQ0E2sO8khTCTWxjBxqJ4sxGlD1P9SH2/2v9EKPhonK7IefPJ+nZyvKjd/59r/vOyfTj3jfpu3ndRudazTqrJl6ay1zjnn1DlxKirxx6CpYU7IQbKcsowzQ4Sutzx/9bXXfPO/v3po7mCcl/hL9ZFCJAAJsTnFRpQ8XCCShr0p6jzmJKtOjB/JqhPjiDTLA4/Ypq+pLrN6fXvlkdG19CESUe13l6eLWcpzV1lfEDs86oj41W/fS5ONMYbYOLQiDgURCUhCHwv/HiusNFYNIiAyMbMTt7y0jAQxGJPYCJJDmEishWHWRJ17JLVIcmMCof5XOsrVhdGUACTML8gn9+AwZQNB4MCePQdu39Oe3jS7/YQt20+Y2XLczKYpwE5lxfk/PhVJtRFRQyJig4aZCW3VW5jfc/Ntt9x26/f2/OCWpcWF0C45jsLDoHKYboSQc620rgAKpICKFGWhU9R5rElWnRg/klUnxpFGdijGLUdcLYTmxlA0qLUmka5YaRxaKYCIHD40P715c1YUtrIigiMdKnSFl+lb0QNhkErKsizPqwFYa5EcahDG1Zh1iiNvGVcgEYnZZMZat3R4qdG05QiaNon1IDmEicRaQACV8GscgrSoEHLzFWLPV6A6yShqw4V6FAQfaq5/5aEelJGYjLG2Ojx3cP7A/u996yrOzOTUzOatO7bsOGHLluPbnUmT5cQmKuSBirO2Kge9xYWDe3bfsm/PrgP79ywtzJdVKc7VoXAZzmRw+K+MlNcEDQUgABTC+lCkJFk37iSrTowfyaoTY0hthjrSWCJurfNFV7iLGORpg8JoVJ1pmktIKPXyS87p4vz8zLZtRauoqkpFQnfNeBXNLi3e9rwzSMx50Wp3OssAXFXiGABUAFSbQri1EQd/koiIsiJX1YX9B1SGfSmSSW8YySFMJNbCUEO8Vt5CX27S/KlGP/ipkp9j1MIFYVDEOgEjRqQRAIiYTaFKACWoq8SW/f7+5dv23XarqiKRMRllhjljIkBw1tqqKqvBoN+vBn0nLhatQCgmUVREjdG5eA/YvJ34q+BbDaECKUFUMEBE8iN9vPnEOJKsOjF+JKtOjCEYhY9WeoMrWNWNsLEsGA4AXJGP6VtmYlAxcs4dOrB/dvtxrYmOz4dW9f01GyeplY0IiZizjE1GzJPT093lLrFho2BBj5TaGrJEY1Vtludlr39w336tKw6HmaWNr2xi3UgOYSKxFuLgByDN+JiA0jAzKUg1Q5xAeFlw/1OPOpyqrBghmTOTtURRABAsWwAgBSuAIE5E+/2edL1+nfjZhB+cxV8MUpjQ+BmFUqw/B0AlUNXQmhbrWQiETkbqfxmwoVWAhECChEQIHKpgEmNJsurE+JGsOjG+rEgTPVoHwiM0qW9klg4Fj+Ien7Cs4BcM0Tl34PY907Oz05tnq3Lgqiq22fQHhQiJl9BlYyjL2GSAODnR2YvAJvMtMsVhjH8g+EpdBB9YIUKT53mez+/fv7RwONbqNhVxkjFvEMkhTCTWQsiDl1gYArFuQwHItzWOklta9zRWAIY6+AwxEjfUuvOjI5usyDsAPspbCiA6iwpIvvuskAIQAYo4BwCKAiKAoBI7E4sqoHr1AY1/GvMDjAoKIe8kDr31IRjCdgyIioRARBnQqj6yiXEiWXVi/EhWnbjn0fQMV2xsPl2hTer/CUWEgoio6gAQFFV14eCBQbd34mn3stZWvYF1VutOmwDerwNCzjJjCtPKJ6Y2ZXkxOb1peWkRB4iAjqw68d9I9PmlobWEydoFItx2081lrwdeQslndvurIQBJDuEGkRzCRGKt1L/GjWEUahGDMMOQxp6oW1fXgEBzFhKSgRBN1i5amwCMAgMwIlVACOgcAbI4p+xALAggI4iXxENVRUIVidkVyoqqICHlafhbMJz7hOvFEKwLpd4Y6lIQFAmQCQySUTSIpr7BxJiSrDoxfiSrTowbTXmXO6ghXLEwuNpF9HtHVw4hqBfFoEk0f+h3uzd/+4bZ43ZMzmxqEVeDgbNWReo3CoIwRdFqt9oTHSvQmZxw4gaIWAI6UpF6OZGIyHBeFOLc8sLhudv3WmshCuqOKujGL2pi/UkOYSKxFjDUbIRmwXVSUdgZntbx5qBSB+jrVOrMo/o0Ht8fOc9bnYkZRAYyJRpABiwRCaECsAiIjoAIwIkIkKgQkYgogQihiiIqAAIpAoI0qlT80I9RSCGGu8OVYH1FfpJBiMZfBmJGmFnM0hRjnElWnRg/klUnxpOVOaJH42gdKZqZpavaSSCSgmBIlPbL2EqIKCIHbrv98MH5Tdu3bDvhBAUoe31rbfiiIJqsyFtFuzNRtNpKVLQ7TgSRKmbnKt/YE5FMZvJOGxX23XrrwoGD5aAM7xrkT1FDrAOBEIE0pnwn1pvkECYSa0FhKDwQ1ZBDhQkOk/F9ubavECEY1TcAHB2Fhw+LdntyZjNyBpwDZUgZUZ/QVFgiVtaVgFZd0IVWEWRxDolAVElFyRerSCiLiVOH4TzID7iN2QUE3S8vw0cIhMBKDMhEhignzIFy5Hx4tYnxI1l1YvxIVp0YR3x/eQWgo3iDq8sF65VAX+w34kw2zATjYpz6lGr1/QFrIV5EhKocHNx92/ze/VuPP27riSexMeKc/w6ZjIt2uzM53W63M5OV5SArirwoBoO+s9av/REbsXbfrl37b7tNRRrLkhD6pmDdhCL4hanrxIaRHMJEYm3EdJ2h7jLEyUXdHqq5K2o5N3+eG7JfDTrtzuzsVmMKMjmbvM8Fll2kPlAfqUKboasAKxGr4sQJqGMUESFRQQAlBQURBBBVJfFvhVFPHZH8ZAjryyVSQAQCQD+3QGBEQ5ghZcg5UQu4RVSs60eauNtJVp0YP5JVJ8YORQyd6SW29asFWGp8dakO7Te+eJXejDZeGF7i/0WsxZiQsfbKfFGriOy77bYDt+/tTE5OzmzqTE1PTE1PTE3PbNkyM7tletN0zmZQlocOHZqfO3h4bn5p4VB3aXF58fDSoYXe0pKIACJwrHdVQK/o60QpKCUBRoc3SSRtFMkhTCTWAvq4s/7wIUqHga2RVlajva4gRMAQAFots23rTJYVWV4s5m02i9gtiPtYdmkwqLgPtkJbOmfJWYfWiVMVQBEUUisqpKpACkqqoKQAKqJewVlVY9QPFBBIwccYEZRD6hEYRANkkHKkgrhF1EYukAtIEecxJll1YvxIVp0YQ3BFHqg2/h4eVC8MxoXEOlNUVEeWFpunw/C/YH/kpUGBfakqAADQyLdJu0uL3aVFQmJmNiYriqLVbnUmmNnZqre8XPZ7VVk5a504ieW6RP6SGt86AECR0PaTfb9E34BTEZM5bwzJIUwk1gb64o0YTR7d1Yi3NYfc5hGro80AgCgiV175pcmZU+/zUz+7ZXZzkXeyvGXydq/bNf1iwH2qBlT1LQ/IVs6V5CyJE7HinEMRzVAFVARVRRRDjojGqnKFulstKiAoKaICARCi10VgwAwwI86JC6AWcwsUq8E+29+74j4SY0ay6sT4kaw6MY6MLvo1e7hHpKElIxrcLNWR5Es9gnVjaEIYVhdDAqkCEoWGLEGmqX4BhgRPVRVxtixF1FoHhOrElgNrKxXn008JKCxLxlVAiEnbCKBOEUC9Ammok0WCOxXSSdwlJIcwkVgbd1DGvdYfYYSRRI/5+blPf/pjJ1799fvd9/+5zxnnbCu2tlrtpaXe8vJy1lvuD3qm7JflwNqBtaV1FbpKnBW26JyoUxERQRIJHa8kSCbE9j8qvnQGQYNYOQADMoABZKAMMUPKiQqkFiBXvdv7yzdJdVDs0o/ziSV+8klWnRg/klUnxo1Y/VrLhI4YuYY612anQd/GvllDWO+C1f0JMSox+ZPHXvVEqEojfexjb8zguSEiESARMxITs1OLxETOe6SgMfQRlWpAG+9KUtnY0BDrs/qUbxneXmI9SQ5hIrEmjhY3XgvD0FzUstNwUldVN998wy0337Dj65c94lFPPuXU+xbtTtGZWFpaznu9fq9ryl45GDhbVuXAusq5ytkK2Yk6cRZFRH3cWcJPAYJqEFaHUAlAWjcyRgNoEDLFDCkjzgBzxMwO5pbnr7aDvUjInCESNC80MW4kq06MH8mqE2MHxm7ysXAwaCd51w4BEVWCIEx4xdC58qpFR9IeDehQyVYVkLzfCQgIgiYHldEU05BjSkSASMRkDCFTnpu8Bf2uOCti/Oq2qooqRjFdCrfhW1agraxGRxCjZA7W5YOr9G8S60FyCBOJNUBEzBzk5lbMNI6UgXFkYhm4AgIQExnDcQ+Skqru3XPr//mn9x53/M7T733/40766U0zOzqT091ev9ftlv1+2e8PqkFVla4qnauctdZZESviRETVifjhF0Qhakujb/gKwACkyIysoRAlR8wU0FVLVW/XoHtr1duLqMxMnBk2wgYAmBkxdT0eQ5JV3/WfaeLuJln1Xf+ZJu5WEJGZ4+KeakNMps42Hj4YLsEBKCB5d09Hsj5VFcAYgwgABoedAOM/cQnROigyp5opuFrqyDuEBAQUGhGSMaZo5Z1Jzgtk9r0HHYI4VBWfV1qvW8ZzIKh1CmHxMvqv9Qpk0LEBNYZTQ8J1JTmEicQaYCJjDNTidTVHm2EcbS5SR50VCImNASA/Cgr4BlVQldWtt3z3B7u/P9GZ3rL9pHvd+5wTdv5Me2LbYFD1uv1Bvz8YlFVZVlVpbWVsJc46Z8WJU3HiQFVEZaivjgIEQHGS4Xtn5YBGbFku/aB7+Dtlf6+6HhISEbFhkzFnxmRVn/0kg9IkYxxJVr2OH27ibiJZ9Tp+uIm7A2N469bZemVwZTGh+gLA0Lah1scNDeil7puiGNVigFCcO+GEHSbzvoAGedtGhV+90mgrl7dyhVxF4joiIhKS14Ahk5ms1TadCTO5KWu3sdtFBFxegn4fyXexFxEHPk3a+7NIiFr1y5Ec0ZA6ukJeFLdt32ZM8lnWkfThJhJrwImzVTXsVOXR0ccjg9iqjTh8ioCAYp3DwQBAFFCQYrxPvPy5c3p48dDhw3M3f//admdq647TTjz1vpt3nFq0J7NW4axWlVSVrarKWmsrKz7y7ERE/CRD1ceb2Qe5VUF8/XfVrbq7eodvHCzvttUiIqFhYkNMTBmbjI0xnBmTD4gBoKoqkSPIMySOdZJVr/9nnNhoklWv/2ec2FCqyt5++96dO0854t66NnA0AqIq3lOsrR9VpLZyIrrlllur0vpdIfu0PkFDcteJqlRcTAWPLrwjUpYRM7HJiiLvTFJnspja1J6ZXZo/ENxFY+xgoM6JOKwqZVVfI4uEBG5w2Ck0VgVDDSGG9i9BmBQAbrvt9qqyReqrsm4khzCRWANE6BWTQeNkAXU4k2jOKsJjhNUZ+8NZSEwRCpMOlZBCHzKUFHzOPQCwqi4vHV5eumr3jdfkRbs1MTs5vbUztTVvbTL5JJkJ4jZnOWNOgiIqDpwXL3CVs6UtF23VrcpFO1goB/O2P2/LBWd7CorEZDJEJmYi5ka82XBGJiciAMiyrEiD8TiSrHpjPufERpKsemM+58RGgoihecNIMWBw4GrNmCg501DyHDJ09VQgLtNB9MhQwnmC6kw8PwBgVbks71F7Rl2sdkUgNllnAtlkRbuY3mSmZlrTM+3pGadQcV4xAiJxpuLK5aXa5wilg735wSB2oogiNd4j1FphKTqftEpMNXHXkhzCRGINFEWR5Xl4ErLbV80hNLRCBqB60IRm5C4Oa2FgFjHGECGoIKACKQgggW85hKogGCTCGFRFpN9b7nWX5g/cCgio5BANkWGDbJgyJAPAgKAiIlZcJVKJOFFHQTZMAanO9yBiRGImJMNsjMnY5IYzw4ZMTmz8lbZarVa7vWEfdWLDSFa9YR91YsNIVr1hH3ViY0BEZuOsq71BVY1uEgZB0Uh8vEqJdLjXrwWiYSYiADvs76BKRICxS0RjobC7PJjJFmniOBUR6/wKHuetvN02eStrt6a2bc/am1pTU6BUZmap7KmoaXd68wfJGGIDiESGspYs3bLYs74TPcWUUQQEIpWGeg0CqDKbzOSphnBdSQ5hIrEG2u3O5NTkcJIQg8R1vr5v6Tp8XLe78hkQq+YZoGCtNSYnYpWq7sCqPp4dsiZIARTEnxCBVTWM1QoKyirqXOkqCG+88l8NsT9UBMBQAo5ISH6SQUTGyxIw+9SjjEzGnBEbIhRXIuL09HSrlaLOY0iy6g35mBMbSrLqDfmYExtHlhljsn6/Pzk5BRAK/O5YUXZFd4q6+UQIkqgCQNEu2j58oAoc2sBbEWaDhKA62hgeFxcHm7IDrekTlQqpKpUKrM3ak8XUpiwvSKqJNrTaCD2RZS2mNnHeWj6wHxWz1gRRxllGMKgO3Xzo0AARGTE2PEQkVCQVp+ogVimqACi0WsXEZMdQ0NoUAAAgAElEQVSYbN0/5XswySFMJNZAp9M57rjtvjMOqq/a98lIo81WfbbDSDQrxqc1zjaCYAFWVZXnmTFm4PpGnE/3r9sDISAAShiqxYtz+SZVfgbCCorDITsmWAAoDSXyfAwbKabns+8a5BUJiA2TF6nLmJlNTiYjNoYzNkaq5bK/hIjHHX98O0Wdx5Fk1Rv6cSc2hGTVG/pxJ9afLMsnJibm5vZv27atrhGN/l5cSlOoXb4mq5tN1FumJqe2bt3y/e/fKOIMUL1ILs4SM5ksrteF40VhYb47Wd4ye9LxNLtTKqgGfbvcy1sTkyecNLllGyOafCLr2E3FJO7dOz9/EzhpT23lom0KlaVdc7tvX1yswuJm+A+JWAHUllE+FYLXKqoq27ZtnZnZnNdr/ol1IOlQJRJroNPp/NRP/5TJTK2ZDNBoTYUaWwuP1nUjAAjUJSfqZxchSuf+L3t3HhdV9f8P/Ny5s7A5gOyCiIqipOH2wX0DQZJQ1Fxxy9Q0Tcs+9fH7sfyVn8xSy9IyS1MzU1Nzw30DTaUQRSWRTWQHgcFhWAZmu78/jl6nGZYBcWNez0+PPnfOnJm5TO975rzvPedcjaa6WmVpacWpq3QaOeH0hmjQ09kcJ3hwv1iBjmEZhmUZljACQliOYYlAwDECHSPgBCwnYHUClhOIOEZEBCwRCDlWyLAiASMUsCKBQCgQiFiBiGVFAqGYFYpZkUQokoiEEqHIQiyyEIskQpHFg0KRRCgUiYTiamWJquq+lZVNJx8fKyt0MpohRPUz+NLhCUNUP4MvHZ4khmGsrW2Uygqt3qowHL2C9qgKXVZU9+BJwul0WoNskH9IU682Xm0cHR0YhlGpVcyDpV0eZJScTqtVVQlYoUAoIgIhEbCEETACAUcEZRWavNRsgeyavbPG0dPL1sWTIcKSu5n3Em9XV1Soq6pVZYp7yUmKvDyh2NrWuW3L1u0cnKp0+VezknMU5RqOYQnDEgHLMEKGFbFiC47htOpq/V0VCBjCEY1KxXFcn769W9hIjRNdaEJICAEaQCwW9R/Qz8nZSfDgtLD2wfyTRytBMw8ecgwhggclHEM4wcPb6ejNSmEedE9kxcV2tvZCoUBbXajTVuj1MR4ucfdgmTvCPixhiYBlBEIiYAhLiJBhhAxhGcIyRCggAoYRMAxLV/gSMEKWFQkYkYAVsayIFYmFIpFQJBKKxCKhWCSUiEUSsdhCJJYIxLR7IRYKhUKhSCgUq6sVxfk3OE7X2qN1//79sOhzs4SofjbfOzxJiOpn873Dk+TVpm1VlbpEJntY8Ci1e+DhuGe6+C3hOIYRkJrSKO7BhUTOydGhZ88eNjbW2upqjZofzPwo+dJUK3U6jUAoYkUSVihiWCHDComAVRP2Tmb1nYtXyu6clWjvOEqr3VtZOjqLRboybXmxmKl2cbFyd7Nq2aJaok2tuHsqNeZ6Zr6aY1iGZem1R1YkYSUWjIDVViu1quqHH00e3o+Q0Wg01VVKd3d3v5dfbteu/RP/fs0b+/HHHz/rfQB4YTAM4+zsXCwrvpVwS6PWcHSVZPLoDPTDMUn6K5fTbYFerUczRhiO4TiiUqssLCxYAVNRUarjqgQCkUAgfvRahn9T5h//PCKg/xY8uC+VQMAIGUYgELCP/hEKBUKWFbKsUMQKRbQPIRJJREIxKxKzQjErlAhFj54SEKZMnpF397yyvNDeruW0aTPGT3gNAzaaJUT1M/jS4QlDVD+DLx2eMIlEotXqcrKz7ezsWFZgMAz0wf0ayKNVkB5kfQ/mGT64vQPRm0lIb2+o0Wo5QpKSklVVVaxQKGBZ8o8YJpxOx2nVHNEJLayEEgvCPYxpgUCtEygU6pJ7JbL8PHlutjI/U1WUqcxLLc9KKUxPzU1Pz8/Mupcruy/XaHQCRiBgWJZhWVZkIZRY6LQabXWlVlP9YJEbeoQyD9Y9VatVlWUKsVgycuSI0aPHtm3bDlcIG2rTpk3V1dWm1LSzs8M5JICGsba2enfxwoKCwtPHT1dUVHDcozb3wbJw5NENVblHPQs6l4Sho/0f3EKW42+5IyhTlNm3dOAIJ5ffV1dmsSIrhrVhGBFhBPx6BfzIet3DWyM/nLsiIPyUGH6RZoYhDHlwepBhiI4hAkbHCAgj4BgBJxBwApZjGK2AJQK+OyJgGAHhdBpVeUVZXrmikNOpHB2cRo0avfi9RVZWVs/kC4enAFENzQ+iGpqf7t17FBcX5ubmeHi0FopYjg6JZh4McSYPVx99eJd3eiPChwOmOY5OjX1Qn9MRQlihyNvbe/DggUVFxZcuXi5XKCQSC5FYLGBZelPAh9kkx2mrNdVVrMhCZCNlWQmnVnNaLX1/tZaoldoKpba4tJrcK9c7Avgps8yDxXKFQoFQpKlWVt+/r9NpHw7ZZhhC6PxaTqfjtFq1Sl1dXSURCYcMGTBy1KiePf/1DL9zM8EYzzQFgHplZmZt3rTl4P7DJcUlao2a0xmO0aeDMR4N9H/QA9E7H/2otk7HcRqiEQqFtra2Wq3mvrykqkqp0Wg4jiF0UWnjmwzTxl6/vJYB4P8oZow3Df+f4wjhdCwrkEgs3NzcJ4yfMHvOG56erU34VuDFhqiG5gdRDc2MQqGIi/tLVlLs5uYmtZOKHmRuencOfHQLwUdxpJeiMQ/jm+OrlMjv34i/celizIULf+TnF2g0GoGA/ccVuX8eDgIBW+NaNfWgdzjU6Th+GiSfNvKL2RCO02pFIpGnZ+sBA/qNfe21wYOGSKW2jfqqzJ2/v79CoTClppeXFxJCgEZSKpU3rifsP3Doyl+x9+4VqqrVWq2W0+m4Bwub688tediuMg/bYH5SCj2dzHE6TqvVaTidztLSyr5lS47TVVSUK6uqdDoNwzBikUij0egMj1b9Bl3/qQddGr27B/3DoynlRiUMISwrlEgsnJ1devf2nzBxnJ+fn6WlRRN+b/A8Q1RD84OohmZGo9GkpCTHX78qYJkWNi0kErGlpQXLCvXyQKNM6xGGv+fEw21CCFGpqm/dSiwqKiqRlVy7dj0rK6uyskqn09GFTI3epGk9OAZYVmhtbenl5dW9u9/LL7/s37tfB29v3G2i0ZAQAjw9arW6qKg4Jzvnzp27crmcFnLco1ULmIcLQj8YHv+gk/GPbgGdDa7T6XRarVqj4XQ6lq4VIBKxQpYVsGKRSK3R6Djdw1PZD/73z7PYNR3MnOEjhtNfZ53u5oMTi7R7ZGEhadvWy9PT09XVWSLBzazMEaIamh9ENTQnHMdVV1fl5+cXFhYoyhRVyiruYbA+mIRnhM77MzwpQQhDGAEroO+pUqnl9+UarcbK0lIikQhFIgsLCafjVCoV0TuhQesbZ4iMQMA8GmjKPcpKGYYVCIyvchNCWJYlj1JXTqfVCUUirzZt3dxaiUQizBt8HEgIAQAAAACaOY7jtFqtRqPhb074cM0Yzvjcw4Oc0OgdBALDccx0NLVAINC/nb3+U7XtT41PGb+EeTCPsYa3EggEyAObRIMSQiwqAwAAAADw4mEYRigU4kYj8JhwH0IAAAAAAAAzhYQQAAAAAADATCEhBAAAAAAAMFNICAEAAAAAAMwUEkIAAAAAAAAzhYQQAAAAAADATCEhBAAAAAAAMFNICAEeC8dx3MM7v3L/VHflZ0un01VWVtb4lEqlek52Eh6f/n9KU+Lz6e5drdRqdXV1dY1P1VbOq+MPrPGArXdnnp/Dtlky+HrrDtHnKkqVSqVGozEu5zhOpVLV/dp6D8bHUe9v0PPzHYKBF/RYaJIWG5H5bOFGlgCPJTAwsHPnzt99951KpQoJCTF41traetiwYTNmzLC1taWVfX19v/3222e0sw9wHPfBBx/cuHHj9OnTfKFard66deuhQ4eUSiUhpHPnzv/+97/btm37TPcUHsutW7fefvvt6dOnT58+PSYmZunSpQYVnJ2dR40aNXHiRIZhEhISFi1a9Prrr0+dOvUZ7e8DCoVi2rRp3t7ea9as4QtlMtk333wTExOj1WrFYvGAAQMWLlwolUqNXz5+/HiZTMay7PHjxw1u1rx69erjx48TQs6dO0cIWbBgwe3bt+l2HUysBo2j//WuX7/+wIED+s+yLNu+ffspU6YMGDCAELJ169Zffvnl22+/9fX1fXa7TAghiYmJCxYsmDNnzsSJE/ULv/7667S0NNr4T5gwYdKkSSzLGrzWlB+LRpPL5WPGjCGE1PhbM3HixKKiIvqb9TifAk/Czz///PPPP69fv/6ll16q91hoHi32Ez0WoEGQEAI8Fmtr6xYtWvDn6sRisb+/P70EV1FRkZKScujQoYSEhB9++MG4W/BMaDSa9evXX7t2zWB/Pv/886ioKKlUGhISkpaWlpCQMGfOnF9//dXZ2fnZ7Sw8FqFQKBaLLS0t+RIHB4fOnTsTQrRabWlpaWJi4qZNm2Qy2YIFC2iFZ36CVi6Xf/DBBwqFQr+wurr6rbfeKioq8vT07N279+XLl8+dO5eWlvbTTz/VdlhptdqYmJiBAwfql5w9e1a/jq2trbW1db27ZGI1aBz9r5eGX8eOHWmzo1KpiouLU1JSli1btmLFir59+z7z+KTu3Lnz/vvvGxRmZmYuWrRIq9X26NGjdevWZ86c2bJlS0lJycKFCw1qPtEfC/4rSkxMLC0t1e9S37lzp6ioiH5io98fnhxLS0uxWExPY9V7LNCXPPMj4jFb7Bel42QOkBACPJbIyEj9h66ursuXL+cfVlZWzp49Oz09/e+///bz83sWO/gPV69eXbFihVwuNyi/f/9+VFSUtbX1gQMHGIYhhGzZsmXHjh0HDx6cM2fOM9pZeFw+Pj4nTpzQLxkyZMj8+fP5hzk5OdOmTdu/f//cuXOfxQ4a2rdv3w8//KDVag3KL168WFRU1Ldv3xUrVhBC5s2bN3fu3JSUlJs3b3bv3r22dzt69Kh+QhgbG2swkO+zzz4zZa9MrAaNY/z1zpw5k/YOqRMnTqxaternn3/mO8HPkFKp/O67744dO2b81K5du7Ra7cKFC8PDwwkhs2fPHjVq1MGDB9966y2DK9XUU/ixOHfu3OjRo/mHNe42PD/Gjx8/fvx4/ZLn+Vhowhb7Oe84mQnMIQR4LDNmzFi1alVtz1pZWfXu3ZsQkpqaSks0Gs23334bHh4eFBQ0Z86chIQEvnJmZuYHH3wQGhoaFBQ0bdo0/fGc06ZN2759+7fffjtmzJigoKAZM2Zcv36df1Ymk3344YdhYWH0hVFRUbXtz8aNGysrKxcvXtyuXTv98oqKiuHDh8+bN49mg4SQLl26EEKKi4sb+8XAs5eenh4REXH06NHaKnh4eLi7uxNCsrOzaYlMJluyZElISEhISMj7779fUlLCV46JiZk1a1ZQUFBISMj8+fOTk5Np+Z07dyIiIs6dO/ff//43NDQ0JCTk3XffvXfvHv/CxMTEefPm0fdcsGDBnTt3atufDRs2tGzZ8ptvvjEot7a2Hjp0qP7IqJdffpkQQi93GBOLxe3atYuNja2qquILjxw5IhaL6d9LrV69esaMGXS7jkNMvxo0uXq/3sGDBxNCMjIy+JLExMTZs2cHBQWNGTPmq6++4q93abXaPXv2TJgwISAgICws7OOPP+YDODIyMiIi4vr163Pnzg0KCgoLC1u9ejU/u0mtVm/YsGHcuHEBAQETJkzYsmWLcR+XSkpKOnbsmJ+fn/EVwvbt2w8aNGj48OH0oZWVVevWrQkhpaWlpnwPBj8WU6dO3bJly/z584OCgv773//SgXlffvlleHg43ckff/yxxhmMFB1Sq58Bchx34sQJg6G25eXl69atmzhxYlBQUEBAwNSpU2NiYuhnzZgxY9q0afxPwO7duyMiInbu3GnK3wKNc/To0YiIiPT09NoqGB8LtbXYjT4WaNhMnTqVPrV8+fI6AripWmwDBsfCZ599tmzZsm+++SYoKGj27NmFhYUNOhbAREgIAR5LVlZWZmZmbc9yHEfnxnh4eNASOhbC39/fz88vLS1t8eLF9HpdTk7OrFmz4uLihgwZMnHixPLy8pUrV27bto2+KicnZ9u2bfv37+/YseOAAQOysrL4F8rl8oiIiMuXL3t6ek6cOFGlUv3vf//7/fffa9yfuXPnHjp06NVXXzUo9/Dw+M9//jNixAi+5PDhw3xaCC+oysrK/Pz8On6DCwoKcnNzCSFubm60JDIyMiUlJTg42NXV9erVq++88w4tP3PmzNKlS3NycsaOHRsaGpqSkjJv3rwbN27wn/Lpp59eu3ZtwIABbdu2vXHjxuLFi+kL4+LiFixYkJyc3KdPn/Dw8LS0tNmzZ/PnRwz873//2717t3HU9enT56OPPurUqRN9qNPp6FTAl156qbY/LTQ0lBBy4cIF+lCpVMbExAQEBOgPQMrIyMjKyqLbdRxi+tWgydX79UZHR9P5rnzJhg0bOI4LCQnR6XRHjhzhp8OtXr1648aNYrF46tSpvXr1unDhwuTJk8vKymhPND8/f/HixTKZLCQkxMLC4vjx4xs2bKAvnD9//r59+1iWnTRpkqur644dO4wn3FKtW7f+/vvv165d6+TkZPDUuHHjPv74Y36EdnZ2dkZGhqWlpYODgynfg8GPRW5u7o4dO1JSUhwcHHQ6nVqtnjNnztGjR729vadPn25vb7979+5FixbV9m42Njb+/v537tzhM7rr168rlcqwsDD9akuWLDl48KCLi8uECRN69uyZm5u7dOnSwsJCqVQ6YsSInJycjz/+mM5G/vHHH5VKJb34CU8IjdLa1nur8ViorcVu9LGwadOmNWvWlJSUhIWF9evXLzo6esqUKfpn1vQ1YYutz+BYyMjIuHjx4qFDhxwcHAoKCqRSaYOOBTARhowCNCWZTLZr1y7aopWUlPz1118KhcLJyalXr158nQ0bNnTo0IE2plFRUWlpab169Vq3bp1Wq12+fDmdLz558uSRI0du37595MiRLVu2pC/cunVrmzZtCCHr1q07ePBgfHz80KFDf/jhB5VKNXv27EmTJtHzyqNHj964ceOIESP0J49RPXv2NOWvOHr06OXLl52dnfVTRGgGEhISaHxqtdrCwkI6p27YsGEWFha0glQq/fnnn+m02PDw8JycHLVaLRQK16xZw7Lsjh07HB0dCSEDBw5cvHjxypUrd+/ezb9w7969IpGI47jp06fn5OQoFAqpVPrFF18QQn744Qca88HBwbNmzfryyy83btxovHv9+/evd1YMx3GffvppRUVFcHCw/uU+A4GBgevXrz9+/HhwcDCfGYaGhiYmJtbx5jUeYiZ/u9A0zpw5Qy8jV1VVZWdn007wlClT+Aq9evX64osvGIaZOnXqxIkT4+Pj6fXwU6dOeXh4bN26lab9mzdv3rlz548//vjee+/RFw4YMICOTCsrKxs1atSff/5Jx1WmpaV169btq6++otU++OCD2NjYmzdv0ssa+hwdHekhULfy8nJ6CZE/M2LMlB+LH374gY7m2Lt3b2FhYVhY2LvvvksImT59+ty5c2/fvn3+/Hl61chYaGhobGzsqVOnJk+eTFt1lmUHDhxID0maGCQnJ3fs2JG/wvPVV18dOXIkMTHR2dl5/Pjxly5dSkhI2LNnzy+//EIIWbVqlZWVVb1/OzSheo+FGlvs7Ozsxh0LhYWFu3btEovFBw8eFIlEhBBvb+/vv/9+586dM2fONN69pmqxTTkW3n77bTr+uRHHApgCCSFAU6qoqNi0aRP/kGXZvn37Llq0iJ9D4uDgQHvGhJB+/fpFRUXl5ub26tXr5s2bUqmUZoN0cnnPnj1jY2OTk5PpbAFnZ2faVSWE0BNvFRUVhJBr167R+qdOnaLPurm5paenZ2Zm8ufnGmTXrl2bNm2ytLRcs2ZNjVNf4MWVkpKSkpLCPxSLxRMmTNAfsNenTx/at6Dbp06dunfvnkqlUqlUQ4YM4bvCfn5+YrG4sLCQP3M8cOBA2oFgGKZTp045OTkVFRUMw8hkMrFYfPfu3bt379KaLMvWMWq0bmq1+uOPP46JiWnfvj1/LrxGUqm0a9euN27cKCsra9GiRWRkpFQqrfv8dG2HGDxlZ86c0X8olUrffPNNmthTw4cPp4PbnZ2dHRwc6Pjkq1evEkL0V/UMCgrauXOn/uj6wMBAutGiRQs7Ozt6KYa+0MXFhW9C7ezsCCE1JoSmKCwsXLhwYWFhYXh4OP+Jxkz5seDH9l+5coUQEhERwdcPCgpKSUm5ceNGbZ3gvn370rV2J0+erFarz58/P2jQILFYzFdwcnI6ffo0x3HFxcV0qEtSUhLNPWiFTz75ZOLEifTczcKFC729vRvxbcDjqPdYqLHFbvSxQM+XeXp68hNP6IGm/8IGMbHFrvdYoBPg6UYjjgUwBXp7AE3J2dl59erVdNvW1tZ4kWX9wR70soxOp9NqtSqVih9WSvXp0yc2Npafi6U/7ohe+qOn5ejEgHXr1hl8UF5eXkMTQo7jVq9efeLECQcHh3Xr1vHDCKHZGDZsGJ3XIRAIWrZsaXwN2dXVld+mVwN0Oh2NMf3QZRimZ8+eMTEx/IA0/csmNLA5jsvLy6Pr433++ecGHySXy2m323RlZWWLFi3KyMjo2bPnp59+KpFI6q4/YsSIhISEqKioQYMGJSYm6t8eoEa1HWLwlL377rvdunUjhIhEIkdHR+PTUi4uLvy2hYUFHQhHQ1E/Stu0aWNpaak/D1Y/SsVisVqtpqOFCSEnT548efKk/qfQ0dQNlZqa+vbbb6tUKnq7lzpq1vtjof9n0r9Of5xq7969v/vuO/3JugaEQuGQIUPOnj2bl5eXkpKi1WqNJwucOnVq/fr1/IkPg9V07ezsRo4cSQfT8nMj4Wmq91ioscVu9LFAYz4tLc2gxc7Pz2/EzpveYtd7LBBC7O3t6UYjjgUwBRJCgKZkYWFBFxKoDb9qiz6WZcViscHUbfojzd8JUP+FdBEF2lu1trZWKBR79+41+C3XPxNsCo1G8+GHH8bGxvr4+KxevdrGxqZBL4cXgq2tbd3xKRDUMLGcdh0M4rO8vJxejr5//75BfPJ5FP0Jd3d31z/7S9WbzhkoKip66623ZDLZ6NGjFyxYUONxZGDw4MFffPHF8ePH6XoJ9Y5/ru0Qg6fMxcWlEVFKu78GUapSqdq3b88/NAgb+l+Zngj45JNP/vWvf+k/24jxEdevX3///fe1Wu2HH34YEBBQd+V6fyz057s6OztnZGSUlpbyp1HoD4TB8mAGRowYcfbs2RMnTiQlJVlaWnbr1k1/sZzk5OTPP//c0tJy/vz5Xbp0adu27e+//75p0yZ+kZ6srKx9+/bREeZr1qz56KOPTPsaoMk85WOBzk8ZNWrUm2++We+n1K1BLfZTOBagXlhUBuC50LZtW5lMRkfs0J4ovaFFx44d634hHYD6xx9/WFhYWFhYiMXiBQsWhIeHFxQUNGgHVqxYERsbO2TIkO+++w7ZIOjz8PBgWTYqKkqpVNKS4uLihIQEd3f3um8S5eTkJBaLc3Nzi4qKaHyWl5eHh4c39F4marWa9i3eeeedt99+25RskHYy+vbtm5ycvGfPHg8PD4Mr8NDM0Kby0KFDfEl0dLRWq633FvZ0JMWJEycsHtq8eXNYWBidr2W6zMxMOmNww4YN9WaDDeXj40NXyuVL6LpfdQ8D6datm6Wl5eHDh+Pi4kJCQgwOHDr3csqUKWPHjvXx8RGJRBcvXuRzA41G83//93+EkLVr1/r4+ERFRdF1PuD51+hjgYbZqVOnJBIJPRbi4+PDwsLWr1/foB1oXIttosYdC1AvXCEEeC68/fbbCxYseOedd2bPnu3g4ECnTYeGhhoP6jMwb968WbNmrVu37ubNm/7+/mfOnElPT3/llVdatWpl+qffuHHj/Pnz9H6ydFk5ys/Pb+zYsY/xZ0FzIBQKp0+fvmXLllmzZs2YMUOtVv/444/0Hll1v5BhmDfffHP9+vWzZ88ODw93dXXdvXu3SqWaOXNmg7oIv/zyi0wmY1k2Li4uLi6OLw8PD+/Ro0cdLxwxYkRMTIxMJntObrQIT07Xrl27du2akJCwZMmS0NDQzMzMn3/+WSwW17swZnh4+M6dO2NiYubPnx8aGpqcnBwZGenm5tbQ9YRWrlxJh1ka3Jth0aJFJi40WocJEybs27dvy5YtZWVlXbp0+fPPP48fP+7l5VX3OmEMwwQHB9PEgK67q2/AgAE//vjj3r17HRwcRCJRZGTk7du36T0naFqbn58/atQoPz+/Tz75JCIiYuXKlV26dNEfiAjPp0YfC+3atevTp8+ff/45ceLEcePGVVZW0mDWX8bGFI1usU3RuGMB6oWEEKBp0A5ug0ZW0Mr0hb6+vp999tmKFSvoEuqWlpbjxo2bN29eHS+k/27Xrt1XX321fPny6Ojo6Ohoa2vr4ODgBQsWNGjn6Ylheq85/XKVSoWE8MVFQ0s/9ao3DTOuQEsiIiIYhtm2bRvt9To4OCxdulS/x6z/Qv3Apl2QDRs27Nmzh472mTlzJr88gInoGqFarZYPVKp79+51dy969+7NsqxWq9VfhsEU+ocYPDWNiE/94WQrV65cs2ZNdHR0bGwsIcTLy+vDDz/09PSs8YUsy9L/vmKxeOPGjZ988snt27dv377Nsqy/v//cuXPrvvpt0OCr1Wq6XJNMJjOI0jfeeMMgITTxx0K/gpWVFd3JvXv37t27l2XZXr16ffzxx/z6wLV9RSEhIYcOHXJ2dtYfUEff2cPDY+rUqfv376cTxtzc3P73v/999NFHf/75p6+v78GDBx0cHOhvkLOz8/z589etW7ds2bIa1weGJqHfYpt4yqy2FrtxxwIhZNmyZXR9Znojio4dO06ZMkV/OqspTG+xG9FxMv1YgAZhMEcC4LlSUlJSVVXVoOt7VGlpqWEiUDUAACAASURBVEKhqHsgPsDj4DguPz/f0tKSn99vunv37gmFwse/VAJQN41Gk5OT4+LiUu/wCgNVVVUFBQWtW7euOxV8tiorKwsLCz09PZvwbEV2dradnR2/WCU0G40+FrRabU5OjpOT0/N8o5EncSw0M/7+/vSCf728vLyQEAIAAAAAADQfDUoIkVUDAAAAAACYKSSEAAAAAAAAZgoJIQAAAAAAgJlCQggAAAAAAGCmkBACAAAAAACYKSSEAAAAAAAAZgoJIQAAAAAAgJlCQggAAAAAAGCmkBACAAAAAACYKSSEAAAAAAAAZgoJIQAAAAAAgJlCQggAAAAAAGCmkBACAAAAAACYKSSEAAAAAAAAZgoJIQAAAAAAgJlCQggAAAAAAGCmkBACAAAAAACYKSSEAAAAAAAAZgoJIQAAAAAAgJlCQggAAAAAAGCmkBACAAAAAACYKSSEAAAAAAAAZgoJIQAAAAAAgJkSPusdAIB/KDjBNPq1riFck+4LQNNAVEPzg6iGZgYhbc5whRAAAAAAAMBMMRyHnB4AAAAAAKCZ8Pf3VygUptT08vLCFUIAAAAAAAAzhYQQAAAAAADATCEhBAAAAAAAMFNICAEAAAAAAMwUEkIAAAAAAAAzhYQQAAAAAADATOHG9ABPlVKpVKvVtT1rZWUlFD44KjmOy8/Pv3PnjpOTk7e3N1+uT6PRZGRk5ObmtmvXzsPDg2Eaf1dZgCaRn5+flpZmZ2fn7e1taWlp8KwpEatUKtPS0hQKRadOnRwcHJ7WjgM8oNPpoqKiOI5r1aqVr6+vwbMcx2VmZubm5rZq1crLy6vGGL5//35qaqpQKOzUqZOVlZVxBVOad4AnxJQ2tt4YRvejmUEbBPBULV68ODk5ubZn//3vf48YMYIQkpycvGzZsqKiIv6pmTNnTpkyRb/y6dOnV61apdVq6UOxWPzpp5/26tXrSe4+QK1iY2M/+eQTpVJJH7Isu3DhwrCwML5CvRGr0Wg2bdq0d+9evsTd3X3VqlVubm5P8e8Ac3fo0KH169cTQvr16/fpp5/qP5WQkLBkyRI+yMVi8RdffOHn58dXuH///ooVK65du8aX9OvX78MPP7SwsOBLTGneAZ4EU9pYU2IY3Y/mB0NGAZ4jHMcRQrKysubNm6ffXSCEbNmyZfXq1fzDo0ePrly5km+OCSEqleqDDz44e/bs091lAEIDUr+jTAjRarVr1679888/+Qr1RuyKFSv0eyqEkNzc3GnTpuXk5DyVPwKAXL9+nWaDxjIzMxctWqQf5CqV6t13301PT6cP1Wr1G2+8od+TJoRcvnz5jTfe4CPflOYd4Ampt401JYbR/WiWkBACPFVubm52/8SyLP9sp06dCCErV66kD62trSdPnuzk5EQfHj9+PD8/nxBSWVnJd1m8vLwmTJggFovpw/Xr19OsEuCpUalUfEB26dJl4cKF7u7u9OG2bdtMjNibN2+eP3+eFvbr1y8kJIRua7XaLVu2PPW/CcyOUqncuHHj4sWLa6uwY8cOuuHg4PDGG2/wY+22b99ON3755Re5XE4vj4eHh/NXDvPz80+dOkW3623eAZ4QU9rYemMY3Y/mCgkhwFO1bNmy/Xp+//331q1b06f++9//tm/fXqPR8GNKN27cOGvWrN27d/MNLu2RJCUlqVQq2qXYvHnzm2++uXHjRlpBoVBER0c/oz8OzFRkZCQfkN988014ePiHH37IsqyTk5ONjY2JERsTE0NLBgwY8Omnn37wwQfz58+nJdHR0TKZ7Nn9fdD85efnv/baa3v27KmtQllZGX8BZOnSpREREUuXLqUPL1y4QPvQfAy//fbbCxcuXLt2rb+/Py2hZ0ZMad4BnhBT2th6Yxjdj+YKCSHAs7Rz586MjAxCSJ8+fYYNG0bHb9CnWJall1kYhunXrx8tvHnzJiHk7t279KGPj49AIKAn6qRSKS1MSEio8bPUavWdO3f0h3lQpaWl2dnZT+xPhObvypUrdCM4OJguLeDj43P69OnffvttzZo1JkYsX4dfxmPgwIH8R6SkpNT40bVFb15eHnJIMN39+/fpWFCpVOrt7U0LaaxSfMtMCKGXTbp168aP78jKyiKE8KHIx/DgwYPpRlFRUXV1tSnNuzGO49LT0/WHqlK1NekANTKlja03hhvX/UAMP/+wqAzAM1NUVPTTTz/RzsH7779PCyUSCd3QarWlpaW2traEEH61xpKSEkIIP7dbvyvMv/DevXvGn7V27dpjx45ptVqWZZctW0Z/BiorKz/44IPExETaDVq/fj1/uRLAdAUFBXRDo9HMnTs3JSXF0tKyW7duixcvpsPqTIlY4zr6i5QaR3Vt0ZuamvrRRx8VFhbSPs3q1auNFzsFMMay7NSpUydPnrxt27a0tDSDZ/lZf3Z2dvyCig4ODjTSiouLCSEikYhePMnJyaFZpf46HEVFRaY07wZOnDixfv162pMeO3Ysf0mnxiYdoA6mtLH1xnAjuh+I4RcCrhACNCWO4/7444/58+fX2Cwa2LlzJ90IDg62t7en2y4uLnwFuiAHx3H8KA6lUqnT6dq2bUsfFhUV0Y5IUVER31+hHRR9Bw4ciIyMfOeddw4fPjxy5Mj/9//+H51Bvnz58szMzDVr1vz+++9ubm6LFi3SaDRN8TVAs6JUKjdv3vzll19WVlbWWIG/FhcZGUlPMyuVypiYmIiIiLy8PEKIKRHbrl07+jAmJoZORLl8+TL/EcZRXWP0KpXK999/397eftu2bT/++OPdu3dXrVr1BL4SeMHUG8NeXl67d++eNm1abXeA4CNQvw/Nd47ps23atKEPL126ZLBBY96U5l3/Q1NTU1etWjVs2LD9+/cvW7bs999/P3bsWB1NOpi5pKSkOXPmJCUl1fisKW1svTHc0O4HYvhFgYQQoCm9//77a9euvXPnzpQpU+Li4uqoWV5efuTIEbr92muv8eUMw9A7TxBCvvjii6VLl44fP55OUKEqKys7derELxI9adKk5cuXT506la9QVlZm8Fn79u3r0aNHaGiojY3N3LlzWZY9evRoeXl5bGzs1KlTe/ToYW9vv2DBArlcXtuYJTBb1dXVr7322pEjR6Kjo0eNGqVQKIzrVFRU8NvOzs5hYWF0WpRKpfrss8/oakn1RmxISAgdgCeXy8eOHbt06dIvvvjCoA6vtuiNi4tTKBT//ve/PT09vb29x48ff/78eYNONpgbU2LYysqq7ptelpaW0g39ZcD47JE+O27cOPrw7Nmzc+fOnTdv3rlz5/jKCoXClOZd/0OPHDkiFosXLlxoZ2c3ZMiQzp07HzhwoLYmvVHfDTQfu3fvfuedd7Kyst577z1+Xp8+U9rYemO4od0PxPCLAgkhQJPJyMi4du3a1q1bfX1933zzTf68b40iIyPpuHkvLy/+lBv11ltv8UvPxcTEGEyFsrGxEQgEy5Ytoy27VquNjo6mYzwo425NYWGhl5cX3RaJRC1btpTJZHRFO/50oKenJz/wCYB35MgRJyen//u//5s8efLAgQNjY2ON6/DXTMRi8a5du959990vv/ySliQmJioUClMi1tnZmR9KJJfLDQ4fR0dH/Ye1RS89x8yX04379+836VcCLxhTYrhe/CAOg9X29Z8dPHjwgAEDaElKSorBLWdpDNfbvOs/zMrKcnV15VNQLy8vWr/GJr0RfxQ0J9u2bVu+fLm3t/fq1atv3LhhfCLMlDa23hhuaPcDMfyiQEII0GSsrKzoTYfpRb+33367jspRUVF0gz8hp/8+v/zyy9ixY93d3a2trbt16/b666/Tp/ip2z4+Pr/++uvgwYPpvSsCAwMDAgLoU/qjkiitVsu/kBDSokWLkpISOqC/RYsWtJB2RPTPVQPQZE8mk9FZgsuWLaNLHxlo2bIl3ejWrRudXtW5c2e+B0CXTTIlYsPDw7/66is/Pz9ra2t3d/epU6fyt69wdnbW/8TaopeW89dtaAVEtZkzJYbrxQe5/sIY1dXVdIPP8ZYvX75o0SJvb29LS0tvb29+cjhfx5TmnadUKvVTxBYtWtArMDU26Y34o6A5sbCwoGu6+Pr6fv/99/pLIvFMaWPrjeEGdT8Qwy8KLCoD0GScnZ2nTJmyZMkSsVi8efPmiIiI2lazqKys5BctCAwMNK4gFovfeust/mTer7/+Sjf4bgf9uGXLlvHLGyxatIhuGLfILMvqTw6srq6WSqV03/hyepLP4Pw0wLBhw6Kjo7/55htnZ2epVDpixAg+5HguLi50+UQ+9RIIBCzL0msp/IlqUyK2W7dufn5+tI5Op+Pn2RpEdW3Ra7BaHS3n80YwT6bEcL34Sx9yuZzjOPoOfBdWv2UeNWrUyJEjaQX9Cyz8VW5TmnfKyspKfxCpSqWytraurUlv6F8Ezcx//vOfTz75RKVSff755zNmzHB1da2xmiltbL0xbHr3AzH8osAVQoCmNHPmzP3791tZWR07dmzJkiW1Vbt69SrdcHJy4m9CxVuyZElYWFhgYOCZM2foqgORkZH0KbpAuUKhmDp1akhISGBgIJ3MLZPJ+OWe+UXMeXZ2dvwEGDrK39XVlbbsfDmdV8PPDQCgxGLxqlWrPvzwQysrq6+//prvvOrr3r073UhJSaGBdPfuXX4ckZeXlykRGxcXN2HChKCgoPHjx9PyCxcu0ASPZdnOnTvrf2Jt0Uu71Hz/g1YwGG4K5saUGK4XPw6ZEHLx4kXajPMnIOizO3bsGDNmTEBAwOeff07LDx8+TDf4Nfrrbd71OTk56U/KKi0tpRFeY5PeiD8KmpO+ffsePXrUw8MjMzNzxowZxvd4MKWNrTeGG9r9QAy/KHCFEKDJZGZmXrt2LSwszMvLa9q0aYsXL66jJt2gc58MWFpa0lU61q5de/fu3Rs3btCVu1iWpeNLpVKpXC6nHe733nsvICCAn43dvn37rl27Grxh69atr127RreLi4sVCoW7u7udnR3LsvHx8XSt5/j4eCSEYCw2Nlar1VpbWwcFBVVUVFy6dGnKlCkGdcaMGbNt2zbasRg/fnxgYCB/e2IaafS6St0R27p1a757sWTJEm9v799++43WGTdunMHF9tqil17ijo+P79+/PyHk2rVr1tbWNQ6dAvNhSgzXq0WLFkOHDqVD/VetWvX333+fPHmSPhUcHEyvQtvb29OL5KdPn5ZIJGq1mq8zZ84culFv867Py8vr9OnTZWVl9P3j4+Nffvnl2pr0x/uS4MVWWVn522+/TZkyRSqVfv3118HBwWlpaQadAVPa2HpjuKHdD8TwiwI/kwBNpqqqav369XQs6NWrVw2uaeijS2LUlhBGRETQDaVSuWvXLnqnNULI3Llz+SGdM2fOpBs5OTnbt2+ns7FZln333XdpeXp6+qpVq+gaG+PGjcvNzT1w4IBMJluzZo2lpWVAQADDMCNHjoyMjLx+/XpWVtamTZt69OiBU3RgIDU19auvvpLL5RqN5vr167179zauY2lpOXfuXLqtUqmOHz/On5xetmwZ3ag3Yl1cXPr06UO3Y2Njd+7cSTNMJyenSZMm0fLo6OjVq1fTxXhrjN4OHTp4eHhs2LAhLy/vr7/+ioqK4o8mMFumxLAppk6dSmfGVlRU7N27l1+tlE8vAwIC6OkPupIN35Pu27cvfxXdlOZ9+/btu3fvJoSEhobS1FEmk/36669yuZweCzU26Y39eqA5kEgkO3fupFfzbt26xbKsj4+PQR1T2lhTYrjexlylUq1atYouWoMYflGwH3/88bPeB4BmwtHRUSaTrV27tqCgIDs7+/333zceT09FRkbSOVchISHGrXbLli29vb1jY2PVajUtkUqln3zySVBQEF+nc+fODMMkJCTQuwnRWwytW7eOv9HQ33//vXnz5v79+7u5uXl4eCgUiu3bt+/du1elUi1dupQOcPL19b1+/fqOHTsOHjzo7u6+bNkyOrgfgOft7X3+/Hmaetnb28+fP7/GmbG+vr7t27fXD1o3N7cvv/yyQ4cO9GG9EUuHG+Xk5PDXzwkhgwYN+vLLL/mw3L9//7Fjx6ZNm8YwTG3R6+fnd+zYsZ07d0ZHR/fv33/+/PmNmDAGzYmJMcy7fv06vQGPp6fn0KFD+XI7O7vBgwfHxsaWl5fTEgcHh6+//ppfJlokEvXt2/fmzZv8wrZisXj69Ol8R9nE5n3lypW5ubkjR46USCQeHh47d+787bffkpKSXn/99SFDhhBCamvSwWwJBAJXV9d169YVFhZGRUW99dZbL730knG1ettYU2K43sa8urp6+fLlTk5OvXr1Qgw/Q5s2beIXvqqbnZ0dw//nBIAmUVJSsnTp0g0bNjxmN1Sn0+Xm5spksrZt29ra2tZYp7q6Ojs7u7q6un379vwtkmujUqnkcrnBao107L5Op6vtIwDo8KHMzMxZs2bVW1Mmk+Xl5bVp06bGFQJMidiysrKsrCwLC4u2bdvWO9qztugtLCy0s7MznqALZsv0GK6XQqHIzMxs3bo1fy3FQFFRUW5urouLS22D8E1p3nkcxxUUFLi6uhr8ptTWpIPZUqvV8+bNW79+fd2nPExpY+uN4QZ1PxDDz4S/v3+Nt1015uXlhYQQoOkVFxdjHQtoTqqrq1UqFZbrhBcXYhjMAbofwGtQQohFZQCaHppjaGYkEolEInnWewHQeIhhMAfofkDjYFEZAAAAAAAAM4WEEAAAAAAAwEwhIQQAAAAAADBTSAgBAAAAAADMFBJCAAAAAAAAM4WEEAAAAAAAwEwhIQQAAAAAADBTSAgBAAAAAADMFBJCAAAAAAAAM4WEEAAAAAAAwEwhIQR4GqqqqvLz8nQ6XaPfQVVd/fu+fdu2btVoNHVUK5HJqqqqjMvv3btX26erVCpVdbX+P/ofUVFRUSqXN3q3oRlTKBRFhYWP8w6lcvmmH388eeJEjc9qNBqDyFSpVPVGrD6VSpWfn89xHH2o1WoN37C6mn8WzNZTa59V1dWZGRklMplBeeG9e1qt1qBQq9UW3rtX70dnZWXl5eWZUghmQqfT6TdxarW6EW/CcVzM5cvr160rLy+vu6ZxsKlUqtzcXGVlpUHNioqK3Nzcuo8RjUZTY9jfv3+/qLAQzfWTw+DLBXjSjh8/npqSQghhGMbX1zdw2LCGvkP6nTvHjx+nPQaGYfoPGNCjRw+DOtevX4/96y+aDbZs2XLEiBEtHRwIISdPnEhLS9NqtQzDuLu7h48eLRD840zQum++MXgrqVQ64/XXc3NzT586pVAoCCFWVlYDBw3y8fFp1BcAzY1Sqdy7Z49cLieECIXCoUOHdvb1beibXPzjj2vXrtFtsVg8ctSoVq1a6VfYtnUrDT99Cxctqi1i9Uu0Wu3RI0cyMjIIIQKBoHv37v0HDDh75sytW7cMXvtqWFi7du0auvPQbDyd9pna+euvxcXFnp6e4aNH05ITx4/fuXOHts+tWrUKCg6WSqVVVVUH9u8vLi7mOE4oFLZv3z4oONig3aboQSQWi+fOm1d3IZiPy5cuxcXF8Q8bEQkKheK33buVSiV92K5du1fDwmqsaRxsly5evHr1Kt12a9Vq9OjRQqFQq9UePHAgNzeXlnfv0WPgwIEGb1VVVXXo4MHCwkKO40QiUZcuXQYOGkQIKS8v/2337oqKCkKISCQaPWaMq6trg/4cs+Xv72/8G1ojLy8vXCEEeLL++vPP1JSULl26vD5z5qBBgxITE2MuX27om5w5c0ar1VpbW7Msy3Hc5UuX+JaaKi8v/+PChaqqqg4dOzo4OJSUlJw6dYoQkpycnJycTAjp1LmzRCLJycmJjY01ePOWDg4tH2IYhhBi37IlIeT4sWMKhcLFxaVdu3aVlZVnz5wxPocN5iny8OHS0tJBgwe/PnOmT6dOp0+fzsnObtA7KBSKa9euCR9SqVSnT50yqOPm5sZHplAopD2bOiJW37mzZzMyMsRicbv27TmOu3r1akFBgYOjI/9CS0tL2n23lUof+/uAF9XTaZ8JIdlZWfv27i0uLtYvvHnzZkpKCsMw7b29LSwscnNzDx86RAg5dfJkUVGRlZVVu/btdTpdcnLyxT/+MHjD+/fvnz17lj+lUkchmJv8/HyJRBIUHEz/CR4+vKHvEB0VpVQqbWxsCCEsy6anp6enpxvUqTHYkpOTr169KhAIvLy8RCJRfl7eqZMnCSGnT53Kzc21sLDw9PRkGCb+2rXbt28bvGFUVNS9e/esrKw6deqk1Wrj4+Pv3btHT2pXVFRIpVInZ2e1Wh15+HCjvhWoh/BZ7wDAC6aqqurEiRO5OTkcx9nb248IDbW3tyeEbPnpJw8Pj9TUVLFYPGnyZNqSEkJS09JsbGwCAgMJIX7duqWlpd24caNvv378GyoUit27drVq1YqegTt54kRmZubESZOkD/upWq22qqqKYRhnZ+fy8vJx48fTzrG+yooKjuNYln3llVeysrIOHjhATwuVlJQQQpycnIKDg6Ojo2/euFFcVGTw2ilTptCNpKSkUydP2trajhw5kv6lhJCg4GBbW9sN331Hx+9ZWlk9yW8Xno2iwsKTJ0/K5XKBQODh4RHyyitisVhWXLx379723t7JSUlOTk4TJk7k69+7d69jx47dunUjhAQGBqYkJ8ddverRujVf4fTp0+l37owZO9bJyUkul+/57be27doFBQXxFeioOZqV+XTq5O/vbxzVw0NC6EZpaen2n38WCARTp02rI2J5Op2O9jbGjBnj5OxcXFwsYBg7e3tXV1e6zzqdbtvWrYSQ0FdfdXB0fDJfKjwDNbbPdURyve3z7du3z0dH9+7Tp3v37jqdbscvvzAMQ+OQMqV9JoQcOHCAECKRSKqrq/nCivJyZ2fn7j16+Pj43Lp16+yZM7TdFggEjo6Or4aFSaXSI0eOpN+5U2TUbh8+dKi0tNTS0lI/+ayxEF50SUlJ9ISvWCzu+vLL/fr1I4QciYzkOK6goECj0QQHB7f39ubry2Qyd3d3b2/vyspKW1tb4zf8Zft2rVY7ddo0lmVv/f33H3/8MXjIkM6dO/MVaM+hdevWycnJc+fNY1nW+E1qDLbkpCRCiO9LLwUEBNCQTktL4zguMzOTEDJ8+PA2Xl40pGP/+kv/E+kMAkJI165d/Xv3LigokMvlxUVFDg4O9Lria+PG2djYfPftt0qlMicnx8PDo+m+YCCYQwjQYPv27cvKzHR3d+/cufP9+/d37dxJB8RXVFQkJSXZ29vb2Njw2SAhhBUIKisr+bHZpaWlBgP6pVJpmzZt0h9KTk5u3769VO+qBcuyjo6OHMfdvXu3vLz8/v37xnvl7OJia2ur1Wo3/fgjPcf8sp8fIeSll14SCoUFBQVbfvrp5o0bDMPQDrExjUZz5vRpQkhYWBi96kIHAe7etWvzpk0cxzk7OyMbbJaqqqr27t0rl8s7+/q6urllZGTs//13Qohao1GpVLcTE52dnelZDx7DMHwc0jkq5WVl+hX69OmjUqmOHjlCCDl08KBKpeqn18kmhLTx8hIIBGVlZWVlZfl5efq9ZGO069O3Xz9ra2u+0Dhiefykl1OnTq1ft+73fftK7t/X79NcunSpvLzc3d0dg0WbmRrb5zoiud72uXPnzmKx+NLFi8rKyqioKLlc3r9//3+8gwntMyHE0dFxypQp7du31y/s26/fxEmT6FB82pOW2trSYcyTIyKkUqlWq6XX3p2dnQ3e0MHBYURoqMEA1xoL4YWWk5196uRJnU7Xs2dPCwuLuCtXYmJi6Knku3fvEkJatGhBp4dQGo2mqqoqJydn4/ff/7xt2w8bNxrP9O7dp49CoYiOiqqoqIiKirKwsDDIzTp06EDPhnAcl5OTU+OO1RhsdGCzorSUnv6ghWVlZbSJprMM6ECPSqMZhj179SKE/PXXX1t++kkul4vFYu8OHfgRj7RbRV+LdQ2eBCSEAA1QUlJSIpN16NgxfPTowGHDAgIDNRrN9evX6bNSqXRyRMSkyZP1X+Lh4aHT6c5HR6tUqoSbN8vLy40n7g4LChKLxadOnjx54oSlpeXQgACDCgGBgfRailKp3LVz59kzZ4z3rUvXrrSCTqcTCAQdO3SgbaiLiwvfRW7RooWzi0uNf9q1q1d1Op29vT3/09K5c2eGYTQaDe2s+9WSScKL7u+EBI1GExQcHBgYOGbMmPbe3oWFhfQMMT2nMH7CBINBR3b29oWFhUlJSarq6rPnztFeiH6FFi1a9B8wQKFQ7Nixo7S0dGhAgH4uR1PKIUOH0t5Dbm7ulp9+SkxMrHH3ioqKZDIZwzB+fn765cYRy+O7CyUlJWKxWKVSHT92TP6wUKfTJdy8SQjp3bt3Y78zeB7V3T7XGMmmtM9hI0fqdLq9e/fe+vvvdu3bt/tnUmdi+zw5IsI4UHl//fUX7XYPHDBAv3z//v0qlUogEPzL39/gJa+GhXnrXRSqoxBeaDF//kkImfH66/36958+Y4alpWX8w1GaDMNMnz59ytSp+qc58vPy6OCL4OHDO/v6qlSq/fv3GyyY1LFjRw8Pj1u3bu3bu5fjOH5GK69Hz570HATHcYcOHvx52zaV0Tm7GoPNs00bQkhOTs6VK1f4cc4KhYLO+ouNjb0aF5eWmmr8k0EIadWqlaWlJcdxtLvSpk0biURSVlZG/1Jah57XK6tvnRtoBCSEAA1Af7PpyTNCCG0N+cE8xidx6Tlga2vrmzdvbvz++6ioKBsbG4OrGbSNGxEaqlKp1Gp1eHi48eIBrq6ub8yaxU+kvnXrlsF56MJ79y5dvMgwTK9evby8vHQ63e7du2n7m5ubKxKJ+g8YIJVKFQoFvX5o7ObNmwZZ3/7ff+c4rl27dr169aJzAIwXx4NmgC4Qx18ro6cSCh+eVG7l7m78kuHDh7Mse+rkyY0bN95JSxOLxcbD5Hr06NGyZcsSmcytybsjQgAAIABJREFUVauXXnrJ+E26dOnyxqxZ9Iwvx3HRUVE17h5dHcGzTRuDjzCOWJ5QJKIb/fv3nztvHr3efj0+nhampKRoNBqxWKw/xhWagbrb5xoj2ZT22cnJya9bN3rJIuThMGZ99bbPdYuPj//rzz/pTO82Xl58+cEDB2jnPig42MLCwvQ3hOakRCazsbHhr7Z5enpqNBq63rKFhYX4YTnP3cNjckTElKlTfXx8goKCOnTsWF1dfc9o3c4RoaEsy5aWlvbt29fOzs7gWUtLy4mTJvGnzEpLS28mJJiyty+//HJLBwedThdz+TJ/cc/CwiIgMFAkEimVykuXLtFU0LifE3n4sFKptLOz6z9ggEgkSk1NjYuLEz9szCl6vsagEJoEEkKABhAwDG3d6EOhUMjodR/oSWIDQqFwxuuvBwQG/svff3JEhIura40zTPizZcanvtRqdX5+fmFhoYODg5OTk7u7Ox3LoV8nLS2NDuHo17//q2Fh9Mpe4b17d9PTCSF+fn49e/ak82QKCgqMP12r1VZWVjIMw3fcCwoK6JXGV8PC+vXvT38wklNSGvGlwfOPYRg+LCUWFvpnZK1qGifs5OQ04/XX+/fvP2DAgNdnzmRZtsZqD0ZT13Q2V1lZmZOdraqutrCw8OvWTSKRaDQa414LIeReQQEhpOc/l200jlh9/Ihrt1at6IlnfrQSHYLFj4iG5qTu9rnGEDW1fVaraTwbj202pX2uw+3ExD8uXKCr/AUHB/PlJ44fz8rKIoQMGjwYyzubOXrWjKKZIY1riVE2yE9A5UfIt23blk5pMaim1WppclVaWmrwFMdxRUVFGRkZTs7OAoGg/4ABhJBUk3/9IyIiAocN696jBz+1WyqV2tjYvD5zZv/+/f1796Z5pv4fRdEll4KHD+/Zsydtn9NSU21atKC7RNe0oyO6W7RoYeLOgOmQEAI0AF3M8E5aGn2YlZnJcZxLnSsgJyUlHT50qEuXLn379nV0dMzOynIwGjikUqlOnjhhZWVlaWl58sQJevKPV1xcvHfPnt/37VOp1YQQOvSupdGyinyjr1QqaUPPCAR0475cTodt8DUrKytLZDJ+LjjNEqVSqcHccZ1OR28lRBeYERidO4dmwN7enuM4fpnQ1NRUusJnHS/548KFq1ev9uzVq0fPnlqtVqlUGk/xj4mJUSgUXl5eCoWCTnrRFx8fv3///sgjR+hK4rQXLq1pwU86ZMjgal6NEatQKEpkMo1GY21tTU8/Z9y9S5dY0O9DFNy7RwjxatOmgd8TPO+eUPucn5d369Ytt1atOI4zXuHQ9PbZmFwuP3PmDD1nMXLUKL781q1bKSkp9AKm/qxvPsJNeXNoHqxtbO7fv8+P+aSLJ4tqv0R28+bNdd98k5+f/6D+3bsMw3jpXXmmIg8f5jjO1dX11q1b+f+8i6BOp/tt9+7Dhw7l5ebyk/eMryLWKCsra/euXXfv3h04cOD9hzMGxWJxXFzcvn376PTy3Lw8OquWdn5KZDLayNPuCp2tUKZQ0LzX2tqaZr+ZmZkVFRW0d+To5NTwLxLqgVVGARqgVatWFhYWt27dsrOzk9raRp07xzAMPQNXm5b29tnZ2X9cuODXrdulS5dUKlVgYKBBnePHj6vV6jFjx+q02r179x4/fnyUXufAzc2NjvZMTUlhGKaoqIhhGH5YFOXt7R0XF6dUKn/avJm2mGKx2NHR0dvbu7i4+E5a2vaff6YnAunVkjOnT2dkZHTq3Jmek6aDBm31WnxnZ2ehUKjRaLZt2yaRSGhCiNkpzdLLfn7x8fFnzpwZOnSoXC5Pun3bwsJCKpUaT/rnicXiv/76y71VK3t7+8jISIlEQtcD4JWUlMRdueLq6jpy1Khdu3bFXbni4+Oj30vu2avX1atX6SBkOhuQvxXEP95HJuM4zvhcsnHEEkJ27dxZXV09IjTU29vb19f377//jouLS0xMpH+I78NriXTBAywu2vzU1j7T5qtG9bbPWq02MjJSJBKNHj36SmzslStXbt68+fLLL/MVTGmfaxNz+TLtBOfl5dG7a7IsO3/BgsuXLvEV6G0wXFxcJkycqB/hj/E9wYukm5/fuXPnDh082Ldfv6SkJIVCUfdSWL6+vhfOnz996lTw8OF5ubmpqalOTk7G4+0LCwv79OnTrXv3zZs2RUZGvjFrFn9yjWXZTp06JSYm0ltK0PtGdNWL+To4OjoWFxcXFRVt3bKFpnl0VL9UKi2RyS5fvhwfH08bZLo4U1JSUnRUlI2Nzcw33nB1dc3Pzz975kzclSt0QEeHDh0EAkGbNm0yMjJOHD9O99DOzs5gaShoErhCCNAADMOMHjNGLBafP38+8vBhlUo1ctQoeuaMYRjjySd0/c+XXnrpxo0b27ZuzczIGDxkiEFPND09PTMjw9fX18XFxa1VKx8fn8yMDIN7/oS88gpdkIDesDU0NNTgUp6zi0tAYKCNjU1FRYVarZZIJKNGjWIYxr937y5du4rFYrlcznFcSweHV155xXgnC/LzCSEOev11gUAweswYR0dHtVpdXl4uEAiM9xyaB1tb26Dg4MrKysOHD1+4cMHa2npyRAT/bI1R3bNXL2dn56NHj+7YsUOr1Y4KDzcIyMOHDjEME/rqq3QVUFqiX0EikQQOG0ZH9+l0OqlUSisbyMvPJ4TYGA0QMo5YA4OHDPH09KQXw+m9wuk1T2VlpUajYRhGfylgaB7qaJ9ri+R62+foqKiqqqrg4GChUNi3Xz8bG5sL588r/3mupN72WX8P9R9mZGQYVOA4rlQuN75phM5oqRswE126du3atWt2dvae335LuHnT09NzRGhobfFMR0EHDhum1Wr3/PbbxYsXW7RoYXBPeWVl5YXz56VSqX/v3mKxOCgoqKqqymAKd//+/fnprGKxeMjQoSbe5sHKyupf/v5CoZBmg506d+7Tpw9dxoZvkAUCQUBgIF3fTv9vCBs5kt6lkGaDHX18evTsSefQ2tvb0wHbEonklREjGvE1Qr0Y4wW1AKBeyspKrU5nep+S4ziFQlHjHYFMd/LEiaLiYv4mbDWqrKzUarXGI+xL5XKJhUUjViagCaGdnV1tPz/QbNCbShlfjqsNXQbJYPnQhtry00/eHToMGjTocd6kNhqNRlFaav/w/vVgJp7b9hmgcXQ6nVwut7OzM16LpTbl5eUikajGeYYmSk1JOXHixNsLFzbitSUlJcZ7q9Vqy8rK6h59ynHc/ZISqa2twVVNZWWlWqOpcVoB1Mbf319/rlAdvLy8kBACvDByc3MrKytNHIwE8EK4nZjo4OBQ291QAF4UaJ+hmSkrK0tJSenZs+ez3hFoJCSEAAAAAAAAZqpBCSHmEAIAAAAAAJgpJIQAAAAAAABmCgkhAAAAAACAmUJCCAAAAAAAYKaQEAIAAAAAAJgpJIQAAAAAAABmCgkhAAAAAACAmUJCCAAAAAAAYKaQEAIAAAAAAJgpJIQAAAAAAABmCgkhAAAAAACAmUJCCAAAAAAAYKaQEAIAAAAAAJgpJIQAAAAAAABmCgkhAAAAAACAmUJCCAAAAAAAYKaQEAIAAAAAAJgpJIQAAAAAAABmCgkhAAAAAACAmUJCCAAAAAAAYKaEz3oHwCy4t/J81rsA8A+5eVmP+Q6IanjeIKqh+UFUQzPz+CH9JOAKIQAAAAAAgJlCQggAAAAAAGCmkBACAAAAAACYKSSEAAAAAAAAZgoJIQAAAAAAgJlCQggAAAAAAGCmkBACAAAAAACYKSSEAAAAAAAAZgoJIQAAAAAAgJlCQggAAAAAAGCmkBACAAAAAACYKSSEAAAAAAAAZgoJIQAAAAAAgJlCQggAAAAAAGCmkBACAAAAAACYKSSEAAAAAAAAZgoJIQAAAAAAgJlCQggAAAAAAGCmkBACNDGBQBA4LOCll16qo07Pnj07dfIxLg8IDHB2cX6SewfQGA4ODoHDAtzc3OqoU2P0tmzZMnBYgFgsfsI7CNBgHTt2CBwWYGlpWVuF2qLX27t93759nvwOAjSYv/+/+g/oV0eF2qK3tm4JmAkkhABNbNr0qdu3bzt67LBAUOvx9evOX779bp1BobW19S+/bJsze5ZB+Ztz5xw9FvlkdvbZfBC8cL7bsH779m07ft1eW4XaonfMmPDt27e1a9fWoPzHTRu/WPX5k9nZZ/NB8MI5eGj/9u3b/vOf92urUFv0rly5YtfuXw0Ke/f2j79+9cns6T84ODhEnz8XFDTsKXwWvFicnBwPHPx9z57dfn4v11anxuitrVuC7of5QEII0MRmzZpZWVkpEolmzpzRJG84c+brbm6uTfJWz8kHwYuFZdm+fftUVFR06uTj6to0ETJixCu2UmmTvNVz8kHwYunbt4+trW1FRcXESROb5A0nR0x2dnZqkreqm183vw4dvHHVHYz9+9/v6XQ6jUbz4Yf/bZI3RPfDfCAhBGhKbm5ubdu2/f77HwrvFc55c7b+U+8ufifxdkJ2TsbFS+eFQpYv37rtp/S7qZlZ6Vu2bjZ+w63bfnJ3b+Xi4pKUnEg7MVevxWbnZGRmph85csjW1tb4JePGvxYfH5edkxF//eri996lhavXfJGSejsnNzMnNzP6/DkHBwdCyKHDByIjD6ak3s7IvHP69An9DwLgzZw5QygUvjZ2PMdx/126RP+pGqPXwcHh7NlTmVnp6XdTXxv3mvEbXon7k2GY0FdHHDlyiBAye/YbySmJObmZaXeSv/xqdY37sHLlittJf2fnZFz4I2r48GBCiK2t7cFD+9PvpubmZWVmpW/d9hOtmXg7YeeuHZlZ6ckpidfi4/Q/CIC3ePE7SuX/Z+/O4+SoqsWBn3NvLb3NviWZZBImCwnZCIFAQAXZdwQFQVFUnk9U9s0Nn4r+fIA8RQRBIOCCsgkEEFGRXdZggCwEskwySSaZTGbpmV6r6t57fn9UT6eZzEQCCYHM+bp8uqurq2sqt6vvucu5uUsvubysLHHY4YcWtw9Veg855OAFr760vq31zWWLm8aOHXC0s8/+8imnfAoAWlavmDv3ACHEDTdev3rNyvVtrcveWnLGYDGnZVsPzr+/ZfWK1taWhx95cOzYJgCYOXPGiy8939ra0rZhbcvqFV//xjnhWL6W1Sv+cOfv1q1f89LLz99++60A8Otf3/D9739vZ14h9tFz0qdOWvTGor//7R8HzD2gdCz0UKV3qGpJaED1o76h/rG/Pdq6tmXd+jWvLHhxxozpW5/ApEkT//X8M+Ht97Z5t4TjpM444/QlS99Yt37N+rbWJUvfCAesfvs731r42oKnn3ly3fo1r/77Fa5+7HIcEDK2I112+SVEdOstt951192NjY1TpkwJtx92+KGXXnoxIj744PzRo0cX79RXX3PVkUce0dbW9szTzx500CDj/u+//4FsNpvNZm+fd3tdXe3dd/+pvr7+n/98YvmK5bP2mfXXxwYOsdhvv31/8Yv/Kysvu/vuezzPu+SSi6ZOnXrmmZ/73OfO2Lix/cYbb1q69M2JEyf871X/DwAaGhr2mb0PEXV1dc2f/1Dxg3b+dWIfJV85+yubN3cuWrR4yZKlJ5xwfHH7UKX34Uce3HPyni+99HJLS8v06dO2PuBv7/gdAKxdu/aPf7zruOOO/eGPfiClvO/eP6fTmdNP/+zPrr16wP6XXHLRF8/6Qj6X/8Pv7xw5cuSNv/6VlPLXN92w3377/uu552+95bZksvfII4848cQTAKC8vPzggz/R3r6pu7tn3m3zih+0M68Q+4hxHOeAuQc888yzDz/8iOd5l1++ZdTooKW3pqbmt7+7vb6u/uGHHwkCNXp044ADvvzyK2vWrAnL9urVa355/S9OPvlTyZ7kn++733Xda//vmkMOOXjAW+Y/eP+cOfutWLHygQcenDVr1s2/uQkA/nTXnaNGjbz/gQfuvec+RPze974Tj8fLyhKu6x566CdXr17d2rr26aefAYBnn3vuiSef2vmXin1kHHzwJ8rKErfddvu11/6fEOKCC88Ptw9VeoeqlhSVVj8A4NFHH54xY/pbb7395BNPjRw58pFHHiorS5TuX1aWeOQvD40dO/bJJ5967bXXjznm6EsuuaimpuZn114tpZx32+1PPfV0ZWXlr2+6EQAa6usbGhr2GDeutbX11Vdf5erHLscBIWM70vHHH7dixcpUKn3Tzb8hoiu+Xxi2cdlll6pATZ++9/nnXXjQgZ8o7n/qqZ9etWrVxz92yBe/+KUf/uBHWx/wL4882tOTTKVS11xz7Xnnn2fZ1o9+eOWXv3T2EYcf/corC8aNGzdgqsCFF10AAPvte8Bll37riCOO6uzsOu64Y0aNGtXS0nLE4Uf970+vOurIY1Sgxjc3h/sT0dwDPjZ7nzk33nhT8YN28kViHyVNTWOamsY89NDDADBv3u2O45x55ufClwYtvePGjRs3btzvf/eHz552xuGHHfXC8y9sfcwbb7yJiBYvWnLXXXdfdvmlALD/nAMvuuiSvWfuk8lkTjv11AH7f+XsL3d0bJ41a9/vfveKc795vud5Bx44FwCefPKpL37xSz/84ZVf/MJZYe9KuH93d/f+c+bOPeCg0g/aydeJfZR89atnCyGu/+WvAODZZ5+bOnWvcNDEUKX37LO/bNv2qad+9htfP3fmjFl9fX0DDrhkydKFC18HgCuv/El7e/uJJ5yQSqVnzdr3wgsvPnDuxwHgBz/8n9L9o9HorH1mPfbY34468piLLrrkj3f+qba2pra2tru7+5e//NXFF1160UWX/OEPf0TEpqam8C3/fPyJT3z8k5897Yzf//5OALj7rnsG/XKxYeuiiy9UgXrwwfnLl6/o7Oz6whc+H24fqvQOVS0pKq1+zJw5Y9SoUS88/8JRRx5z1llf/ulPr7Js69LLLi3d/6STTkwkEuede8GXv3T26Z/93OLFS/bdb9+Ze89sa9vwxS986Yc/vPILZ561cuWqqqrK4lsuu/xbHzvo4HO+9g2ufuxyHBAytsMcdvih8Xg8Go3Ou/3W6677uVLqYx87KJzpMWbM6HXr16lAAUBbW1tvb29YJ3Bd98UXXgrf/oc/DDLPu9TsfWYBwD333hc+Devoc+bsV7rPhAkTNm/u7OnpAYBUX2rmjFnXXHPtNddce8nFl/3qV7987l9Pr16z0rIty7bD/TOZTHd39865Hmx3cOlllwDAXlMmz7v91mOOORoAvnnuN7dRej/+iY8VCycAPPKXR7d9/NGjG5PJZFdXV/h04cLXLNsaMBa6oqLi3/8upOv4+9//MXWvGc8996/Pf+4Lj/7lr3f+8fcLXn3pL48+DABuxA33efvt5Tv0GrDdzVlf+iIRnX/BefNuv3XUqJGIGI6FHqr07j1rb2PMK68sCJ++/vob2zj4mDGjLdsqltj29vbe3t4BGXrnHjg3rHCHT7/97e/ut+8BnZ2dhx16pBTiwfn3L1n6RjgLPRKNhPu88OKLO/oysN2H67qzZ+/jB/6822+dd/utAFBZWfnxj39sG6V30GrJUA47/LDSr8bdd90T/i6U7rPfnDkAMH9+YXz+0Ucd+9nTznjyiSc/ddIpnzn1M3//x2PLVyybOHECIhbf8vg//rmjrwR7j6xdfQKM7T4uuvACABgxomHEiAYAQEDLsr557jd+8fPrLMuKxWLFPcMbYrilWPeNRCLbPj4REVE2kw2fdnd1A4AxpnSfeDyWy+UGvPHr3zjniiu+a4zZuHHjP/7++FFHH1l8KZsduDNjpY499hgi2q+/3cEY09Q0ZsKE8T09yUFLbzweDwcphU9t6z//yuTz+eLjsPXa0JZSbdkWIpbuE/rzn++Ze+DcIAhaW9fe/+cHTj1ty3SvZDL5Pv5itpsbN25cY2OjUuqwwwpTB4nopJNOvOTiy4YqvZFIBBGllFprAJBi4GyrUkrpYkkOeZ4f6W+tCDXU1wPAgHu167qvvf5qRUVFOp1uaVnd0tIye/bs4qub2jftiL+e7Z6+8c2vCyFs2y6WagD41rcue+65fw1VegetlgwlfG9nZ6HlLpPJEBHRO/aprq4auAlgxozpj/71ESFEZ2fX66+9MWHi+OL3CwDCxmv2YcA9hIztGPF4fO9Zey9ZsnTc2PHhf8dPmGSM+dKXzgKA9evW19fXW7YVrm1VXl4OAF1dXUEQzNm/UNU+9dRPD3VwBASANa2tiHjMsUeHG08+5VMA8Nxz/yrdc9Omjrq6unAmtxDizWWLb7/jtnPO+ZrneZP3nDpnv7nf+Ma5lmUJMfitP/wgxkLHHXdsNBr91fU3FEv16ad/DgC+d8V3hyq9zzz9LACE0/kA4Oijjxrq4GH9o6enp6GhoZgycf/99/d9P9WXKu6mAqUCNWVyoSl66tSpa1pXffWr/zX3wLlvLXtr3NjxB3/ik4/85S/bqKZvu6LDhptvf/tyADji8KOKpfruu++JRqOf+cwpQ5Xe1xa+hojFpzOGzukPABs3biSiA/bfP3wajUbr6+vWrVtXus/ixYtLx3dccslFq9es/PJXzqqoqLj5pt/sOWmvY44+bs2aVgCw5BCleoh7OBuevvCFz/u+XyzS48aOb21du/esvSsqKoYqvYNWS7YW1greWvYWAJx88qfCjSeeeDwivvb666V7rlq5ChGLqRPmP/TAgldfuviSi4QQxxx93MwZs0477XSl1FB/Alc/di0OCBnbMb75za8j4h23/7a4RQXq5Zdfqa2tmTNnv7vvvgcRH5r/wKGHHXrvfVvyWyx4ZUFDQ8PPf3HtiSeeUMwIOoBSQVV11amnfeaGX90IAFdd9dPPfOaUb3/nW4ce+slsNrt8+YrSnX/729/Ztv3Xx/5y4EEH3nTTjRUVFb/77e+TyaRt21On7jVp0sTH/vYXRHQcdxsftEMvDPsIO+/8cwHg5ptvKW55/l8vpNPpQz/5SSnloKV32bJlfX19Rx9z1Dlf/9r5F5w3Z/85gx6ZiGbuPfPggz9x551/QsS/PPrQIYccfMstN9fW1ixatHjAzs+/8MLkKZN/dcMv58494Obf3IiId911twpUTW3t2LFNBx504K9/fUNY897GB+3QC8M+wo486oju7u7SO+f/XfsLALjgwvOHKr333HMvEV119U+PO+7YX93wywG5NEJhJ/bXv3FOdXX166+9Xt9Qf/PNv/7kJw8JM9wWR4eGlixZmkwm/+u/zr7o4guPPfaYc77+tY0b2//96kIAmDptal1d7Zlnfu6UU04GgERi4GflslkA+PSnTynWvNkwN2nSxIaGhueefUfr8O9+93tE/Pa3Lx+q9A5VLSlVrBX8859PZLPZo48+6vLLLz31tM9c+eMfEdEjD78jrd2tt84jonvvu+vEE0/46n//13777fvMM8+uX78eAA486MD6hvqrr7mqsbFRDtbGwdWPXY4DQsZ2jDPOOF0pdW//BL/Qr66/AQAu/9Zlt9467/77H5gxc8Yf/vDbCRMmeJ4Xjqw443Nnrlix8rOfPe2mm2/0PB8AzFYjLh6a/7Bt29dd9/NksvfKK39SVlb2y+uvO++8byaTvYcfduSAnf/w+zsffHD+9OnT7rvv7qOPPuqhhx5+5plnf/SjH2ez2Qfn3//U00/U1dWvX98WDmodMLqj+EE7aq059pEWjUanTZva0tIyYG7Jo4/+1bKt//rq2UOV3hOOPymbzX7/+9/71rcuCycHDhjYDABvvP7GmDGjb5t3yy+vu/6xx/42derUP/7pD8ced8ySJUs//emBSWW+fs43V6xYecopJ//5/nvr6+t/8pOfptPp39xya1Vl5Qsv/uu+++5esXyF7/uz990nLNWlH1f8oJ15qdhHxvEnHOe67oDwbOPGjWvXrmtubh45cuSgpXf58hWXXfqtsrKyW269+eSTPzXovOv7/3y/MeaKK7575pmfO+usr7S0tJxw4vF3/vH3EyZOuPPOP11//Q0D9v/857+YzWUvvfTiW2/7TV9f3wXnX7hgwasvvvjSxz520OtvLLzq6v/929/+DgBHHnlEeKMuluqFC19Lp9NHHnnENdf87868VOwj49JLLwGAG264sXTjvHm3G2NO+fTJQ5XeoaolpYq1grq6ujM//8VcPn/Bhedfd93PI5HIud88f8mSpaU7t7W1XXHF/5SXl990840/+MH3ly1b9v0rfnD11T/r2NTx/e9/77XXXj311E+/8soCRNxvv30JuPrx4YJb//MztsM1jmra1afwoSClnDx58tKlSwdsr6ioqKqqCrOWD6qiokJKWbyPT56856ZNHdsYfG/Z1l5TpgzoaZkwYXx3d8+2U8gM+KDdWNuGte/zCFyqQ0OV3qamMen0tlIW1dXV5vP5VCodltipe+219M03wwwHgyorLxs5YsSALvEZM6a//fZyz/O2cYalH7R741K9owxVeqdMmbJq1Srf9wd9l+M4NTU1GzduDJ+WlZeNbWoaUGkeoLGxMZzdXdziuu7EiRPefHPZ1s0oA964qWPTNr4vuw0u1TvKoKV3qGpJ0YBawciRIx3Hbm3d1j/KlClT1q5dm8lkilvq6mrj8cQ2Kjlc/dgZ5syZs3VK5EGNGzeOA0L2QeDbMfuw4UoG2/1wqWa7Hy7VbDfz4QwIecgoY4wxxhhjjA1THBAyxhhjjDHG2DDFASFjjDHGGGOMDVMcEDLGGGOMMcbYMMUBIWOMMcYYY4wNUxwQMsYYY4wxxtgwxQEhY4wxxhhjjA1THBAyxhhjjDHG2DDFASFjjDHGGGOMDVMcEDLGGGOMMcbYMMUBIWOMMcYYY4wNUxwQMsYYY4wxxtgwxQEhY4wxxhhjjA1THBAyxhhjjDHG2DDFASFjjDHGGGOMDVMcEDLGGGOMMcbYMMUBIWOMMcYYY4wNUxwQMsYYY4wxxtgwxQEhY4wxxhhjjA1TSES7+hwYY4zvNycIAAAgAElEQVQxxhhjjO0Yc+bM6evrezd7jhs3jnsIGWOMMcYYY2yY4oCQMcYYY4wxxoYpDggZY4wxxhhjbJjigJAxxhhjjDHGhikOCBljjDHGGGNsmOKAkDHGGGOMMcaGKQ4IGWOMMcYYY2yY4oCQMcYYY4wxxoYpDggZY4wxxhhjbJjigJAxxhhjjDHGhikOCBljjDHGGGNsmOKAkDHGGGOMMcaGKQ4IGWOMMcYYY2yY4oCQMcYYY4wxxoYpDggZY4wxxhhjbJjigJAxxhhjjDHGhikOCBljjDHGGGNsmOKAkDHGGGOMMcaGKQ4IGWOMMcYYY2yY4oCQMcYYY4wxxoYpDggZY4wxxhhjbJjigJAxxhhjjDHGhikOCBljjDHGGGNsmOKAkDHGGGOMMcaGKQ4IGWOMMcYYY2yY4oCQMcYYY4wxxoYpDggZY4wxxhhjbJjigJAxxhhjjDHGhikOCBljjDHGGGNsmOKAkDHGGGOMMcaGKQ4IGWOMMcYYY2yY4oCQMcYYY4wxxoYpDggZY4wxxhhjbJjigJAxxhhjjDHGhikOCBljjDHGGGNsmOKAkDHGGGOMMcaGKQ4IGWOMMcYYY2yY4oCQMcYYY4wxxoYpDggZY4wxxhhjbJjigJAxxhhjjDHGhikOCBljjDHGGGNsmOKAkDHGGGOMMcaGKQ4IGWOMMcYYY2yY4oCQMcYYY4wxxoYpDggZY4wxxhhjbJjigJAxxhhjjDHGhikOCBljjDHGGGNsmOKAkDHGGGOMMcaGKQ4IGWOMMcYYY2yY4oCQMcYYY4wxxoYpDggZY4wxxhhjbJjigJAxxhhjjDHGhikOCBljjDHGGGNsmLJ29Qkw9lFHAEQEAIiIhU39z7fvQEThg9I3FjcWt5duKW7feuNQwp2HOrfiYbbz3BljjDG2i7Vv7tqwuSedzSpF1P+jTlD4aScA7H8AAAIFIurA11oJKVFIAATsf7l019LH4dPSx1s+YTsgIAp0LVkWj44dVV9ZUf5+/nD2PnFAyNj7ksvlNm7c0NXVk8vltdZUuAMThnfV/4iIqCQKw2IwCe8ypBwQfA4aLm4dWA4VQCIK27KjsVhdXc3IkSMdx9lG9Mh2P0EQdHR0bN68uaenp6+vzxgTFh4pJQAAAQJQsTgQIABi2CjSX0Uo1hsKDwgJAq20MUIIy7KklIiF1pOhimKxyG1XY8egtNZCiPATy8vLKyoqqqqq6urqHMd5P4dlH13GmGw6lerr9fJZrRQB2Jbl+/7Qd2ws1HcRtdYC0XEc27aklOF9+h2V4//oPd5Nsf9/KKS03Wg0nnAc970di+1mcnlv+dr2f72+fElrR2/OoOWgdFAKREDCYkAXPiAiQ8YYyKSSye5OCrxoxIlGI45liSEKJxXLHw2+hQYr1wM2bv3j0F8DAkC0LTmyrmqfSWMOmLbH2JF1VviLwz5AHBAytv0IDJlcLjd//vwnn3hqY/sm3/OV0kQUVqD/YywX3gON1kRGa2MMGaPT6bRSQSQai7iOtKBYaS6GjcUtQ4dzGJ7Au48kt+qQRNtyo1E3URZrbGw88cQTDzvsMMuyOCYcDlauXHnvvfeuWbOGiLTWYSHxPC+Z7GkcMdKAEChF4ecfCalQFskQhBVVQAIChLAGQkhkgHQ6nd7c1elEImEMVmjCCP/TH+8VCtig1QqAd/OFCr8dxVJdbMhIp9O2bdu2LYSwbTuRSFRUVIwZM+b444+fNGnSDr+G7EOutWXFS0891rNpvYPoutKWVliCBb5zXEShXwX6K9A68LwNbRv8ICirqpWRqAZhSQcRAYG2NJNQ+MVAoP7ijATFDQAAIGDLofvbU7YNAZTvEZHtRIBMxHWqK8qqq2vqxk6cPHN/m5s2hrdkKvPbR557u9OPJGqdsftV2LFA2gaQsBAKbpkbRkRERmvSlFq9NBHNJ2pim95alu5u7/HSJgjI6MLNFkvaIIp333e0cyPAVgHfOzoSqfRj+x+E/0fFfYgAUAjLlk5kQ1VD2/p9Xl+b3G+PytOOmLszrxkbxPttfGVsuCEDQaDXrFnznW9/5+3lb9fV1SsV9PX1+UHOGCIypbXSbcZvZAwZY4iAjCAy0VgkkYgFQYCIrusWwzAsUfqUiMKuj/98zv2V42IHZmnfZPigGAAopXzfN8bYtp1O5Q499NDv/88VdXU1lsXtR7strfWTTz551VVXWZbV2DgKDGkyQAAEQqAlyBhtAAkkUn+4J8LKrEFhgDDszAPAkmZk1MqsXbsuk8nEE4neVB8ixmIx27ZLCy0ihn2GA6K+YtlGRCEGn+5ebH8pFmNjDFBh9FJYpMMXjSYCCoIgk8kAQFVVlW3b55133lFHHSW5KXp48PK5h+6+4/m/3n/wQfvPmD6tLFEmbVtKJABjjEQxaEBojNFB0NHR8eDDj/T5tDmHazd2K0OEKIQUiCgEFps3sGTmAIpike7//wEj7d7xaUQGiiPvyBTbDUsiU9Raa6201qTViKrysTVubX3DWed9Z/S4ZkROCTEcBYG6ct5DSVlTPWr8chXLS0tKRCg0U4SlrrQ7zhijvaB31aImSOZaFz7959uzuVwYC+zCcCC82xORRNj/qFOaDjx571GR/z7lcCm5VL8vc+bM6evrezd7jhs3jgNCxraPMfTySwt+/OMfd3f3aK2TyaTWGpEAB3bNDfhyDeju23J31kYKp6ysLO9ls9l06Utbv/c9TE3c2qDf+i3zIEuCz3isLBqNz9x7+k9+cuWYMWOGqpezjzSl1AMPPHDjDTdUVFSMGNFgWUL5XqDJaI2EiAjGAGoCQhlGaQKxUNFwbCfi2pZtW1KEM0kESkAkAjCw7K0Vq9ass4Xo7O7O5LI67A3vVzyBndb/jEQghLAsSWGdI6z6C4jG4tXV1ZZlXXjhhaeeeqpt2zvnBNiHhZfP3fbzn6xavODYE46ZNX1aeXm5FHYxdAMsHfRcQEDGaM/z3lq85Jbf/XHxms1dWZ3O5Yu9H1sPx9hGSf6PhXyoytjWvyNCCBTCaOPYVl3CntLceN63fjB77sE883u4yeW9G+57Yq2XiDdOaDExg2gIlKbwJisEWkJYAgQCYqFWoXyV71g/Kr+ua+HfnnroT6l0WmsjpOW4ZSgdEIIIHNBA5Bvt51NGB+/t3CSAGazxA1EIOwooSoafEpEx2gejhRCxaHS/Tx6z9/FfPnz66KMPmMa1jvdjuwJCbvJnbPusWtXy7e98BwE8z0ule8kYRKENAZGQotDK26/YLxdOZCr2RYRjO8PKsZSytraqt7dvY9smFSgSgVIgQVquVfx9RwIN2vcU0X+4O2/d3aFJg+WAIjCq9P4sQaKUaElLymIVJzzVINCWC4AimextaGhY9ubSiy+++I477igv5znfu6HVq1ffcccdNdVVzXvs0ZdJdW7u0IFyo9GI40oppbQsSwgEFEJIIYQIh8SFXXBBEHR3JRFFVXVlLBoFMOEQOjLY1t6+Zu26iory9vZN6ze0hV+Bkl677WBZ1oBqgTFaEQhJUjpBLj/Ie6R03JhEu6K8qmHUGCcWq6isLovHly9dtHb128nejfFYLFFbO2/evL333nuvvfZ6z1ePfSTcccM1a97895f++5wpE8dKQCBAINCagAARUBYSY/QjAmO0HwTdnZvvm//I25v9vIyva3uLiGbtOfnAvfduad/4+PPPp9Pp939uiMK2LDJGa2Xexf7FHhUppT1uXGt37nc3/rx5z6lVNXXv/2TYR8irb7a0pq0R48evhpgx6GnK5/1UOuvlc0BkuU48Ho9Ho66FFgIAmMAEgY4k12bWv/LSPx7s7UsR0ciqPfZv/nSqbs9uB5TKuvmgPpbvy/Ru8HJ961/oXLtwqE8XQkSj0a1bOnK5nLCcWOWYXG+bn88MeNWK1zg1U0sy3YRDOxQFaZ3ZoLJdmWx28YtPRhNlcff0j82YUJ6I7ZRrx7bCASFj28H3/XvuvgcBg0Bls1khAKW0rEgslgAgrRVRUBr4FREVhqtJKcN+kmJXYUVFGZHp6elWvrJikbHjpk3ec3ZN3RjbtsPB/wI0kNi0qeXvf7snle4CBBis1mBZ1oC7MxHl83mBsqxilJfvyaR7t0xcARCAhOKoY88YOXoSkREkEZAoCLTf3dO1Yvkb61uWpFLJZLInkYhv2LDh/vvvP+uss7i5bjdjjLn11lsRaNKE5t6+3p5kl7SteDxhS2vkqMa6EQ3GGD+XI6NsS0ppSykECiEEAEkpUFjG6Lb1bRs2bgTCaDSCYAgwm/feXL68rLxCSLm8dTUIkCARQAhR2vX9LpWVlQ0oeFqrbG+fiJQnqhtTHWs8L1vyIgKAEHJU04TqmoYgUPHyysqamni8wpJu05RP1O+xz7J//6NlzZrm8ePT6fQdd9xx9dVXc8Hejb3x6ksv/X3+ORdctNee41ErIK2Vp/y8DvxAk21Jx7YtNwrShi0DL8mQ0V7u2aeeXt2RStQ0LHzmmaaa6gtPO+OgffeJl8WtaOLNU1pum//Ac6+80pXs0/+pIyXMaTSgmBFRNps2JBK147Sf6u3a+C7/ovBLpLVuaWkZOfKg9Z29999x/Zcv/IHkgf3Dhh+ol99aX9vQ6LuRVBY9Q32pTGrTBljzmli/CI1KTNwvN2q6X1lfUVEetYUgo7VOr181SeYWvfFib18KAfcfNffC2Vf+O4Z9mZ5lMphqkUpYLWnKiVh5xJIVozrhtW1kTDLGDN71bZTxesMZiQNIJ4HCBTJAREhAhGgABcpq4Vai3RL0bUylM+veXNgwZf9n/l19wsH77uALx4bA9w7GtkNHx+aXXnrZtq1UKoUCBErXdbWiVKo38D2ttbSEbduu49qOLOTZ6GdZVmVlZT6fF0Lk8/lw0Jxl2a4bQaR0OhWJlx30yROa9pgmhUCDxZwEgIJAxCtq3Eg0kwHTPz9xQP4NA8bXKpx8Er4iQCAKU5idgiiRTP90bgQisC17ZP1EW5YRGTQGEIhsaUVHNlQ01I9b2zTxuScfyGSzQkil9HPPPX/SSSdVV1d/sJec7Vzr1q1bsGDBxAkTPD/oTfZWVVRv3ty1tmUdES1avNSOuKNGjdp/zpyyWEVnV6dto21QCkEGysui45pGeD5taO8YP2F8bW3tG4sWCyEiEccQbu7sLIsl3EikpWU16ABRGkM49Li4bUulUlv1EBpFZAe5VHerMar4qkEZTm0sT1TEE5W1dSPGNI1NZ7JWJG4JO9nT5+V9EPHGCXOzmcffevvtmTNmvPnmmy0tLRMmTNhBV5R9uPi+/9JTfzv+uGMmT5suSJPRys+k+lIbe/oWvbVmU1dyVH3NzEljR1SXJ8oqhBsNB14aIqOCTW1tq9e2QayqdeWacsf9+vEnTRk5KrN5k8lEvWjVlFE11154waK1G+b/8x8P/ePv3T092ziNsHlu6+1aE4Dys51GqTADzXb9dUqptWvXVk2bum7lW+tXrxg7ccr2XyH2kZTLe21Jr3FiWRtYnoJsNq+THfLF36//1wN+PgsAzksPN846xDr0632iSVaU22SCQGFygx1LJzs3ZbPZiRXNV836QdqKlaneNdKZlM8l4laHCmSgG1zbE5gpb3JjFV42OegJGGNyudygL2mtVXLT1kVZWK6Mjdiy/FUhq1JY2zGAKMuatZ/zct3pVF+Q3PTUayuP+/g+3Fr3weCAkLF3i4iWv71ic2dnTXVNOpMSAuLxeF9fXzabzWYzAAYAEZzy8vLAN7G447gWwsBarOu6qVTKtu18Pk8EETdeX9ew8LVXlYIZBxzUvMdMI5DCjB2F2rMIDxKN1zQ2TejtbTcaQYfj79/Z02Ik+eCrLRts0BIAwKS6NgEAUJiMjgCMZQkhcPyk6W60zCAIIU2hnU8ChRlCoGmPaXMOTD37xH2dnZtnzpy1YvnKZLK3qqqKM47uThYsWFBZWRlPJDraN9pupK839ebSN40xPcleQ2QIFi9esnDhwosvON+NRHzPFyCEQNt2p06a1DS6LJMNAi+7uS9TU1Mzec9Jy1cst6xqQ5DL5R3LisdinZ2dFlqFAdLv9SSVUoNuJ6219gHBCAC9ZUGMeEW8qqpmRGNjTd0Ix612TdyNR7Qx5dXRrNeZTCadSEVd3Z5tG/697+zZRPTqq69yQLi7SnZtDtJdM448siIWhXzaKC+Z7F2+offbV9/42htLfD9wXfeg/Wf/v8u+Op6ovEqg5YYFVfvB6jVrwIlpkVvb1nbo5KmNVfU9yb6YLSCflrHchlxlNO5NHtnwg3PPO/v0z//P//3s2ZdeGKqsAoDneUO9lO7tfs9/YFdXF1pOb860t3JAOIx0dPWmfYpE3WQOA62TvX2JNa+ueeqeIPCFtFFI3/daXnx0WiSWPuTcWCwmkIJcpsKV6U1rs9kMIh4y+oDmxIiFqUw90qRcHv18lsyeYyNR23eqEs+v2EhWYuTeZ3S+/Wi+bxOC0jpMbVAMHBSAhMKYpeJ2BSCg2HANVnE3J5ZwqqagU0Wk+hNKCyADKAAMEhIZBJCxeuP1ZrPZXNfG9oqx3b19tVWVu+oiDyscEDL2biHiy68ssKQdZtWwbel5Xi6Xy2QygCjAMgBG697eZF1dve/7ti0gXLytP19LmCrGsqz+zDEQjcYcx8lkMmWJ8jGN4wcsSoiFJd4AkADlnAOPt6W7buMK38+CIQAJVEwpTQBGABgMa8YACIJAgCQALXSY5ANkIZC0XbtxZPPs/Y4ONKEwpZ2ZKASEnYWAe+65779f/mcqlaqvr9/U3tHSsqq5eY9ddf3ZzrBy5cqqqiqBqFQQi8WWL18hpezq7lGAICwAQtKdmzvnP/Tweeedu2jRIiI0hsARTizqOjGjvUg04vckwffq6upWrlrleR4ICQAoUFrWNirB79I2liIU0tJoAcqKWFxIKxZNCEDbtqLxaFlFTaQiEa2q7Ur6+byuctxoLKYpGynz3Vwul0tFKyr0mkApZVv2hg0beL3N3VUm3VcRi5XXj0LSRMrLZVZu6Lzwh9cvWvqWG4nEE1Gj9VPPvXi5Ur/87jkTozEnbgHKMJ1MNptNaWkMGc+bPWZUld+ZBielIr5y7CDrZrWXL8vl/Gg2X5OouvmKHz3yzBPz/nzPytbWIAg+sIx9nucRUY+HuVRvEAScIWmYaG3vEJYjbSuXIqW073mZt17K57KWE0WnjAgE5o0xrQufGLHvZ32/znbsIJ8vT8QyK7vIkAAxrnx01AEPhFLYEPhYF8VK3ZnPJ+KR11u7M4EBQTJSVT/99MZo0J1OBUSer3xlAAgRgYzWCgwRGUMGCvmdDRkCICAyhoCIwAAZICDhEAAYhSAITdjSTVCy+jIKIi2sCKJQSnmZpGs5Gzf3cED4weCAkLHt0LKqxXXdbC4LSJZl5XJKqXDkZwytKluCl+3Q2svlM67rKEVCULgSWphwP6zaOo4TbgGgaDSCKJVHiaoyK1JJKABEIWVHsToRjv9EIazY/gcdPz2XCgIfqCRFF4TZYkT/Om79iw+RKC4ba4yBQhJzAgAZ1p6lY0iBBgDA/iypQogwGY4Ei4SoqKrvaG+1bVta9urVrf3dkjyEY3dgjOnu7o7FYgYIELRW2Wwuk80pQ2TZTnwPoXIq36Ept+TNZdmcJ4UMlAIgnUmvb9tQXR7tTWXXt7UDgQYfpR2JRDzft2wHkMC2QOB7yyJTJIQQQpTWrcNUTCgloVAkItGyuvpRgVKxeLymplYCglEaMVFRPWZ0M8jyXL4z8IKN6zehQJQQBAFaDhFoIpTSGG1ZViaT0Vrzwiq7Jd/LR+OxaCxBOk9aZXK5F15btnT5qkgkarkJRMuJSkB8deGiVxavGDOiyo7GQEowxvc8rSmrwBhjC6vKjebzWWlppcnRmZiRxo4oPw9pUqquo9erqiw75cBDD9179u1/nT/v3nuzQ4ym2+GMMUop5bj5fFb5HgeEw0RfOi+lhRIVgSEibYJ0t1aBFUmQFQeU5AVEkM9lIciTIa2NUYFry2S+kMw8jm7EQiklakk+NY2tXL6+Y/Q+9f9+Y30uoxxhaSEAtBAQi1WktIwIihjqzQS6sPQsgQqADBEJIjIaiAAKOU7B6DB9KBKFD4A0GR32BwJtqalQcQFDChvCJaAgY3TgS8vKDJozjO0E/PvH2LtFRF3d3ULIbDYnBAKgJS0K84u6URUZUxZ1vNxm0iaXyzmOXazFbj3x2hiDQgCQZdkASAYtyxLSosJg+v7mMrElOQ0iIAoijMerSrtNiAygBtRAsniehYCOtmR2LlkZ1mitw31K1ycspvpQStm2EzYBEkAkEg8XHndsp7t7W5Nk2EdOscvaaG1JESjPEPm+b8gIlNma5oq+TlJJFeRyuVyyt9cQ+Z5PWqIQS5e9vWLVCgAhpSOkNFIjScdxsrmMlDaACOOr95BCppQxZsBim2HGJhRCSDsSTcQra+sbm4xSyldosKqyNp3tiyfK0XKCQOTSea0p73nGGC+fRyRf+cKyCKUfBBooXJdCa80B4e7K9zzbtqRlgdLGUC7vr1m3UQAKaduJGqtqvOlbL/MpX/lr2tp9zy+ku9BaBYEypEgAgBToBqm2pGgq96tkb28QJS2MBge9HrscKWe72AmkEn6NDT/88n8fOHv2d392bWvb+vdZ/t+NMGe/QeEFygyWxoPtlrwgQCEA0BAgIiFY1Y0G0M9nXegCBKMDrYKyEaPsqhGFWXpaoTRGFRIgaUOoqDpQa0FGCZTGfEq3LevO5igFto+EYBDAgOjIBo5leSqwBVgCCsP/C7UIgajDKguRwcIaLqawhn3YaxgGe1RYrBYAMWy/JirkYicsrlUfIgCjFSL4ARfpDwj//jG2HYxRQqChQoBnWWhZ0pDWXlaaVRlPGq20AcdxjaHian4VFRVhvba0o0MKgaDCPpAwywtaUkpJsGX1+Xd+eHFp4xAhAkH/tGwQxRa3/uEXYQIZCsM5DPseEQBEWKMuWRqLwiWPwzlZiKhUUOgqFIAoof+d+Zw3IJMN2w14nue6NgoRjvCJRqOZbE7qwG5f4BEqnQ1IlcUrE4l4y4qkRCBju64bT5RHozHLsrRR6XSv8o1ECxAUkQwLEpjwR14ptUOyAoTfoCAIhBASURMpY5Q2BJKMicXK4tEEiEhZVbmVKKuuqy+rHJHd2J3P+fl83igvCLL5fBqkDUI6TiTiRkETEfm+X+joZ7sjDNfG7K+dEoHvK0QwpCmf9jveRuMZrRAx8AMyCMag0ABgSBujwiqsEGCBITue1brSUnbgKZKCUpYl3CAwpK2gL5ONiVg5gu93qkMn7XPfz2+47s7f3v+Pv+bz3jaWGXz/CuvZGqO14kI8fNhugqQyhSE/oqw8ocYfUD3qnx3rVmrtCyHI6FisbNyx30hFylzbAkPSchIVjUrpcOl63yGwRL0MmvL5LmFJwMaxFet7+lIeJqTMAARCBEBgqCeno9IYQ8poA4hCQGF6S5gIqVD3wMIC91CsJyAigQh7DvtX/ETAME40WIwABfb3Gm6pYGitpVVmOe6uub7DDweEjL1biKgClU6nw461cPEqx7UhDX4+Lbw8kVHK2JbtOhHLQim3dMGVRoPFjdqYZLKnrq4WAAwiCAFCSBRh391gk5oQwABS6XMqDBOVxda1/so3EemSD0UkY2DLdMFCyNcvPEMhZNg4XjhPI6CwHAWl0ynP+4ACwpaWlvBBc3Pzu9nO3jNjTHt7e1PTGGMAAaVANxKxLMv3PKk7iUiRUsbsP2fO5o72vlRvJBIFKSvi8cVvLlu7dn08Hj/wwAP23HPyihUrlNL9K85TPp8DwngMi5+yXWc1oHAW599KKSORSBAExpAUwg90XSwei8VlFC3Lrq4bkc55YDlOPDFq9B55jxCEl/O8TC4I+ozOGRUIFyxpkdaOG7MFAkA2m83n8x/ABEIu1buE7TiZXFaIwjo/2H9fNTrwckkhpNaKjAo7TIyhMPlhYfyFIZXPIYBEGFvVZxk/MLbniyhpW0synqLyqIMG874PwuvxSSfJIqszszFfVV3742+cO2fG9B/dcH3XNhOQvn8EYBGRNh98PkYu1buKMQpIhfctIWQ8nuhunNb0qUvij9/cvvotY3TNiDGjDvtye+Oc6mjcsmzyPTJGKQ8Bw8kjeemBJRMximQoIkVyXcYdGwl6simNIqzfCEAiQBIC8gYlgjIGob9LEML2li3hHyCQocJ0FsRCByBQoZYiBABg4ZkBEkThUwIygMUIs3grRmM07fw+9gGGbZHmgJCx7SCldBwn7wXFTrxoNFJZXt3b121MjoAikUR5eTkiuq4rpQz3ibiOIcjlcsVKZxjsSSGi0SgAgVWM8ShcIiJ8XPLJW2/pf6F/zCfigIUo3hlP9i9hUTyOIRNmAhNChPMPi7VwRAinfqFAITGsjod/0Q6+oFtpaWl5/PHHV61aVdxyxBFHHHHEES0tLTfffHPpnuH2nX0+uz3Lspqbm4NAkQEUaDlOzkvX1FR3d/f4vgcAlhDNzeOmTpmycMGr0Vgsm8vbbvSPd93T0rI67M1+8qmnTj7l5OOPOXp1yyowIAjAUCIeNwTbm0O/qLSHPHxcTDtgWbbWAIgasSwWl5YDALbr1I0YNX3W/oGCdDrQaGcysKm9fUNbezLZbYJs4KeQvIgbCZtPtNIARghpyFRUVMRisZ3aQ8ilehdSvh+PxkwhjZcpTlkCAh34CrYM5aDSfjxEMAACpBshyKIwFdV5yxObNmmDlnQE2qY7HTgRdEFkjQQ3mohCJtcdiddncl7EsfuSm2NV5Z898fimpqbv/eyapctXAuy0wW8ESiBI8UHWnrlU71rKy4IupLRFBMt2KmrrenD/ss9NqO5ag9o3NeNyifqqmmo3FhWIBkAFfqavW8jCrTWXz6KNqGW19jajTHVmO7r7NlAQFUHWtkgSQCBAayFAB/zlx6MAACAASURBVEBkyEhEYzQV+gcJBRa+MYSA2N83GGaKMViIFpF0oR26+BVDQEIodi0WRjqJMJld4dYvBCo/pQL/A7ukw7xIc0DI2HZARMdx8142jMEsy3JdF8vRdmQQKER0HEcI6TiO49gAIEFOmbjH0YfOznnB/L8+19q2sXTsEKKIxmL9UZwhUmHK5nBKAGwZTgH/sftiwA5EFE6zKt1CZPofFCZxExgA0EaAsVBQSbVbCFEYhhS+G4VwXde2nR14MbdWvO2OHz8+bIR7/PHHH3/88ZaWlvAePWB78Sl7b/qnoRbG8xijpRDRWNTz/Jqa6iAIACAajTY2jlyx4i1HWvls3o3Fn3322TVrWqV0deE3nh597O8TxzePHj1q7dpWLNS8QeN7jLHCRDKlJ1n8ymitjQEhJDquZUdqR46paxjtRGL1I0dN33ufRHnl5s3ZVEZnctlkd7Kvt7urqz2T6ZSSbEtoD7TWgFqT70TifjZLIEpSM+2sgJBL9a5lgASK/vvjO/6Vm8aMmj518oKFizZ3dg58jfo3iMKQjGiZsWzjpGU2T7YxXl4kHHdDX2+uJ1VRWVtTXZ9Fu9olS+ZTKa0FCIxnRYrsjbNnTLn56quuvO66p55/fhuLUuwIQ+bj3eG4VO96hfl4/WOEhHAj0dqGhnxFhaofYwxJ26pxXdtxpZRAmvoLdCHRHFAylUGXBEhCKxFkU5aMINaR6o1GlMpGLMwZJLDQkDBokEgDEQgpTP8Y+0J5I0LsnxIIVHzUX48xCOGcwf5YMZyxQgSIBAhE/Y3VojAZpt8HOQSaizQHhIy9W2GUNWCLlDISjTiuU+hSQwxzYCAiEUQi9qEHzDp89ng/UD2dmdvve6g0cQUWu+wUEmljtDZaioG/64hY0mw9SGTYH8XBVpWBYoekGdCXaIzZsn+YRGHQbARkyBRyk1Jhgfud6PHHHx/Q9jZ+/Pibb745vB2fc845xftvuP3xxx//2te+tlNPaRhBMNoYox3bti1LaV0o3pEIkvF8DyQp7WU8b/Xq1WjZeVlldETIQKpkzss9+fTTF55/ntJak5GGiADDKSHbL5xwq7Uu9kiTUBqkZTAIyJZkLBFxojX1I8eMnTh58vTyquqGkSNIOB2dqa6uTG9vrmNze9fmLq2CfC6lyY/aET+XNcZYgJa0lNZgFNAHlICDS/WHwYCSSATVVRW/+H9XfPzjcx9++K8XXvG/6XR6wC7F6igCAIk3W/OTR2N9fbC5HQQ5Kzqz4yprxlRUdHjw9ubOA8rLCenNDRsSsbKKsob0ircSTWPLoUaDCQw1jW6489c3XPz9H9z90EPvM+/uhwSX6g8DLMzhK8SEQkpbCMt2SCsgg5aD/d3f4XggQ+8Isnq9lHLAIQCyfeFaOmsDUVV54OVGV8WMFaxMBgBCgCYs9N0BkYWgsdiKXThiTEJGF7OFbnWeiMXKU2GyuunPiN7fJRhWTEqnEX7AE2K5SHNAyNj7RkKgUKSINKLcMtoNkYAsFI5dRf1D37a8CYgACQyBVhAAgdaaDKmSWipi8X4e3jNxiNXSwra6wZuHid6R4zTsBpRSFlv4CAhRlTSJh72JxhAZACJdmA6O/RMGdtpkq1WrVg0YidHc3HzOOeesWrVqQGtcc3Pz+PHjS4d2sPeukBWcDJE2hEZJKSKObVmWlJaUgsgo5aMAPzBBTiulwEnospG10WYyQWbTswS57p5kNptTmgwIQyQwnBXyrj6/2EpS7D8holgsFi6wBigAY7YlyRgpCJDQkm4kWlc36uOfOLS+fnRXV0/b2k5j28ler683n+pL9XR1ZFO9fj6bKHcmTZqeSaeSPd2gjVIBAGij8rk0GqNgYPrfnYFL9YdISYGMx2L19fVCyjHjxpUl4qlUupjhmYiAtFJaKRM23HmBfvqN1MtvpT81vT4XgDG+ItGnlOvlLQXN5ZEXVq6ZUFflQK63NxepbuqE6g3LNzUGUDuiTplUBFCU45XnX1oWTfzu/ntz+R2cSX+w1sCdi0v1h0Gxl86UNhkjinWLTGcr7n86BH5hIgqBIbK8XnCLzcTQ5aX8vIKoa0sZQ5ESrnGkr/xozOnycjowUkhlSCKEiWTQGELMB5r6M4nGHOH5RhMQgC1BAWoDCDKcFwhUyJH3joiQCAGpMJwUUEgAImMKWc+Ly26F+36AF5OLNAeEjL1bQ9UdldZePvD9nKHAsuxwAqFt2wJlztMPPvWCsZ1cXv3z+VeKS9IDABBEI1EgA2CECNd2NUqpkqlTohgNluakKY0PC0fq77gbIiAcGEMWj1DMXgP9KcO2dBqSNsYQIBXWue9/406rPxdnbA/Q3Nw86MCM5ubmVatWtbS07GbDNnYlCrO/hDNLJaJwHMd1Hc/zfF8JtFQQCCFtx9YEjp/pzi2zhBFCo8ayRFlnZ6cxun9kMryfshJmEw3Lp9aYiLsoHYGoDAVKl5WXj26eMGb8tPbNuU1dK/P5YNOmzZFEwvNN9+budG9XNpNUgY8gqyvrpuw1qae7O58ZQUStra2BH+S68xJR6Xz/opo7EZfqD5WSsRbQ0dl5/W/uOOyQjz3y2OOdnV0D7u5EFCjlRqJkwkARJo+IjStznAhVo9Wd1nVlor7MZAMTs7Gtp7utMzW1LtY8oqa1K9fZvdGtqXd1VdCrMJFPqag2OeX11VRX//DcS0fXj7z6lhtTmfSgZ/iRwKX6Q2JLP907f/lp9EwcNQ1UUDIvwJA2sYiLwit2fHertNcduI6tXVcbEq5ludoWUmXTleURQ9Ab5FGgUoAIEQu8gHR/80O40IVEEogKUBFGpcoRagIBoMMVtLCQ3w5QEJj+XE2FlScAKRxIuiX1zOD9ix8ELtIcEDK2fQYsBkEE2Wwum86mMxkNCtDY6MTjMaVULBZzXUcbs3rNumtvmadBSJT4zkNFolFAICIhBAAZo8NVH/p3MCVhmyxGcf33/gG/AUM2pREZLNyXt2TpCB+Eo1vDaDNc7xtK0kYLgaq/wrzz+1EKmbuGui9vLdxzd7od7yr9GQLCrAGaCIwxvu9nsxnLshsbG6dOndbauiaXz2utjNJjm8auWrU2mu/U0kUVGEBpWxPHN7e2rkFEU8hUhFq/3xUIw1GjlgTP8+yoJaQ7YsQIz/PjZVXjxk1DSvQkUwSQ7O3zfZ3OJ7OZTLovmcv0+dleS6It3YgtLGFGNFTHIxGlTWVV+bI331KBzqTzSnmwk4dAc6n+sCEoTnMC3w/uuv/hP/5pvojIqBvZMm3VbBkp70Zi0F9N9TMm3iDWt6m4K3ytUEgHxOYAyyya2VA9eURj1oq1ZWR34C9d/nqkomHvcXv29ZiEziVqXSEQsa87l3acxPlf+IpCc9Wvf5Xfcf2E4Wi+DwyX6g+bAbUBISQKYUyx45CIgIwpjFwqbMQ0BrlcTmCsct86SgQbX93c6WU6lbZsqy+Ts1ChAYlgEGvjVjqvRtUk2vuy6ZyvCQgMCqnIhH1/hsgjaQsKDBTWRexPGANY6B9ERNThiCTsn4BDhdzpW54O+MM+gIsHXKRDHBAytl2oZAU/9PIqncrmslkDSBgBIm1MNuMlysqCILBtKaVNQBLscC4UYemoTjK6ZGofCG20MVTaa1HsHtwqjyiVdg+GVRwsZPMohn9QOr0wnN4IIIqzHEvnE/bvbYEhIh1mjzagiYwx4cqz4gNouwuHYbzLVrdwIMfOPqXhoH+Nk7A5AHK5XLgYgx8oAmjb2N6Xzhx88CcWvrbAaAyy+eqKSn+M376xHb0sATmuNXniZCDjeV5/iZW1tXXtGzf+x3FsYWksjhQdsDR8/xxCVJosQGk7Qjp1I+r3GD85WlYtrbhludlszrWcfC6dTvX1dLVrpYCMlBYZRaAkEoJ2bdt2HAlQXVs1beZ0UvKJx/+mtf5ghtlxqf4wGHR6k21Z6Agg0kaFA+QLOyGRCavTYfhIEQdHNtqKMB5D19Wmz86n5fKenHTyK7KZhmgi4TiArnRjPT2ZOeObKuIJR6RoZLyjN7uxdfXY3MhYdRxsa3O2I15efu6pXwRjfn7bb/oGTlx8jz74IaNcqj8MiuN5SlsE4tKcO753VJTmrY690RsJ5+eF6xHn8nmIbHl72gQd1Ddl5EjKZPpWJCsENE2tXtvR/eKmIB+YSFSSFsI2MYkRpOqyqBTgKyOEMGBICwAKNBAKBFLGKBAIxhKgDBAIAFNMGEMl82gQEECgACoMQTKFpSbCPXfJdQTgIl1I6cMY217hLLtcLqd8Xwtby7gS5eDW+uhobbQKwhSdpaPm8B3RIBBRPp8H2jJW0xhjTGElt1LGkNbaGKOU1lpprZTSSimtVRD44QOlAqUCpba8pLXWWhePEB48HNFXzGoQdsKUfJDpTx5DgBC+qzSC3dlXNRy+H87t3rbf/OY3u1/73C5U/Ff2Ah8tkUylMp6nAA1gEASLFy9etGjxxw76hNLKjdt9mZ7KqvLpM6btObl52rRJs2fNrKosJ62kRG2CsMxIKd7NmhNCiAFB4CD7AAkhEmXVI0eNG9M8vrZhRGVlXSxaHovF+/p6kz09XV0bO7vWdW5eneprz2eTZLRlSyRtdN7ofG9Pby6b6+joUFpFIu7ECROFNOVV5ZFoBOQH0avCpfrDgN4ZFCIQItpu3HHLbDcedlH0N3r176t1EHjhJk2U7sO0Tymd19p4HtgRWV1uu3asLlGT1dgHkdW+XOk7YMr2GNHQUFdVXV8RLY8GMuoZO6dxc1fnq0tfC3JZyhpBcPGZX/vOuRfEotFde1neMy7VHwYl2VfCWXtkDNXZar9aGF8p5lb5WxJ+AgBSluxiryEC5E3QJjrsKVGrO7B97Xf6ixcmTc6QgpiUBMKSUhmMOzLtq7gQxpBlSUIMM5EjIhVS44U1HSICbRCFABT9c15Ef+4b7F+XPtw/3G1LZj3AgSOYin/bB4OLNAeEjG0vQsBC6zGRJkApRbSubuTMRP1UdBIA5PkKUW47/4ox4PlZAIlgA6gwIAMc+JXsH8sHxSl+RBSGdmEsV4zijEFjCtNkjEGAcHXBsFNRAAgiHDDutL+fEIwWRgORISBAAjTGaK10EARGGwQMg8SdnWW0OFd72zflcKWg3XIhoF0C+1cQDjNp/H/23jRIsuu68zvn3HvfknvW2vuK7kY3CILgThCkSJGiaO3ySJRDMmXNIiGskBiKmJEnPBNjT3iZ8HA09tgfJqwP44kYhcfhsUe2QxMiRVISKRHcQYIEiL0bja5eaq9c33bvPccfXmZW9gKgGwS6yUb+gACqsjKzsrJu3XfP9v876wprUQVoFkU1QGnH/Nhjj2kdmDD07Cu1WNhleaK1DnSgERvVmjFmXHOTaaOIV8Z7n+f5K96FrNIHj54+durB9//YT7zv4Q8fOHTMetre7m1vd1YvXrp84cU06WXDrkuH6ByxB2/BWwAuXIYkcVRd39jc3t4e9gfWuvWNNWPM2x58sFKt4g2blF5vZqv6hwQBEEQeD0yj0ipsUv2Qri6gUmWBujyklqkKZt7a2EAiAPAe9i3K8hwf2RMWOfZAM8EA9CWM1jj0jeXv9KKLW4Ph5vrOdv8vvv9MYXcKm3/h61vfeXJwfi27crYTblaOtPY/+fyTX/ziF5LtYebhNz/xyb/9yV9/1YTITf5seHvnr2ar+ocCHPv+7c7G8qVMfXFVPb3lPr9VKTO9u5uxDqbXiEV4ZmMlSLB6X+PAB5ce/MThw8fqyYDbgouVwFo0ymhEjTi0fqfwq4nNnXg/kaMb51BGdT8UBEYBASQcDdhMIsDy83F3EkxJ1e2a0ZcPIbx+vOU2MFvSs4BwxoxbQEbiWVCGYUEQkEJAT5jvdJ4fdM8hF57EBLoMuK4pCY5787Bs1By7uIL3gICemcf1uimJUUK8Zj4Ep5nMARKRUqqM/YhUeQsiISqlyk/HiTi86vUwj/6d1AmtLawtisJ65wRHpkW3h0ceeeT48eOlz88N7zCxALr7tuM7CQKLEBIIFHlOAIrCdPmDunmEVAVAhsnw3Llz7JyzXpxEUdyoVZuNarNVb9ZrWpP3nr0wowg45/r9wbTu0ctxjeVgCY8zxgLkQYcqVNosLC7OLS436ovN1nKnO+h0ehdXLnQ724N+p7O94Z1l9gIgKNZmBBIaoxUNh4krLDjIksxb3lhfT4ZD9p4tz7cX4iC8PY12s1X9QwECoQq1Xmg3wZdq/V6kEO/Kna/drBmtCRGBCDGuxLVatXwoEaLxcQVAc5qL965WkyhgJ1jocDP3beyGgXrfqYVfenjRcfFXT59nJAr06fsbD31wfulepKUB5fL2ww+srly88uw52epq0f/wU7//6//pr70+MeFt1+mfreo7jowvzgIsUuqCQ8HwL89W/8GTree7YynPMmK8zgZIlHpq7UUciu+yqldwJ69nReS4qbAQpYAKhrpRShCQurnLvAAAKVU2+ytEo9DLqOA30iEHHKWNR6cXGseFZYZ86qKAMHnMuGwIQHj9D3jbeJMv6VlAOGPGzTJRcym1KJxzcRxGccg2Ny6JOQvzjpGMAMPQIF4lDTod5uV5HgTBxARNQESMiJAT9s678ngy+qZEkxwcEI3ya3Q1agwRaa2M0VqrqS+SUqV/gFFKl1Hi6EUxCJOMRmVQgD1ba/OiKGxRsPU+c8h+ssPfHl5hU55sx3eZ/88PAei9U1ojERKxCIMPu09I2hH23jMirq+vJ2nuPTvnvSuc47JUbm3Zq2ytc9ZaRBKR/mDgCeXV0rta692AUIMjT8ZEYUQ69ECsTRhH1UZ778HDe/ftA6FLFy6ff/7Cznan193udbaztC9SEIkijOJqGIaEBN4ToTGmEleNMdbmymgG1FHknE/TxDrbbrfect+9WtFtO0TPVvUdBwFIURzHD9x7TOvQs7VZVwZXisEme9uoN9566lgYakECEEQipQgnlQyJQkLEwdBtDoUlX9ke1rVDsGlRtGzH5Z1K4NDg+b77iZOH/+P3nJ4L7E+/Xd930IC1Lzx1MV/ZudhZ3fKbH33ow01T0972O11F0b/8n/7Fxz/60R+0EoK3ORgcMVvVd5axjwPL1TiW3JeKdWNGEeHVywzp+fRK0knVUxbODYaPberURowmDAoHjERAFYasKDRIRZNlCTTRqAOUjFa50LgXlMqyIEykyHHSK4rTqug48pVABNptH538QAK3tdJ9HW/mJT0LCGfMeC1470WYxTUb9Ual5rO+z7bYdgmyaiVi9mFoJmIwk0eVvZqlvcR4swQA0KgAGFmknPxjz8xXz+9NvCJ2w78x+rp/FZEiUkpprTWRuqaqWD6hSJkxLLv8hVmcs9ZmzhXlOKJYB45l5EMgAK9e8Hm9mHTzT2/Kk0/v1u34jiGAiNa6QKsgCMIoYkCbDan7HCQXXd4H4Ua90e12syz3nr133nkE2Ol0kyS11tvCOleA+CzLSt9CQBGQVw0IRcQYM3UDCSlHOoxrjUa7Vmku7z10+MTp5b2HGrV2nmaEoBUW6SAddFzWdzYF8Vg2+IGYIFaoAaDIUm303MJ8vV4vrO33+o1W8+LFFSTK8xxEbJHH1ZD5jXTVvI7Zqr6DIAAKIFIlCt513/Hf+uQvVKIoT4eD3laRD5uNxu/8rV+5//hBEwTjHVIEhHePp+WRlsVqyzYy8OxG+viqX7Sdk7hdURlga4DNF7fzMwfl6H0Q130n6Xz3/HPJILv4/MUY/DDJ9h1a3H/qmI2Tfn5lc2Ulu7TeXe0P14v/5u//owfO3A+3R8359Wa2qu88IhMHYbguB737sQgknasfSavSX1m7UlXadAqTeT/ksBqyMYRKjKoiVbRioT2VSgGESCJl4ICBIcJyCnt3GnBywBgVA6eaRcuIERBFgJCApoZ6J4VEGo8ajrkjfxBv2iU9CwhnzLhVyibPUruFEaHVmmu1GtW4VotrtVo7iqI4jrXWPEW5KSulyokpay0iBIEZdXEoZIY8z5yz7L0wTyX9eGzsNq5PAk7GtSetodOlQiI9KRiOd+jJTj3JJMt4ry7lbPwkDnTWeuu89c57a4uyklmaXyDiODh8Yzl27NinP/3p6UTdJDn36U9/+o3+7m82ytOE1jrLiz3Ly975ZqNBCHmepVnC7GvVWr1e397eFvbCXpi9F+c8AoKIc7nzDoCSNE+zjJBKEXEaCd/eAKUUIpYioqW3hFJKgULRIChIpBSSDqOYlDl45J6F9tLW+ubW5vbOdheFIhOwK4CdIlSkhEU8E5H3ThtjwjCIw2qjurx/T3OuVTifF9Y7qVRq1WpVE9XjeHtr/dKly87JG2iseR2zVX0HwZEdGpkwXmw1Hvnlj/2zf/ipT/z8T/7YQ+/6tV/62f/xH33q1z7+0FyjasKo3CmFxRYFIk2sWb2wACSZaMJmpI4vtJLUZ2L3VE1k4txhnqYHmxQGEtQKEG5Flf2tpedf2GgA1ir0lbW1f/Vnn73w0laSQm6TjZ3LgU2LK52N1fTggVP/9B//k6WFpdf+491e24lpZqv6TjH5hcu0ddDLhYLMzBwGgTHBrrEw0FDB02vPBk0TPtg0RHFsbDUuMvE6UIwtTWkOBysxgtrMXcGQe2AQpQgA9tf1XACljQSRGtf6xicNpEkiGibnD6TRmK6MJg+RaPzax3OGd8iYfsKbdknPbCdmzHgNjIYAh8NBFEXGSLUWl0KgZZRWCnhOl+MQ0Xvf7XaVUtaWdrEQhtFkMweQYTJArY02gYSeWAIFoJlFKZps7+V/p5/2msFrRAQ2V22kpRKMTNcqeWwX570vdUq99945z+zFeXQiItY6WyTOOxEaS5PxblbvjeeRRx75wz/8w89//vPnzp0rVZ7v4uTcHScKw263u7y81On2tra359rtLMu898aYSqXivQfxRmsvgF4BSl7YwCjnXYZCWhPR2pXVuFpVRrFzIAgM8DIlwjJFYowpy+C7xpgKA2NEaUaKgrhab+45eKTenAOm1ctrcaUqInmWZ3mGKJ6tLaxSynq7ML9naf/BCy8+J96fPv22Q4cPnjx9cu3KpSwrOjvdXsdvbqzv3b8/z9J6rV7kebfT7fa3/G2eUAGYreo7wa6IhYigUtVadZ9WH3//Wz7yrtPljZXQ1Gs1E4SANDpbi1jr6vUac7e0WXNePHPKstjU+/bi5nm2gks1hUR5MshMY6tnPRVFFqTbinMhlE5hNjb7w4BrcVWplnNrL3z/2W/Czkf3vePg6UOpd7630R82B2ez9773w3/wP/zBb//ebw9emxEFypSO6h1gtqpvP0lWjIo6V13cb0iZWZZKFKgpaWUUkLDyzfVnfvrAjwf7g8qh6upLw8GgIIMgeAAJnMw3Ktt2eDEtnGdBRCQRDhQ5z9aDVmXgVwrJEDCIeABCHHkeSnkRkDKXzJMCZvk8ow9QEPyu5sLURQMBCmvfmPfvVXgTLulZhXDGjJtlMBhubW1i2XsEMBkIHAyG/X4/TdOiKPI8T6dIkmQwGPT7/U6n0+v1JpZrzAwgWuuRRJgXZgHBPM/SJB0OhlmWFXlR5HkZrZV2EeMXMtrcr7ejHd8yyQ7yNbqgY28Lts7ZosjHFIW11jGzeBZm54u8GCRZd5gMvHfjx8K5c2d3rW5vC2VD/5tkO77DIIZROBgMjh07dvzYsXq9Xq/VarVqFIVKKQQgFBQuVRonZpmkwAQmiMNOr6sDU6vVCIk912q1shHo+u9Tzg0qpZxzpTLTxAkTBTwzITVa8+3lvXPL+/cdPIpIly5dHPZ7/e7OoL8zHO4wZ65Iiyx1Ni+KPAoiE+g9exY/8rGPfeBDDyP5++4/s7gwd8+pUwtLe+YWltDo1Bar62uhibo7ne1Ox4J0kq5Ff0fO0LNVfTtx1l7jgIJKh3FlrtVeXJifn5tbXlxotedMVAE1SpGLiBcR75nLFg5BwH5PLq36tPCJd8bwUhOsMR0fYCgHmvHJeaoSrw+kOe96W+CsqIBcWiSuON8rtgceBv4dR0/sqy2fbB/LKuLXemqQg/LFxbUrl9e++51nfvLHf+Y3Pvkbr1VgBgXAly/4DjFb1beZz37lO2Otllf7pY/U8HikAj25HRF05el8JcNU/b9buM6KdA0EdDCfy0HCPbFphrRlsRaFRulyukSRIkTHsJnJ0BOVWelS204RKk1IONEfHVsfl/W/kQjOpDt0V45mMndIV9cI8ZvfP/tGvYOvxpttSc8qhDNm3Cy9Xndzc+vgoXjaO75k4vM+feM1E4Clxkw5RjiRG4Vxm7wIsTjhUJAdO58VZJUEEegAWLNiUKh3tUPLPVTKNtTxN0IEA8ACDEyADMjTlwpmz94LlAaDbtzNOjGuYLDOO1vYwtkiS9LCJjD2O0ZQAHD27Is3POK/oTzyyCM36RU74zVTlkSMNoiUDAfVStw6fqy8nWgsZYuAiAoVaUVESmkRz8De+uEwQaC5uZbWZXUaK2Hc7/bxRj4l3vsoispoUESKopjoyoiIdYUJK0eP37uwsHd+YTEIoq2t7UG/x2wJgiwddrpbymgEz7YQL6BkOOg2mo1KHN576p4oCoosQ1Tnzp0fDJNao726ut6aWyjW1vIk29jYzNO0P+gHUVBkOchuq9VtZraqbxtJd3vU9znVwYxEikIFYF7uYaOkm4wKHQJZAet9/+CJKE0wc7DWwQrxzg6jD04sqmO6uFKHb5937z3jIJJhHyt1Lb6II70nijTj9/PuoZ2ox762uJhkegOTeKNoBTrov+Sr889urs7PLTzy67/z6KOPfud733ltP2mR9PNkAK32a3v4D85sVd9O4moDxgN7r7yJ4UhT5vp7EYF+SbpXujtHludDShQxgKr38zpZ0tKq6S9e7s7NBeeHBZMRV2ilqhr6uUOighkYEFBG0jEMohSKEDBPv6RSPpTASyk5Vroc4biuDeXhRcZHoatfYBhXXte37dZ4Mc0kygAAIABJREFUUy3pWUA4Y8YtEITBa+uVnBT0prdkIpRR0g7Bu8ImOggJDXgPCoW5yAtnrS60CgLQ5EkpIhwPDBKhUso5ntj3gDCSH6m/CAtYkdHXmEv3Qp7I1XhfDjeK98zeOWd9VhRFXrjMFpatZ2BnC2eLyQ8RhtEdmVV5k2zHtx9m9t5Pis4AoIiq1apnbws7LtzJxGtqIgg33bSslI7jShgG5UygiCCPBHX5msrM2ADTez/5+Lo0ChOhgA6jylx70Zigs93tDzo2zXyeOHGKiJ3nIrfpQEeVk6fPbG5tAfhA4aDfDYP5y5cuaxNdWFnp9nv7Dh6hIMzTlIjyLLtycaXabHrxubOEAB7KBEfZ73073/nZqr5taI1KqVsP+qfXgygFlYis9Y55Y+jX+npfleYM9xNKhtn3OGTv6kaKof2Lx83PvTsoNKJwPSbNdqtIamK+cvmbUfzA4gJW5yKOK89fzBrg3h0nxc7ljmzrvUfXV7cPHtrzL/7Z//Irv/6JtfXVW85TCERhQHdoknDCbFXfNlrNRqlUPskvT5TMR+nm8firlOcM2d3MS5AIPWxrem5n5ZhejgIdg4sznGepNVTfmKErKkG0tw4vDIkQq4E2yN2s8IDjLCIC0qgdFAmARyXIyTFBRmavOJoq5NJ4S0TKm0TkKiEZgWk3ZgSsV6q38U29AW+eJT0LCGfMuFkQUSt981fpl+nnvOqG8ok9gGObDHsgFEUVYwJFSlCDeBHy7LnIwaEo7UdFQkXkkBRqN5bxKks4bmQ8NHKz95Orhfdc9ouKAAiLL/Vq2HvnvbNFUbiCC+et82xZ2IktsmG3v13YAmHkLfS6+WXN+OFgc3NzMBiEYbgrTj5e56Ziyit1aV85/njKiHhU90YiNf4SyHiRMYhDkfH51BjjnNNae++vV98dSy6RR1SkmDlLk2qlurOzba3r9fvs2XmbZBa0QsLu9k6eJWB0rdVutucbrbkoDqrV6otnz69eWRv0B4XlQtiDevHFF+Mo2llfN6RBeGNzfZCn7bm5Tm9HvBAIjFV/u91utXqHTx4z3gjKBohbfVSp5DX1OTrlWzUqLCw1TK2iagEwYm9b5SltpPLMRlKvRFe6F7eeax2a2/POB70wdXNIxH7rwlMnGycaVROGMdR1bTEQouqJ5uBc+sxKkg4ubQySQ/V93uPqWrcaLPzd3/t7//i/+6+Gw+Etv2bhO1LunnFHIEQ/JRQ3LSQzMpWCa+RZxDovclVECACFCZ/snfupQw/p1GhrlaOlihrkRRzQSk/I6IudjAQP18LVJOsWThF5L0YBM1gBBGBBABobtCCQAmHgsUzv+Joho4xiacc1CQInWqMwue80P4LKuz+qzI53M2bcAlOic68DeV7gaCRRELzNs5yG7GwYRSoMA11RWomw90ygCEiEmARJiRIRAgDrQGHZb1ees53I6AQ/GSYRYURk9qXSGACwZ/JcxoKFy9k555131jvHzCCeXZoM+51+Jxl0xHuhkVv47e8XnfGGYq0tO5mvCQjHGi9QFkrUVbXBkQD/WF4cGQQFSo8JRBAR57k8dlDZb4xYaoqKyERyafIaynZUZkbUCksLCdWo1xrNRp7Zc2fPaWNqjUavu2OMiXVgXbFv/8EDh46ePXtuMOh5D1vbGw8++GClUn/ppQtpmvb7w7woFpb3rK2usi8KE2VJMnCFoHdcdDvbLD7NUyBiNyp4h2FYDvfOmHH12Xq83yNXI6wplSXYrGI1ltBwkZlWFb/dD7pKbcH6qfnGpaTyUnft//sGbrulo3vkmYvDntvuD/L6Ev3Nhz+ysRM0F2P2bJ0HCiCE81doZ91t8gXz3KOtowewHj731EsfeudPfuD9n//s5z57Z9+EGT8qlMnda7RYpFQQh7F1PYAgDnpd26hN3Q9RKQ/0+PCs1ANVhFXIA6D997UunOdBPhRHpxfNN3pFSOp4zZC4HcXrqdPEINgM1dZw8o2nW58AWHksBcMmCqI0rlyijBpERy2jKDg6BAHI1ea1s2jwdjILCGfMuFnKIskP6iA8RZokZYpOA1pfdLubLBhHVUFQntmA1lobo0iJiJACAgI1GntSUkZ9SKo8xfOoTw9EsPShFYGyhaMsg5R5Q++9d16c894579k7523pfejZC7s8Hw7TbnfQmQPzW2/7ie9sPP355x8r5xQQAeXOCZzPeL2ZeKIATLtZjT8flwKZ5brfuYym/8eCusBM40laKYdKJs8jsisbg1hGoUQ0rcQ7yjUImiCKKnXrXFEUAnjf/W8998LzR+67f25h4cnvfrum9b6Dhw4ePKRNJKqydvmSIEWV6tkXzqVp7pwv8kJEBoN+t9/P0qHRpGK0NkvSYV4kSASCWTJMswzFgsHJ+zArrdytTBVJbvZXjGPNfKKRgqIIDvoS16SXylxLrIVKDKR8vyDyPBy4Dxw+uJ1m9x9Y3DdXe+qy+ebj6YW6k5wk548eOZNKvLKRZZgR7f3Wn56tQ9Te04oasVauVTnzvcvP+5Xv7Vt5dzBfb7Tmnn/64m/+Z//5o199tN/v3+wPOVu8bz5wqh1oF5Fdb6nxfl5KyoAAB9WrzVcJSAHIM359bWdnPgz0MDQ+i0J95C3t576dIAUaoO+UCF1OfWo5RqwblTppGz0orJQHjt1wjjSyRkj8KBc46lGVSaVw3GCC5VECy3QiAJWpxfLpdn8aeD1PXDNemVlAOGPGzVJWP17VcOHmT5bMI9UvT/nJ+oET7f1f3bhsG7YGDeMEWNgrbwOlA2WUUixKSJiIiYlEEctI+VEhENGUYgIAEAuICIrn8qk8lxKj7J2zwmVg6L135SgAM1ubF3mW9HeGg523N5b//vt+8eH9p//OZ/65TK4g0xYBM+4KJr9PGf96ZZxcpvIqPzpelOIauwthIiVO5RWcxqYor7j8SxkkIvLelx3IRCSAGpVnAaBqtXX4+Jm5+eW5hT2N9hwBLCwurm9tHjp6lBAvX7lUqTe6w8y5LM99tdrK0jwdZl7r4SCJ48rKS+eZoJ8OmNkXGUmU+N5wOKBQ+dxpMCKS57lzTimGOz5xNeON57XGSoQIvV63FEgUgGpMpLDw7BwUKbWagoRhhOBAkuzZvkvCSk0KZmsLs9HFfgpLLXWgGb6wbaqhL9hETXX+mU2l6Mj7DgArd2FodgZpe+5hevdAnX32iUeXDh9drre3N7dOLJ36u7/7e//tP/0n5Yjvq4OzoPDNx25uViZ9ouXnCONPphcFguhQIN+9gRSgRpBNxd/a+vbPnfhA7ILY6OxyVjuMXKBi6HntWClUVoS08YKZdQzkgBmQCNlPYr5Rdi/zPN0IipPsdPkpoAgBlsZEBAQCHhkBSJCvbxmdZepuG7OAcMaMW+HqzWrSYnfNLTcJj5N5imQujv7XD/36n1549n/+7ud2upu1astzEARhYJBZHJPSWpNTSiutEYnYEylC8giiSBBV+QLLKg0LsFApng4sDCLs2XvvRYS98+L9WOaxFNXIizTN+km/W83tr55433/5vr8R6whiA0bBaDQcebY336Uws7AIy8TXChF5dN6Q0Vot4yeBKU3Q0fUaAbHMP+ANPFGuySFMqoLMYkzADDpQAGS0iSrVE6ffeuD4mYX2YqPZtoXdWl/L87xSq8VR1Lq/3VhY6nV6G5vrREGgzDBNhsOuCYwOzObmWpoNh4O+DgJbWPbW20KsjeOqNqZcwYUtjA5L6VRCAj9bz28S5PqD5iuCiBhFkTBPpA8L5k4K81UFgMYgMyotWkMzSp5Jra3U6rXwSh/RVYI4qxptDGnOrTcaqDPMVRAvhJX1ld7DH7+/1gxffLFbOVgLh2nLJrpx8O17Fv+LP/03++95+1tOvPUtxw9tbWX/4Hf/4Wc+97mvf+vrb9ybMuNHGsFRlDUSldn9Asg1DrAjZ01BmyCo3TCRCEmDiKvU//3ZP/+5Iz9WCYNKEPntpI+cdXxQ006biqgUdYRu06MnpdFXIxoWXJQhICEICJdnGXRCgIA4NT04micoU+oECEgMTLI79DpqGUUgAJ5uQZpcgGbcBmYB4YwZt4Bc7fJ0q9WyiQ5YuTkqMgCCZVaMEEn9zeMPvXf+6P/+4tf+7OLTnSIXFi8QUKjEAAMrT94pr5XSShGRVooAqHzScSZZxgavAiwsI0uJsm1PmEstGRFBIETvnMusc3maDruSJx9fOv7Jkw+9d/9JFQcQRhDFREE5Ly7As+Lg3Ue5IMtitUwZDMJYJkBGwx5QLl4u50lpJGF3XTYEAZBZ8jyfmEkopZh5YpdSfkettQgwA6oAtam1FurNxfbc3Kn73kY6TpLspbNn47iaJvkwSVqteQTMrW0027kFkxSd7Y6IEEiSppL0izzxPi+KlL0PJXbWijB4L0R5kZHWw8FARDQpQmQQbQyBJ0KYNoCZcTcy+dXe0rmSyukA3H2GpJC2IdGSWVlsoXdovaTWbuzQvj1zJjSOna6gq+neQMBaxZUQfK8wGYMXRs/DpKjOxe2murzWXXl+w/Laffce2/PilVXQT59f3066n/nqnx17+N115Q+F4bCXfuq3fvu3n3um2+u+/m/KjLuBKWXOcf5tctN1inYMIka8UsHU4wlJgTDp+tfSF57eWDm6tDfSIYgOYhcHJiClRCKgTNRqZhGpGZAC7mTsGBlIRrOAMuoOHQ+twGheEBSgG3W3SvkNgUsVPIIy/8gCo/+VnSkjg8Lb9BbOmGIWEM6YcQuUjfi7n95KxewaETAAqFSqY3FzRWSgVkNvzrT3/dfNn/uNkx/4w6f/+o/PP07VuFptRFJRYjQZFhHvWNh7UuQ9IZAiUrjrhQiTUexJAbCMAUuFBBZ23gkzeHY+y4t0kAyz3s7bW/t//12//MD8wWpcgdBA1UBcgVoNAj2eUYc76Ho8440Ar57WmK7plWOou8rgpe4iIiEwCLBc7TrPACQy+S90u91JQLh7J2ZmLjtFERGRRJtKo9luL3hWBw8dby/OFc7roli5cN6YoNFs11tzRoeXL19ytrDeeUJSut6oF4VNBkPnbLVeTYa9Qa+nNApzkWU2z8JKTEoxKOucsOIsRQBhIUOkNLKQ0kRqus16xoxpWMRaG4axcAoAIKAAhoUQAIdsvWxuuz1LwfoOHN9rNnMIFfT7TqGwLzT6l4bJwXb18kZq4qiqodaqbg4hSbKFxagSauZibql+5dvnevfs1weWmt18oxs2Cf76yUd/4bkX773n2CAb8ubGR979gfe9812f/Ysv3Ok3Y8YPJTc6fkzX5a65WUSq1aoxU8d+RCQNwgjUnW/99epjp/b/fMOYoQ2DEA3pqgKxTKIc6n1xcCVzlmWnYA/EqABEkBFIEAR4LLkno32fCITdxIaCSIRRQAiRy0QLiQiSAvEiiDweyZml5+4Qs4BwxoxbYFqB45Z6kK5xICw3c6VGyTAPIopgsQ4+hn4WpMUJtfAH7/nlR+770L966kvf2FnZSLZUFGkfaxXoIBBhobJFlICFR9XB0eG97OCbtqGV0meuLBF6772zzto8tXk/dO4d8fyvPfSxnzhwOsAQghCqBuIAqhqiGArv83z05CCeb26gZcaPCGO7qvKT3VU9sbGSqeFBnMwOAozUilAm/Z9lakNEgPnl/jCmtEaVACCpMIq1CgBVvdkapP0jzSPt5vyz338BWCpxxTmXZZnWYZIOt7c3mB1obUxYrbZqlToCZemAuahWagMv1mZI4JzVSnsvodZhEGV5qpW2VuJKlBdZEEcKFAKB0ig8GyF8E3J9n39587V3A3DOR1E4ElcCIGAyvNnl080QPDRi0grbLVGWD0Sy0nWJzS/m1fW+DsXOk+l2nVc6VlSvgakEDcZB6lzhMg9xPfBr6VJFq2QAh/a5fibBnME5W5x//OtfPnr4GA6yufNYO7z8qd/4nS9+5ctZlt3Ot2jGjwST9KyMr/VTxfBrlGZG3ZmlOdXka0gKSAEjiKjWga9ufv9X+eP1IEjzQAN7b0JNYegsGKWhqfmSqL5zZSiIRFKKgoEAIQqW36MMChUBc2lHwVN+EohAAgxEpfgNksAojSijOdjrgtxZ0u62MQsIZ8y4WUTEO192wwvwNV36r/zA6Whw92MEECSB0Hsa5rI9gKPLEIXQTyCxkNsT9YX//p2/eGG49b2dC1/ZevGrGxc33Y4OoiCOtNJaGVKEpEgRAoEgEiKPpSJFGJlxJDDm2XvrnMttUeR5VhV5oL780LG3vK2550z7YNVEoBVEBuIQKhWIYwgIdobpY98fbnZKkRoAcNbe+jTOjB92xutTJiYl47AQQEZTheMicfmA8jw9+jqOw8KpG6VebwyHg/LupbMF7kaUwCKoDZEqlWuJKK5EcVQlDrpbg8CY/SdPAVAvSbrdjtZhng7zNB0kfa1Ns7Uw5EEUVZFAgAtbuCIXAM/grEVlQBGhqlSqJ06devbpp6x3OjAmCCjQxhgQMMoIEbIgkFzdyD3jbmU8yzTK6N3oNy67q5wFedJXUWZKJC+kqqBGigU9o/firNRq+MwL+el90Xzm8iguLKcBDVMyBCK0WI97A1YhaiHnITCq1829td4V9799/7dWe+m57bnD+67kbk8lPnPgPXFsYGers9Vr5/6KK8ylnYfvf9+v/Pzf+Df/7t/OluiMa+h0OvXq8vQtkwjxBhVCGW300/cDVIgKFAoLsnmS11c2V48sHOynoQZfqwQ+QG9U6F1DU+pVqHXXeUQSIvECpAwJMhSelYAgCIKIkpEkGQMyStlWyjDWJ8dSVnQk2E5l80k5lXAjRRnuDwZvzPs341pmAeGMGTeLiBRF/nL2qa/wqJe7lqvxIBYI7AwHK3/6zT0fr8I9e6FiYFBAksGwUM4fDZeO1to/e+itnvC7O1f+5KXHH115Zr0YiokgDhUpItSkEYiQQI9VQUDYO2ZnnXc+d1lB3i2o8INLxz52+q3vXzpSEYWMGGrQBIGGqAqVAKoawhDEwOr2zl8+9ufN7LwuJheQLM2BQWg2c3UXcvVClZELYVn5K3/bY7upUeAnwFiaDeKkRbkMrgSgWq0MBiPRfK31JCCcrBxksMJFkekg7Pe6QKrRmKtVq9ubnUsXX9I6YCDHkue2s9MRzosiJ4DBYEfAB0HNFoXzzrMPg0AhOueDIGDr2YsHQKUOHTn6i7/0ib/60l9+41vfcEUmYMNQa9IYBMJOKxWSUkrd5jd5xp1ietzq5Zla/6OCuQCMzq86oMBgr6+yJocBO1aX1v2xQ8GxZVLGmQqGQxkkRa0akTIWVFXRYPsiq0OOhUl59karrZ3UeZ5rVBy7w/fv/8Znnolf3Opu9fYfDN5274MHz+r3nnnPepK3AnWFi307SXo5+Xu/+/uf/eIX1tbW3ui3aMaPFv3udm3feCRErgoCry+0Xe0lNPoEEVFpEUYUcG6tFn7j4pP37T8eK0NeHfvZ/c/85WqRy4FA75BnwQQ0oAMqJ8ulbbjw1POCIB4JAQF5HI4iIgojEI8uCViK4LAAQpmXKTOPE5N6lPKfaaMYEEiGN22+MuMHYxYQzphxU4hIq9VaWFgEKSX2X3bsWaZkKkY+rFO1kavvBoDEQB6iTkx/cpTUF791ZuNU9MAxaNYgjqCaQVpAbsEEZB2xf2fr0DubB+WBn9os0guD7Sv9ndW037Fp4ouCvUcpZW8IKUCKUFe0bpvKfBjvr7X3VVrzcY2EABA0AglogjCAMIQ4giCAOARE6Kf2+2cvXLj4tSV4ohomQCDlA/Tp08dn1cG7jClF0GvOELtp5OkPr7mLIDCIjB0cEIVZSn+TyYIvimKsO4AeQAgRiASFCICSPAfS7D0KkFEPvusdS3uXu50Bg+70+9Z1u50tpcUWBSkNAoNez4SuKFwYhD7PLDtjAkVU5IV3zpgIEQAxCsO/+Nyfx43aT//8L1y5fOH73/22CcyJU6efeOLJchJycWmRaBYQvimYlLenXK9fYSMbZelKBaVS4AIBvHhm1RMXdCiOKdagHHkL9ab67vODWi30JoS4qb2IgGMcZHk9rmwMhxoVcOZAodAws5sbg6V2YCVszhlrpHtps5+keM+Z2hOXhvNHzg8dDdOiXs+9vJSky93+gaOLP/vxj/9vf/RHzNf/kU696HFN/3V+72b8sPILH3nf1y+/ug8WlAtDymXJu8J4iICEqAE8oACiV/X/sPbVT8LPRY0o30yq96nmXJiQvW8PXUj5CWsVOFABMoAwCiWCtUCRgsxhbj0IIyHz+K9Nxu6y4BWiH/1RlU2mJCPPwfFVYhwPjhu0d1/6Q287/bq/dTNuyCwgnDHjZqlWq0tLi0mSvdxhYlpt/xrN/esVZQDAOScAAugArMcLFfqzB1rdl15695WN6kNvhf1zUIkgs1DkYAvIHVgPzoPz6NyiNotRA+aOALpyv5+I/ZffEkUINIACAQAPBEAEiEAExoBRECgwGkIDYQQmAg2QDeHSVu/rZ58J7DePVi8bnw8G40kABICjx47RbO7qLmJamU7khn10u4IEI41QLCXkxnrgBGPLCZio0Vw/poVYHhRAADVqUopZ1atVHcZAul6tLy4sHbvn2IHDh2qNxpH43s5md+XSqnNd63xuLRQFe+ucq1brSZqkWR6FuWq1q5Wo2+0UzgVh6JyxzoJgFEakuNqob2xu+e3tRqcThebYiTMHDx3d2dxqVBvKoCK1vGfPpLl61o93F5MXPndu/Jlc98GNuUacQwRsIZs79r5746SHFy/LW05hoNk72Oq6zzy9OV8NP35/s9kH8nC5wxJyVhBDMRfV+2wVKaWoVHx+/oXN1v17BrlrL9V0ZFbOXT58/6H28fmtJy7Nzbe+e+GZJUyWlh/wzvXn4uU9xqJ84md+5v/6f/6420t2xaSvAwEGmeVZxu5Ng9EKwMHU3l32btzArR5Gt6RJ6vzUCiEFpHDU+k+kzLfVhcfOP3H/3vvdIOALGRZqcT89+XxSrRBz0CI/sMygUZiZW5o0yVZRlv2wbAmlUpsauFQ7nyiKMiAAC2J5AZm8SCQUxkkseL21l571cdwuZgHhjBk3xWTQ6IZHx0mz3A2/9HJ6pP1Bf2lpuXxKZuTcbzfgS2+Z7z3beejff23+/WfozDI061ALwDnIHTgP1oOzYB2IgC+1mhnEI4NiAT/qyZ8ogQAiEAICKASlgRCUAhOAIdAGAg1aAxJkDBev+KfWV54+/9iZ1gsHFvuFtZmzHpgFXjZUmPGjTWkFMW46Yma5US/wVeOvY5/ucb5DrrpT6V5xo+MIKYXOMyOaIAxMVYBMFFeqtSiODx44vLx3bxxX9+zZe2V186WXLhMGufNJnuZFEoe61+3meVqt1Zh9u93e2tlK0y4pWa7si8IoTQY+5yAMEDFNUxNo64oizfv9nid98cLFhaXFI0cOrKxc3Liy9pEPf7Tdbn73ySeeffJ73vO0L+KMu5L5vfv7V16Q3a4MgJsbHC3N0catHFDkEAeqyD1qjGvm4hV/z2Eg8f/3lzsGzY+dXEBkEul6JQhZKhV07TDSKlysGImwnmE35eWlxrlz6w+eWd5a7zaXGiYkz765UDGBdNoVSLm1uBxV66l1dq1vazFUMB9k777/re98+zv+/ItffMWXi432fLXefD3fuxk/7Iwr3yNv+PHyvsH9EBAKx855mOzQSKAUlDU9YUJM9x7410/88T/f+xZdqWCnpzOQnIiMjsJOISFYVqxQvHcA1GXVVgIKRBSOXwgJBwTWo3Vl9ZIExAsC+NK2sJxKx9LaFqisU47rijh9wMKxltmM28MsIJwx4xa4/gixOzf1MseLVzl2IJZ/h2U3R+68tvDYmeWdxewdT56958UL8duOw/45aFahogEQvAfroNzTmcuG/FI2pjyMX/XkRLsizkSgFGgERaMgEAE8wyCBzT4/t755ee3ZKjz34UOXY2NzZxktKCtGxqZAs5Dw7kNr7ZwzxsjIlEQmnlJTXNUwOvEqRMLrvnhjyj8QdiCaABWRjuKaMlFUqXgRIsOCAKrVnhv0h0UBwnp9e7Pf7/W7O3k2FF8QkVII4IrcOZtXq5UsTdNksLOz2Wy0RKwQNVvtfm9ASglIFMXDNGm261s7vVqtmg66ybDZ3ekS+0Dp7fWtPQt7k73batz3ba2dzRPerZRi99PL89Xjfxm1iWLpxYkAgnkqh49SECIzhoF84Ttp4aNI6FCr9tYzEXjjRCohDTwAJs1K7cOH8MnL0LdyZS1bWAxaddroyMJitd8tzl9JGq1qv5s127XOxnDf4SXJEkaZO1BtzB8BQcfedYfDNO/1iijp+ntqf+dv/+ajX/vaq8iN8qzW/WZjLM052rVvcECBSQcngIRVmPpjQFREWtCDCACBsI6Xv+QefXr1uROtEyozjUh3Ni2xSgp9sB6uDSwSe2SltRfvAHacC7XKWUQERRBYATlBBg4MWMcAAMLCDCPTeSXssPyjEkIUABLgso90PKE+en0Csxbo28osIJwx49a5WjL0NZcX2I/tImCUKgPQuSh06sXF5vZcfGG198Bnvr33zGF1fAHm6lCvQWQgNCAELFBaC5aP9gJXeUKMQ8HSC27UyVF+IOAc5AUMhrA9kJVO//GV5xYrz75zaTUyKWCRW++JMEBggBRmtkB3L0tLS81msyiKyS3lnNKoOfRGpbPdEdlxW2hpQDw9N8tXn0oRkVmU1p4oMAaVQkKlzf5Dx5QyQRzt3bNcqVSW9u5joMuX1wCou7O1tno5TwfJYEfYi1itKRkOAhMrZcR7ozV5b7NUarV6rRrE0cd+8mfOnju7cunCoNdTOmi0Gr3eIDAms8WHPvwhQ/jVrzy6vbn9ta9+rV6rD4YDEl+enonIGNNut2/Xuz7jDjDSRbp6PU/qhNfcLihEhEibm5s4GjQVBMgL9gxhoBoVeu+xaNCFHuLTm/23RuH+atDtmxOIYeSgAAAgAElEQVRNEMdBqxKBhAob4E0ML2x41S1OnG6/8GI/z+z+ffXLF7f2H1roDgsdqPp8dXFPuLq+VZ+vm8XKYGcQ16Iorq0VNnRcFF5n6U5Pvf8DH3j3O9/5V1/+8m1912b8sDOK9aablyZto1czFWeNP0ZCIFU6RpRFQmWld+jkZ8//9an3npQsbMXF5pprGeqowGhxaMRgC7xHtcOaGRxIW/MOKyCxVsq4kkbhpexa1Y786KG8uAgjggCiCILwxN8ZdztOpl72jNvFLCCcMeNWmTQfSWm9/dqTsqOMnjgQEXQWPItmEQAv0jXRd45Uz++du//xSydX1ttHFoO9LWzXoFaBKACjQCtQCEIgCAoAp0oco/4NBFAADOxBPHgPRQHpEAY5dIb2Sm94qXOB87MfOnJuISyc9Q68V4CCRsA6EWEGAJKbNtiY8aOFUqo0BpSRD/2IUZPc1C24m34eqyVN0s448pQaPbSUL7j6hM2IiBQFQRTFwpjnWaXWrlTr7YXFRqN276lTURQfPnLi6996fG11M02HaZKBtzYfiLPiC8/O+cK6AgRqjSaiOn7inka7tbJycdgffOjHP2yFB8ng6LEjp+474Rk2VrdeOn9uaWm5s/Nso15p1irVOHrfe97//PMvbG6sVisVAuwPEy++/NslovJvecbdi8B1fRw3HO2G8R4fR2EUGgRbLmvvISl4oULO8mqSk1IHDtDKJXnoZGNfyyiUZsPHEe3V/IWLunDUz4owrlQ1a3aDnn3s3EajUe3uJNHethHvXR4FJgi0sNSbdQ/R2mrfDPn+Bxpcb194eouFnfVJbsXbQT+NUvsrv/yJb37rW+nMk3DGLniDouCNo6iRQfFVIRcSogJEkHIyBIGZqnu/sPbMrw63F8NmzWSR5JWIEqTAQGAcKPHeNE2xXRgAZIYdZwHJMyhCFmqF6J3vW3AMpMpwjxBYRjbJAoCj+HD0csZeFEgAgkBXXTtmFe/byCwgnDHjVrh6oy196n+wLp3JiQScc0WRKxMHwSjm9N5vx+FXHz72TD89sZYff/zSPEjl6BwuVKESQKDBGAgC0HpUA5zspMJQStKxg5zBFeAd5AUMnawOh1e6XdQri+Gld+5fbccJI+fMwuzElxpkIs65sVCklBv3rE54tzLOa1y7kq+Zs5qyjgAAHPUi4ajNR0AQYOTSKZImydSfBgopUaSNcdYxQ2H9HGIljg8cOLD/wP7FxcVarbm13d/Z7gHIYNDPs8T5QiuwwN575gLYKyKllHeuUo3vve9MrdFm1Dubm2maLu8/cOHCCqIeJqnzrtvdtkUuAkRESpLh8MKL5wIdHzt6NAyp1WpHQfy1r3/Fs8dZGPim4ebzWlh6+BDRaH2gCBiDw0RCw6EhJFxsqn4CtZCW28YQsQdUWIlVpRLdL+7sZX+xN2zEzfPbw2GWqVr4+EvnHz71IPfhysbmYr3Z20nm9y0EMe3s9Gxa9DbSZJDvOdB+4ps7eb5JSs2d3O+GuUudV5xnLuumDz7wjiOHDj/93LNv5Js040cGueGHsJuznt7Ax+m7sf87AABgOUgiCEKlXDQgKc8vNoM/feZLf+sdvxRC2IqLpAYcaQXoTI4U9Nh7cl5ZJIxFrONQhANdeGbncy8o6AQRJSCxUsrJICKVMWfZXSKjawYBcDmlMJbFmR007hizgHDGjFtBftCM1VVnbhmbXIEH8MzofGGtLwqHpBwKKSZEFr3ebHbn1VME+/v5/m9fOPzVwdyBOX1oARoMYQC6VI4JQRlAAhEAC86CCIAH6yF3sCPp+a3uZu/K8T2rDx+/2FBDz87ZzHlg8igA5BGtd0jkypMyiuIcmRFFRsHvjLuKiU+xlI2eVy9u7wURr6uc7SagEQEEy/ERROSJsIFAp9PRWo8v7mLK7+OdlA15AIKgjBkmaafX7/fTRmuus5P0ev0sSxViniXO2kGSaCJSyrF4QK1CJNVqNk+culcEP/fZPw/j8PSpk8755555bn1jS0hvbFyp1aqNZpOdf+H5544cOTLs9cTLYJAsLlSFOTDB6uXLCwt7Tp44+ejnjMgNUuwz7kpoNP16U4gIEI79swURWSQOgYC851ZDK8ILm1YcHIh0YZk8bg9waR4IqRLbQ/N4sUuG8+10O4ori/PNn/rgB599IWk0wqfWnw+ig6nsY3ZxNSgKmw4zZjl0vH3lpa3OdhIpbVRw+aUtYm62K3md0qFwmu+tL7znHe+aBYQzSiYz3HKDrPQNpOymBvImMZdC0iAeRKQsNgqDiJ/b/6+f+A+/cO+PLy1VW81iZ5gHEaZDCEQr5b3SqYRhyIWF3Htt9CAv9ZdAUAaeQ1IADAiKIDLQL4RHL6acEiQgAe/HPVJUypGW4+tXvzyctYzeTmYB4YwZdxAcb35OKyDlQYA9e++9A0EQT4iKNSIAe0lBXaiHKz9x+pyl2npnfrPf2nZV0LFRgUaFApoJNACKRxHxItZJT2yGuFkNdt53LJlrDpTPvHOF916sELMICwszCwMorZ2zLMIgIoyji0g5V3an360ZrzeTbOzLSIPCVM/ONbOy5YFj13IKRu1LuyqOkyZMZhQQ750UTKhIUIeB9y7L03a7Pewnvf6wlbIik6TZoN/LhgNxLgyCA2fO2CLb2drsdrb37DmQZfn21saBw8fe9o73fOnLf2VMmOVFmqUH9u7JV9fSZJDZotfd2ly/PD+/aIh6O5vZ4oIiXFm54PLc5kW/2yeiPHfPPftcrVEhhTc8Oc24W7nJPeyq5TD2JokaGGrMnW/WyVv41vmCrGbEnR4HAXf63hOlmPc78pffXavo6Osrl/+jo4eXGvtI45FDulnJLDsiNVdtdXq9jcs7zUY1qhhFlCWFt8Jes5J3/fS9zUbt4v/57XCr/1IE3c1h3qqTtcnQFXX58I99+I/+3f/h/cuYT8y26DcdCAg3keeQkfLcdL0QAImQlIyydATCIAgiWjcu7pn7t0/9yada/0mjHcZdXwHQJrTeoxYR55yPQ5NZQdQA0o6hl6MDLANLKwxEwpwzCoJWbD0rImYGRBh5z5civuX/ymiwtKO4Rll0tjPfPmYB4YwZt8aUCNatMVEv2D19Tj1Ps12Lq4qZWTyzFF6onMoe3Yu9QhJMldZMV7Qy+xcvHl4OUCtb6KIIvQuEQlBaGEA8YUHoFeaKbKi8Min4Qhy6gi16Bu/JeWAG77x4HneGgvee2YMIsogIe+CRRMisk+Mu5OqO0FeOi66XsLtOup8BCXeF+keLl4jYgwB4dqIDA4hhGNbrDW9dd6fTmlussFLKZFnunRVXZkTsyVPHP/yTPy7AK+dXXnz+7JGjx7KiePK739Em+qsvf+XypSvGhMyus71+/NCBtbUrWxvrV65cYHbLe/Z1NteMVhoZxd1z4tT62nq70Vw5f2Fz6/9n782C5EqvO79zzvfdNZeqrA1AYUej0WigV5Ld3CRSoqiFi5bRLBGSPHaEY8J+85vfHH72gyP84gg7LE+EwvZMhGNmNApLHAUlaiiJlMRdJJu9ooHGVqi9cr3r933n+OFmZmUV0GyAItFq4P6iEFGVeTNx69aX3z3r/+w2m835haVkmN3Z2LTOTn+Tn/alrfnHBt6vxzSZqDn9uep7SkYSa/AAtKIyB2ewKN2LZ+Mbe7kFWOn4r1wv+s5lfe+jT6xEcevUicW//dH1+UbU0sG5I8iAJ1fk5noSeuVaP9navrN6cqW9GLfb8bCXFAYSrQDIWS566c56kubJBuuTw9SoOZ25IjOmsC8/9/Lxo8durt2+65xru/mx41DJ6KSkv8oZMkLVCHDYWRyvlMnYCSSN4ywjSzX7gRmZgzMf/o8//Lvf2Pv5c8ePzUdBbzMNl73ji+EeA5IVdoSaPCeWjeWegyrPB4oRBBwgshA5llxQAWqlSEFpwdnJ6FukiUk005wuVUvCtPmlXtYPlbp/oqbmfqlcQbxvu+Lul7+L3YkAsLA4v7jcEGEAy+wcCLNUTdvWgrNihAtwbMExOaASKWPJnRtq6Lei7U5rfalxYzm6utK4dqR5Y7mxvhhvzoW9hj9UmDNbFmYshQsxhXOFFWPFGoeMhJpQARAzM9vqvqJARNg6x2zkgfpvaj5QjGuFRCbTSw4/O4W5WpMHXjqZYTg5xjGzTETvRIQBmJkJyUOlSCMhKZUXRa/XzbJsOBwNBqNWs8XO9nvdMi8cOxCrCaMgYONINCH93Kc+nZd5nqe/8rnPR63WYDh48qmnQeCFF184d+7c97797b3tLWEjxop13e0tZPaVDoP4xPFTURAFvj8cDhlkOBzdvHlr7dYaoEqTpGCuPcHHCLw/FXuE6SdiIk4KIKg0CAsSCkCzjS9cVM9doPU8cSg/up0tzctzp8NnT8wfX2wd7zTTElHHlrEoxSmca4kAHFkO59reL374yafPtm/vXs2GA0XYXoh7e312NktNkZbzreAHf/b6K+s723Mt0h4zWwvgxBpIU9OM5n/zc1+8x30E68rnx5XxxKCJnIFMFEOFZ73B/fFA0yU9HkZF1Xh6QIWkkAgVAZFnaP3EiS9d+VtfU0PpOT/wSC80fCbNng+ezpQPvseeBqUESFABEioNRPtyBogCaIWcoBVCJCSa/N+yX11yYD1j1Yw+Odl6g3541A5hTc39Mjaaf9L77sSq5v23mHyjNQDQs88/4Zxl5qr0joWdc85ZZmEma8EZcA6YxTlnrXHWWmfZKWfJGrAWrSVm5ZxyTjmrnK2+0daRtWRKNAU4g84CO3QsUzeViCbnxogAwgDW2Swvu41WVKdQHnn23b57+YSHDqvW8KTKdBpwnrQh3hWTBmBhVoqURgawwn4UR3ELkZqNJpLq9/uDwSBNR6XJrcmdMZ4iW5bXrl574/VXAz8YJUmjNZcW5Q9/9Orm1pbvB0m/T+yef+aZy5cvfeozn/3oRz/27DPPzXfmibAsi9FoICLHVo/7QWDKMo6bpXXr6xuktHHu2rUrN66/Lc5NkkF1yWjNYfYV8wERgEiIEAS1J4gyStkaHuRiS5gLPI+9N2/lf3Xtztpe6QfIgnEITc8ca0VC2gj6IR1fpqUF9Usvt8H1r6xv3urt9HqJda6z3CrS4pnnVtMsb7YDArn+zpZTIKVV2kNSOYMWKAub5mWSl//FP/vdZrN56GxFpLacHzfu+Qf/cRuZ8KHnEQlJIWkkhUojVT6hJlLIjtrH/3D0ys1r261FFSqPyCuMCgNPBT77oQkCz9OoNCstSgNpVBqQFKIASpXlQwQgREJEAALE6rGJm3evEDnO5gXvcT+q+dlRO4Q1NfdLJS5w/8Iys9PqD1mcY5N6HEIbP/byRz+k0GpkQYdoEG31Hk6cYTaMhqF0Yuw4C8OChUDpbGFM6bg0Ujop7fircFJYKQwXxqWlKY111oEgO3ICFiwAExGRQtz3BgEQhTWys+Jy02jShYtnEUXE1jbzo81+Uo+dzHqId+UJJ5ERYeapczh78N1vzgCFEyvinPNQLa8c6ywtN5qtO+vroyQtS2Otscb4vm414yDwwiBoteaKorh58+ZgMHrttdde+eGPHNCNW7fX1m67srxz63oj1MTc3e0N0mR+YfHys5c/98Vfv/zM809dvLy6evLU6TNxHI9Gw1u3b7195a1rV94e9PtKKfJolPXurF/fvHPTGw/NqOMdjxHCMvt1j2cnRXUEVRm0AAALpH2X5uKFaJzkJWsPfvBObjL0FZ5e9l5dH97aMkkK8zE6hoUQd7u9ea+ZWSgNb+7K0ZWyMye3d/j1G7u7/dT3aDhKTFF0lhtF4ZTYNC3Jg+310Wg7CXJn7wzR034csGUtgAKmtEmRPXPh8tPnLxw67XvOJK95LHiQvliZjeCNM3Dj9CCAAlJAepwwVIrIu31k7n/6839DYpuxPhNrX3TT0y3fF99npaNQs+ehp0QpQWIgIVKEWlW65FS5fp6C2AMiHDcRHJgqcdf5H1zG9c78MKkdwpqa+2XGu3uwV826hQfNZax0OawFAGy24l/47AvOGpnNIkJldztm57jKGYo14ixPbfCJSCQ7a40xxlhjbPXPOmudZRkb7pUVVL01kSJS1VmVZemcm1pCIq40SWFGv/svv+h5ui7lf+Sp1g9P1keVKpTJUMG71jDMuoEzbwJVirtaSweXuhAwAYTKa7bacwtLy0srjWbLC/2yyMqyKPOszNN0NCjLoiwzAcmLzFnrkX/rxq3dre133n5z/fYtFG5GjSQZpKM+omitNjc2t+9s7G7t9Ha7nbnOz/3cp8+dPf/UU09r5e9s725v7lhjsyxL08RZc/v29WFvz9OeOJeOBqbkqcbqw7/mNQ+be+Yb5ODXvZMsCAIsUJYuS91gxMKMAi+ebS4u0N/d7G3lyS+cXfzCxaP9QsJAlHKFxXbcxriRZJYKvn4HRiP9F98o/uSvdr792u7t3a2lRmOUjLKknF/0hsN8OEyzNOvvDf7uy983g2QItrkYH236nObsGNnFAGlme3maWfOJlz9WG8o1M0yDdAzAIAeCdId36ZnYAeI4IjwuFiWFqAAnRaQCaunCH/KPvvL970aOlzyMlV50nos88j3nBxKFUaTZ91krQQQkAGVBKaWIFJICRYjkBHk6sYhw4hgiAEo1vkhkdoztrLlR78sPk9ohrKl5YN7TfLzLGt5/fLIvYhzHURhOnyJCEffLv/bJuEFcpshWCRDRuHLJoViYOHXgBC1jadm4ana8QlAAAMgAwOycs5U6jHMiDI7BCToBJ8KwLxFTZXisNdXZKiCFQAi2KMo0P3d++aWPPSe87yj+lK9jzT8qxuk9hkM5wcNu4bhw+pBP6JxL06Q/GPb7g9FwdJcQogCAdZYZRLQXRqS9LCuIdFEWaTrMs7SqMRJmIRBwnqZGGM3Pz+dZ1t3bNUXW295M+ntK3HB3e35+7sLFi9vb29lwtLe5vXnnzs3rN19/9fWtza2FhSUilWfZ8vKRzc31N15/TZiNLdNslGfDMk9BHKAI7Z9hbV4/Jty9Ld/bbr5LZRQAFUEY0O4e+xoVqbTgZswnFtSl1eDcsvfWeqp9MCKIQgRxbLtpWTKcaatOQ7a2ir/5XnF9rbe6zEeXVTuOGchY6HcT7aGx3OtlBDLsJt3dYXhmoUSX+Nh58YQOdTrMElELTkCRtbDZ77/0/IebjcbDumY1/0iZ6jtP47jvUWR5120ciYAIlRoXi6ICUkQaUVVfygI++9k/uPGVzeHeXCo6UEdEidLge+J7ifJSz3NagSbxFHhatMdKMyJpAlU5mcSAKaOTcVfhlHGgBQAAeP+0DtpOdajuIVKrjNbUPDg/1nq8n2yDUmppaam7NzjY7U2dhejDL5//+l++ATbRWgFFgCBClQiYY0FEh04ACIgqXTAGIRAiJCbF1WRwIgJRAgjiAFGAmRmAAIEUyHjuvMC4TdExM1YKkSDOmjzNRAaf+eznlcaZ2V210fwoM9Mge7DN/+CfXSYWyHRsFCKISJKkZVkikYhUja93eVnCSFF7/sjxM+25hfbCojgAISMuTRMlAOyWV5ZEnHULw71ukiSjZASCZTbqdbedLXs764iIZQ5gW63GyTOnr115u7fbT0aZdSUjlHk+HAyOHDvmrJ1fWNje3lJKjwZ9a0xRZOycUirLB8YahUSKAWwd5njkmbQs/eSmZSXYP+hB7Iv2sSh4NISFeVQN2EndU6vKlt7pc/HawPZLT2sOiAPlr7TiQb843uIt69Y209ub7c6CfPYTS2t7C83w2Dtr/bmg3e/3CFaXjnXeuXUbMc5zObI6FzRa/fVWb3u0c3u3fXzx5o/WgpfOHt3e2QiO5Nb0suzcufOLnYXhaHTgt6x5HLnfv/u96yCQkBQICHMl+4nCAIQIwCiIIK7pLX67ffXP3/q7lxa/8ETTe5104EMkrAurlYdijXPGGEInhhGJrYfkEBiAARAEgVEY3VjDFCazPVGw+i8AEKEq1b6rHaeO1D1M6gxhTc39Mo1s0WG5/X3uxxsUkU5nQZGeHbtaSfiT9j720UsLfgHDLucjhEIRKy3aQ6UEJ1Izwo6dZeeExTpnxgozXJZsrWMB58RNGrx4XEACVdOXMdZaJyKOubS26kgEFECuzqEo8jxPn3rm+DPPnzsYzqt5BMHqlixyoJX/QNfgdPkcKhDd7yq01pZlUZUtV0qjMJOIHq8fpEbQaDTaK0dXWSQMg0azyQhFmpu8HPS7TuzyysKFixdeeP5DT116Jmw00iRbu3kTRbSiMk+RRawbDnog0mq2Nm7dtkWRF3map71+r7u7E4ShAPb7AwDY29kZ9LpFngV+OOx18ywZpUNjC61JExCyTGZO1DzayHg65gNsYdWinxVHEoAoBgHo7nKZS2nk9q7rJ1aj2x1KFHMp5s5eURScsVgWi3ZxzlkwTnlv3EJPB82AXjjfQVLf/G4e64XTC0+AmEB51tpm24vCZd8P2dqbN7c3//q1SCBuBP3NQdQJu7tpb1juNprn9tL2rssT05lfOn3y1M/iWtV8gNhf0HJ4dOYhK2RfLEwOyoUjImlAhUohjqtGgQhQAVViMApNBkef+n+7f/vGaz+Cwhx7SpOnFyJ9bCHQYaB8z3gaPCUKRSFo0j6xUkA4bhqcmEzVXYBw4g9Ozxxmh9zKoQxhnSB8mNQOYU3NA3OwouHelfp3veTAU2HQYD4gqVxVk6KhlY3eFx3Ha28Hr3/X/85XWteuxHlJBB55SmkkQRCsfD7LbKxxzjCXlgsrpcWxkIzlwrrcmsK6wjpr2VpnjKtcQWax1hnnLLMTYVCAROhQDGYj6W23ouKf/e7nI0/P/F61T/jIMl64B+cQHiwaHXcVVk/xvvDG+DDHzDzWmHHMhz4HREREsR+25jpxq90f9qMocs6CsFbKVzr0gvm5ea1hvt1aXlywpdnZ2bmzdmcwGBR5tr52k50BYGHr+/4oGZVZvrF2p7+3t3p0dXFxgRT6QZBl6c7W5vbWxtbmxu7ubhRFrfbccNA3pmBnrTPOFs7kpiwIBaUqtlb3GqdY84jyoH/kSTdtlV8sDDiG+Xnc2GPycL5B800lLJ6Hvg85u04TRoN0u+uEZJAVQUCjcpQqz/f8pq/jmFc6Spwsz+lA61GSrnd30ySzeSHsbl3dTQaZ9lQjCgcDu/X2ehzH69c2bJK3znSufeedTQxKRceHRTMHX4WXz1/8GV2kmg8gh6S/Dtsl+wciHBi9ggRV6yBVPiEhERHhzBeQDvzmrZOnvnTt32e37rTuuJVYqdDrkX5iJdaxr3wlvgaP0CPykDxy5InSgAhESIBVLSrRjLbo4RjzOOQItaro+0ldMlpTc7/MpkzeMxnIPI4vE9Gs0Tl2/BCnTVZVGX11vKSZ/uorP/+RD7/RmntjbaeTF/jG38P3/rq5eErOnfUXj5ioxV6ISgHSVOFDWEQMIk3zMQcUcGQq5oUg7NiJyPh/FxEQJYVfWp2P1M2r+dbtFSj/6fPPLry1Ji+dx5kdoraZHz1m78oHa4pm/9g0rburjrnHbCgR5xwCMgrjbEPI+H8Rx9ZZAIwaDSHc2drMR1kUx83WXBCpudaCdcWRlcVTp46nw6wRRoH2ut09U+RE0k96URRGUTjo7fqB72td5Hl/0L929SoS7Wxv9/Z2tO/PtecGvR5pvTnoLi0tF4W/tbURxuHIGdGsAdkBiEElzhl04iwDuHpR19wPIigWLEMc4qDLgbJzCz6QOADPOCLa7QFb8hCudenlk06ySIgR2TGQB0DoRP3wnfVfeGlVMG1EzXY7zDbyLCnNyDRjjYhlaoLYn1tsdJvd3aSfvHkjnm/d/vIbJ184c320Y752I3t2de9oXKKXGnn+xRfh/3q/L0rN+8q4h/D+trBpaG9m80asBgYSgSAAA1WjKaouk6oZAKs59dGJF77TWzv95ldPzv3Wsfn2qOH5mXtuEYoy6qG9Zq1WThQ6K1haNx5bzAgAoAEdIgJaRNyfjjLOHeK+8CmgCNYb8vtI7RDW1DwYVcB4Kg9zrwP2Detqvt9dw9y4NDkhgkg1LLkyukWY37rppyXEnd/+2Mv/59e/uTMoW3NLfpqqbt+98hqW36dQSyN2rXlod3SzrZrzZRSj1qiVQ0JAQUFEEZz4gDwOvbGgYzS5KjIuCpUOMU2gTFWe+WmO5dCCK+N2ujz/2eeeeXL5uPnqj2wrVs+cmZ52nSF8hJFJyeh0oR7wFaunnFRdJzCevbKvkFRNE2ZhFAQA4QOjCK21Aso5TtPRaNA7ce5oliTWFIpahMDWpcmw2Wo0G+2tze0izZNR4mkVh8FGd0fA+b4/Gg41Ybs1nyYDrT1rXJYOe0TdvV2lUCnIR6MojpvNuD8cKIRBfy+KAhQe9PYq2b3SlIisNOVF5qwRlvFJ4uFftuYRo+pcuns45n2/ftz3VOQ8SmArwWfP+KGPNhdvDlRAuwMxd5wxcGI56JaNzZ2kONYQZkJsRRo95XtcOLvUUedPN8KYrdVHltRWj4NAAduNrdGZJxYAmYE0iMmcXgzbEp98ckVS2tkq+VvXcaUZIS1e7xftcKiQivzy0880wjDJ85/mlar5QIHwboXQB70qkQMt4XLAJURSwAAoIgjjLwCRiXNISCAM/mBgnv7M1374F1+8/q35lU988sNxa1V/fdNdXggud/B/LYqdlB0qhtI6bmpgAGMVkowLsBHGtaKEKCg47SOAqdDv7NlPK0l/ypes5sdSO4Q1NQ8C3tsvYuZ7dtpNncNZB1IE0nQUx41JcA8BgAmEKPvKt5oLCxAHC3HwO5/+2P/8R3+MenFubkHa83KMKQcqU8mTYLcHt29BlhgjBI5JmAiUYl/EaUIkUSAAKCwszBacZyyxQXYEihV42vO0L1GL4xgavls+nYS6a7Jfu/T0Jy9dUmzJWfftK3D5TG0rPyZUtcQAQDOdBDOLdiXcCB8AACAASURBVDovs1IKqOIOgoDM1UBLNNYhIvJddUoAgmAsRyK9vZ25he6p02fzLJ9rtx0zsx2NsiDwtjY202QkjokoGQ08oqXFpb297TxLFKDJS2FBAGanFBlTDpP+1tZGq90u00wABoMeCCutlNKDfteZCEDKIs2LTFGlriRlWRZFXjXSMDsAQKkbZB9xqsjYT9oeM9FBZHDArVCvdtAaJ76aX1AC7ETFPrCjJ8/QcMgjC+x4aFyo7G4fl9vt9SF7iM1Qz8/zS5fbqL204Feu7TbD+UYj7g3zdj8TYUUCROTT+msbp144u3xy8dTFIyTe9u3B2jfXaStLIrqz0oaleLc7WvY6T64+cfzY6lvvXJv5LWseP6os4cx+izMPzxx2oGoUZn9AAhJgRpw0kSEIu8knpvIJBYTizG2evvjXb/zxFxqdG4vP/taH9X8G6KP35dR2WlEusMfkREBciCrNhBWBKEBEciBQVUaBABIgT6tH4WCS8F6/Xs3DonYIa2oejHerc787Z1ht0/c0N5MkCYJg1mhGQD938PoN+NQnIVTo6VOd1v/wz3/797/8tV6Wh1r7qFEpCENptoqlI54h5dh3DsSCdcIOnAMWkkrPQ01PFhEcApJCRayVkE9aAXHpASolhIXGTKyY7AvPPfPrzz2LYsF52Jl3b77msRycHFtv0I8s09riw76cuEoUYPaw/VlWCNVgd1/7pjTjauWD7zBRGAdnSgyZTSZsG43mcDhkgLTIkuGQrYHF5bIs02SoUIQ5CIgZnS0VKceu2WolSeIHoSlL7Wvf91k4jEIRiRpxkRe2NHu9ndZ8U0SUJuuMUojkEJ2xFkSMKUtnlDA7RsSxa1tT867M5GBQgDEbshY1KN2oAd5JagQeac5z1YrJRxymuKS5TOzNTbp8RLUDdMbEWel7nkc20ogohLK8zKNr3sVnG7fXozdu7W3t7dp8gcUgqtZStPLEUr87fO7Dx65/52Zp6Oj5I5d+81mTWvBU2gjzNG0ZWIm4GYXPXrw04xDWK/mxBA//5Scx5rvu1NPJsrBflomISCTMQAQiMJYsByQQdoAEAsAMqEAYmYPO2bdXbn7jrT9ZXW3/66VzF+fU17uw5PvXghAaClzimBGlx873pSGuQOKChUgLooATrFoPEBH204N39ynUZsb7Q+0Q1tQ8CDOTfCrRzqmhXFWHzj4ybR2sHpktxnPOZVk2accSACDG7PZ20zDEEXgESIB6ZS7+V5//zJe+992/f+t6I5gLNaESACInrEBEWw48UMACAIJc1XsIjOs+xppiIlQ1FgqTAkYQAafQ6Mp95ISdLtLf/NiLHzl9ApUFIUCGhkZG2ewiIAJNbyg1jyAIE71QBpwOEZ6JVqCIHCoiBQSZPAEIGEVRnudV2u3QDV0phYJIxM46U+7tbC4fWT1+YokBB6Mhs/M9z5Rllo0QFVtbmgJFiiwT5narNUoStnlRZnEjttZq7V26/OyJU6f3urviJBklWgdWOyEkRWmSKqWIKEtGWqN1BoBBHLBDsaFSprQwqaKuzejHAbyrJu2+4Gq/m27agD6qALPSgaNYQ1Hwbs+kBYhRBNHVNdoY4sjJiU7z1khdWOS5+SCOAj0062QzsJ94aV5rEOSXn23derv7zhvbzuf5ZtDfcmVZdhbiK6935zvxhY+ctIbyYXrn6trq2TNbV7f8II2PzOtOnOyMdFaeCRscM3vykRdf+A9/+ic/gwtW8wFDJmnwmQfe9cgDT44lXypXsHLNGIAEAEmqklEgEOGqOMpPUnn6l37woz/1f/BnsvLPr51fQN/fLiQKvSEimBKsZeMKT6NwyZ6wFcvESsT5AsBYGRcOJ7EWnJ7XRFLmxw1SrPnZUquM1tT85MyWiY6n+R30Bu/uxeLJPO/hcGgdT7XNHYF7/Xar1QKtARCqbm/GI83ov/7FT/43n/9FMsOBTVO0JQl7xD6hL1o5h8Ypy2QADJJxVAiWhEZhqcGFzIGwRtbAqJiViCcmhiJwglyA2+W8E7r/8fe++ImL5/xYgVd9Efg6CqPs6p3KoZxWdzzsS1zzUBhPl6i+h3GHnUx0R8fjSw6m/nhykIiwMBK2Ws0qAjIdWV95g0qpyrauIsLpcHDn9u1RmhhnTFkUWUoAAJJkCRFqrfMkM6URwDwrlNKe1jrwszzN81R7+rnnX/yVX/21M+eeOHLsuPJ8a8U4x4BFmWvPR6Q0TZNkkGWj/qCbp0mRZbYsXVG40pRF7owDEccMzP+QzrKaDxZVaGxsO898iTgRnn4/0b2fOXL8erjVpc1tyRJADzAkBrAlLzQpjME6ONGBhZgcU1MzgRuWzuRM4K6iOtLRqGC+JSAgjKdP4qXLrVt3kuuvXbmycU1BvL2VLy5HZWa21vpBQHHgX782yo134fnO8nJ07YfvgNajjT5v9k5nNlyIWoNE9ezlS5cD398/v5rHjBlRGdlPAE5Foe8SGp0pKp2slvEcLUKg6htAguqRShsUEZAQx9oziBhtdfNnf/Xv11+d+9aflbuDVXK57zc9HVjARqhavkQaIs8Engu000o0CpEDZdALNSIQIGE1gXA6e2LqBsrB2M095MtqfobUGcKamvvlbpmNe4pwjGvqJrKis6L2s6lC51xZ5vu1PsLF2h1qt8DXgD44ByIABpzjje7lm3v/vTry7Tdev1Km62WROoeMAErAKuekaumSSfsAVlJhIDOtM9X2y4hMCjwQwkDrk0FwMZp76SMvBhtd6HTA16AEiIEQPKXbcX7lNgFVb1enBx9xplHaaaXcpDh0ZkjUwfFXk8H01ZOe5zebrTzPPCSlqqLlKlAigBM1c2BEca7Is5EOfCJqtpo2L4oyK8rcFoVWyggP+yMUNtYk6VARKqWiMM6zDABG6eiV115FoDTJBv3+cNQvyrIs8kajkSRJWRoBtrZgsVViUMSxLdk6ADEiniIRUSg8kfmteSyQu8e1AQDgeIuUyfdSdZbCeKVjFcdgB22fgxDDmAIfQl/KUuKWKkr0NM77sjXihYDL2OwVejWGt7bLlXnfohdo2e3m6DXzEsJAABkVP/tM443rnWTHOZUcXQq3N4dPXj4Knmxt9UbDMgq09qgxh90fbrKOl44v733/naWl1imUYqmz2N2WS8dtyOdOnm1EcVGW49+j9gkfMx7IWZo2BBwsM0UkEleVjAIIIxFUKurVVg0EwFJVCQkLkmjdGBSjp3/hb77/n5Y67YVPf2qhPRcFnm7btwfAQcDMx7TcFkHnlK+IPQaDQtaQA1IE1k0kZWZmDwJUJRvjoRmTk/4pX7GaH0/tENbUPDh4wM2bOn73dBQPzXY78D4HfiJc7+PqKSCEYQ6cg3NQWPOlV+iNLRqk8w365aD5CQjXg/z1bPBmOdoBV2jlIVElLgqOKn1RAFBTIWdAQJaqzwuFHeX5vEfPBI2nsbVc+s0M4A+/I0Fozi+qT1+i5Tb4GgIPNEEc0o01knHPgchd51/zqDH1Bydh5MkqnjmGqyJoEUGkcekljW0MP/C151nrKodwnCQntCwKMPB9IhXHzTAMBeDMqVPGWlMW3d29fq+XJKPCFGUJwpymSZlnSOScSdJMoQKAuNlglrevXdnt7j1x7oIty8Ggb60BYWvLonAirLT2PMUMCCJclZFiaoyHCOIUoDDLJB/0Pl3kmg8AszkVAABg6wQJUYPyEQiCkEwBrQiVh6i4oRRaOdpw3dxL8iJw3revduejlp87F6okxzevw3MXkQEJ5OgyHzsSvbEnmHm9cscMIo/c4nLr9tu7/b2kcTwKmt7e1e6bvbLpt6ITx4KtwTndH50+qrXKGw08uuQLLq0szc219/q9mZN+P65UzfvJRKbzgJroPdfBbPZtNkKNSFXMlyqtLUDCqkaUqAoFI6AIAQkyCiCVZdg+vvfCr/A3/nS4MH/ppRdv6ajjl3Ngh54urf/xlrsG9hvs+wDCjliROHFYOqVRAbAAHSo3mky75UOtKfWKfpjUDmFNzf2y7w7dyzX6CZylA7PenFNpBi0fdnuQOLCF9DL7R9/zlA9NBXMt8GNAaBI8SfKkE1Fe12U30sFWNlgvR12bJywFMCPBRFdagBHFs6BFmtpf9OKzwdy55vxK2FLWAQCwBgJoF1gUdLvnfv+r8tsfws4cRBoaGqyl3S4gyP7WXVdwPFLMlBSxAE8FY2Z8QgHByjgmkslczbHXuK+ZVGkVjF8+U6RUVZw6UUgiQqQ8HfheaC3vbm8tdNqrq8d3d7vbzVa31e72ur3dPVOWWZooJLYut7nysNFspUlCRFEjZseLy8vDwXDY6zYbLRSpSrXLskREawskEXHiHDA760SctUZE2DHiuKK7zg3WvDcH9zwkFWmIQjCMWSGUcxSQ8isVDnKOShYE18293KL4wTzKv/nu5m+83HzumP/3W5kX+N/+gTt1TLc7IiAByuc+3Sx7R25sbF3ZffuYuzDspmfOzl1//c7Gre6Zs8eOHomuIPNcc309O3dapYRv6rh9eiXqpq/PLT4xzJabPneay4uL79y8+b5eppr3n/1i/n2t0XvYJzP9efvDAIHGonOTDj+oosfABFJtmCQgiFUdEiGIEPndnj1+ebB7h/7s391ux+aJi55I1FRSkmNY9/FfruIxLX+5x6NqKxYSJgBCUE3kkanCiTQpUq1OcTwia9+Suksyp+ZnSu0Q1tQ8AFWZwz8wanWgF2taaJpbtA66OW/eQePEiXzrluc1YC4CrUF7AB4AASKAgBYEWNDxQnsR5gEIQdiyLdgWYKw17BQgkSKlIQAdKqWBwCE4BkBgrPrGAQCAQRFEIZROmcT9xx+qj5+RTgwhobCMEmSe/uJ1C+EjSSX8fSCiMa4dBawMgbH7B3ep6Y7NC2ZB5OlbHcL3vcJYhWhZIt9Xnn/8+Okz558Qltu3bxeFXVpazrIsyMIwaiTDpLRcGpOXBaM1mbVWa62ZeTQaKd8DxBee//BoNNze3DS5EcdpNmQ2pcnZWWtLESZE3w8Sa5mdsFPMIhZQEHQ1WsM5h4hEdRd9zT25u7JUlCdJTp22RJEKfSyNADmxEBHON0UhD4Yqz4U0aLYq8J588sIrO/SRYyozSbPZykb853/DT51WKyvoh/DWzV5X3ZmfX/xouLSxVl55q3fpxZM6oDvXd7KXy2boBr07rXDpzvr68qmjzUYUPbPqBml/fTfZ7C6+dM4c6+hFWlxYeJ+uT80/Gu7/pjwjiTd+KRIAAXElbAfjafQIQIA8mVmIKCSVV8gAQCAiWkd3bmVnPtYd7ub/37+d//Xfu3n23GKgUoQmwndyuSBmLvZ/Q9PXgG9WyudihRFEaXAhYyqKkSf61Qi4L3C9XzX6k4hB1fzk1A5hTc0DMLWJ3zMfeGjgxD0rSGdxRalKB69uO61Uy6d3upAwLLYAFKQWbAklQs7AAg7BCbBApYVQeajM2rEWaAiCCIgFAiABqmqUvPE+X2UP1bgpABSARggUBAo8hHZD9Rm+cwsudJzS2jkZjqRRpVNqX/ARZFYV6cDACcSqakgmPiHA/pjgu9bwgbU9K2NQUdqCSJNSSusobjRbbctubq7z3PMvXHnrbYC8NGZjY73dmiuCcDgY9Qd9XytGBhAkLPK8RAyCEIlYxDlnjVPKS7M8HQ5BESlicSAs7Jw17KyzDlFKU4Czhh0BeL42tpz9GIpI7RA+RjzABnYPO1QAjIFY8c4GZJEsr6jGAgSBnmuqwIfeyLUiFXoUaylIPORGgMuRDPrl9lr+n9+4+msfWcrEf/Xt4sY6Lgaa4vQbb79aGHN2Ltp7HdpHohvv9J77yKmFxeb67f7e3vDIU0eeOnN5e9sopPzauvf0yeK7N3Xs90k6A94JN7aOdo4yLHQ6P+3LVPNBYlLFMaNlALCvN3OAyWMHPwiIKGNXcJqSUyAOqmpSQAASEmQCAEE3aZhBIR0Ohu6Tv5N85f/AL/+H8J/+l9HcXMtvGEUJ+V8S+J1Y3rTpp442/5J5zYlw0BRnBIdCARFV0W0kIuJKtGbSdDMrM1qbHQ+T2iGsqXkw9gv13/vId3UaD8l1aq3ZGp2msjNSK01KE8gctGNBFmfHs1xbBPMeAIhFcdX0NwEFrDXwZKoPAyoUFhpvrwzOgmHgcSlfdfdgEkJCdigCwOJKNB6LQ0UYeVCWsjGQIOZhipI6Vf5kBbE1HyBEBFiEBQCBpFrlk/GBk2MqVXIGov16URGZGBMkVSOKyFQ7d+IioiglqKKwgai1DjwvSEbDGzeu9wd9AJUmw3a7ba0bJUNE8JQqiowIAMgZG4ZRGEXN9vzc/KKAO33ijDXc29llANKqNLkAE5JWCtkykWVArfIiE8fOORAnwrYEBMXvMkH0oV3nmofPPdpgH+z11YcCGhGFEao2aE0YI1jKM7m1Z4Dh2GrYzzkC5wdeP2US5cTFWXZ62V9ZWopWPlFggE5GXUmSTLFOe/r04unvXnu1nB8iBTvdgcnjO2uj46cX167t7d0ZpKeXTl44uXvz7aPz895whMZsinBZWGfP/JNPxanJQZyihfkFqss2HmPuXtSTktC7S0YnQb/Z11We2DisXFk2OPYaBcc/Vuu/8g8Fx13mlQHiOF5bSz/zX/W++gfL/+nf9T/7GytHj26HUURqu1RfEvhYA/qj9HLLHzH3gYE1OMlEGeuIkIi4MlQICeleTmydIHyo1A5hTc2D8Z5Tch7MvpwcrJzTucXcogVYiuHoPEQxRoShB0qDp8BX4GlARGQkACIgBYSE6l0i2ggoIAzWQWn2/zt2VHUT5AxWQBiFgTVZA8ZAlsMgo6TAgUhSkitMs6h35ceBcdFo5eIhoggBYCUAcOCwqkB0X5ZgsuB5ttpn5lNAvtZAKgoD6ywChVFcpvnGnTtxI1Q62NvtAnCSJChgi9yazJYZs0EUdqxIKa0uXXr2wsXLSgeDYT9L0kGvm6apKYssTx07a4swDI2oany4CFvnSmedM56AAmSYTKGvjeea+2e81yOAAMswkVBDEGMcowbRgShNvkaNCgl8Ii1UApAIIid5fn41Wlps7oyKYaFGgItt2dihbj/oGejEvLys39rRy+0obAcbwzxq4ttvbj7z/ClWsHVrZ/j06slLK2/+9dua9FGXpJuD/NzSYLD39OXzp9/YXAkk70QCONduY53lfsxBBGEYDzXGseeHdwnqTlJvePjVKFNvUCZJwnFvzPh7BByPTK7cQsSxRh0RGRNv7MiHvrjxtX/bgT+mT/1K+9S50PeFvNsFbMS0AOKEP2nNlyQYIkfAVlgxOSYgheSqVkIe+6KT8qva5Hg/qB3Cmpr7Bae8u135QN4gAiKOb+dYMGYWAoRAgedDK4CmDyECaVAEioAQQMAxiIWqcgOmspBVJE+BMNDkqerxKqJnCZSayCNMPvWhAWGQ8Vx7gACchsKDyId+hjjCwpO9QkwOVG/PjzjVXZhBxjMm9rN/gAeH9QliJTNzaHh9BY4lZfZz4J7WpJRzgCzN1tx8pwPWZbYc3ewfObZ86vSRvd3uzRs3lpaWljqdva0NAtYa0SkREGf9MDx7/vxHXnopycokTYq8TEaJNQaAtYfa89JhIuwKU4g4Bw7G7ZBO07hFxnE9bLDmHshYMwOr5Y9IIjzdkPcZdzdhaTnPVRiB8cQZBAeNgNsdPyvA84WZgUQpAYRS8NhScHLRFw+FJbciHg6ce+ps+J0f2nmPnzzuvNaCr72Tiwuv7+UyUgnv7u02taeXVpo3bm09s5f5F/QTFxfKW8PCRceGg4XRyjMvPLe0Njqit/2PzHnkoOAoimf1rmseW0SquMVUXfyeqbapgOesAYM4FSfHaX6RqnaBsYtYWT2CUhWLYqU8WvWXKyrKiCL53H+7+0f/i1jr//Kv+8dOah1JGH6ngN/rzDnrUoSPq+zvRDIQT8SII3bASIRMU5NKph/GWVmZmodG7RDW1DwA7xa7mjZNvdvo9tmWwplBsftvx1I4m8OCD00FDQ1xCFEAPgIIkALHkBuwDowDy8Dj4k9gByLADILAVe2HA6WBaBzPUwiAoAGQQBFoAqLx1PuqYmS66RJCJfklBKhACTj21h3lptKe/hld0pr3nUlQlsfZEAEA4ANjLOHAYJWJsGhlGtD+rEscK5bO+GDGWi5K7QWOHQAiKmudZSsIoyRPkgTEEdGoP2gGYRw1Go22KUvxOMtS3/eNKXe3trfW11F5e3u9PM+zJB0lSZ7nWVpYW2qlHYgri7LMRVjYwbg2CjUpYVvFv/nd8yj30xJc84gwWb37P83MDxo/dq89HgHiEH1figTKTJaWlDgpMtjatGGTBNVyW+UJdEthAQfgaaSQC+dK6wUeaQ/ajdhl8vT51ubuxroJjlD+Wz/31HBdD0fO2PDC6dU719PuzuDJS6e+8bW31tZ2j9/ptE/5ww3pnT6NbXW0l8I3r3ZWKfqQ2LihfEHiOA5qh7BmMlBitrz/QNWoyH6G8MBiGWcCCana0xnYiivBlWwLcBbEVRs+wthsQKWQEcCKYxgnFFEnowiRf+539r71h/Klfz/3mc/LybNROJf50R/k+qPzCIPeHMs5UDdEnLBmBnbgLLtDhRsi96p3qnk41A5hTc0DIFWCpPr+oBN4tyv4ni7igR8dizMw70Psg0+ABI7BEjgBMVAyJAZMAbmF0oGIiEPZfzGwA0YQEmEUHKcTAYBIFIIHqDzQCjwCzwNPgyYgBI2gAFBBVVMnAlYABDyCVgyGAY1OzT1PuOYRoxoEBTAZzV09CDLbNXsPnSSE6VjCgxWkU5jRlWzROiQUsY5JAFhk0O+zcHtuvtnvD/b2tre2TVlGUUSwuLO3XZrSGcPsdrY3/vZvv/7khUtJkjFzaYo0GQ6H/SxNHZcIDM6iQkBg50CEiJidQrHsSmESec8wc722HxPkcMn/zCyhmUEpIHenJhhEggi8AHWVghEiH1hBo4GFkd2UNQMipJa1UlXVhVY4YmUcixIENBqDsGi36dKFzoeebwz63v/9vfU0h1FiY9/vzMGNtzZf/NTTi+147fr21vmjp84cy097K0HU/vjZyG/4adbNkrWgaaVxvFBPMIRRQJX0Y83ji9xzDta7TiOcAVGhjsTlPNiwu9fc3k033JF8IKYQtljFnbGqZNKgfPIiDNvUXKTWCjY6qHxgA+yASI/6jTCCl//J7l/8flEW/qd/1Z4+782tCOl3dPx0290SalF2RGBNmIWVMLJDZ8UiEIwrO4BBDjmEdY7w4VE7hDU1D8A0x8fMswqN7/3Cex55UOdfACFUoBQ4gbwEZsgRRMAYKCzkANaCseAsIKBS4BEoDViJZTCAAiFkBuvACTgrzqFzWApnIlQSEmgSpdDTEGjwFfgIPgIFoBQQggiUBgoDDKAUNDxRKGX5U7l0NR8IqiETVfGcAAjDOLxQPStV9yDOHjx2DBEOJL9ncACKkBQ12s0gCou0UH411QSKPBeWZqORDAZFkSNgUeTD0cAP/Ia0hqM+sThxm5trnh/Od5YUaRAhDQBiXemsIXDCllARAiM4x6Ys2Dl2DsVp4drZe8yZBDN+0szDJFJSGshz0L7ohmaRYF4iX/ke+T7mqVYaQ1/6Iwg0WceFsVnqMfKlFXV1vVdKJ4lEQOtW60gzOrYMngf9PR4lZRAgkmzfSY6dX7j66o1hd3Du/LFvffNK0n+SKPTOHXvn61fP/+KFvY3B4iAtojguy9jj/OiyMCrt3f89qObR5HDWb/ro7E/j0o2DkQ6x3Zvpt/8fs/YDHu0CO1QBap9QV1s+IkKlQSqIDMIGnYF8yL3bDkl0QI1lmlul5jyQAiCdpo1GE77w3w2//L83v1L6H//0xYuXbrZWtzFYCVp+A0qAJREE3hB24pSwsAVHYquuFwFhEQcyE+KoV/dDpHYIa2oeiHukSt710IPHHIhATx47cHjVzG0Z2IARKB1UJrmx4ARQg6cg1EAIWoGvwVegPfA0qGqbJxACMGAdWAZhZAfWQeEoFzCmEvtARGAWY4AdWgCnQCP4Hmg9rjItLSQFKAVcKkZrXW1zPKpUZsJ+Legk6cezeUIBHuvWTl6z31U4jZDArABv1cY3XTY+kkLSSKN+P47bUatNSq8cPXr+yQvD0bDIsuFwSEqlWe7KQoS1r9I0YWfjOKpcO+e4yDNnDKMp8rRIU0WsSEChNQwIpsgdW+eMc1ZYEJBBkA982PhdmgkfKLJT84FjvyD0HxQaQMPELEjIIH4ArgQj4mlGVEsL7IkCgVDDQiybqeqnMJdJaiHwzdGl1laJDQ+swNGW1x+ydQwiw8SkuS0ySUt551bfoAqjxs3X11efOjkfRW9978ryUnji6RPJUyvd67u82NruY+K4cXQh0foIoZHDgzTfOxVe82gxLbeUw4m1u6pGZ18zfojL17+q/DnSgQ4XSXmgPCQ1ec9KWZR8LwgbHd3oQDwnccP5vgTa+DqY8zM2XZNLaVQv1bsj5VBb07AN+Ni/yL79h/xXX95Ze+fDL338uyvnf2Di0xTEgWPrLjQM2KjvTFYaNFpKLQoZRMbBuyq6vZ+4/9lfxZoxtUNYU3O/TDy6ewuNTlX4Z3sF3+stZ2/gpJwCB+AMEIAVMAjMoAG0Bl9D6INH47JPn8DXEHngKfD9cZ4QCJjHyqIs495C66AwkBkoDTgARmABx+hysBacAwCwBkAAGJQCBNAK2EFRgCuVq3Zmuv9hGzUfIGZ8IREQYcaZDOCsNcEAwIKIyOOJFGPxGcBxJ6occA4P/y8ACJClea/XX1yOTp8+c/7JC0WeW2NLYxCxLEsgYELR6DKDiL7WRVlYY0TA933PU85lIpTnyXDQzbK0LAsW1lqTIrZCKIDkWITZWUMigjARTIK6V7AG7haM+bEcXCtYMAmDM2BJCsawJdaKCDoRrYFEwMBcw24O0Ce9PeKVedgdJYMS+Po1QQAAIABJREFUjx1ZSUfQ9HA+8gRgs9/b6+PqSmgsCeog5HYYFFK8+s76pTOdfKMrZ048d3518PaNN15d1/HcmedO9LftMR2EL7au3DbrW93Y4YknT97t4WK9uh8zZDpOYtJDOGOBjKf/IIFU9sChDRBp5blPHnv+lwC8bGNrePtqmQ95EggUoQjVSjzXaC2l6He1GiKJI7KiSECDRS9Y6rDvFR4iCveG+so78du3/CxtzM3jL/6r5C//9fe+/73XXn/lxV/4XO/JD73W6JxUtEp0G/3TKr3dCtaLnDNED5hAsBpf5IQdiJs5ydrseHjUDmFNzf2C+ONuuA/iB94Lh2ItWAaqRGIUiIPIg0YAzRBCDwIPfA1IoBX4SggYxCGCE5dn1hgwVlkGx4AAqEBpUIRIPnrS1KBiAiRQQATMYHOwFnIDeQG5gdJCYUEJEIHvwXwDRhn0UhGeDCYCERSp21UeKfZLPGUypVIEaapVN64wqhTgXCU/J0AztvK+tN3YCEGZMVOrD4VzLGClyCnPWyxhGAW+X6XsfN8rSxXFcZpleZGO0pEtc49ImI2xgCgC1hpmTpPh8vLS9s5elmXVYAwGx844dIQaxYm1xhh2ltmJZEo0A1oCJe9tKNcZwseAB/kT36WgKwIs2Eug0RKTS+AjM/q6SmZgXkismEgGmQJWyw1IrXv9Ru/caqc51/SUzHkEDnxwe4U9vrx44/be//YHW9s9c2tjuLrYaHj6/FLj76/ubO/uNBt+++ra0SfOLG2qjTs725tpd2c3burM0cXF6Owq3djx/K2hJiYF7Lj2AR9nJuqc1Y16kgs/ZIHwgUf3N2eixU/9fOf/Z+/dYizJsuuwvfc5JyLuM5/1ru6u6uru6eGMZkgNhxySlky/aehDNgxIAvwA7A/ZsD/8Y38a/jAEA4Ytf1AgYRC0CcqiCNOgRFKUKOthEaRMidJwptnd0+/u6up6ZuX7PiLinLP39kdE3BuZldVdVV2snqmKVYmsm3Hjxo2MPPfEWfux1k/8zHxvFm/uuOEp/8n7WkxAGJhWQTddOnfph2U5hRANISEFMoQeCQzMto1kmXEuA1BjRDhAenjulL3+Xv/a9cHKGfqp/zh/8x/M7n78T//ur5199UP46o+/v372bmI2QmQ0Ax82Lew49LmqsmoEaOpFO5HRLwgdIezQ4SFQ+70DHBMOXWx5yOMt9zeWFEtgqaN+VmGUwbgHoz6MMugl4CwYA2okcpjPYighCgsbJQK0la6N2loaGhCFlBUlBhFGAQQypM6YUT9Z7SNkwB6KCHmEWYRZCUUJMUJgMAqZARqALwkxtQioWFsTdRP004aFNGgdbUbEOtfXMLyqmRC0Xnxg/Wg5/lUb+6uGIB4tzlQVVTBk8mK+s3P3wsUXkjS9fetmr98v84KICl/6WETx/X5aIqNK0stYWYIQEUcGA8a6yBIDBx+YIwAQkBIxR+GozCwsMYCoCrMaERFRQACibmHR4aGAJ9TgaZUan+zr+iaIwGyqboyqEKKIJbRonSZOhCEonF9J3rgVZqVeuSB3D+x6hkxGyZaxvLkLB9MswGSy58vAnrXXd8K6MnbrbCfmYD6ZxBh3N583t2+Gj+9kL5vxqXMHu/nHv/MeXVhDwVHac6qsGkLskt7PMrRODirczyB5MTO3rSgas5X97Qlc3c73p+X+1GMaemusBELDGAY8u6O6H7wQMaJGUESJyNVKgwAMal6gdZgk1E9WUyrJzdKzuHp6fvda+tGb6Z138LmvMqXFjTdu/vHvD6+907vy9enzXypHo7MYJzFoWY5jMRdfahAOyl4lgnKrJUG7ktEniY4QdujwoFjkUhaiXg91M/70ncVSYA/zAJmDQQZrI1gbw7gHgxSGKaRJpewxu33ABxNHxhkCMo5MffCq9L5yFse6foSIkADAEICqsjLMA80PZ3d3zdmV3ulVGADkEXoeMg/THGY5FCVwCSTgHAyyaBCcVdEmm9QtrJ8qNIyu+QkQAKthRBXxw8pdoomEtBpTFnKiWNtS1cds64YvM5AiZElUimK+tXXrR370myJy6+YtASnK0lgDqN57FEZQ772IACIYSigFldL7u3e3WHQ4GOYGXZooqIiFKLUPvWhZloQqGlRVFLGiodr50XeooPB5ChwQexSYbepgtq+JU7AYC4ik2AOXgpJIxNWh+iTeOrBzpv5ocOuAL0y9MUnpMbCS4/U0uZoXg1GqBC9cwsSZnUmZJaGXpeuSWpBT7D7wn6x/vLn59SvT/cng7Q92PWJM7LnV9beu2pvzm9+8vPv86NzAjAlL79uebdoF7J45NBP4vZbzFRa9eFUTrTbJbwUFmO7O5fpuOJzw4SHPZ8qslCgScbkncGiIcUko68BfxSVZNSJgACooxzh3k8S+NE7KXv960tcLL8vaKXnz9+m7vzP40r+C56nceie/+0m+dW3w7nfMla9vrW6cSamY5yHPk9kEi5y4LNizRJV4hAR2Q/oJoiOEHTo8FO6RUHy0o7Sq+RVARNRRCAHmOfRHMEhhlMEwgUEKmQNjQCHfneR371JAICgholLjl9VSEANERUJUVEBLQFSZL6siIKMAQFSAqOUnd/Odw96ZzWw0RGcgtZAipAamDiYCZQ5cQmBRkMzRslmlKxl9qtAOUlSFO4vk4MKAookta+VKWC0pBOtyJWoKkZriJYKTOvUUZV7MrM0GWZr2e9eufSyiwfsAQhZ3d+46Y8crq5Pd3bIoQLUo8hACEaowGewP+qwwLWYKmiSOCFCVOcToVbQxAUBECCyoagH4YT6l99Ob6fAU4BFWlIsB3GiIQQh6q6AXR3A4pdWxFjNd36RkAFGhKGUyYewbRElTRFBWCIoXBvDagfn2+7w+nlM/tdZsT70XfO50eu2uOEqHQ/zxb8L2zqwopsqEu5SCy/g09HKcTcs7B8ml03Tz1pXdm2F6dv7edkSKo4RfWh0JEqCA5kXR+rDpvXbkHZ4FVOUd2MTqFFo6YcsakIYGLscL+P0J3dnmfKpFrqEEYVVRkJLIOAdkEOBemebFugNElAFAyQfO8cMZrfVnLwyyw7S/b5195WvRiLzzu73xGbP+ZT68HuZ3Zlsfhv2tbO3s7tqpvksMSxGDlJ7LADGgsAqDxE5U5gtBRwg7dHgYfFaK7EFEZe7dLiJqXR4jxBJ6KYxS6Ce1K30UwLCzddMfFCiMiIyiqKBo0EpT7afKgIxAqBYRkaRK+BCKKqKaqiKwEQNBAMAyPzy8Xm6ujS+epsyCpIAEQMAMkSGfQVGKcMwSAGoHCjs8TWjnurX5h7W9ICAgVRk2VAWp1GEEFCpXelQBIASkOl+IIHXxaaNfik1mMbJY4CSxxlLgOJ1Oh8MReD87nFky89kMAV2SIMp8PkPEGLx1BgGTXi/GkBiDaEo/94CJc4ZIhZk5RpYYOQaOzOKpWv20fsEF2fuUFH1XC/0UQ+s8wxHbblW9d6i0X3SsOQ8hXptIz5qXRprn2h/SbFfS1PYHSBaBVECUlEWTRDZXg07cSo8ubribO3HuPTrgUgpVJdcflf2sn89klNrz6+atq/u393ZfvDA489LF/IM7wMMvDdYDJqOPPspfvFKeO2sm+y9sf3T3h3/kOq35W5MVgDUIQ0oRcTadqrScBLpR/IxCj1K945E+aFhjS3IXADTOZjw5EJ9D9CoRpOpYkdzYBLX2ssdF+nGZbax9supaKQVVBI0e7hbF5HDaz5KVfm/uDJ+9YoqZ3LiaTHdl5XLf9qcH74fiQO7M/P5W0Ru7pA+IkTWyMEflygK08yH8YtARwg4dHgafe3a63wrEJC6oAYMwzKCfQGIAFCRoWe7e3JnOCgymVvuo5LgAVRjqen4ENAROAaISIpIIYGQMQIqIghGa2j5VMFTnd4jN7NadGIuN586gIXAGegloBhigLKDwpWfoZ7UKNVatAx2eOtSdgNW9vRIarQ0GF3p19cJAFZuWvEUFqYiCKtJyX5XjK21UTcgQ6sHejkmz9Y1TpS8Pbh5ubm6urq4BCEeZTg4xdT7G0Xh0ezJlES4DkXUusc5GZhRN07QoiqIUVEUkMkZjJIJK+8gAMbSSO00C/bMvQEcIn2ogHNPgf5hSfwBQMECpCe/vm9XEPDdUP5PxBVvm0ksNpECEhOKMSqREqUe06rgM5oV1mYhDY43odmCIxoS9tz6YTWX+4vlLW/vD3X1/65PSQ3ZxrT8e9//gNp8qwfGMhj3wfPZwZ//SlQPW01C88s4bN771Ywc//CqSOXuwbdb7RHB4cKAqi2m5C9k9e1DERgwM8D59hNCqEj2yiFGfSzHV6EEYRBSkGe9akDUiAFzdChoWCItZFWAhW1rJwAgAQJRZhML7LM8TZ4UwDC7Y4dRP7tLWa2b8wum1L+/tv1sWkyB77Gfe9cn1AUxV5kGAIsfqNbpB/eTQEcIOHR4GDzA7PXhjYXtH00slHQNHGBroJZAgSAF7fv/Q5/MCBUEEBAiRgBANAFRdhUrY1PYLAlhFIlRFAENAUrf+MSJoNXEjAJGCMoEYANTyxrZ6v3HhLFmCDIAcaA/mAex2McjsiLQyKOwWzU8vWp0oTacJKhx1bYB6Va2Vh7DUHYe1tl2Vcrnf8QUwapSoGUf1ocyL0Wg8HiESOudYQ3/Qd4mLHIqyuHnrdpZmSZKUPrfGMMcyL51LjDUxxrIoyJg0SdAa8kgqqirKisAIKlKZs3VVoB3uhbRK/uVTJ2pqj2UEBknQA5h/sWUMmUuJsNeVdSKjHAXRGGOQNE10eggcMEWjhmYBRz3MwSAYW0aPOC8Ki/jy2ZfSxHJCt297IlPM7d1d1xsc9k8PDq7RJV9u+NuHo9OxKC5tf3zz4ovXtnfPn/eXP373jkYzMMMgIqiKu/t7omr+pK9ah+9f4MIH61PY4ILBNf81G6PXUKgstD11oTeNAHW8edEm024mPKpM3XqhGFUVnXOUEBICZYLBaWQu5xAmNzDbWFv70mz33Um+J8LIQfycTIqUAFkCNAogYUE9Ozr4JNERwg4dHh0Pq/D2afsnVs6c0ze3kQqwCUzmevWTw2lZDs+RKAiLMEmdpiNySKgISKSGpO4ZqAr5HCIhqIIgVA4BamvFGazXOZXuDCKTCCER5bcO9gJsnN8EFCAAZ2DUA2dh0KeMquKQulGxw1OEdkknqAILEmlVtdPUPlfjplKZVQSUplelll1sEjCNZUXb7WrxwIBaJJc4QkycAZXV1dWz585vbW0BAEMCQGmS7u9tH+zuOddThMFwMMChxDCdTofjFRVFBGut9z7LshiZI1fMb1H1GlVNQwWJqGKGzPyZn9NOqrHDp0EBAESl7/xuaf5oq7fWpzVW9jDedCgwm0dgHK0bZ3RlBe7syjRXRgWLKwZ2S0kNqZIFWE1WNy4PJlNKXOISAMFYqgXz7Tcn0xm8fHH1w8BbPjmr8ArsXrfnxju3+ivZu6PT1yfyp748zT6+AekKnNtQQ4Kyd3jwRV+aDl8sFJoM4WftKU2VZ/vVAlz5/i143aIAVaC1YVFl2rBBacpUpck+KoBURadVz7kXQAIHiskgHZ5OrZtOtkN+V5H7F3+sd/3bO9PbYoSINQYiCyZBkyJQFdqu0YWhnyA6Qtihw6PgxPn3XiOKT0d7X4Ow8m9+a/d3f2Htn38XnAlXb/loip/8iTjPS44aoiijqgE0SEAWyRAJERE5ImIDBbKIgCIRERoyREBGQIVRFQUEFblKGArX+xGSAetSAn/7sPB5lllYGYExYAHKEL52CfTtqiKv7hHr8BShzdyk0iSqfhYFWpSFap0LBMTK6RixDkxXYjKNVCkuosYnAAkIgFh0NpneuHFtuLruXMLM3pdpv3/uwnPAMh4NrTF7e3v5bGItCYek1x+S8SFwjGmaJUkKQMocJBgEz1FVmaOIiAgyP9oQ7bLfHT4dWH844loa9334g+u906uhP9SD/Xj2TEIZCWsexBqwKZxaQzCqgAFBvOkVtHsQx8Bm3BsM1nJwh/vzXs8e7HsAHa8lY07vTmYffnJwapCe2kzT/uadtw4vJvNXRwc3Zr0X96+NT6++teXPnO1tbGrcT+xYCkSrsru7e/QcOzxzWLgPftoAWM7LR1XxRBQYQEB0UVXaCNNUewoscnXtAyxzg3CUTFb3Eq5eElgB1KpYSnu9jYFJ9yd3yvl+mW7BKz+9uffxfOvdIt8XYBBGYeSINqEm7oyd7cSTRUcIO3R4bHj4ZeVSqkUAxv/WN+Os3PntPwTD8V/70myHgLlwlJxe7Q0HihpKL4ez4nAKJSdelOJOObs1n+z4+QGXpYqwqBpEQAIkTMmuUbKRZmdHqytZP2EyARBUUFAUsGpFJLEWnXVJUsxLe/UDuzmC5y8Cl/nVj9f+m/8g/tbbUv923br5KURL7VaXtUCIIKq0rCWt1wdYqwthpT2DRxYYtR3hfcLVqhpjtKnzwfuimB7uE9myyFmYptNQFIiUZcnzly5fuPj81p2bW3du7+4cWqLIEawhZyNzRiZNe97nohIkskQg5FCr3jhFwa7KqMNjQlv9HqBPRgEAw4oze/Pkn77f/3dGeW8os3lcX3GpcT5o4Ehko2ieIxiwCSCBNXBlJBtn1rdzyhK7t+3PbKb91Bbz+WDgDOr+fDJIkukhvP/e9JUv0zvfk+d9ctPwS+Piyll7cOhe5f1/sn72u+9NfvKVcX+15HRFUlvk87s7uyefbodnB7i0wfqUvVRPbJ1V0Cqt1zLeXMiMLW4Hre2tH2GZGzz2VT0toiCsQqoCoGj76Xjsst3DW3v7N02Szfrn3JXT67M7xY3vzcoZqqIqKmOjl9uRwSeMjhB26PCEcMIqGdvPAiaD8X/1F/W//g+N2g/+z384+Rfvrr704os/8pV0dci22SlInMw+fu/qb/72//Pe+1cLX5K1VFWAUiUOWdXvkSoglVH3o/jZ1VmG9JXh6T/93Esbvb4xAGTIGFUWFgwh9THzAZ2hbCy/+feHowGlyc75lc0//5PyW7/0CMnPDj9YqBcUCzfBihM2xiaCioiobZ2ZOiCMVRQZ6gRKNRT1pOCIAhAoCOf53EwObt+45vPSpDaG6GymIaa9XpbayeFhURRorEuT0Wg1xNJCoga5DBClLD2opElaOKuqHKOKEKgXRhUEoijc3dY6PB5g+5GCWCRFHSfqubyx517/MPszG3lRSu456SWpQ0EwBvoDGM9xViAL9pwhldEgyYP2HA5Sa9Gr8O0tbxLzlctDl+Lf/XuzyaQEa+5M/bfMwL5gwtWCI+fKaxzPrA5McfiNr37ln70brxwWVy735mAozQ4Obx10JaPPMPSER5++83GtL5WawmkrF9eokrZYYpMVxGY7VPIzixdWLYjNF4KqVFtEQUVVAKICI/Zc7/LGZQNm68bb6aV+XkCRnFr96s+sfvydu/vXgngQu8w2dkuOJ4vuztmhw58sHrA9SREEGI1TVj/Lz73y4qWvfs31M3UUqI4BXrt94+23rr722jtXb96xLk1+6Kv9qvwzRox1QK6SHq3nZ1SDagAcqCq8w/r6ZGsjHX7t1Ve+/vJLL195MbVGg/iDWX5np7h2Z3Jrd9fp4L/4i+VpBwTDf/un1FpT5RGx6tXqQnZPG5oGPAEQAAFFWGjJtqTMtdFpRK0aUwGBsDZ9l7piCVFa1pjN/xpjJDIWKTIIBjIaivxwfzfN0pV0A1EJOElMr5dyjLPpNLIYi4PhCJFYYlHkMQRmnyQJIgEix5jP5hrZkmWIgIrCSOhZyWKXKunweIDLgSQAXoANZsaqobUB3j30H93pn/0o+VOvhrIQTkPmUmJbFtameOaMTKayM+Wpj0ZNVIhlubVdiMnJ0cQngPTiC/1RCjfu8spo5MPE+0ho331r+vWfWH8vpSBkSjYriRq0PXd5em3n8pU/vrkTPyafJl9ydPXjj2azWft0sasafSahUHGuk//6lQ/hffJtUouLNpRv2THY8MJ2dWiTRTwiP9PEDZsfGxeKZV5RRUAFIAAEUXT2ldOXEGR39+P01MtFXuz70p3+ofH4Ah9e99M7RSgXv1iHJ4mOEHbo8KD4zBTZw+iLnrwnAUUBmhTp+Q0Qp+IEISKHyL/+t37nrbc+ms7mzqTD/qoaQTWIqAYk+BhiGUJkjsAIlfqGTVyS2hQJgUVERTRhzYV//7WP/vnbV8+e3/wL/96fe/nyc72z68MrF8M3vOxN8ttbcZT2f/pLzlE88usiUSc0+hSjapKqQsCCdNRfpDZug8qRQrR5QVNSWlWS1qnCkw9fsU0IjBZAOM6nk90t41xqnfMQzXxu0MTEqWiRz3z0EmOaZsrcyzKxLiAZMpE5Bu/LYl5My3KmzAaRwAAY1WhsVDXdMqLD48HRklEGQDUBzKpzqYEialnyO9dtr6c//CrM85AY6qXEBRxso0k1TWGQEloaRvQFr5a5G6X7lFw+2/toG4NgFNzaj2UZez3ryKWpCzHszOblNfvlr10I723PYtELotb3eiupmZ8xhV9b/+TMxoX1/iBJ3nj7Te/9/U64Q4cKeoy2HX9OWknCNi1s20vAkgcud6topCyZ4RFOuCwo1doqS6JCUPAswzT9xsUv/+G1N+fFDvfPhPlhmE/20Zi1l+36y8O7787ySXV+3ZB+kugIYYcOD4oHNDQ7cbf29taDI0URiOg12KlitEIGEQninPU7b33vV/76bwG7NEvStK8gUULpy8PZ/sHhfl6Wle8bEVaWhLCIGTIjonMuy7LxcDzoD6xNUZOesxDx2kcH/93/8Ff/1T/7o//+n/s3Tp86j6mhUTq+uBZBKBifmqQymGsZl3d4+rAg+SogWhV2NiWj96BdOVyJGKhqVVt6dHc9dvBqcYAgoDEwqAQDCXPMp5PReFyVmnIMRBS890WR53MBmU72Y2RCyHp9VRUR70thKcsSAKIIaFShwJGIRJbegx06PBZoS7LDkbXWEiWIaIiurOOHt3l6SB/eptV+/OqrSQhSmjhcsZiYW7eoYFSLWd+sjdz2QTzg1GsSBb/3SUHWkjGHB3Fy6Gdz3d2bWwvCZAKumP71j/lL5i6fHWY7EwcDMzZ2Bd26O7W3u/vCV7K5piupSfTbr7+mx8/2C7lIHb4YNLf6uhDjAea+e/lV1UPYMq3XIyWjLSmalorMMbeJuny0cSNsdRKiNDozTdFIRC0Fi8jjfv/r51/6Zx+9vnLp1I6xygFUuJwxwHR4ju++C7CMOHZ4MugIYYcOnxdtslQ9vpcW3ssGq58WjyqJfApGZx6bXM12Mf21v/33vvvaR0Q9k8qs3J/OJkWRF3keOFQW9NYaRFsdlmpC2GjVuOo9tCjyPJ8LcGKTJOn10t44W8myHtlT//JfvvX++x/9mZ/+0z/zZ//11CWKjhB4FtOU1CxPD/HkipMOTwG0XeEJIIik2g5U1A8qEzda3qRFAQFAKu8JBGoUkhoriCUnVKoORMJooCxzZ1MUCUWRG7N5epQmDgmm08P5bC7ClgwS7RzsEpEozkKsItmq6n05n044MiEhOWFGIuV4YgS8Q4fPg5oPIihAAO0bQxZZQRFWUlgf63wms0JubsGYyisvZ84gh9jr2+ef58Mcbu/D1pzJmdEoKfsmBs1LLT3IYUmKocDd7WJ/4mNQEZgXhSrvhNkQV/IdfmFzDolNE+1tJNkYxdDmOMzKw61Xr2wawDh9/Y03j5/tF3KNOnyheNA/uqoeaQCotknd7NeymzguHrNsL1xWlt7zvW1jKMuNy3evG05YNSh4CjNfnhquv3ru8uuffG9w7tXpPAJUjetiwrSWBlPspvMniY4QdujwKDi+3m3hIeoqj3BDEVSdqYmoKCjm6p2b/8tf++VYgHFUhNntm9d9nGGdvCHjbO0BRwbAEBIiISKAVLPqog1cVUUIQFWcsM7z2byY7u5uO5Nsrp8Z9EeHh/Fv//rvvfP6+//5X/5P13tDANSgMPc6Nu3bjXYthM8GVLXihNWP9QjAIyxQG/VRREBtykf12HrjpIMjIyCq5vlMVMHQaG3NJdaXZeTQ7/W35wccY9bvra+u7e/tsgih+nJuDEXRGApfliIiEokQ1SizdoVFHf5EgC2ZXYiqDNIziIiZgaj6/Jq8MVE/t4c+7u6Le7fs/ZBZXbGgkg00G8twoB/cwbcP4yDBQWpX+1YtmBRiZmYTMX2zuuqShLd4EiPP5xpETZI6S6jSu3VgxhkCJivp6BTNZkg9eP7m1vk3ceWbl25s71+7dv34+XYfg2cNy9rMz/jbt4RB262mleZLu98Pljxw0VO4LAo9KT24qCBtmGHLLmKRM1zwTWXlMkJBwTN/7cJLdyf7e/M9Y3oxLvZsgB0jfKLoCGGHDo8TD84GVbUd3BNAE1DLWLmAv/3+h//73/z1cs4hlHt3706LibWO0AKiJUJAMsagIWOQCMAatAYrt/nm8EuRL4lV/sSIWhFhERXkqPHG3WvOJOujdeeSN9+5+T/+rz/7l/+jv/Ti8xctoHhSNthqJVsYmHd4GnHkVqwPqSrbqoFu/3/sDerWQwERYYXgfRGDn88nO1vgXNLrZ3t720UxI8J5zrNPJjEGZjbWsMQYFYnYe1RViSIsKgaIyBAE6bpbOzx+aL0grVih6jRwP+G+IVbNDA0cbK5JXmLpoYhazuH2+zPzEq6eyqKQMzIc68sOzV378QRvTMPYQUAEcdZCmprDPSaDIUq/n+7tT43QAPCs0fWEjUCprt9LJJrik8Ap9wdjInKbalntWv87r39nMp0eP9/uQ/As4aFvxlrRwdYrqyhvnco74lUI7QbC9g7tLsHF9nbVqKqqNF4Yis2ubYf7KFJynJXFSq//Ey9+9R+9+0erZzfv7u/dM347PvhE0RHCDh0eFNgSVVkUhR5LFS42Pshyuh2pIzA8iS4zauQ7b7zxy7/6d/Z2ZwfS10b8AAAgAElEQVTTbe+jgDqXICIZImPIWbSEhsgSEQERkTNkAJiQAAgRVRGkUghRETYswowswsIcJVa0UIwRFr57sG3J9vqDGzcP/+e/9kv/yV/689/6xteoRClB3FFhmW7Z/XQBW2MaQbQpAm0TRKqfXb6mrj2qxzvWeyg0jwA0NgfRY8XSpISKimyNI0Rf5Ht37+zqnTTtnT57BgATZxVVAV2WGqSyLIqy8GWpqqSiwioafCmBq1ZZESVjCFEkqh7VwunQocGjzFxHVTtVRYQnZVxN3MChAhiEVzflD6+ZMmDJyMJhrntX5w5M/4wLwRQe0MGLZ+2pFXdnZm8d6sFUfIihhGKKZS4iMpnkB5N852A6Yvdc351L46XhoULfgLWJVTuQUovDYji2otasW3chFZv84R985+i5LjJAHZ4VYOv7Z6KZiFuBv5oN8pFGwVYqD45Ly7S/g4IubGcrNojabimsHsARR4r6NqCM6GPMQ5jk8zOra5fXznywd7s32Cjmh8fqph7j5erwmegIYYcOD4G2/tb9pGJOJE7HKOJy52r+NQBRsTCY6fc++ODnf/H/ms397t4dNBgtkjXGOuscpGStJSJjqhpRrKQ/iYiIACwRHW9SVCUlElG1qirMpE4jq0gsNZZBmSFE9eFgumfVWTn387/wN4Zr46+8eBnzwL2hogFC6BRGn0a0CZsI6JFaohpyv97+Vu7kodbbqooAokwcfTkPPgeFkMzy+aHLsv5guLK66pI+Au4VeRRBQGMtcIwhxsIrIBKSMRwjCxNAFCEUJAPx/jKnn3VKj/bCDj8o+Fyzl0IVGUEViZJH3uxbQkDQjQw2+xAYAFhFiggjlnx73suM3UiV4fBAmJgMbWRwapDuBnfrkLd2YnEQytLv75e7u7N5GTDClOJ6Ild6XMp4mISEHCbZfGaTFdg407er5AskQrWDu0H++K1jDYTYico8g2g0Wx6wnUOXM3X9n7T4W3Os5b4LZrigc3K0SvWI+USTbFRUVaiThNWzuuCcKlUzYhQoo5+VRe79ly+++OG3/8nKaKNAAuWTfsUOTwIdIezQ4UGhy+lURORE5ZjFxvaD+x6wWoErAAOLkOj13Vu/8Dd+9cbudlnMbILkTJo6kyZkjLWOyBiqakShIoHYoNKkMcYc0YGspmiV6ruICJGqRiOAgImYnjMxRB8kIPoYfLi1e63fG/6V/+nn/8v/7C/8xDd/tDdgUoVGbbRbNz9laGUIEQBVFBHrXENbH7ShhfVCoh3agKYsCEHapUaf+qZEpKqKCsKA4lyqGlWpmM8IcTQceS5YxJceAKy1ABxZQEREkChxGaqfh2CNYQlIKopkjDCrPjQn7Eb1041HZ0lHxwUhiIrXmEdmsX2rAqgKl9f4/QMzjTZAEIXSKxGEg8Ike73+BrPbmSkoqlo2ZA1sDoxzNFq1vujlM9i+4996/c6t4jAVXXGaqx0gj8kOnEouYU4o4NYsrUS+Y2Pax73Tu3Hno2tXH8Ol6fBMYen43oxtURBZNAe2ot1N9dMxgZkj9hINP1x6Wizd6utA4TEHi6qFBVQVWCAwF9FP8/mZ9Y1Xzl1+a/dWMljznj/j/tHhTwwdIezQ4UFRLZ6X307aoc0A2/sc27+hi62NxBM//9mf+8W3P7oWUO0wMYmz1rk0McYYMkSmOoOK9RljFqt5QkdoEIGItHaUqw3ltPkuIghCxKJMQqIKFoXIJTamTmJifOnLwEWYhMOJx1/45V91Nvmpb/2YUQTEhgh0IeinE9oED+qgBtbhD8RqCYGqapqi6OMyM4sjLHsJT5ZcWgQvVBVEOHiTJISooFmSuSQtfTAA+XwWoljjQIQIp5MJSIjegwAiEhKHEL03SKqAYJCURCKLURKCOmDTKJ1+Jt974Ph6h2cO7WEhoITqRQJzEWSzZxAxKmz29eoBRgVWAyrAAipIwAe5603TYS8teKZwc4Y5A0BEQAEqSsyncrgfDydxNi1Q4aXhSp6akMSxi8MEh4aMdTYx2WlRstMPUgoOL5/BEX3y7sdb23e/wMvS4QcO95nilqKgLTUZWTBCaLNBONpq2FSKVq/ERZ4Qlg2EAIqVaE3DBqvpVgAYJIqUIczLwnv/tRdeubZ7p1AtHj6i1+FxoSOEHTo8BLSeOk8W3Xjw3GDN5VpztI/8c7/0f7z2/tsm7ZnUpr0scalzzpDBpip0wQOrDOEiO4hgCC2iGjJHMjCkqgoGWBhBCFUASFVQUVQRsdqLSMgYa60LMfG+KIL313dv/+wv/eKFS89HkY4HPuNQUHx8ghUVVUNEZREmFQRRQmJmFi0ASu+tS6HfR4HJwYEoJxYxcSKg3odYVq2OLnG+LES4isMoghK0vQgfkOYtEuwdnkq0JfMfEIuyuqODvhLlUM9SioJqZtWQSUl7RmMkAa7FeSshXRUo54ONYjp1eaE9A3OWWUkHkyABxeN8Euczf/PGfmC+0B/MAN+5rbS5eW7zMCefUJqlKU/T4YtTSl2ceNcfpGSy9fEfvfnHJyjKdBIczxj0yMM6bNfyiVWEI0VMCnI86w0VO2vlDZcxtFYPYbtA9KjpfPMqWT5bv0xxYUHRsrJo9yCycGAqop8W+cVTZy5vnp1PDg8Q5UiKsFt7PDl0hLBDhwfFsQbCxcZH4Ev3uhFev3bT4ht2MDSJTbKsl/SstU17IC2NCokWecglJwQkbCzhCOupH7XxD1SqFsqKCLaqdQWo8ieiKiIKAGSMIROtMc5QaYsCbu7t/rd/5b/fOdhaKFU/Qj1eh6cDCsqL1tmqn2rx3AmD4mQniHt7bkMI1ThXVWuMKocQEzL9Xs9YV+Q5kRqkJE1EIMQYvRdhYSVCqP06RaIqKBKxAik/bNdJlx7scAzHOgGq6Y+AEABRWSWyeLUjVIdABINUBSAI1aac1YrZIis4mPcGvcMiOEotArOoQjmPXOLW1uRgv5jszTdtb5T0smDTzK6K9zHd6GdirA+gDskm+68P7LrF8aqOVmFl8Ht/8PvMfMJ5d4vnZwnt1u4FhTvKAD9rZqsJW6X+sjjMgtS1aWFbcqalLgONovnSvF4qbrq8CSxyiU3msDKjEIUo4kPIfZmXxUtnn7+68+20t5KXk/YpPs5L1uFT0RHCDh0eCnhC4Lj9NH52aeVyyq67shgMlD6gdUmaZL1+lmaGDLWKQitUnLBaVR95CllRiAgQ2+4QtQK0SPNehGIISEGBKul/1aMkE4mscc4lxlBO+a3dnasfvNtQgG5qfmqhoIAKVNm/N39qOrLGbMnTgcBCUfR4V2ETCG6eRbS2vtGEEIwxi92q8ayqwOzLgn3IBgMCkuhjCMIswoNBP/gyek/komdAY0xiSUUZkCwZzyLKbaWn5uuBghdd9vuZwcP/oY8uqA2iqhKgiLAoCyCiRTFImRNWsAiIVfctakBMEAg18mgUCi/bO1HBCKiqBs8He/5wb353d/J80hvatGQdJ7BqpW+jE05oSATBoBma4LPJfrZxhsj1bDK8uX37O6999+Sz7WboZwyP8gc/KjoHdQStlRVsuVIcYYAtpZlW6+CCCkJrC1T0D+sgcqNDUKvLLBininCQWAY/K4u10ep6kuxFn2Od6140I3Z4MugIYYcOnwuf0ij4KS9p2paq1msERkRKkrSX9dMkM8ZVkjFQPY20qDJt14uqamVGXzdl3eeNFm+nIosMHwIgkioaQyrVulwQCZGVDBlTZSZNgcY47LIoTz30c2UX6sbCxfi/z2Bps8FFdl1EVJk5pmlazOcuzYgo+LI/GIbgs3RAgL4sonCSphwtGyMxVhFmNBZZEIUFCNEgqGIXuehwLz5HOSUuA4GIFkABvWpQIUQEIlBLGBkFGEGtBWAFA+DZsBISurKXJn1rD4ItvUpUBFOWHEXXk2xAkBpvoT+wemE02ciEdaRZX/qpsX3bRz8fZxsWyFJ/QOPer/zNX9rZ27n/mXbocBIWQboTWr9P4IF6PCUIx6kgtH0Ij5lStPoMtUUUtfUfgqhKlWyPoSxLMxydWz/9ydX3KHXtLGeHJ4aOEHbo8BB4vOkEhIUQtCVyvf4w6/UJLaFDUBAEBDICABXxq+bvVr8TgjhAhaZA9FgJ63ERVBBtdkNEUgRxKtL8TlVBlAECESVnidDahMg2J4sA+JAWAx1+gECgR/PA9wsDIADgkSSh6iN8NlSVmavhaowRkTKUijQejefzqQ/eGAw+Q7RIhkOZZmmWpnmZlyoAJBJExCWJQfShrFXuAD+7UKrDswf8fD2ESOQQWRUUTFOBD1opjAEhoBFEjEqGhFkQkKpEdmRnIB1ytpWvpsmOtYWKgnIUVXVI4xRGpkytrvaMDtxglYYYNE3j+iZBko1CPh0400NjzarJufjrv/Irn3rSHTocwRGtgkU2r4pF1/WicmSvug120SHS5oH3dA8e05hpOKFCtdZobAkXucEmJt0IfgmLxBh9DCHG8+un3XtvWEfdYP5C0BHCDh0eAk1Z/eddcbYd7gHQAjlj0iQzxhIaQlPN2lVGUJSP+iPXlM+QQTCAAqDYlH0seGN7Pd8kJHXRZiCqAIbQKGCVN0TE6iYACoQKBGgSosQ51zBh/byJpA7fx9BFXdBy00kR2qoPEAEUuMUJQZfVPaKykO5U1RjjohX2GCr7lmXOXLXI574os15PVFya5MXMkiNEEJ5NDhKXRYnGgApyPWYVkZxLRThoREQAJAJEU70jM1dss66d7vBMQj7fxKUilqjqtyZEQ2AJEdQQVIaEisj1NIkSVSJjarAS2GcZDmS0AsVBWB0nB1OOgUUlMiRCmcopNyeKFxRcmQ51QBc3M28pc9ucnhqIsLWOkrUB9Ve//b23X3/jjfucYpdOeebwmYO6WhgcrdzA5cO6m6+tINroculR4nekarQ12topQayaEhdvpY1voYLUu+HyoAhaGbdoFA7Re+/XRmsrWbbty+X5dyX9TxCdtFqHDg+Bo81/j+N4VbuVRQHFetFcF4iSIUQCQGx9TpuqUUKwVV8fLpumTpg9783xLPdRURW410IDoTL+NpRYmxiTNB1Z3dT8tOPeBaXe81VtXkiJA7A20uPN9/tZVlprsbFOOealWXUYCjMCKIj3ZfS+LIvpZJoX87IsjTWIGmKRpUkv66soARLU1aJJpcerSIiE1LJC7tDhoXFEc7HZosulNBpjDEIVQ0MEARgYBUBDwCwGQQoJU0YAZIEQAfncecycjKysjFxv4NbX+qiSaySbWKKLSVh1MnQmYx4eqCpNirtJXgK6XjIwmZEkZWf//u/+4/sO7McoBNzhBwQPM8ctioOOblxqgTZyoI0RBai0vhbzfcUhFy+UpRuhSItntg3rF/6EtfMELN5P6yRhiOxjSJw7s3bGxRK72fuLQEcIO3R4UCCiCntfPK7mfRGZttTDESr6VxsdgtZVfMekZRCrGiVbG4LX9XrUdqg/hpN94bDp71YgbOnKVGFuBlBDZACoCvGVZREjdxP104dHM12oiV9za69ooSxz0Sf7+1UCM4uEoYhUTiqLDLZnLkV8jKUPsfAqXORF6X2MMUndaDQwBD6fr4xXnEuMMc45SwYAjTXOWSIiA0RLtvmZv11HHZ9ufB6ahE3aWwFE6iJ/Q+AIEqpCD4tpU6uwnAGIUVXUGsWoGLjS308zPx7ywOmwj8ORcc6Mx71SNB2mlmBoQpKiI6AEksyDsdt7s1MZOsgAiTJHo8FODL/7+79333PtRvEzBgSs9AUebO/65k/UauSu7AErUie8FB0VATlKCEEUpBIHratMlw8WHLLhk9A8VWUFF+uMdiix8b0FUFFh4chRRM+fOueEF4SQujjHE0RHCDt0eAiISln6x3XvFZGiKLARNickUGjRv6NJmWN1Hy12154yG1qIi0q8xfr7qGWFITJIhHVjoFac8IgrQFUDUm/BsixE4mP5xTt8/4CZ33//fZF7LapOBirgibWlTadIVX88nU6n0+kxMiYiMUYAiDFW4yrLsiptCNAOUktUEYkqLKyoEMrCkGEf5tPpfDoF1RBKBBmPVwAgxhBikChkattOa521tqKaVaWoMWYhdnrk10Hc39+fz+edFeHTCkKKwo+wrqyHpdQGD9WoJ6SUTGYwM4gKqkgkgEpEFpVQVYmjGoPWkUZRBmGvHEC139fUyDil8YoThZVxT5S35+L7K4YwA40Wr6vAEIDoSnbJZm5/JiYz5lQv2ey/+e67b771vfufrwI8igdShx9QZMNVcGt1/SUuZecW8nPLjQDV+LAu661c8jE2n4aGDdZJvCYZCIsHDX0Dacr6q6Bf3RTQYEH1muThMmfYMElo+Qs2iUSEWu6u6iSMHDbXNhOkak9mEVoxNvuCLvAzh66HsEOHh4A1djgcel+0swqPdg9GREN2fX1dAZir3jyDUGVLAJGAAsDCbApBrIIYY0ErlVFdBP3aGcSGARppGcpXVuDtZIhEqms/sFE9rTihwWqqR0QAZYmIEVEAZDjqpZnt1htPGYjo/Pnz165de8D2UG0aQKAJF7TH/0J5YDAYZFl2zKVzwc2IKMYYY6wIm7V24atmWpEPqVYk1auQXJLmeV5J0aRE1pp8PvVloapEyMIsQqDtuMYi/ykiJ1q3qepoNKpO9ZGvYYfvZ6AxMUR6JAF7VdUYsbFWUQWLmFpKDRkSZzCh2hKTECxBVfKvSEWuvaFYJogKChpFrGY9JdSBsxMnWc8C4+p63/v8eZ5FSD4phy+sy/PP9VbOJJBnXJqy5/p2hM6ZUYaDlV/5v3/t8HBy8nkCIDC05vwOTz18MQXmZio+/nfHtrBuVdmMxBzD7I5dBL9qClcn744q8S7MimFR8dHSlWkZ/dSGFQv10KO6o6BYs812/yGqNu3oFQGtOGHgXtbPXFq9hSE0OBf2f2KXsMMRdISwQ4eHANW9T0uHwHZK7diWB7s36zFuWf147KWVrD8Cat00eOT4CqoiixRH5ULRHAePRPBqF4pG4hSWLeBaRZcXKUo84iZXLamTJPkcF6/D9ykeFx3So5WiJ5aMVjnJJk1NlcpoCKF6yhhbrSJYhdQyqLAoKiLO53MFiSESgktTVRGOwsE5qkIYXEmVcgSQyrJFBJMkUdWyLNt2iEfOWZWIqlzi578CHb4PwSFkSfIISmAKgISUJAqz+lCqA4PGYN9ASkAogIBGo6JjMAAGmtpRguDVqEIeNTcmDQriHBujFMUQra5ltyd5CLBmYl/5Nw7XzqfZ1wax4DFOrXETOn06xQG5nnGWsv6Hn9z8jd/+O5+i+ytAYKhTTnp2gCAoHuFoHvDIDu2HikAAKpyTocWypRXEW2wBaEuMLhVE2w+ane91pFjsqQKquPS3X/BGAFiqUtfioyAiEpl71mZZr3qKyBAKdRPzk0JXJNOhw0NgdXWNmbNe+pkL6Pt5Pyw2qqqohBBEgJBYQ5QCUAAZMCo0halKoKbyA1hwvLYw4zFtyGO3hba4IiISWhCLYBSkNfVXgb1ar3+h+aEKoK4scyRUBe95c3Pzc17ADt9XqP7WVabu4W6798rM1Gyw+kGZWWKsFT+bAb8AMy/ydcvK57rUGVTVABICgPpQlr70viiKfD6bFkUemVU4z/MqFE1kBoOBIeOMsQYRlMhUicYFI3XOVZSvbea5cLyIMSZJcswjscNTAyTDHEUF8EE9KqthTIiooCKNyrKiYmKMNdRP0FqhSt4LITCCQUOggERgLBIpiAIqUt0jpSzASCogSoTDkQFQFjFkDsTiYPXSINkNg5/7RzAfAWxYnnKSpgrerqSyPvyr/9vP7+/vn/wLVi0AiNbYh2gq6/ADjsw5ZiZQaz578m7ivBQZTJJVk64K147xS38IaAr/VeGYqIwshWfarvT1g0ZaZiE200oSVi9EXXhRtLwK60ZGEFURVoXEpQBIiGQsM2dJl7h6QugudIcODwpVfenKlbfffmcw6C8839vL2RNftUgb3ksRRSTPc1BIU+PLmY+TAYwAF4G0xrZeCUCAtF0Cem+x6OKNWhT0uPlEUztCRFLV5C1yg3XucWFKSKSiin4y2U9cUpaeo1y+fPlYEWCHH2gQ0fr6+s2bN2uVl4cydV+OKzieG1coi6KfZqpq6+CC3luxWaXsqsbC6gSKoqgOQGQdobBGqZpcxUBZGXLGGMqAElklMgsR5lFYRVQQ1DprjStL71wSY14N1wUbXDDSKote5QaZeTAYdITwaYVL09KXHBkemCxVM5wlY0ASVARQRC+SkBkmac/ZHkE1XAgUCAODKDpCawCRjENENARkUKAuuEAU5UAAHtAYTBJ0zmTOPJ9M1zL9d4d7N+XU9/Zpbu3W1pkdGJ0dTKNuJMMhrq68ffOT3/zt37r/2SIZUuE0cdQN42cGZzZWOW4Lay9xEyyQ6Hgniy5yf4ioSAjGTud5NhxX8V+JOQC3g3rYKv5c5v3a+cOjlaKtoKAuvAXxBLq4SBUuzqc+ClZ+RbW6jLIIGlIQMmSSTKJfHw+fwMXs0GUIO3R4OHzrWz/G0VtrjXF1CgLadGuJY93W7acWXA5UZ/NpXswGw/5sNt+6fa2KwdXGQCIidYpPRFQWgv5N0E4EAbGeUhWqIBtL9YUKKkuGtzgfEQUFUsTqCxAFgUFFqzcKygyiiGjo46uvz6bT4XDl5s0bg2H/hRcuPcGL3eFJ4OWXXz44ODDGkCHA2lXt4SB1m98CSJjnBRIVRZFlnyYJUH0WrLVVwbOpQYhRJAhHZCGJoIE5VuM3hJAXRfCh8D6qsGpgjpEJiUVBNcaAqETonFvkBomoepdFRAMR+/1+1cR48eLFLszxtMIl2WQyyWcTdMkDa44iIhnnVGNmBAnFmjlL4mwvS9ZSdKZykAVDWD0yAAmJIbQppD0yVgFURCWP4BlYCBStTRwwiygELwSYJW6QmM1UfvhK8fUrcNetnH5u/No17OsI1s6iTe3K2Jwd/PY/+Ie379y537lWnxkLIct6Lkkf46Xr8P2MS+dPGYi+8BvDDCqJ8sp2B2vDKsDFFqxSbuDSrd398emLxlpQLSd3VRa+EdIoji48JxpviMbCvlXkIfWCo3KSaL+qZpKCIAhafVE7tQhtGrlERRwRaRZmIpIkaTreSFDOn+7qkp4QOkLYocND4JUvvbSxuV4W5crKWuPOdzI+fX1ZZ1SAi2K2tXX7+ecvGsJ33/3j2zfeU/aqqkwqBoTqWs5K0K7qvQaOGAOGSBwBGJVJIkgAZQQhrL4YoSZ6rfetNEAiaEBlEKbq5RpRWYRZWLQSnY4crt96+7Xv/n/W4ubm+p07t7/85Vc2NtYf7/Xs8IXjm9/8ZiUH2st6huheBdEHQlVZtywiRV/kMcY8L06dOrUQkjmGY2YqVfVmBWZR1UU0pMldqqoSooYowsIszETknDWGKgXIGCUyizBHrkjmggouaGGSJEQkImfPnvXehxC+8Y1vPN6r2uH7B+PVtcPcb9/4iOnBW6AVCWxiB2mayBxBR6PxnudxmpCBoaOEwBIYi87BLFAUWEnZElgDxhJZSvrOJIRWkVAAAEgEfW5UEkQjChwwL1lz/3waSzf88GBtZysJNu33083N5NoqRB2aft+eHtzh4td+49cred4T0ev1hGXVcn9l48RG2Q5PJYaD/nrfHE7mF1Z7xhJ+KogQiYxNbk9Cf/PicLxirQ2zrTC5AZWqZ9uDftn4V1NBaGwD631a9vPYrgttXr5sEFxkCOEoG1RAOCr0pEBIN3ZuvHv7HSQcDAbp+oUfem4jy7oYxxNCRwg7dHhQIOKpU6d+/Md/PMY4Go7qW28r+6dHH5/c6N3OEAIURRFCmM/n45VxPp99+4/+8R99+//dvnO9DHPmkjlnzUVy0Vy0EC1FS4mlhIDMKALMwBHi/8/encdFVfV/AD937iwMy7Dviggoohm4pLg9mQpuuaS5olmmZmlZPWU+WVS2+ORST/nLNM0tc9/31BLNJUlFxQ0EBGWRZXAYYAZm5t77++PIbZxhEBQ35vN+9Xqe4cyZO5fxO4ezHxPhOIYzEc5EOJNA/zOZBJOR8BzD8zxvuv2fwPG8gXAVhKsQ+EqGqxC4Ct6kFzg9x+s5Xs8by7mKkuKCrKS/D54+maDXVzg6OlZWVDo4OHTr1s3V1RUDKQ1MYGBgt27d9Hq9o1LpoFDc+7+v2RblDCESCZuTk6PTlfv4+MjlctoYs1DV9uM4jqP1XXFjJEEgJhPH85wgcHSkhW57yzDEZDIIAicIHMeZOJPRZKjkOJPRaDAajRUVFfScY0FgOJ6nO4uKawXFdilNVygUoaGhRUVFUVFRTZo0qbcPFB4zbh5ezl4BiX/+oS2vZGo7o5JhGJaVyhsFBuhvFTFGfaPAwFsVlUZBcJCySpZIJQIRJBKGyBVCcTkrkzAuUkEqIaxMcHKRKZ0kcpVUopQSViLIGEbOEpYRJFJekHAcI2clhKdbQwruDFcmUR7SBR7L8/dyYZWV+lCmvJmiJMxNJZFIZX5KWWOPNds2Xbh4sYZ79fT04o0VDixpHNayvj40ePw5KGQtAlxLNEXurESlVNTcIGQYCSORSKSsXuF5yyj1DgpVqVScyVCSfaryVppABMKwYjbyz7gi/X+J+FTVImw6Mi6hk6GJmIExa5f+cwaWREIkDMNI6AGxRCJhaIegRMJIWFYqlbAyViaVSFNvpq5K+EVbXuLk5KRUubv6BT3fNfJRf8x2BJ1JAHUgl8tHjhx+4MABmUzm6qoqVht4QTCvQluvFRQXL1lcilaRBUEoKdF6evi6uDhXVOgNxsprmZfT0i9IZXIpKyF3HjB4+4JV20kzDCMIDEN482n+d5wBUHUDhNyxCoDunyeeTWQxJGQ0mjjOKJPJGIZxcJA5ObnK5IqgoKAXXngBZ7U1PAzDjBs37syZM7rycicnJyNnMhgMhBDC39e+oxKJxGAwFBcXO/Lq4nQAACAASURBVCiVjRs3zsrK4nlecucqF+tZ1tbRy/McnY4qkUhkMhnPc+L8Z9q0q+Q4sdVHVyrSN5JUbWZjsYyWtgYZhmnSpElubq6Xl9f48eMR2A0Yy7Ld+wz+/K1xQc1adesQKeFMtZk4yjCMTCrz8vENC/BJOZXq7R2gdHE5mlNoIpyv0vl2ucoQXsLkqCVODjwrESQMJ1OwUkeWlzKGCo6l0/kJLzBEECR8pbRcw+hNrN5EKo18WYlJV2YIc5Qc4ryMhKkUNBIHt+dbK4p5J7nSq7zU5NScEA9pujrn2+//V8PwoIPMwd/fz6gtbN1nqH9jTOm3I6xE0i2y2Z9rDwW6uDf1cD6bXcxK7tiw4I7aCCESlhVYqdTJNU2d3/Zfz2dcOFteVlZpqCzJPqO4lSFz8pFIHaq2H6960Z3bEZj98M8IoVkGIg4Y0pXfjCAwgiCpOhZDQie2ErofL2EZCcswLCNhJRKBEW7p1fnaQqPJKJNJVSpV274jI0IahTb2eyifJRD6b4fDlwDqgOf5EydOzvrsC43mVqXBqFbnm0zGul5ErKfyPE8Io5ArnV2Uer1ep9OZzfGgc+oEYnXORNW2B4L5IL/12I75yRO2bqDqUoz5LYkbkyqVSkdHVfv2bT///LOgoCDUmxskjuN27979v2+/5Tm+orKivLyc4zjCC3xVdwENLN7sZCvzUOOr/t6LwSowtw8tMXGcTC6nh78bjUbz01BuX8c8pAkjEKGGoXXznZOqfbbmODffoVcmk6lUKpVK9cEHHwwcOBAT7Ro2QRD2bllzYNPK/gMHdm4ToSB0y0OblR8aySaTobys7EZGxvL1W09kqEtNkry8m5zJ5CKT+CgYZ6mEZQmRkFyNxNmBuMh4pUxQKFiZQsIytDZ8+7A1xpFlZKzJpOAFaXmF3CBITCZSXs6XlRo8eOMtiZxhWAnDhKscjFJJsUHm7qKQOcocXViJk1PmzbxjJ45b3yDLSqRSqVQm8/Xx8XCUPRsd9cm8H11c3R/0JwmPFUEQjpy+tPpwqldIq8takl5cKtwe2qsuM8/zJiNXUcGVljRz0jdRlB5YteBG+hX6XRAPK7b1VoQXiIQRD6sSLGYYSgjhCU+IRHI77z/PSKqetj0n8Z8KjyB4+wV2Gz6xUfPIibFtmgcH3NsnA1SHDh20Wm1tcgYHB6NBCFBnHMdnpGe89970q1fTvLy8DJWG0rKSiko9z3Mcx4tNLEJIVQ2ZEb9n9FAd/vZOy7eP6uY4gWVZJydnpYODXq9jGMbRyUnpoJTKZAwhdG4FPVqtag4H3XCRSBgJYSSECBK6xQEj1n0ZhhBeECRVjT2zIyZun3jBEMLzglB1Li2dYsdznL5Cr9fpOJ53cFCUl5f17h0bHx/v5eWFbRgbMJ7n//rrr1mfz+I53lWlKlYXa0o0BqOR4zhBECQC4enmcQyRVDUGJVWDy3QhCCMQSdXWu1zVMVZ0vM7FxcXJyUmj0VRUVDg6Ojo7OysUCqlUSiPKvPknngdo3fUgqZqtVO0Yo/nOveLJFqTq+yUIgslkqqysLC8v1+l0UqnU09NT5aKa/sH0rl27IrAbPLqb1sZVi3evWdrjuW7dO0f7enpIpVIJY965wZN/ttmVEMJzvGCorNSWlFy6cG7jzgPXy8nV3BJdpUEhl/2zDpbQ81urFgJUHWFPSNVPt/cYJeRu45L/nN5pNjJTdXLsP0U4x3GCwAuCYDAYJRI2xMelbYumb306t0lo81pvmQMNhyAIf565tGTf2SbhT6tNDpeK9cUVRk6MIYv5SzzHG4xchd6oLfGpuP5Mi8Zn96y6euYYPZtHKpWxUuntQBXnfdJJoeT2xZg7Zy39U9Fh6HIBQSJhxPg13/DcbHdSoeonQeDpzgicyWg0GY2CwPsGh3ccNlXKMP8Z07NJgC+WqNwnNAgBHiz657m8vHzbtm0HDx7Kv5lfWVnJcbzJxIl/1quGMsS5FPRsectFhlIpS/fP4DiTTleu11dIpTIHBwXLsuT2MfTk9nUYsxGYO+ZvEHEbfamUZRiJ2cAg4TiTRebbNRSrMzBorYbuzeigULqonBs3bjxo8PPPPfccHT9B0dzgZWdnb9my5dKFiwxDOI43cSZeEBhBoEF15w4A/4wWig1Cevi7zEFOaM+EIJhMJp1OV1xcrNFolEqlQqEQw7WiosJkMrm4uFT7N8i84Xf7sjKZmM4wDN0MpoaYFGvSYn2aZVkHBweVSuXm5hYWFta/f/+goKB6/fzgsWY0GBJ+23Z03/ZG3q7BQY3dXV0dlUqpVErPW6Hl4u2zWKsecBxXUVFZptVcS89ITb9mYB0y1bpb5ZWcQCRSmVyuYGmdmGWZ28dLiN119FFVMjGrSv8zIY8wzB2T+fnbp3QLRLjdl8FXbS1Nd5cWeN5oNJqMBlYieLo4tQoLat6iRbc+L/oENHo0nyk8BgRBOHM5fe2BxFLOQeboShQqk0RmYiSCxcmbwu3jf4yVFRV6g66szKS54eKsZA2lpfnXjGVqwWRg/jnw6h9VxazYryFeVTzzynwzBfp81cnGAiMwFnux37l+hb6ElckcVW4BoT5BYU3dpXGxHfy8sYNdPUCDEOAhoCexEp2uMjc3V60uphXcO48BvI2Wo5YrpghhGEYhl5PbR//wgkB4njcaTeKeM9V8OS3K0qouOposk90x800QBJOJY6q7AHPHUgHxSoRlJTKpzMnJydPLy9/PT66Q3ePHA08mjuOKi4sLCgpKS0tLSkoqKirocLYYY2Z/9m8zqxowLioXlavrP08JQmlpqUajoSv3WJalA4PmjTSLG6Bjg+KkZdpN7ezsrFKpzLNptdoa/s7RV4kXoc1CJycnOlbp4eHh6emJgUH7VFSQl3X1SmbalVsFOUa9zmSspEfPW4ymULc3djZxJqOxtKy0rLTcxLCurm7OKhelk5NCobi9i1JVLFWVq7cXaZvXmgUiuLq5u3t4MUScOUK02hJ1UQFtMpotDiD/LAC7PdTDECIwAsMwDMtKFA4Obh5eAY2a+DUO8fJvLFdgG0YgZTp92vW81Ky89JvFZXoTw0qZ230c5gRazeBMHGcyGU3GCp1O4DmF0kGpdJQrFBK6c4FlJ3K1BHpCLCG0P1Dsv5OQ20ca1qoHWSCCwPMsQzxVjs0aeTcN8AoO8HFQ1H5DYKgJGoQAj8CjPbG92uWCdb2fO0cLAQCgelWbcxE6Ob82L6l2aawgCHWY6ln3U0IBwG7VqUGIlfQA9ePRNqKq3aXjni8CAAA1MF9+KEGpCwBPOOwZCAAAAAAAYKfQIAQAAAAAALBTaBACAAAAAADYKTQIAQAAAAAA7BQahAAAAAAAAHYKDUIAAAAAAAA7hQYhwP0yP/pPMHPXzI+W0WisrKy0Tud5XqfTPYo7ggfIVpRWG5ANIErv+juC/XiCiugavpIW6YIgXL9+PSsrC+Fth56g8rw23zXBysO9RyCEEJxDCHBfVq5cuXLlygULFrRq1WrBggVbt241f5Zl2dDQ0DFjxnTt2pUQkpycPG3atFdeeWXs2LGP7pYJIUSr1b700kthYWHz5s0zTxcEYfr06efOnTtw4MCjuzuoZxcvXnzzzTfHjRs3bty4EydOzJw50yKDj4/PoEGDRo4cyTBMA4hSg8HQp08fi0QnJ6devXq9/PLLrq6uD/Ku4fFSpyJ6+fLlv/zyy//93/+1bNny4d9qaWnpsGHDDAbDV199FR0dLaZnZWVNmDCBZdl169a5ubmVlZXNmTPnxIkTHMfRDJGRkZ988ombm9vDv2d4+J6s8nzq1KmXL18eOnTolClTxMSKioqXX365oKBg/vz5UVFRPXv2tHgVy7Kenp5Tp06lX0x4CNAgBLgvSqVSLpdLpVKxu6t58+Y+Pj60VlpUVJSamhofH//ll1926tSJvuSR935pNJrp06drtVqLdJPJtGDBgjNnzrAs+4huDR4IqVQql8uVSqWY4unpGRERQQjhOK6kpOTSpUtLlixRq9VTp06lGZ7oKKU3L5fLO3ToQIcTy8vLU1NTt2/fnpycvHjxYkS4/ahTEf1ow97FxeWLL76YPn36p59++uuvv3p6ehJCdDrdO++8w3Hc119/TZt8r776amFhobe3d7t27WQy2V9//XXu3LmxY8euWrXK3d39Ed4/PBxPVnn++eefjx49evPmzc888wwtkGliQUFBXFxcmzZteJ6nxXW/fv3oszqdLikpqaCgID4+Pj4+vnv37o/q5u0KGoQA92X48OHDhw83Txk/frxY6hFC9u3bN2fOnJUrV4oNwkdr06ZNixcvFruWRadPn/7yyy81Gs0jui94gMLDw/ft22ee0r17d/P+2uzs7JdeemnLli2TJ09+FDdoqV6i1M/Pb9asWeKPOp1u4sSJGRkZFy5ciIyMrO9bhsfUk1VEt2/ffvjw4Rs2bPjPf/6zePFiQshHH32k0WheeeWVtm3bEkKuXLlSWFgYERHxww8/iK+Kj48/evTogQMHLH5TaJCerPLcw8Nj1qxZM2bMiI+PX7NmjYeHx5o1a06cONG6devx48eL2by9vd966y3zF+7evXv+/PmbNm1Cg/DhwBpCgPuye/fuuLi4jIwMWxmeffZZQkhmZqaYolarZ8yY0adPnz59+rz//vvFxcU0neO4DRs2jBgxokePHgMGDPj000/Fp3bu3BkXF3f27NnJkyfHxMQMGDBg7ty55mur9uzZM3bsWPrUrFmzSkpKbN3PwoULPTw8vvvuO4v0RYsW6XS6d999NyQk5D4+D3gcZWRkxMXF7d6921aGRo0aBQYGEkJu3LhBU2xFKSHkxIkTEyZMiImJ6dOnz5QpU1JSUmh6enp6XFzcH3/88eGHH/bv379Pnz7vvPNOfn6++MJLly69/vrr9JpTp05NT0+3dT8PIkodHR07duxICLl69SohZOzYscuWLZsyZUpMTMyHH35IZ6jOnz9/8ODBPXr0GDFixE8//WQymer6LvC4uYci+tKlSxMnToyJiRkyZMg333xDRzAeWhE9adKkkJCQtLS01atX//rrr2fPnm3btq0434++0MXFxfwlU6ZMGTRoEB32hAbviSvPO3To8OKLLxoMhk8//fTChQtLly5VqVRffPEFwzA1/JpdunSh86Xr+PHAPUKDEOC+FBYW5uXl1bC/RUJCAp3TL6bs3LkzNTU1NjbWz8/v9OnTb7/9Nk2fO3fuokWL5HL52LFj27dvf+TIkdGjR5eWlorv8u6776rV6j59+jg4OOzdu3fhwoX0hUuWLJk3b15xcfGAAQM6d+6ckJAwZsyYioqKau/n888/X7du3VNPPWWRPnny5O3btz///PP18anA40Wn0+Xl5RUWFtrKcPPmzZycHEKIv78/TbEVpQcPHpw5c2Z2dvbQoUP79++fmpr6+uuvnzt3TnyXL7744syZM127dm3atOm5c+feffdd+sJTp05NnTo1JSUlOjp68ODBaWlpEydOpG0zaw8iSgVB+OOPP2htiRCSk5OzevXq1NRUT09PnueNRuOkSZN2794dFhY2btw4d3f3devWTZs27R7eCB4r91BEL1y4UBCEPn368Dy/a9cucSzu4RTREolk9uzZcrl8+fLly5Ytc3NzMx/obtu2rVwuT0xMnDhx4oYNG2g71tfXd9q0aRhIsRNPXHlOi+6QkJALFy7QYcC5c+dadGpY0Ov133zzDSGkdevW9/o5Qd1gyihAPTt48CDtKquoqLhx4watbYwZM0bMoFKpVq5cSUvDwYMHZ2dnG43GGzdu7N+/v1GjRsuXL6cLnJYuXbpmzZqffvrp3//+N31h165dac2gtLR00KBBf/31FyGkoKBg7dq1crl827ZtMpmMEBIWFvbjjz+uWbPGfD6GiPa6Wa8oaNeu3YP9XOBxkpycvHbtWjroUVBQ8PvvvxNCevXq5eDgQDNUG6VSqXTevHksy65evdrLy4sQ0q1bt3fffXf27Nnr1q0TX7hx40aZTCYIwrhx47Kzs7VarUql+vrrrwkhixcvbtasGSEkNjZ2woQJ8+fPX7RokfXt1UuUqtVq+jsKglBcXHzy5EmtVuvt7d2+fXsxz+LFi+lg48aNGwsKCgYMGPDOO+8QQsaNGzd58uTLly8fPnyYjiBBg3HXIrp9+/Zff/01wzBjx44dOXJkUlISHZZ5OEU0nT43bdq0uXPnEkI+/vhjR0dH8SmZTLZixYr3338/PT09PT2dNlA7dOgwefLkgICAB/7ZwWPpMS/PaTfHl19+OWrUKELIiBEj6KvM5eTkDBkyhD7W6XQGg4F23oltV3jQ0CAEqGcHDx40/1GlUr322muxsbFiSnR0tNg3Fh0dvX///vz8/NOnTxNCRo0aJW53ERMTs2bNmrNnz4ovFHficnFxcXNzo33ely5dIoQEBQUdOnSIPkunYZi/EMBCampqamqq+KNcLh8xYsTLL78splQbpQaDwWAwdO/endYe6PaGcrm8oKBAHO7o1q0brfUyDNOiRYvs7Ozy8nKGYdRqtVwuv3bt2rVr12hOlmVrmGV0/8rLy5csWSL+yLJsp06dpk2bRvcXoTsxiFNP//77b0JIXFycmD8mJiY1NfXcuXNoEDYwdy2ie/fuTUtRHx8fT09POk3uYRbRgiCIu6GuWrWqTZs25s/6+fn98ssvmZmZJ06cSExMvHDhwtGjR0+cODF79mzzzg6wH09Eeb5t2zb6YNeuXaNHj7YYIWRZtnHjxhzH5ebm0tbgO++8M2DAgHr6hODu0CAEqGfvvPNOVFQU7cr18vISa58iPz8/8THt+uV5vqioyGLaUpMmTZRKpflcf7HUpiW+0Wik/WqEkLS0tP/+97/m75KXl/dgfj9oCHr16kVXJUkkEg8PD/MN66hqo5RGo3mUMgzTrl27EydO0AC2iFLaPy0IQm5uLt3U0SJK6W6iD2i7fB8fHzrGQghxdXVVqVQWGXx9fcXH9P69vb3FlI4dO/7www/ma2agYbhrEW0eGA4ODnRS6MMsohcvXpyWlhYdHZ2RkXHu3LkNGzaIu8WUlZVptdqAgIDg4ODg4OBRo0aZTKZffvmFnpaxYsWK+/ts4In0+JfniYmJ69evd3Nzi4qKSkhI+OyzzywOE/Lz8xMXjdOjYpYvX969e/eaZ5ZCPUKDEKCe+fr6Nm7cuIYMEkk1a3dpoWyx04DBYAgNDRV/tFiBTbc68PDwIIQMGjTotddeu+u7AFCurq73EKW0cmARpWVlZXSxyq1btyyiVJzzSXfDDwwMNB+yoxQKxf39KjY5ODjU/DuaHz7h4+OTmZlZUlIi1mbKy8sJIdhjqeF5zIvokydPbtiwQaVSffTRRwUFBePHj1+0aFGbNm3oLLsZM2ZcunRp3bp1Yj1eKpW+8sore/bsuX79OsdxOFLFDj3m5XlRUVF8fDwhZPbs2cHBwcnJyWfOnNm8efPQoUOrvdtx48alp6cfPXp0+vTpCxcurHnvGagvqDICPBaaN29OCNm+fbuYkpCQwHHcXc9HDg8PJ4Ts379foVA4ODg4ODgkJSUNGDBgwYIFD/6uwb40atSIZdlDhw7p9XqaUlRUlJycHBgYWHM11NvbWy6X5+TkFBYW0igtKysbPHjwpEmTHta93wX9Hu3atUtM2bFjByGkRYsWj/S+4HHxcIrowsLCTz75hBDy1VdfOTo6BgcHv/nmm4SQDz74gH7pnnvuOULIvHnzzPekyczMVKvVQUFBaA1C7T2c8pzjuBkzZhgMhokTJ4aHhysUiq+++ooQ8sMPP9QwxXTGjBlOTk4pKSmbN2+uj98V7g4NQoDHQuvWrVu3bp2cnDxjxow///xz9erVX375pVwuHzx4cM0vDAkJiY6O1uv1I0eO3LRp06pVqz777DOLPRIA6oVUKh03bpzBYJgwYcKBAwf27NkzYcIEerBbzS9kGIYOj0ycOHHRokXbtm2bOnWqwWAYP378Y9L7O2LECKVSuWzZsh9//PHPP/+cO3fu3r17g4ODsdkSUA+hiOY47oMPPqDfC7Gd+cILL0RFRWk0mtmzZ9OFi4GBgadOnRo2bNinn366aNGimTNn0i/gSy+99MB+e2iAHk55/sMPP2RkZDz11FN0RxlCSLNmzSZOnEhbfbb22nV0dJw5cyadPl1QUFBPvzHUBFNGAe4LLf7M/7eWL7FOmT179rx58xISEhITEwkhwcHBH330UVBQULUvYVlWnAQSHx+/YMECcZfz5s2bjxkzxnwZDNg56/i8a6zaitK4uDiGYVasWEGrp56enjNnzqSjFtYvpCFKU2i9eeHChRs2bKAT8MaPH/+ANsqn73jXWdPmGRwdHRctWvTZZ59t3Lhx48aNLMu2b9/+008/FbfpgydUnYroajOIoyUPuohetGhRZmZmRESE+eZGhJBPPvlk9OjRR48e/f3333v27Ll06dK5c+cePXr0yJEjNIOPj8/06dPpyfXQ4D1B5fnJkye3bdumVCrNj04hhIwcOfLo0aOXL1/+3//+98EHH1R7z9HR0V27dj169Ojs2bO//fbbWnwwcF8Y6329AeARMplM2dnZvr6+1uvCa8ZxXHZ2tre3t/ke5QAPgiAIeXl5SqWSLiapk/z8fKlU6unp+WBu7X7pdLqCgoKgoCCswoVqPT5FtFqt1mg0jRs3lsvl9XJBsE8NuDy3cx06dNBqtbXJGRwcjAYhAAAAAABAw1GnBiF6QAEAAAAAAOwUGoQAAAAAAAB2Cg1CAAAAAAAAO4UGIQAAAAAAgJ1CgxAAAAAAAMBOoUEIAAAAAABgp9AgBAAAAAAAsFPSR30DAAAAAAAAUJ9qf9o8RggBAAAAAADsFBqEAAAAAAAAdgoNQgAAAAAAADuFBiEAAAAAAICdQoMQAAAAAADATqFBCAAAAAAAYKfQIAQAAAAAALBTaBACAAAAAADYKTQIAQAAAAAA7BQahAAAAAAAAHYKDUIAAAAAAAA7hQYhAAAAAACAnUKDEAAAAAAAwE6hQQgAAAAAAGCn0CAEAAAAAACwU9JHfQMAcIeb+5h7fq1fH6Fe7wWgfiCqoeFBVEMDg5C2ZxghBAAAAAAAsFOMIKBNDwAAAAAA0EB06NChpKSkNjmbNm2KEUIAAAAAAAA7hQYhAAAAAACAnUKDEAAAAAAAwE6hQQgAAAAAAGCn0CAEAAAAAACwU2gQAgAAAAAA2CkcTA/wCJSVlfE8b5HIMIyLi4v4oyAIeXl56enp3t7eYWFhUmk131aTyZSZmZmTkxMSEtKoUSOGufdTZQHqRV5eXlpampubW1hYmFKptHi2NhGr1+vT0tK0Wm2LFi08PT0f1o0DWDKZTDqdzjpdqVTKZDLr9JSUlBs3bhBCoqOjnZ2dxfTaFOYAD5+tiCWE3Lp16+rVq1KptEWLFo6OjtavRfWjgUGpBPCwCYIwcODAap/6448/6IOUlJT4+PjCwkLxqfHjx48ZM8Y884EDB+bMmcNxHP1RLpd/8cUX7du3f5D3DmBTYmLiZ599ptfr6Y8sy7711lsDBgwQM9w1Yk0m05IlSzZu3CimBAYGzpkzx9/f/yH+HgC3rV69etWqVdbpI0eOnDRpkkViUVHR1KlTaXgvXLiwRYsWNL02hTnAw2crYm/duvXll1+eOXNGzNm5c+ePPvrIwcFBTEH1o+HBlFGAhy0rK6vmDNevX3/99dfNKxCEkGXLls2dO1f8cffu3bNnzxaLY0KIwWCYPn3677///gBuGeAudu/ePWPGDLE1SAjhOO7bb7/966+/xAx3jdgvv/zSvDVICMnJyXnppZeys7Mfyi8BcIcrV67UPvOnn35qHt5UbQpzgEei2og1Go2vvvqqeWuQEHL8+PFXX31VzIzqR4OEBiHAw5aSkkIfsCzrZEalUtH02bNn0wdOTk6jR4/29vamP+7duzcvL48QotPpFixYQBODg4NHjBghl8vpjwsWLBAE4aH/TmDXDAaDGJBPPfXUW2+9FRgYSH9csWJFLSP2/Pnzhw8fpomdO3fu06cPfcxx3LJlyx767wRAUlNT6QOnO7m5uVnk3Lp166VLl6yvcNfCHOCRsBWxv/zyi0ajofWTwYMHR0ZG0vS8vLz9+/ej+tGAYcoowMMmNgjHjRtnPXHIZDKJGRYtWhQYGPjqq6/27dvXYDDQKUzvv//+lStX6I9OTk5Lly6VSCS9e/ceP348IUSr1SYkJDz33HMP/dcC+7Vz504xIL/77juGYSIiIqZOnerh4UHXpdQmYk+cOEGv1rVr11mzZhFCQkNDf/jhB0JIQkLClClTsJ4QHia9Xi/WjHfs2FHDEqnc3NyFCxdap9emMH+QvwFA9WxFLCFELIfffPNNurZlxowZiYmJtHevb9++qH40VBghBHjYLl++TB80bdr04sWLFy5cqKysFJ/NycmhD1iWpcMsDMN07tyZJp4/f54Qcu3aNfpjeHi4RCKhHXXiAGNycnK172s0GtPT062niJSUlNBl5QD35u+//6YPYmNjab05PDz8wIED69evnzdvXi0jVszTsmVL+qBbt27iW4hjNRZsRW9ubq5ara7X3xLsS1paGn0QGBhYXFycmJh48+ZN62yCIMTHx1uXq7UszKtVbfQKgpCRkWE+KxvgHtQQsYQQsTgVy+Fnn32WPigsLKysrLy36oet6LVVLYGHDyOEAA+bWJ5+/PHHYuLIkSMnTJggkUgUCgVN4TiupKTE1dWVbmpHE4uLiwkh4tpu86qw+ML8/HzrN/3222/37NnDcRzLsvHx8bSqrdPppk+fTueNqFSqBQsWNG7c+IH93tBgiRVlk8k0efLk1NRUpVIZFRX17rvv0mG92kSsdR7zTUqto9pW9F69evXjjz8uKCigdZq5c+dab3YKcFfi4N7169eHDRtGH3t7e8+ePTskJETMtmbNmoyMDEJI9+7dk5OT58HXAwAAIABJREFUzRtytSnMLdiK3n379i1YsIDWp4cOHTplypQH+atDQ1ZDxBJCZDIZHQDMzs4OCwszL5lpm/Aeqh+2orfaagk8KhghBKhPgiD8+eefU6ZMqbZYpPt60dLWwrp16+bMmUMI8fX1FRPphhyCIIizOPR6Pc/zTZs2pT8WFhYWFRXRB+K+BbQyYW7r1q07d+58++23d+zYMXDgwE8++YTu0jFr1qysrKx58+Zt3rzZ399/2rRpJpOpnj4JaDj0ev3SpUvnz59f7Rb8hBCxSrFz5046lKfX60+cOBEXF5ebm0sHw2mGGiJWrGSfOHGCLkQ5fvy4+BbWUV1t9Or1+vfff9/d3X3FihU//fTTtWvX6NcKwEJBQcHMmTN37dpla3Si2h1lCgsLJ0yYIC7/u3bt2s8//0ynz7333nsWmWtTmJvntxW9V69enTNnTq9evbZs2RIfH7958+Y9e/bc9wcADdCVK1cmTZpUw2ZINUcsIaRJkyb0wbFjxywe0Piva/XDVvTaqpbAo4IGIUB9ev/997/99tv09PQxY8acOnXKOsPVq1fFx3Fxcebbb+zfvz8lJYVhmH79+tGUr7/+eubMmcOHD6dLWSidTteiRQtxI/5Ro0bNmjVr7NixYobS0lKLN920aVPbtm379+/v7Ow8efJklmV3795dVlaWmJg4duzYtm3buru7T506VaPR1DCLCexTZWXliy++uGvXroSEhEGDBmm1Wus85eXl4mMfH58BAwbQbQYMBsNXX31FCKlNxPbp04dlWUKIRqMZOnTozJkzv/76a4s8IlvRe+rUKa1W+9577wUFBYWFhQ0fPvzw4cPWZ36CnUtJSRk5cuT58+cXL1782muv2cpDH4SFhb333nt9+/al8UkIoe00juM++ugjmvLxxx9bn9VWm8LcPL+t6N21a5dcLn/rrbfc3Ny6d+8eERGxdevW+vswoIFYt27d22+/ff369X//+9+LFi2yznDXiCWEiIPhv//+++TJk19//XXxNCy6SrCu1Q9b0VtttaQ+Pga4R2gQAtSbzMzMM2fOLF++vGXLlq+99prYE2wuOjp67dq1c+bMWb58+auvvjp48GDaXUfRXuQ33nhD3IzuxIkTFjM6nJ2dJRJJfHw8rZ1wHJeQkGA+6mi990ZBQUFwcDB9LJPJPDw81Go17eQWuwODgoLoAGb9fR7QEOzatcvb2/s///nP6NGju3XrRncXsCDOgpPL5WvXrn3nnXfmz59PUy5duqTVamsTsT4+PuJUIo1GY/H18fLyMv/RVvTSPmYxnT64detWvX4k8MRbvnz50KFDe/fuPXv2bJ7nq12G+tNPPy1evPjzzz9fvHhxv3793n///REjRtCnzp07JwjCzz//TOOwV69eHTp0qPaN7lqYm/9oK3qvX7/u5+cnNkeDg4OxPhasrVixYtasWWFhYXPnzj137px1R1htIvbZZ5/t2rUrfZyamip2i1BeXl51rX7Yit5qqyX3/RnAvUODEKDe0P42WoC++OKLb775pnUehmF8fX3bt28v/tWXy+WtW7emj+nyQkdHx19++WXo0KGBgYFOTk5RUVGvvPIKzSAu3Q4PD//111+fffZZNzc3Nze3nj179ujRgz5lPk+J4jhOfCEhxMXFpbi4mE7od3FxoYm0amLeew1AG3tqtZquEoyPj+/Vq5d1Hg8PD/ogKiqKbioTEREh1gAyMzNrGbGDBw/+5ptvIiMjnZycAgMDx44dK46f+/j4mL+jreil6VLp7eXxNAOiGiw4OjqmpqZWVFQoFIply5ZVu3ZaqVQ2a9asS5cu4v6iYkWZrpVat24dfXzq1Km4uLi4uDixRvvhhx/GxcXp9fraFOYiW9Gr1+vNm44uLi7W4zAADg4OdE+Xli1b/vjjj3THF3O1iVg6G3/atGlhYWFKpTIsLMx8L1zau1Gn6oet6K22WlLfHwnUATaVAag3Pj4+Y8aMmTFjhlwuX7p0aVxcnPVuFmq1Oicnp6CgICAgQNzFS5w4ZD7S8sYbb4gDJr/++it9IHY207eLj48XKyvTpk2jD6xLZJZlzRcHVlZWqlQq+l5iOu3ks+ixBujVq1dCQsJ3333n4+OjUqn69etnvf++r68v3VBRbHpJJBKWZenqLLGjujYRGxUVFRkZSfPwPL9mzRrrPOI3xTp6LdaD0XSx3QhATZw48e23305OTr5x48Yrr7wSFRVlkYHjuGvXrhUWFqrV6n79+tG6tfkMT/OdNjQajUWnA02h8Vmbwpyy+HshRq+jo6P5WxsMBicnp/v+DKCh+eCDDz777DODwfDf//735Zdf9vPzs5Wz5oglhAwaNGjgwIG0HDYfJBRnatS++mErequtltzHbw/3CyOEAPVp/PjxW7ZscXR03LNnz4wZM6wzLF++/O233/7qq68++ugjunOGTqdLT0+nz9JNvWbMmDFgwICePXsePHiQ7kOwc+dOmoFuWa7VaseOHdunT5+ePXvSxdxqtVrc7lnc1lzk5uZWUlIi/lhaWurn50dLdjGdrg0T1wYAUHK5fM6cOR999JGjo+P//vc/sTprrk2bNvRBamoqDaRr166J84iCg4NrE7GnTp0aMWJETEzM8OHDafqRI0doA49l2YiICPN3tBW9tJIt1j9oBovppgD+/v7r16/v3bs3x3Hvvvuu9QndZWVlkyZNmjlz5jfffHPgwAGaKO6uIZfL3dzcxDFwWxiGuWthbs5W9Hp7e5sPCZaUlFg3JgE6deq0e/fuRo0aZWVlvfzyy9ZnPNQmYlevXj1kyJAePXr897//pYk7duygD+g5E3WtftiK3mqrJffx28P9wgghQL3Jyso6c+bMgAEDgoODX3rppXfffdc6T/fu3ekWWxqN5vXXX4+Ojt62bRt9imXZvn370n5iukvHt99+e+3atXPnztGdu1iWpQu+VSqVRqOhFe5///vfPXr0EFdjh4aGihNQRY0bNz5z5gx9XFRUpNVqAwMDaYUmKSmJ7vWclJSEBiFYS0xM5DjOyckpJiamvLz82LFjY8aMscgzZMiQFStW0Mbb8OHDe/bsmZCQQJ+ikUYDvuaIbdy4sVi9mDFjRlhY2Pr162meYcOGWQye2IpeOsSdlJTUpUsXQsiZM2ecnJysp06Bndu2bVtUVJSTk9O0adPmzp178uRJcb4G5erqGhwcTGc7z5s3LzU1tbCw8OjRo/RZWg6LDUXRsGHD6By8hQsXtmjRojaFuTm6jsA6eoODgw8cOFBaWkrHupOSkp5++ukH/AnBE0an061fv37MmDEqlep///tfbGxsWlqaRWWgNhHr7u5OBw8PHDigUCiMRuNvv/1GM0+aNOkeqh+2orfaaskD+3jg7vBnEqDeVFRULFiwgB5nfPr0aYsxDap9+/bmK7ZXrVolbtv44Ycf0lWIcXFxNEWv169du1bsvZ48ebI4pXP8+PH0QXZ29qpVq2iZzrLsO++8Q9MzMjLmzJlDdykYNmxYTk7O1q1b1Wr1vHnzlEpljx49GIYZOHDgzp07z549e/369SVLlrRt2xZddGDh6tWr33zzDZ1NdPbs2Y4dO1rnUSqVkydPpo8NBsPevXvFzun4+Hj64K4R6+vrGx0dTR8nJiauWbOGtjC9vb1HjRpF0xMSEubOnUt7squN3mbNmjVq1GjhwoW5ubknT548dOiQ+G0CEB06dGjJkiX0eMDr168/88wz1nlmzpxJH3Act3XrVrE1GBoaOnr06Fq+UW0K81WrVtHFXbait3///rRJqVarf/31V41GI34jACiFQrFmzRo6mnfx4kWWZcPDw+/hOj169KBdeHRHMbE12KlTJ3EmyF0Lc4PBMGfOHLoxmK3orbZaUh+fBNwj9tNPP33U9wDQQHh5eanV6m+//fbmzZs3btx4//33refTizsTXLx4kU4ZFQ87FqvaHh4eYWFhiYmJRqORpqhUqs8++ywmJka8SEREBMMwycnJ4kVCQkK+//578TC3CxcuLF26tEuXLv7+/o0aNdJqtatWrdq4caPBYJg5cybtim7ZsuXZs2dXr169bdu2wMDA+Ph4LE0BC2FhYYcPH6ZNL3d39ylTplR7znvLli1DQ0PNg9bf33/+/PnNmjWjP941Yul0o+zs7KysLDHlX//61/z588Ww3LJly549e1566SWGYWxFb2Rk5J49e9asWZOQkNClS5cpU6ZYL3oEOxceHr5y5crk5OQDBw4899xzQ4cOtc7j4eHRsWPHy5cvi7vUsiwbExPz1VdficdwW9i8eTOd8Pn888/Ticq1Kcxnz56dk5MzcOBAW9GrUCgaNWq0Zs2a9evXX7ly5ZVXXunevfuD+WDgSSWRSPz8/L7//vuCgoJDhw698cYbrVq1uuurrCNWJpN16tTp/PnzYtjL5fJx48aJjb3aFOaVlZWzZs3y9vZu3769rei1VS2BerRkyZLKysra5HR3d2fEf04AqBfFxcUzZ85cuHBhzdVQjuPy8vJu3boVGhpa7XFAPM/n5OSo1eqmTZu6urpWe5HKysobN25UVlaGhoaab3JQLYPBoNFoLHZrpHP3eZ639RYAdPpQVlbWhAkT7ppTrVbn5uY2adKk2h0CahOxpaWl169fd3BwaNq06V1ne9qK3oKCAjc3N3ocIoA1QRC+/vrrPn36WO8oY6G0tPTGjRtOTk5BQUH31rlQm8LcXLXRKwjCzZs3/fz80MEBthiNxtdff33BggXVdtvVSWFhYU5Ojq+vr62FJHWqftiKXlvVEqgXHTp0MF+oWYOmTZuiQQhQ/4qKirCPBTQklZWVBoMB23VCQ1JSUuLk5CQe8wDQAKD6AaI6NQhRDgLUPxTH0MAoFApb0+QAnlCYFgEND6ofcG+wqQwAAAAAAICdQoMQAAAAAADATqFBCAAAAAAAYKfQIAQAAAAAALBTaBACAAAAAADYKTQIAQAAAAAA7BQahAAAAAAAAHYKDUIAAAAAAAA7hQYhAAAAAACAnUKDEAAAAAAAwE6hQQjwkBTk5/M8f88vN1RWbt60acXy5SaTyfpZjuMMlZUW/wmCYJ4nLzc3KzPTIlFkMpkK8vOt08vLy0s0mnu+bWhgDAZDfn6+rSiq1RVqjGRRQX4+x3EWiWVlZXm5udYvtJUu4nm+ID/fOpKNRmNubq5er6/77wENCsdxubm591xE5+bmfv/ddykpKTVnK8jPz8rMtHiXYrW6sLBQ/E7VpjA3v6DF18RoNJq/0PpLBHaF53nzeDAajfdwEUEQThw/vuD778vKymp4o4L8fI1VGWswGHJycvQ6Xc1vkV9dBam8vLzmgh3qEXM/f9cBoDZO/vXXmTNnjEajRCIJDQ3t269fXa+QkZ6+d+9e+qedYZguXbu2bdvWPMPvBw9evHjR4lXPDxgQEhJy+woZGbt27iSEvDZ5skKhMM9WUVGxfdu2goICQRBkMtlTTz3V7V//IoTk5OQc2L9fq9USQhwdHbv961/h4eH39AFAQ2AymTZv2pSfn0+DMLZ373uIh7tGMiFk39696enpHMcxDBMQEBATG6tSqXQ63Yb162k0MgzTtVu3Nm3aEEJspZu7fv36zh076Ju6urqOGDnSwcGBEJJ48uRff/1F84SFhfXr3/8+Ph54su3Yvj0zM3P8q686OzvX9bUb1q+/efMmfaxSqUbHxcnlcuts2TdubNmyhRDyyvjxLi4utBm5fds2WkeXyWQDBw0KDAy8a2FOVfs1IYQs+vFHg8EgZoto2TImJqauvxE0GMePHTt16pT4o1wun/z663W6glarXb9undhrFhIS8vyAARZ50tPS9u3bR8tYpVI5bPhwNzc3Qsixo0dPnz5N8/gHBLzwwgtSqdTitb/t25eWlkYjOTAwcPALL0gkEp7nt2/bduPGDZrn2e7dIyMj6/7b27sOHTqUlJTUJmfTpk0xQgjwYBUVFZ08ebJJkyavTpgQ3anT1atXL1y4UNeLHDx4kOM4JycnlmUFQTh+7JjFmIanl5dHFaVSSSvHrioVfbaiomLf3r22Ln7o0KH8/HxHR8cWLVpwHJeUlEQr/Xv37NFqtb6+viEhITqd7veDB9HZbM8O7N9fUFDQt1+/V8aP9/Pz+23fvrt2+lq7aySfP38+NTWVYZjQsDAHB4ecnJwd27cTQnbt3KnVal1cXIKDgwVB+PPIkdLS0hrSRTzP7961i+O4gIAAR0fHkpKSgwcPEkLURUW0NRgSGsqybFpamnUtHOzEpUuXMjMz7+21F5KTb968SRt4UqlUq9Ue/fNPizwVFRWJJ09u377dPJHjuG1btxqNRv+AAC8vL6PRuGf37rsW5pStr0lFRQVtDbpV8fLyurffCxqGvLw8hUIRExtL/4vt3buuV0g4dEiv19OOEpZlMzIyMjIyzDOUlZXt2bOH47hGjRs7Ozvr9fqNGzYQQlJSUk6fPi2RSIKDg2UyWV5u7v7ffrO4eEpKCh1XbxERoVAosrOzExMTCSFJZ87cuHFDJpM1bdqUEHI4IcGiYId6Z9lSB4CaVVRU7Nu3Lyc7WxAEd3f3fv37u7u7E0KW/fxzo0aNrl69KpfLR40eLXYz01lqYc2aOTk5tWrZ8vixY/k3bz711FPiBbVa7bq1awMCAmiv22/79mVlZY0cNUpVVQPgOK6iooJhGB8fn7KysmHDh1v3sUVFRUVFRdHq74rlywkh/Z9/3rOqKrBzx44aJl3QO2zdunWHjh1v3ryp0WiKCgt9fX0rKioIITGxsa6urgt/+MFkMhkqK5WOjg/gQ4VHoNpIVhcVbdy4MTQsLOXKFW9v7xEjR4r5o6KiWj31VFBQECHEz88vLy9Pr9ebx8Ply5cPJyR0jI5u06YNz/Orf/mFYZixL70kZqhNJJeXlfn4+LRp2zY8PPzixYu/HzxIR/86deqUm5v79NNPy+TyHxcuFARBc+uWi4uLrXTxgunp6UajUS6XvzhsWGFBwdq1a69lZBBCaK95UJMmzz///F9//ZV48mTSmTOtWrV6sB86PGCFBQW//fabRqORSCSNGjXq07evXC4/m5SUnJzsoFTm37wZGRlJZ0CItFrtH7//7ufnJ47ymTtw4EBGevqQoUO9vb01Gs2G9eubhoSYj7nlFxQQQgICAlJSUl4YMsTX11cisexqP378+IXkZCcnp/LycvP0mJgYjUbzTIcOWVlZ27dtq6io4Hm+5sKcsvU1yc3NpcPgsb17Kx0cXN3c6ulzhcfFn0eOXLx40Wg0Ojo6PvfccyGhoTVUPwgharU6MDAwLCxMp9O5urpaXO2u1Q9CSHFxMSGkcePGKSkpk19/nWVZi4tkZGQIguDq6jpkyBC9TrdkyRK9Xp+ZmZly5QohpGWrVj169KBRmpaWJggCwzAWF/f29o6NjU1ISDh/7lxRYSEh5Ny5c4SQzl26REZGrlu7tqCgICkp6V93fnOhfmGEEKBuNm3adD0rKzAwMCIi4tatW2vXrKFtrfLy8itXrri7uzs7O5sXx8FNmzo6Oh7Yv3/v3r2rV69mGKZ169bmF1SpVE2aNMmokpKSEhoaal4csyzr5eUlCMK1a9fKyspu3bpVw+0dO3asrKwsMDBQnF907uzZvLw8+mejWu3atyeEnDx5ctnPP2s0GrlcHtasGZ1rRAhZt3bt0iVLBEHw8fFBa7AhqTaSjSaTwWC4fOmSj48P7ekQ+QcEBAUFqYuK9v/229mzZ93c3Dw8Pc0zREREyOXyY0eP6nW6Q4cOaTSaLl26mGeoTSR36tx55KhRdDIqrU+oXF0JIY2DgjpGR+fm5tJodHNzC2zUqIZ0Ee3vcHR0JIS4ubvT9TAVFRXa0lJCCB14obObdHUf8ITHSkVFxcaNGzUaTUTLln7+/pmZmVs2b6b/srdu3SosKPD29nazaiNt2bzZ29u7lVknnbno6GiDwbB71y5CyPZt2wwGQ+fOnc0ztGzZkg50EEKuZWRUuwzHydHxmWeeGf/qq+aJLMs2a978mQ4djh09unPHDnop88akdWEusvU1ycnOJoSUlJRsWL9+5cqV4p8naBj+PHIkKSnJ0dGxbdu2RqNx165dtBfDVvXDZDJVVFRkZ2cv+vHHlStWLF60qLCgwPyCd61+EEKaNWtG+/sEQcjOzra+K9pEpHM9ZFWTpW/dukWDWVtSQggRF6pYDPS1atVKKpXevHlz2c8/nz93jmEY2htC+6Ppt5W2Y7W1m/oI9wwNQoA6KC4uLlarmzVvPviFF3r26tWjZ0+TyXT27Fn6LF09Mmr0aItXefv4cBx3NTVVr9d7enq6e3hYZOgVEyOXy/f/9ttv+/YplcrnevSwyNCjZ086d0iv169ds+b3gwervT2e55PPnyeEdOzYkaaUlJQcOXJEKpXGxsba+qUCAgKUSqUgCHS9eJMmTWjZHRERwTCMyWSqrKwkhERGRdX9A4PHVM2R3KpVq+EjRlQ7uej0mTNXrlwRBKFx48bWewAMGDiQ5/mNGzdevHAhJDTUuhuilpFMeyho5aNb165iYlpaGp0R1yQ42Lyb2Va6WP+QsCxdpnU7Uaul813pECX9X/OVV/AkupCcbDKZYmJje/bsOWTIkNCwsIKCAjoEQQjp07fviJEjWz/9tPlLDicklJeXDxg40NY1XVxcunTtqtVqV69eXVJS8lyPHk5OTuYZ/P39ad8ZHXZeumRJYWGhxUU6Rkd36tzZIjJFKSkpPM8zDNM4KEhMtC7Mq2XxNcnLy6PptE5fWFh4OCGhhpfDkyU5OdnR0fGlceO6dO067uWXCSHi/ORqqx95ubl0UV9s794RLVsaDIYtW7ZYlNt3rX60bdfOx8eHdqVt37Zt5YoVhspK8wyNGzem5efhhAQ67ZkWvEFNmhBCsrOz//77b/E+6VC2yNnZ2dfXl847pV83H19f2pQVS2ZWKhUzwIODBiFAHdA/vbTDjG5EQf/o0h9poWnhzOnTWZmZ7du3f2PKlN59+hQVFe3cudMiD8uy/fr3NxgMRqNx8ODB1jOO/Pz8Xp0wwc/Pj/548eLFakdXUlNTTSaTXC5v1LgxTdm6ZYsgCF27dRPrIkaj0aIPe+eOHXq93s3NrUvXrjKZ7OrVq3Q23ZbNmwVBCAkJad++PV1CVqxW39PHBo+dmiM5IDDQ1gtjY2Nff+ONp59+Ojk5+cyZMxbPent7R0ZF0XHmPn36WL+8lpGclJR08q+/6MKSJsHBYvozHTr0799fLpefO3v278TEu6b/0wgUBDpnlSbK5XJa1aDfBVpDsp4KBU8WOmFSHE9r3qwZIaSgakik0Z1Dx3SXl3PnzvXs1cuxxrkPbdu29fDwKFar/QMCqp1UHBMTM7JqcnVlZWVd22D9+vd/9tlnBUHYt3evuqiIJloX5tasvyaxvXvHxMS8NG7cy6+8Qm81PT29TjcDj63y8nKTyURbWbSZ5+zsLO7qWW31I7BRo9FxcWPGjg0PD4+JiWnWvHllZWX+nduJ37X6oVQqR44aZd7LfD452TyDSqWiw3rnzp0T1+IqFIqnn37aw9OT5/kTx4+L7UC6oZcoMTExJydHJpN16dpVpVJptVq6GpbWWASeF8tnsTsPHhA0CAHqQMIw5iWaVCplzHp96dCHhbS0NJlM1rlLF6lUGh4e7h8QQDvtLIgTe0qtusGMRmNeXl5BQYGnp6e3t3dgYCCdv2F9kewbN8SpnnSiFC2FEw4d+nHhQpq47Oefr9z52qKiIlqTaNeuHX1t2tWrN2/e5HleIpE8P2BA5y5d6MyNlNTUun5i8HiqOZJt1Y9plMpksn89+6xEIklPS6smj9FIc1be2Ytc+0i+fOnSn0eOEEKCg4PFkW2e5zUajYeHR2hYGG3HXr16tYZ0EZ1ARUf/xA1snF1c6O9IU+j/Wuy+C08ihmHEhakKBwexZkl7ASwyHz9+nBaPi378MeHQIULIL6tWnTbbklF0e11AdWMUJRpN5rVrdDZyr5gYQki1axGrZTKZtFqtn59fZFQUHdO7dOkSfcqiMLdW7dfEzc2tRUQELa7p3Ol7O2YAHkO3C22zYoqW2/RxtdUPiUTi5eUldnXRDVosFrLWXP0QBKGwsDAzM9Pbx0cikXTp2pUQctWqJvCvZ58d/MILbdq06duvH/2zQuM5Li6uZ69ebdq2HVg1CG8xH5Wu6I6MjGzXrl2Pnj3Frw9t/ukrKsTpo/ew/S/UCRqEAHVAZ3uK9eDrWVmCIPhWDXdUSxAE8y43nuOsJ9oZDIbf9u1zdHRUKpW/7dtnMXWtqKho44YNmzdtMhiNhBA6YcnDat4pIeRmfj4hJLiqB5G5k5goYVmdTlesVtN6MB0koROrSqu27799tzxPZ9bRElliY8oTPHHuIZIX/fjjpo0b6WOT0Uj7Cyzy5OXmXrx40T8gQBAEuizKXG0iWaPR0F1AAwICBg4aZP7uq1aupLvbqdVqcTaRrXStVlusVptMJrrLYnl5eWVlZVZWFs3Asiz9BOgUO7q5ufWOC/BkcXd3FwQhu2qreto14O/vbyt/8+bNmzVv3iQ4uElwMF0xGxgY6HnnylhCyIkTJ7RabXBwsFarPXHihMWzu3fv3rFjBx2poyFdy56FwsLChT/8sHLFCoPBIAgCraZLq4ZBLApzqlitpgW1ra/JiuXLF3z/PR26p1Ht7e1dm5uBx5/S0ZFhGHEIjuM42hdWw0vOnz///XffiROJM69dYxgm2GzOxV2rHzzPr1+3bsf27bk5OWKrzGIhrl6n27hhQ8KhQ527dPH29qa1hQB//+vXr69bu/batWvdunW7pdHQThm5XG4wGIrVajqZn1Y/6LPms0npVykrM5PuFEUIwX65Dxp2GQWog4CAAAcHh4sXL7q5ualcXQ/98QfDMLTXzZbw8PBjx479fvBg+2eeSU1Nzc/PD7Saj7d3716j0Thk6FCe4zZu3Lh3795BZn9KMb4eAAAgAElEQVTj/f396VSKq6mpDMMUFhYyDCNO9jNHV12L+9Eplco333pLfPb7774jhEx67TWFQkEP3WoREREbG0t3jPz94MFTf/9N5580a9bMx8dHKpWaTKYVK1YoFApaxNOJhdAA2Ipk+g9dracjI0/9/ffZs2cD/P0PHzlCCHnqzn04OI7buXOnTCZ74YUX/k5M/Pvvv8+fP/+02ZKt2kTyiePHaRWBnvRNZzRNmTr1qdatzyYl7d61y9HRkVad6WIwW+lr16yprKzs179/WFiYQqGorKxctXIlHbSMiIig8wDPnT2r1WpXLF9OKyLtn3nmwXzY8JA8HRmZlJR08ODB5557TqPRXLl82cHBwWJEwlxUmzbiwmi6C2KPnj0tBiKKi4tP/f23n5/fwEGD1q5de+rvv8PDw81r4dGdOu3auTMpKYlOvyeEhLdoUZu79fb29vDwKC4u/nnpUoZh6DlsLSMi6LMWhTnt1Fi9ejUh5K1p02x+TZ566vjx48eOHr2QnEwL84iqC0ID0KRJk8zMzMOHDzdv3vz4sWO0U6OG/C1btjxy+PCB/ftje/fOzcm5evWqt7e3xd7ONVc/WJZt0aLFpUuXaC8DPTfCYiGu0tFRq9WWl5cv+/ln+hfEx8fH1c1NJpcXFRUVFhYuX7aMNv/oTgRXrlxJOHTI2dl5/KuvhoWFFRUVpaelrVq5kp6YFxAQQDe1PnTo0KVLl27cuKHX6xmGsXhTqHcYIQSoA4ZhXhgyRC6XHz58eOeOHQaDYeCgQbS3zHwUzly79u1bRERcvHhx5YoVJ44f9/b27v/88+YZMjIysjIzW7Zs6evr6x8QEB4enpWZaXHOT5++femOjvTs+P79+1uvd9LrdCaTiWGYmmdWWN/igIEDg4KCGIahFYjm4eFt27WTSCQvDBlCT8cqKyuTSCTPdu/uiS66hqKGSDYfIjb3zDPPBAcHH/3zz3Xr1t3My2vfvr3FfLaEQ4cqKipiY2OlUmmnzp2dnZ2PHD5scVbhXSPZ+jg4WvGNjo4ODg5mGKa8vJxhmPbt29PdHW2lmxs0eLBcLtfr9TzPe3l50b1PXVxcnu3enWEY2hps2bJlkztHY+CJ4+rqGhMbq9PpduzYceTIEScnp9Fxcfd5zR3btzMMQwvtAQMG0BTzDCEhIZFRUTSMeZ5vEhwcHR1d8zXF71fv3r19fHyMRqPBYJDJZP369aMHRVRbmJt/K219Tdq2axcSEiKRSDQaDcMwT0dGohrdkPTu08fPz+/c2bMbN2y4efNmh44d6e64tqofUqm0Z69eHMdtWL/+6NGjLi4uFmfK16b60aVLF3Eht1wu7/7cc9bLcXv27KlUKvV6vSAIXl5eg194gS49eKZDB6lUSluDLSIi6FfD/EY7dOz4VOvWcrlco9EIguDh6dm3b1/a09eseXO6OQ3DML169bKe8g31i6l2i2QAqJlep+N4vvaT2jmO09y65aJS3U+h9tu+fYVFRWPGjLnnK9RAEIRbxcUqV1eL7kPaIHRzc7O1RR480eoayTzPa27dcnN3t54vWnv3HMk0Sq3f3Va6uZKSEoVCYbGlga2whydaSUmJUql8mDVIjuN++L//GzJ0qHVd+a4MBoNer6/fGcvFxcXu7u4otBsko9FYXl5ufYBKDcrKymQy2f0sk76amrpv3z7zOUfWtFqtg4OD9feuuLjYzc2t5j8ZJRqNwsHBonw2mUzakhJ3Dw9E8r3p0KFDSe2O62jatCkahABPjJycHJ1OV+1kUYAnCCIZGp6TJ08+/fTT1e7tAfCkKy0tTU1Nbdeu3aO+EagDNAgBAAAAAADsVJ0ahFhDCAAAAAAAYKfQIAQAAAAAALBTaBACAAAAAADYKTQIAQAAAAAA7BQahAAAAAAAAHYKDUIAAAAAAAA7hQYhAAAAAACAnUKDEAAAAAAAwE6hQQgAAAAAAGCn0CAEAAAAAACwU2gQAgAAAAAA2Ck0CAEAAAAAAOwUGoQAAAAAAAB2Cg1CAAAAAAAAO4UGIQAAAAAAgJ1CgxAAAAAAAMBOoUEIAAAAAABgp9AgBAAAAAAAsFNoEAIAAAAAANgpNAgBAAAAAADslPRR3wDYhcCAoEd9CwB3yMm9fp9XQFTD4wZRDQ0PohoamPsP6QcBI4QAAAAAAAB2Cg1CAAAAAAAAO4UGIQAAAAAAgJ1CgxAAAAAAAMBOoUEIAAAAAABgp9AgBAAAAAAAsFNoEAIAAAAAANgpNAgBAAAAAADsFBqEAAAAAAAAdgoNQgAAAAAAADuFBiEAAAAAAICdQoMQAAAAAADATqFBCAAAAAAAYKfQIAQAAAAAALBTaBACAAAAAADYKTQIAQAAAAAA7BQahAAAAAAAAHYKDUIAAAAAAAA7hQYhQD2TSCQ9e/Vo1apVDXnatWvXokW4dXqPnj18fH0e5N0B3AtPT8+evXr4+/vXkKfa6PXw8OjZq4dcLn/ANwhQZ82bN+vZq4dSqbSVwVb0hoWFduoU/eBvEKDOOnR4pkvXzjVksBW9tqolYCfQIASoZy+NG7tq1Yrde3ZIJDa/X7+u+eX/fvjeItHJyemXX1ZMmjjBIv21yZN279n5YG720bwRPHF+WLhg1aoVq39dZSuDregdMmTwqlUrQkKaWqT/tGTR13P++2Bu9tG8ETxxtm3fsmrVig8+eN9WBlvRO3v2l2vX/WqR2LFjh6Szpx/Mnd7B09Mz4fAfMTG9HsJ7wZPF29tr67bNGzasi4x82laeaqPXVrUE1Q/7gQYhQD2bMGG8TqeTyWTjx79cLxccP/4Vf3+/ernUY/JG8GRhWbZTp+jy8vIWLcL9/OonQvr16+uqUtXLpR6TN4InS6dO0a6uruXl5SNHjayXC46OG+3j410vl6pZZFRks2ZhGHUHa++992+e500m00cffVgvF0T1w36gQQhQn/z9/Zs2bfrjj4sL8gsmvTbR/Kl33n370uXkG9mZR48dlkpZMX35ip8zrl3Nup6xbPlS6wsuX/FzYGCAr6/vlZRLtBJz+kzijezMrKyMXbu2u7q6Wr9k2PAXk5JO3cjOTDp7+t1/v0MT5877OvXq5eycrOycrITDf3h6ehJCtu/YunPnttSrlzOz0g8c2Gf+RgCi8eNflkqlLw4dLgjChzNnmD9VbfR6/j979x0fR3UtDvzcOzPbV7IkW+5NNi4YN8AGU0LonQChJkAK4eEQes1L4BeS914ChCTUAAETkhAgIYQeEhx66A6muOEiW7ZlW1bX1pm5957fH3d2NFoVCyGZ2Drf8CG7q9nZwtHonlvOrah46aUXazZWV69fc9rpp3U+4ftL3mGMHX/Ccc899zQAXHDB+Z+uXrG5tmbtuk9/8cufd/kefvaz/1u5atmmzRtef+OVo48+CgBKS0ufevqv1evX1G7ZWLOx+rcPLdJHrlj5ySOPPlyzsfrT1Ss+WLok+EKE+K688vJcLnf1Vdcmk4nDjzjMf7y76P3ylw95f8k7m2trVqz8ZNz48UVnO//8b5166skAUL1+zYIF+3PO77r7jvUb1m6urVm5atnZXeWcpmU++dQT1evX1NRUP/Psk+PHjwOA2bNnvf3OmzU11bVbNlavX/PdixbquXzV69f84eHfbdq84Z1333zwwfsB4Ne/vuuGG344kN8Q2fV85eSvfPzRx//4+4v7L9g/OBe6u+jtrlmiFTU/KodXvvD352s2Vm/avOG999+eNWtm5zcwZcoe/3rzNX35fWDRb/Q8qbPPPmvZ8o82bd6wubZm2fKP9ITV7//3dR8sff/V117etHnDkn+/R82PLxwlhIT0p2uuvQoR7//N/Y8++tjo0aOnT5+uHz/8iMOuvvpKxtiTTz41ZswY/0p98y03HXXUkbW1ta+9+vqBB3Yx7/+JJ/6azWaz2eyDix4cNmzoY489UllZ+c9/vrR6zeq5e8/92wvFUyzmzdv3V7/6RbIk+dhjf7Jt+6qrrpgxY8Y553zta187e+vWbXfffc/y5Sv22GPyz276PwAYPnz43vvsjYiNjY1PPfW0/0ID/z2RXcm3z/92fX3Dxx9/smzZ8hNPPMF/vLvofebZJ6dOm/rOO+9WV1fPnLlX5xM+9NvfAcDGjRv/+MdHjz/+uBt//CPDMB7/81/S6cxZZ53581tvLjr+qquuOO8b5+Zz+T/8/uGRI0fe/es7DcP49T13zZu377/eePP+3zzQ0tJ61FFHnnTSiQBQUlJyyCFf2ratrqmpedEDi/wXGshviOxiQqHQ/gv2f+2115955lnbtq+9tn3WaJfRW1FR8dDvHqwcVvnMM8+6rhgzZnTRCd99970NGzbo2F6/fsPtd/zqlFNObmlu+cvjT4TD4Vt/ccuXv3xI0VOeevKJ+fPnrVmz9q9/fXLu3Ln33ncPADzy6MOjRo184q9//fOfHmeM/fCH/x2Px5PJRDgcPuywQ9evX19Ts/HVV18DgNffeOOll18Z+K+K7DIOOeRLyWTigQcevPXWX3DOL7v8Uv14d9HbXbPEF2x+AMDzzz8za9bMVas+ffmlV0aOHPnss08nk4ng8clk4tnnnh4/fvzLL7+ydOmHxx57zFVXXVFRUfHzW282DGPRAw++8sqrQ4YM+fU9dwPA8MrK4cOHT5wwoaamZsmSJdT8+MJRQkhIfzrhhOPXrFmbSqXvufc+RLz+Bm/axjXXXC1cMXPmnEsvufzAA77kH3/66V9dt27dwQd9+bzzvnnjj37c+YTPPft8c3NLKpW65ZZbL7n0EtMyf3zjT771zfOPPOKY9957f8KECUVLBS6/4jIAmLfv/tdcfd2RRx7d0NB4/PHHjho1qrq6+sgjjv7ZT286+qhjhSsmVVXp4xFxwf4H7bP3/Lvvvsd/oQH+ksiuZNy4sePGjX366WcAYNGiB0Oh0DnnfE3/qMvonTBhwoQJE37/uz+cecbZRxx+9FtvvtX5nHfffQ8ifvLxskcffeyaa68GgP3mH3DFFVfNmb13JpM54/TTi47/9vnf2r69fu7cfX/wg+sv/t6ltm0fcMACAHj55VfOO++bN974k/PO/YYeXdHHNzU17Td/wYL9Dwy+0AB/T2RXcsEF53PO77j9TgB4/fU3ZszYU0+a6C56zz//W5ZlnX76mRd99+LZs+a2tbUVnXDZsuUffPAhAPzkJ/+7bdu2k048MZVKz5277+WXX3nAgoMB4Ec3/r/g8dFodO7ec1944e9HH3XsFVdc9ceHHxk6tGLo0KFNTU23337nlVdcfcUVV/3hD39kjI0bN04/5Z+LX/rSwYeeecbZv//9wwDw2KN/6vKXiwxaV1x5uXDFk08+tXr1moaGxnPP/bp+vLvo7a5Z4gs2P2bPnjVq1Ki33nzr6KOO/cY3vvXTn95kWubV11wdPP4rXzkpkUhccvFl3/rm+Wed+bVPPlm277x9Z8+ZXVu75bxzv3njjT8595xvrF27rqxsiP+Ua6697qADD1l44UXU/PjCUUJISL85/IjD4vF4NBpd9OD9t932SyHEQQcdqFd6jB07ZtPmTcIVAFBbW9va2qrbBOFw+O233tFP/8MfuljnHbTP3nMB4E9/flzf1W30+fPnBY+ZPHlyfX1Dc3MzAKTaUrNnzb3llltvueXWq6685s47b3/jX6+u37DWtEzTsvTxmUymqalpYL4Psju4+pqrAGDP6dMWPXj/scceAwDfu/h7PUTvwV86yA9OAHj2ued7Pv+YMaNbWloaGxv13Q8+WGpaZtFc6NLS0n//2yvX8Y9/vDhjz1lvvPGvr3/t3Oef+9vDf/z9+0veee75ZwAgHAnrYz79dHW/fgdkd/ONb56HiJdedsmiB+8fNWokY0zPhe4ueufMnaOUeu+99/XdDz/8qIeTjx07xrRMP2K3bdvW2tpaVKF3wQELdINb3/3+938wb9/9GxoaDj/sKIPzJ596Ytnyj/Qq9Eg0oo956+23+/trILuPcDi8zz57O66z6MH7Fz14PwAMGTLk4IMP6iF6u2yWdOfwIw4P/mo89uif9N+F4DHz5s8HgKee8ubnH3P0cWeecfbLL7188ldOPe300/7x4gur16zcY4/JjDH/KYtf/Gd/fxOkj8wv+g0Qsvu44vLLAGDEiOEjRgwHAAbMNM3vXXzRr355m2masVjMP1JfEPUjfts3Eon0fH5ERMRsJqvvNjU2AYBSKnhMPB7L5XJFT/zuRQuvv/4HSqmtW7e++I/FRx9zlP+jbLb4YEKCjjvuWEScV+h3UEqNGzd28uRJzc0tXUZvPB7Xk5T0Xcvc8V+ZfD7v39a91wrbo9q0TMZY8BjtL3/504IDFriuW1Oz8Ym//PX0M9qXe7W0tHyOT0x2cxMmTBg9erQQ4vDDvaWDiPiVr5x01ZXXdBe9kUiEMWYYhpQSAAxevNoqSAjpR7Jm206k0FuhDa+sBICia3U4HF764ZLS0tJ0Ol1dvb66unqfffbxf1q3ra4/Pj3ZPV30ve9yzi3L8qMaAK677po33vhXd9HbZbOkO/q5DQ1ez10mk0FExA7HlJeXFT8EMGvWzOf/9iznvKGh8cOlH03eY5L/+wUAuvOa/CegEUJC+kc8Hp8zd86yZcsnjJ+k/5k0eYpS6pvf/AYAbN60ubKy0rRMvbdVSUkJADQ2NrquO38/r6l9+ulf7e7kDBgAbKipYYwde9wx+sFTTj0ZAN5441/BI+vqtg8bNkyv5Oacr1j5yYO/fWDhwgtt2542dcb8eQsuuuhi0zQ57/rSr1+IEO3444+LRqN33nGXH9VnnfU1APjh9T/oLnpfe/V1ANDL+QDgmGOO7u7kuv3R3Nw8fPhwv2Tifvvt5zhOqi3lHyZcIVwxfZrXFT1jxowNNesuuOA7Cw5YsGrlqgnjJx3ypUOffe65HprpPTd0yGDz/e9fCwBHHnG0H9WPPfanaDR62mmndhe9Sz9Yyhjz787qvqY/AGzduhUR999vP303Go1WVg7btGlT8JhPPvkkOL/jqquuWL9h7be+/Y3S0tJ777lv6pQ9jz3m+A0bagDANLqJ6m6u4WRwOvfcrzuO44f0hPGTamo2zpk7p7S0tLvo7bJZ0pluFaxauQoATjnlZP3gSSedwBhb+uGHwSPXrV3HGPNLJzz19F/fX/LOlVddwTk/9pjjZ8+ae8YZZwkhuvsI1Pz4YlFCSEj/+N73vssY++2DD/mPCFe8++57Q4dWzJ8/77HH/sQYe/qpvx52+GF/fry9vsX7770/fPjwX/7q1pNOOtGvCFpECLesvOz0M0676867AeCmm3562mmnfv+/rzvssEOz2ezq1WuCBz/00O8sy/rbC88dcOAB99xzd2lp6e8e+n1LS4tlWTNm7Dllyh4v/P05xlgoFO7hhfr1iyG7sEsuvRgA7r33N/4jb/7rrXQ6fdihhxqG0WX0rly5sq2t7Zhjj1743QsvveyS+fvN7/LMiDh7zuxDDvnSww8/whh77vmnv/zlQ37zm3uHDq34+ONPig5+8623pk2fduddty9YsP+9993NGHv00ceEKyqGDh0/ftwBBx7w61/fpVvePbxQv34xZBd21NFHNjU1Ba+cv7j1VwBw2eWXdhe9f/rTnxHxppt/evzxx9151+1FtTQ0PYj93YsWlpeXf7j0w8rhlffe++tDD/2yrnDrzw7Vli1b3tLS8p3vnH/FlZcfd9yxC7974dat2/695AMAmLHXjGHDhp5zztdOPfUUAEgkil8rl80CwFe/eqrf8iaD3JQpewwfPvyN1zv0Dv/ud79njH3/+9d2F73dNUuC/FbBP//5UjabPeaYo6+99urTzzjtJ//zY0R89pkOZe3uv38RIv758UdPOunEC/7rO/Pm7fvaa69v3rwZAA448IDK4ZU333LT6NGjja76OKj58YWjhJCQ/nH22WcJIf5cWOCn3XnHXQBw7XXX3H//oiee+Ous2bP+8IeHJk+ebNu2nllx9tfOWbNm7ZlnnnHPvXfbtgMAqtOMi6efesayrNtu+2VLS+tPfvK/yWTy9jtuu+SS77W0tB5x+FFFB//h9w8/+eRTM2fu9fjjjx1zzNFPP/3Ma6+9/uMf/082m33yqSdeefWlYcMqN2+u1ZNai2Z3+C/UX3vNkV1aNBrda68Z1dXVRWtLnn/+b6ZlfueC87uL3hNP+Eo2m73hhh9ed901enFg0cRmAPjow4/Gjh3zwKLf3H7bHS+88PcZM2b88ZE/HHf8scuWLf/qV4uLynx34ffWrFl76qmn/OWJP1dWVv7v//40nU7f95v7y4YMeevtfz3++GNrVq9xHGeffffWUR18Of+FBvKrIruME048PhwOF6VnW7du3bhxU1VV1ciRI7uM3tWr11xz9XXJZPI39997yiknd7nu+om/PKGUuv76H5xzzte+8Y1vV1dXn3jSCQ//8feT95j88MOP3HHHXUXHf/3r52Vz2auvvvL+B+5ra2u77NLL339/ydtvv3PQQQd++NEHN938s7///R8AcNRRR+oLtR/VH3ywNJ1OH3XUkbfc8rOB/KrILuPqq68CgLvuujv44KJFDyqlTv3qKd1Fb3fNkiC/VTBs2LBzvn5eLp+/7PJLb7vtl5FI5OLvXbps2fLgwbW1tddf//9KSkruuffuH/3ohpUrV95w/Y9uvvnn2+u233DDD5cuXXL66V997733GWPz5u2LQM2P/yys839+Qvrd6FHjvui38B/BMIxp06YtX7686PHS0tKysjJdtbxLpaWlhmH41/Fp06bW1W3vYfK9aZl7Tp9eNNIyefKkpqbmnkvIFL3Qbqx2y8bPeQaKaq276B03bmw63VPJomHDhubz+VQqrSN2xp57Ll+xQlc46FKyJDlyxIiiIfFZs2Z++ulq27Z7eIfBF9q9UVT3l+6id/r06evWrXMcp8tnhUKhioqKrVu36rvJkuT4ceOKGs1FRo8erVd3+4+Ew+E99pi8YsXKzt0oRU+s217Xw+/LboOiur90Gb3dNUt8Ra2CkSNHhkJWTU1P/1GmT5++cePGTCbjPzJs2NB4PNFDI4eaHwNh/vz5PdcK8k2cOJESQrIz0OWY/KehRgbZ/VBUk90PRTXZzfxnJoQ0ZZQQQgghhBBCBilKCAkhhBBCCCFkkKKEkBBCCCGEEEIGKUoICSGEEEIIIWSQooSQEEIIIYQQQgYpSggJIYQQQgghZJCihJAQQgghhBBCBilKCAkhhBBCCCFkkKKEkBBCCCGEEEIGKUoICSGEEEIIIWSQooSQEEIIIYQQQgYpSggJIYQQQgghZJCihJAQQgghhBBCBilKCAkhhBBCCCFkkKKEkBBCCCGEEEIGKUoICSGEEEIIIWSQooSQEEIIIYQQQgYpSggJIYQQQgghZJCihJAQQgghhBBCBimGiF/0eyCEEEIIIYQQ0j/mz5/f2tramyMnTpxII4SEEEIIIYQQMkhRQkgIIYQQQgghgxQlhIQQQgghhBAySFFCSAghhBBCCCGDFCWEhBBCCCGEEDJIUUJICCGEEEIIIYMUJYSEEEIIIYQQMkhRQkgIIYQQQgghgxQlhIQQQgghhBAySFFCSAghhBBCCCGDFCWEhBBCCCGEEDJIUUJICCGEEEIIIYMUJYSEEEIIIYQQMkhRQkgIIYQQQgghgxQlhIQQQgghhBAySFFCSAghhBBCCCGDFCWEhBBCCCGEEDJIUUJICCGEEEIIIYMUJYSEEEIIIYQQMkhRQkgIIYQQQgghgxQlhIQQQgghhBAySFFCSAghhBBCCCGDFCWEhBBCCCGEEDJIUUJICCGEEEIIIYMUJYSEEEIIIYQQMkhRQkgIIYQQQgghgxQlhIQQQgghhBAySFFCSAghhBBCCCGDFCWEhBBCCCGEEDJIUUJICCGEEEIIIYMUJYSEEEIIIYQQMkhRQkgIIYQQQgghgxQlhIQQQgghhBAySFFCSAghhBBCCCGDFCWEhBBCCCGEEDJIUUJICCGEEEIIIYMUJYSEEEIIIYQQMkhRQkgIIYQQQgghgxQlhIQQQgghhBAySFFCSAghhBBCCCGDFCWEhBBCCCGEEDJIUUJICCGEEEIIIYMUJYSEEEIIIYQQMkhRQkgIIYQQQgghgxQlhIQQQgghhBAySFFCSAghhBBCCCGDFCWEhBBCCCGEEDJIUUJICCGEEEIIIYMUJYSEEEIIIYQQMkhRQkgIIYQQQgghgxQlhIQQQgghhBAySFFCSAghhBBCCCGDFCWEhBBCCCGEEDJIUUJICCGEEEIIIYOU+UW/AUJ2E0qpbDqVamu181kpBAJYpuk4DrDunsEAEBCAMSklZywUClmWaRgG0z9lANjrl+/2VXb8NAYAjHHDsMLRaDwRCoX7di5CCCGEELLLoYSQkH5QU73mnVdeaK7bHGIsHDYsw0REhcAZAAvkaohQyPIQUaF0bXtL7RbHdZNlQ41IVAI3jRBjDBggA0D9XGTIkAED7+kMGIL/AAAAcGg/NQBjO84lGYBwbES0QhFAFQmHykuT5eUVw8bvMW32flYo1P9fE/mPJISwbTufzxuGobs2pJQ6RHvzdBaIcP8pnZ/LGENEzrlpmowxKaVpmpFIJBQK6btSSn2qdDrd80vrn/qvq2/08t3q48PhsGVZiMgY0++nl88lpPeEEI7j6NvNzc35fL5zlPrBrJRijO0wqouCP3g3mUwmk0l9NxQK6V9nsttwHCedTqfTaSklIvqxYVmWvpr5dnhB01djfeEFAM45K0DEXC7nH8k555zH4/F4PB4Ohx3HcRzHtm0ppSoYoM+r349+A6ZphsPhSCRiWdYAvRyhhJCQz8XO555+7Ldv/u2JQw7c74j95yQTScOyDIMhgFLKYLzLhFApJV13+/btTz7zbJuD9Tm2ceUKoRAZ49zgjDHOGQMGDBhj3r8AAIBx/89/4d+FwcZOEAFRAXgjkYBKNyCwQ2aq2+JCSkhY74cAACAASURBVIlSjCgrGV8RHlo5/BuX/PeYCVWM0azy3ZbruuvXr1+6dGl1dXU6nc5kMro1oP/S69ZGUXvUbzEUNVt9iOg4TigU8iItcBLOuU4ILcvSJzFNs7S0tKyszLKsTCbjOI5+3ebmZt04Ljqzf1tKqVswvfmY+nX1GfxGdjwej0aj+qdDhgyZPn36jBkzysvLOaeA3+W5rus4TiaTaW1tzefzruvqUOScRyIR3eWhI02HhI5GP8aCkRaMc32w/rcOP/3vbDbrR7hlWZFIJJFIbNiw4f3339+wYUM+n9e/ULrlrZ8V7DcpetGiTK/zr1jwweCb15/IMAz9EolEYurUqQceeOCUKVOoDb1LE0KsWrXqhRdeWLt2rW3bQggdv4wVItb7Aw/ddc8FAy/Yg6Cv9rq5gdhF7wPnDIAbBjcMI5FIJBKJTCaTy+V0PAevqMEX9eNQCNFzGAcFe0M6P65/fcrKyqZOnXrYYYdNnTrVNCl/6Wes972qhJAidj73wC//d90n7x934rFzZ+5VUlJicMtvQgDTiVeHbA0BlZK2ba/6ZNlvfvfHTzbUN2ZlOpf3B/h0f1vwytjDlXSHF9nufsE7N/Q554xzJVXIMoclrOlVoy+57kf7LDgEaPBkd7R169ZHH330jTfeaG1tDYXMcDjCOGc6MAJR1U2ABSK7MGitD0REpRvHHdu1wa7rwg0ejoQ541u2bGlubmaMWabFOcfALwvvqj/CC93AO0NAhu3Tn7t4u4VWi39yRARgSsq8bbuum0jEZ8+efdZZZx166KE6USS7olwu9+abb7766qvr16/PZrOFmAwe0h6roGdiQPFPwf+hd0FG/8rMOS86GyIw1uElYrGYUmrdunVNjU3JZDKZSJqWGWw3c851Xx94czn62AZjwBAAABWifxLd25jL5ppbmvP5/Pjx408++Stnn332qFGjaBh8V5RKpR555JHnnnsul8uGw6FoNGqaZnt0+hfD4NUQAPQEIgAAUKj0bX1lDv7t15dBnVcWHsbAFRsQFCo0TYtzY+PGjTU1NalUSikVTySGlJY2NzcbhoGAruMKIfQsj+4+SCEdBT+P3SE/RfT/fBiGMXTo0BkzZpx55lmnn35aSUlJ37/ZwWH+/Pmtra29OXLixImUYRPSd7+965YNK/79zf9aOH2P8QYwQGCAICUCAmPADGDQIRtEUEo6rtvUUP/4U89+Wu/kjfim2lWIOHfqtAPmzKnetnXxm2+m0+nP/94Y45ZpolJSil5O6dAd3oZhWBMm1DTlfnf3L6umziirGPb53wz5j5LJZB566KFnn31WoYqEQ0MrRwwfMTIaCitEhcpb2dpxejMgKgaIqDsRUSH6gyyovDYIIKpCQ0I3JXxKz6Fu/9POueHY7tIPllZVVV3w7QvGjRsXj8UM0+BgIKDuRTG4AQAKpMEMYAagKrwjDuA104FBY1NzIpGIhEJea17P00YGDL1GkeIAkgEoRP07KCUKBUphNmNvb2x4441X//HiM/UN9a7rnnDCCTTXblfkuu6jjz764IMP5nI50zTKy4eUlJbq4Wg/Pttn8Otc0Z+1gdDeKvY7DhCQgYmgW8YABmAhgPVJ/NMq1B15lmVxzj/+6OM5s+d856fnl5eXG6bBDYMDZ8CQKQQwmcGASSY5GHrGB6I3eOiP9TBgmzZtCofDlZWVwDgDAKbfPEMAYAqAAXIAxQERmEJAJYVUQjKJ4DoyZ7vrqtc8sOjOPz76CGf8Oxd8h1rPuxwhxAsvvPDMM89wgxsGDKscOnr0mFgsxoAFLqf+GGEwl/NCWKE3GA4IygtwL2ALF3bdi6eU8oJbX7e9EypUSmUyuTVr1qxYscJxHCGEGbZKSkqy2aye868UWKYrpUylUnrYUL953cusJ3QAgGmalmVZVjiXywrhAoB/mUVEPSWEcx5MKfVkUf8YfaqGhoYPP/zQMIxksuTUU0+mccJ+RF8lIX300ZJ33vnHUwsvu2LPqZOYFIBSCls4eek6rkTLNEKWZYajYFjQPtCBCpW0c6+/8ur67alExfAPXnttXEX55WecfeC+e8eTcTOaWHFq9QNP/fWN995rbGmT0u35PTDGSkpKiua5IWI2m1bIE0MnSCfV2ri1l59It2mklNXV1SNHHri5ofWJ397xrct/ZNA1d/eydu3aDz74YL/99tu+fdvI0SOn77VXMpk0gEul16YohQhKQSGDYkrptE8hMoUSUSrJFAolFSomlVCKISilvJaFbkjoNSaoUKFUEhH1I/pPuyvkxpqNJ3/l5IsXXhKzohKE4sgYM5TBGJNMcs4MNIGBBMWAAeOACKAAAIGzQkL4zPPP/ur2X83bd971P7i+tKQMAIEpQAbAAVRhzMdgoDgqZFwpcKSDkgkEqVBKNmr8lD3nLNh7/oH33/uLpR8u3XfffUePHv1F/ycin9m6dev+9rcXRowYkctnKirKZ86cNXToUGaZSipQiiG4oJjyplcCggIlAJhSqACUQkQBKJUCKVEqhQiAAhClgkLXh5LKn3Hqxzb6fSOAnBkNDY2nffW0/zp/YcQII0jJkTFoj2rGDGYCgGJ+1wYAKEAE5MB04gcvLn7x2h9cN2b0mNt/edvkSVMYAHpRzdq7QoAzAI4KGSjFhBJSgESUCqSEnMDSYaN/NmXGz2/6f+vWV69bt27u3Llf6H8f8pk1NDS89dbbBx188MbaTQC4z957l1WUc85RKSlVoHsNvXj1cjkvJkGhVKiU1A95UayU9LroFEqlFDKFUkkl9XUbpRA6nvVF27EdKTGTzeop/ZzzaCSazWSUFNww9HpCPZRnGIZpmp2nOGlSqhEjKsvKKjZtqm5pcTrPjtbzV/UjOlfUc6317eAc13Q67QqxYuXKQxoPHj58+E7/z7LbonYeIX3hOM47r/z9hOOPnbbXTI4SlRROJtWW2trc9vGqDXWNLaMqK2ZPGT+ivCSRLOXhqO6YVohKuHW1tes31kKsrGbthpJQ+LsnfGX6yFGZ+jqVidrRsumjKm69/LKPN2556p8vPv3iP5qam3t4G4iYz+c7Py4lAggn26CE0BVoPtOnE0Js3LixbK8Zm9au2rx+zfg9pn/2b4j853rvvfdGjhw1fcaejpufOKEqHo+jVHnp2rZt27ZSCnVblyEgGtyMRsLSb3h4bQUFSkmlQHktDIYolEKp2ruZvd5ppaTy7+pTcM4T8fjY0WMXnr8wHI4qhYwxDpyhLo+E+jaCAuAGGOCNxjAAf+xOD77j8mXLpVTV66tTrakhySEMGKB/THtHDABDMPTUPw6gAA3OAZgQChhnqObtcwh8R6xcvWTjxo2UEO6Kliz5d1lZ+Z57Tluxctmee80YNWq0aZoKUQpXSAWAhkKGKFEVBrFZiAHK9vWEJiql2jsyANFQyPwQRvQazYWo9hvN+jZjLByORELRc848J2yFFepuCaOLqGacY7AXj4M/3xkZALS1toWsECqVz9sMkQFj7cez4NRoBA4IzItqxTkHBlIqBpyhKkkMvfKKG/7+4mNr1qyZM2cOzRrdtdTW1gKwGbNmb9u+ddTo0bF4QrgCAFpbWx3bbh8PDIwN+oPYChUg09Gqy2gZpiml1NdmKSUolKhQYWFNrdfFoUf5Cv0dynVFLJF0XKHTMwAwuMENnrddQ0nTDOnyYI7j+OvPdUan6yT5n4Vzlrezren2McCiKkpBwTXkftkbv89aKNWaTgFnTc3NlBD2I0oICemLlsZ6N90466ijSmNRyKeVsFtaWldvaf3+zXcv/WiZ47jhcPjA/fb5v2sumIRYUsaZGdY5mXTc9Rs2QCgmeW5jbe1h02aMLqtsbmmLWRzyaSOW25IbEo3b00YO/9HFl5x/1tf/3y9+/vo7bwkhunsntm1396N0a1OfP2BjYyMzQ605ta2GEsLdzcqVqyZWTU5nM1bIsizTtm0nby9ZsuSjjz5Op9Ku4wgplFQKpVJocGPP6dMOPuTgeCJRSOzQaz/opohUCnQLQhXNPdINC6mknw3qWUycGUOGRI4+5ejSZKlEiYyxLjbF1RPlApVzuziCnXP2Oa2tLQcccMCIESOLFs8UQT+JVF6rGkECIEPgCALVAQce1paq37atrp+/bjLwEHHlyhVTp+4hhBtPJmOJhKtkLp0Trti8eXM2nRFKIiLotA4RAUzTGDZ0WCKZYIz5QQ066r3iiahzPr8fpL2rQw93tw+76G4Oo6QkPHefuUMrhkolgTFQvDgYGQNghVmpXbeGAeCUk06pKC8rKSndc+q0wtzVbqIaUS/lVejNKJWokCHTC2tRVQwbMXOvfRqbtvuDLWRX0dTUVFJaGguHTeDRcFgqN5XO/fPFxblMVgohpNQTOzvvU8WY7mXQSw0xHA6bpjl89PDJk/eQQihElBIKUzb8SRyAUHS5RkDHEdF4Qgjhp2Su41imKYQIRWJ6PYqU0nVdP2HTvFFKAH9WZ3NTU2NDg35El8bRAamnhgYbOX4VKH/SafuZGSAoJ2+HrFA2m92J/zV2f5QQEtIXmXRbaSxWUjmKoUQUdi6zdkvD5Tfe8fHyVeFIJJ6IKilfeePta4W4/QcL94jGQnETmKHLyWSz2ZQ0lEJl2/uMHVXmNKQhlBIRR4QsNxvOSjufzOWcaDZfkSi79/ofP/vaS4v+8qe1NTW6XN7O+YC2bSNis81yqVbXdalO3e4knUonk/GamvWcG44Qbjq95N33337rbcd2hStc4SJKKb25RYyzd955N53JHHvMMaFQSCEqKQtT5YLjht7gCSqvAodejtg+uQ79hYbILR6NRidP3kOBQmjfP8VvHjMAznhhKQzq2XFdGj9u3C0//bmukrcDiAioQAFnqEChUl6bHJEhY0wInFA1qbWFEsJdj1Iqk8lUVVWtXrPaMkwpZCaVWrly5UuLX0q1pFzhyoLgoivDMObMmXPQlw6OJ+N6Oprfi+H1a6jC7YDgcHdgNAY455FIdELVRC+qAfSoXjCqGWMMGYIqPNA1y7IO+/LhjBu9GdFTgAoUMpDIJCJDYMCBIWMInCmFI0aObm7e4jgOFUzatQghEsmEI1zJADjLZ3Mv//Ol1Ss/lUJyw/AXvyoFSko9WO2vKiwqnGua5trqdW7eqZo4EQGVUhIRZIertH6y7HB5BwQVCocgcOp8Ph+LxRLxhBUy9S5Zej+VYN90Ud1R/7ZO8HrYnSgouFy304+UaZpCdFvDhvQBJYSE9IVj56PxWDSWQJlHKTK53FtLVy5fvS4SiZrhBGNmKGoAY0s++Pi9T9aMHVFmRWNgGKCUY9tSYlaAUsriZlk4ms9nDVMKiSGZiSlDWRHh5CGNQgzb3mqXDUmeesBhh83Z58G/PbXoz3/OBjYIGlBKKSGECIXz+axwbEoIdye6pGeqrQ0MyDu2m7dXr/pU5N1IJG7GQ3XbN+vOWqWwsrLswP1nfrT801UrV06dMmXS5EneFliFrM9bnSIL6wZ16gfttQp0a0O3rf2/8YzxRDwRClnCkT00iwNlHzEwUlg85qLX5u6wHK4uKqMQFTBXSoWgp9UBKF1v0gCzbMjQrZvXfd7vl+x0SinGODOtlnQqEYs6jpPNZN5648225jbGmJLKr4DvbdjAobxsSLot88EHS2Px2L7z9g2ZpiysskIviguTnQO5nx/DXpeHLrDk/YiFw+F4LIaI3UR1+6IpXSeyvbnbXni08ADrthOk42GskMSCUKgQGXBApcsAMwYczXg0qSTmcjlKCHctnPNIOOLYtkKUCpuaW5obmsKhcGOqyXEdXf9WKW9HQH9zwi73gA2FQpZl1W+vHz1qFDN4YYWh9Pcs8dbHYvv/CudhZmFFn14oiIitra3xeDwUMg2D62kitm3rQUItOFTYQ+nRoj0MOedFY4xFz/XKJSjQvTl9rtBLukR7LhHSF45tW5ZpmCagVApzeWfDpq0cGDcsK1ERGbO3EaswDFMqtaF2m2M7+i80SilcVygUyAHA4CzspmpbUqaTGiHqRC6NuZTK50OZ5uasqm/MOW2phpa25nRzuaFu/NZ/Lbr55oljx+2crdL04nPFuO0KpagfbrcSCocYY3nHUVJJVzg5u7WlNS/cUCRcOqTMssxC2Tc49Etz/ufqg84/51AAtmXLFtdxpdCbVkohhJBCCilcIaW+5f1I/1t5C7IKJQwCAFDX4u/u7zlj3l5thbKhupyMKtSJKTqY9WpzFMaAMURUAnTlSL3Ki3l70QFDZhmW6L75Qv6ThcJhVODaDkgpbaepvqGhvgEBJ1ftnUxWBLdEQ8QD99/7/rvOP+H4vRFx08ZN2XTadVwh9D86tAO3pPBuKqlDWupCHcrrCikkiqowya377U/0HD/mH+NHdaeDe/3BGfe2D/VmxCICMgaMcwMYMK44N/1lZmQXwg3DtEzXlaBQSZlqbZWu29jUlHfyQigGXAqlVPv4nj8t33s656Zp6GKktm23tbVlcrl0LusIV7rCj259IW+/hksphfTPyb2rK/r7QDDGHMdpamuqq9u+deu22trauro6vYZwoL8Q70rtb9/Sqz4T0ls0QkhIXzBAzgx/URIiOI5gDBRKzKed7Z8yZSspGGOu46JioBTjEgAUSqWEbgpzDiYotOJZKYeYwnJtgQbHlGnysOsqlKbblsnGeKyEgeM0iMOm7P34L++67eGHnnjxb/m8vcMZF59HYfWXklJQO2I3Y3ADGQhUhpLSdYUQjmsL5TY2bcvl26R0/bRt48bGJStDKz5tdV3XdV0hhT9JzquZC95CKig0R9pnhwYL+Lfngt4yQn2AvxNccEglkAR20TBGfywQlbciq9cKNQwUIEeJgOBKVMAM4JJJYWB3Gy+S/3CMMcs0GEhdAMZ13Vwu57qO68rNW1e6bt7fwF1TioMxhPEEALrCcYQbVtIrr4vSG98ONLILdWjAHxLsENW6xKjyVuixwjTR7gYKC8sCg/e9sEZUXW2Q2ONnB8Y59yqQ6ppPEhUy/TYEMD0jui9fK/lCcb0Tg5IMAJRyHUcoJYQEhFg0NmPavHU1y+q31/nJW/C5iHjGVw+Zs9fwX9y5eHt9g96XhSlEV6BlSVlY9+3tM4TBmR3+7A8GnHuhw/z6ut4LCHBBum6HKUtFv2Wa6RWz2XE7omjAsDN/B4vuN50lfUcJISF9YYVCmVyWc69RwLwpQKCka+daODekFKgEAEjl1R3wZwihQpHP6Vr448vaTOW4yrIdHkVpSQOVLbAkGmKK5R0HuN3soGxBE82GzNZ8WfnQ/7no4vmzZv74rjsaeyxA+vkhgImIUu2cMcmg6upqfaOqqqo3j5PPxDBMhl4Kp7uFhZAole3ads5uX2eF8O6ST5atXJfLZXUFGX88BL2tCbF970FsLyejX8Uvedc5IfTau8GGL7aXRUAAQMm5AcAQlULFOtQoVwCcMaZ3/fxMfcQMmMkNFxUHJhVKKaVCZIbe2g05MNZ19Zp+QVE9cLxNz9DbElBKKQtT6Roa6v1BPD+K3n1v6YUXrW9rS4NOzqSUUg8cF6pr6NnOWFgTW+jC0CPLxWu0guNvwfgJRLUOXcY5A71Dd4fq/IiqUGOG6V1si+KQdR4ZDzCYwRmiQgYghZQKFDMAvF1a2GfMMD8TiuoBxYDpnllXSuVtNSGVAsd1Gls3KOkW5Wl+HCql5u49+6Sj5tyz6E3/R8hAKGm53ipBf6tYvzZp+5GFmJWqh26NYl1mfb3MBvtggE47aEOaEkJC+kI4Tjwa81ZFgQJ/MjuCdB0B6NdTxo7rn0ABcDDCEYQs46q0PG/avK5OKmYaIc4s1ZR2QxEWBp5VBoSjiShkck2ReGUmZ0dCVltLfays5MyTThg3btwPf37L8tVrAQZshhuC4AwMjjvqt+tH1dXVixcvXreufR3XkUceeeSRR1ZXV997773BI/XjO+2N7U68mTZ6xwgppV6GIkEphdihp1lK2dbWBl6blxXqKirsWN/cywwR28f7/KHzotoAhWG/zgUWFUKXNTS6KNPo3WAAnfI3r4He9VCf7gI3Ta4UuK4SSgnJEFCiQAQGUnfc9DuK6p1AVyzUK1p1/RghhCpUhdHH+HEohKivb/Sfq/eR8NrGheq5fmD7hxXayV2v1NJYx+xNddVn0Xlc2w/XbuLWe9muf4qIiKbJOGeulEKhK5kElNJloFcUKgTs9349iuqdAAGUVxFUl43Rm2JKxxHr129ARFc4XUYj5/z/fvrA3feUbdhQ4zdFAEBJJZXAQpcHQHFPQ++zrJ6H/vSCQ/271ocP/oUY5CFNCSEhfaEAAxPYO1wQx40dNXPGtPc/+Li+oaH4Z1h4gHurp6JJZVoqlDayebSUsvM8EQpvaWvNNadKhwytKK/MMqs8jKaRT6Wk5MBZPMtTaG3dZ9b0e2++6Se33fbKm28O8AW3i0kgA8S/7E6aNEl3wi1evHjx4sXV1dX6Gl30uH+XfCZ60R1DQKmEFEpKIaRSwi8UXnS4l0rpmuSFHdj8jmT9lKLZocHnB8cG/eZ1l0HVVZy1d6ww/9+oGPCuh/JYj5OJEADQMrhkOpXlCkFI5QphmRYAx65Wc31OFNU7R2F9k1cQS3rjv91nbowVejRQKilFYfpcoZtDH6aHvfXtosqN/qkC611hh6N5/qt3ekyh3o+zUzeHnyy2P4RFVZTQ4JyBYgyU5ApACuUKYRomB0Pt+O18ZhTVO0lh9oUQQo/n6c4OpZTrul1OFvUDsrUt1dqWao/VQvlcb7+Kjr8awUt68JEedPnSwRPucArofxQKaUoICem7oj/piFBeVvqr/7v+4IMXPPPM3y6//mfpdLroEL+poKuSr6jJTxvDKivd+m3AMbSmITthSMXY0tLtNnxa37B/SQkyXLFlSyKWLE0OT69ZlRg3vgQqJChX4bgxwx/+9V1X3vCjx55+uodCXruQxYsXF/W9TZo06d5779WX44ULF/rXX/344sWLL7zwwi/0Le+6UDFEVH79gB4aFoVmiZLSVQr8ZSft6R+2H9llIwABu2yUIuiNLTo/Dh0H6xj3VmXpiXbtq7N2NJ+p80JEZMC5AVaIZ/NCSo6IlmEwBgZy1sXgzedFUb3TeNmdHhuUXYe0z+/IQIW6lgYGRwADCwU7N46DR3ZxZgTsamDQ3ycgMMjNC/NFi8/Putl7s7uPrve9CFk8zWzhGoAYMgzgjAMzBmAWNEX1zqE3wZSIKISQQim9AaFsj95OkdndqXTMSn0F7zKqAbstPsSYv52g3wHtbyToL+0rGg/sXETUH6bufS+2/7odVjAOAAppSggJ+dwC1894LFZZWckNY+yECclEPJVK+6MiiAioK9YpXU3DduWrH6XeXZU+eWZlzgWlHIG8TYiwnTcFVJVE3lq7YfKwshDkWltzkfJxDVC+ZXXdaBeGjhgmVCoCjJewn1x6dTKa+N0Tf87l8/37sQrVvHaedevWFc3EqKqqWrhw4bp164p646qqqiZNmhSc2kF6z1vvisgLdQX8pjN2nJYWaBwgAMjCrLrgEsEdbirVvvMbBE8GwcZM50VOhR0Imb/zhN5qub1LRRcwKB4qKf6s7S+IShfgQEQGLGQZwB3XVrqoOkNgHAsv1J8oqneqwjpA7MUQR3AFYFExJCxM9u/D/AgsdFN0EdWIwJSOagBkoMCv4QjgjS725srrTwJEvZumgagYgGlyyzLSOaG3B+CI0G0p38+Fonpn8Sp2Sam8a2Lhct1D/10PEFEAdu736q7PrvCj9lW43pSNrlLKHb70Zzo++EI7AYU0JYSEfF7tW2Iz2N7QcMd9vz38ywc9+8LihobGTuub0BUiHImi0okiTBsRm5AMhSJYzsymtByW5JVJlXVVzGK1zU21DakZw2JVIypqGnMNTVvDFZVhWea2CpbIp0RUqpyw2yrKy2+8+OoxlSNv/s3dqUy6y3e4S/BXbBepqqrqcmJGVVXVunXrqqurd7NpGzsFAgJHCLSEUaeC3f0NxsIUIL8LOThHtOc/9sFpSIV2RzCpg2BaqG8z5vdUe032QrMWg79Tn6E0PwB6y7sYggIE02CRUCjnSN3+VoDAsN/7nymqdz70quD62Z33//4BxdM1CysH/V6LQjAHlr4GatJ4FZW6mG7n3eXAAsvKO0R10a+DQn8qdGAZYa/HBnVU+ysXEMFgEA0ZKUvfZwigWP9Pg6ao3jkQQClEJVApofcMRKYUBvvvenh60XiaN8MfldJl8DBY06ibEW/0f4xSSs550crAzzRk13lfwd7YObOfKKQpISSkH2B7JQtwHPfRJ5754yNP8YgRDUfa1/Er8CoUAIYjMX2dZQBORsWH8821Ih7mjhSMGyHg9S5Lmjh7ePm0EaOzZqw2YzS5zvLVH0ZKh8+ZMLWtWSVkLjE0zDljrK0plw6FEpee+23B1E2/vjPff+OEOxh66W/6wtrddbkzfeTudDneabxxNWBSlygotEcNw2RgCOkAdNv9HNiwuOPwYMclgh2eGCzL4XU3g786EANNdV642znuEKCwXVsgKvsaoAoVcAgZLGQaSq+S9XaD+wwl9XqDonqnKbRudZNXFRIybhhc1+EIRjVjzAyHnLwNhedghx2xlT/+3eEl2vcZ6qrd7G+ZwjoEfQ9zm/0uj/6IOaZQAWMGZ2GTuYp7jXyF0N8T7SiqdxJE8KrIeBHaYR+Ujp0UvTuh11/CCtfrwsPdTD3tOMStJ236OeFA62n6a3+PHFJI08b0hHwundcnAYBlmpFkJGSaUon2xSHMK6GvCl3XCBgJsZGjLYEsHuPhmAyhBSlr9eZcPt36wZata+uampvq7fptLNXc3Nw8f9K4g8dXVPDUiJGwXWTX1Kxv29SYrWvN1qVqP63O1DddfPp531/4vZJEor8+3c6fMqqnYfTyoqwncgz8m9qtISjlFdYHQMYjQ4ZO4zzUzbGgijaY75gZdjvlNLKtVgAAIABJREFUyH9+Yf0UFh7ofAjssEB+oaXStwaBEMJxFACCYqGQEY8ypYRwVD5rC8cpfBX9iaJ65ygUidFR7fW+AaiwVRKyYqxjwDDOyyeMscKhQv9IO6UCWw921F6mv6AwGunf9/sHi95c71I+1sf5nVKIXNbVi3sty0jGDUDh5EUulXfyjpL9X1aGonqnYAhMKZRKKVf4o4J6XM5bktfrusiFKtDtQeYtGuxy3SB27KsbeCywTLE3sL/fHoU0JYSE9B12TAoZIGPMCsdD4aQVjoMCRG/ZU/uxUrqurR+SiOk2lnYwJfNSKtsGK2KUl1hhKzYsUZGVrA0i6x1jrRMClZw4YvjwYWXllaXRkqhrRG1l5SSrb2xYsnypm8tiVnGEK8+58L8vviwWjX6xX0uf6en7em13z+67777dr39upynMDO3QFAYAYEa0vIRhF38XvD2vVftu3cFS/h2K8XdVvM5fMYgAMpAOdtVy7qZ6qP82vBsMOg5R9qCQriIA5m03nxcKUaFinDmutPNuNp3LpvNOXumdvnrxFX4GFNU7jR5y1lmdHxjJEVUVY6qKRslQqUxdQ9iyAnPiOvZxdBMG3TzOJPAehuG6jepCUdzgSQPh2hP0qtEAAjquTOdchaCT2XRO5HJuPutk0zk3J6WgqN5V6WFBvWmqP1OUMWaYlhmNMsPiptFdpDDODctSDII9Hnqvzi779bxX9Coq+csGUa8mMAxDz3jq28zPHX/SXpzWMAz9Nrx9i/p1BhOFNCWEhHwuCIBMrxhBBGCGaYRLeXKcGR/KDEPXyGLcK5HPOVdKNdbXM84BQEoYNQyHl6sJI8KOzdrAVBzSYNaySJ0Ky5LhS9simxvTmYbtzU2pl5evctxmx7X/+W7j0mXpDXX5retawg2xCUNGL1uz7NVX/5ltyuQlXHDGueefe95n6mnr4bP1WMK///lrtXu+KOudgnbLjYB2jlgs5rc7VWFfQaXAtVs3r3pTqnxXawjb11TpTuXA413kdoWqHODPUAUABUxCTyuaFHr/dH5cz30LVIn5TMUMlJRCKimkzNvKlWg7SkrM2U5LylGCC4HCVW5eCrf/GzoU1TuHPz+/MM7ntWcbNv172/qPg1Gn9/Zua2pJt6W82rW6tFJRXZluBM4DgEwBE14K2nXW1UNU+8PzfYlqJYUUQghXiLyjXAG2oxxXuq5Ip10lmZIgFLiOEk5P1Vb7hqJ6p9D7DirADiVzGWOucMtLyhgzAcHouH+rH6Vlo4eXjhtp8PaM0V/b0v3rdRnErL0T0T9sAPTmtP5C935fz0IhTQkhIZ8PA86MsGkOLSsFCQwBUCI6KIVul5SVJizT5Iwx4JyxaCyaSMT1UzlnzJLRGICpcjZKKRIJjISUQOaY4QZblrHWcMhYMHXoaQcNE8p5feUGxTgPmdNnlhzwpYrKaYxXprmNe4+fvW3T5q2fVmNjq4nmDy+95rxzvt4/OeEO/nz0vwsvvHDSpEl6n58uD/C3ANr9Lsc7h5SSMaa82cwYmPOmN5YQCtuTog7N4C4jITD7qNNPsFBBhiEyCUz5fc66Tkzn3ob25jgEM0mA9vZ0YVtCFbzbA/3uhZBCYFsq39pmNzY6dXW5luYcZzxsGYwhMAamkXVcqUA3snvzTfYeRfVOEAq1T3X2s0GlQAgpVXGezzrWbukwQNeLSx56C7oYAkPm1W6BQuAWh2T3Ud2+zpD5zy8sDOsxsHVUS6GkhFTKbmrOtTTZtZvTdXVphRCPWobJgAE3zYzjugqllKlUaoef6zOhqB5oXhGYwqTOYJeExUNWyfjpM/YxvSWynYa4Edu21dvNbUovPSwMD3LoepJp4QDvLmNMV3VWftTqbVJ4t1mDnjaiC890eYB+enDzieBdK2Rx07vb81W9fefb/jbIQ5oSQkI+FwbADR6NRmdPqzLNsFSum2/F9FYn3aCkW5IsmTW1Khw2kXEAZIxzw+CFVVSMYSTMGWPpjGjIoEJ7U1MmaQoGbs5xhrgtwm6JhQSz2IaUOHLK+FP3m14eco/f25wx1gLXXbtis72peXPLtkbZcMQBh5ZaCVO6qZZWg0d+/avbjjniiB22lXf42XZuMujp4aLsX453s/1/dqYtW7Y4tgOBYhddrpsrnkrkTx4qtFn99SdFS00CT2SATCHT5VoUADAMNJtB11rSNxgDzjo00BUCgkLv7fkDkr1a2OIfpt+L66pc3s1mRWO9k2p1WprSdVsz69Y22baKx5gVMpy8bGrJpHJ5qTCdSi9fvrwv32yPKKoHlOM4hUIXDJHpec0A0OOANGBxlPv19ZF1d/VEAOSoGCJIQFlYf1UIbAREiTuMalSBDS0QQHX169bFK2NhXB9RCMzk7NZUvqVJpFqddCrb1JivWd/asD1nGCIcNvJ5Ube9pakt7Urhus6HH374Wb7RXqGoHlB6VqQety6UJPAC1DBY48aP1qx8XyjR9SRmxlzHbWtsxkD6hICiq3WqnSd0tJd4Luz7OhAJoX7EjERmzpmzYL/9jj36mNLS0h5eIrheHRXa+g9ZvxrMIU0JISF9x/Sib8ZjkdC8GZP+69yTY5GIncuk2xodO1NaUnLxt8+cOWmsFQoFO4BVe/uBMQbAFLqmq9yIBZ/W5z7cJoe5LVNYU8zIAxuSZqXrm+w9x+LEGRBNypZsy0cbVmfT+c1rNkdBZrL5UeOGjZ5a5UazKXtrw6ZN+drtrdtSme3OT667YfaeM2EgplYMPH82f/Ci7N/dXS/HO41hGt64hq5PgIHVgD0UdvOr7SMEjw/OIC38wE8FmQJd8LHoqcUd0t5+W8U4sA4bfLMOIyzYZTVUCDRqECUiprP5dNppasoicNt2bduxHdHSmtu0sal2Y5udl61t2bpt9S0tKaEkN7ht273/MnuPonrgNDU1pdP+pju6/4FjL+ttdBPyXeVkTAGXqCQDxdrzsx7OrbpYDciBMb0KSt/Xw5XY3hLvxf6JiNm8nc2I1pasVOC6Kmc7juOmc/amzU0161NtzXY26zQ1trU0t7quwAH7K0BRPXDq6uqE603P8OvmMsYQlePatpOzHVsIiarDBdzrM9AVQQNrAcHbhrWnVSD+bisKQPrXWQRdjkvr+T0LIbrbi0Ip1fkkyHDBggX7zZ8XDoeymezo0aPD4XB3KaWUUs9wAUQpxZo1a3t+M30zaEOatp0gpO/0UB/j3ApHhw2RF55+1F5TJrz8ztJt2xvGjRl1xII5+82oKi+JW+GIV+1Aoes4jHH/SitRIRjZPJqclUaMSUOH1LXIvCVHxWP1wrQFc3K5saUl4RCGEo5ojAyJxEYPMdesra8wDIzxt2rqajZ+dObRJw4vLzPcbK45OzZsZba21BvRsWOm3nzjT8/97re3N9b38ePt3G0ngqqqqm655Zb77rtPX4KPPPLI3b5zbufThZD8xsJn3WK4qwfBW3mqk02/DlzvTs16GpH2AlEFVlshqkJJDt59SVxmu2464yiXO46rEBxXSIXZfD5niw0bWmPJcCgCwlXJWNIRru04A7dqlqJ64CAiZwYiB2Co9/JWHcaSd7BJ5g66Qtqn2SnWcYPCHWEMemyBQ3tUM71jvUJgAIwjA84LW8R0XCQGzBEilcpLhyvBhBSu6yqJeduxbVG3TcVKVNTGbMauKBuSsx3byfdmcnXfUFQPnFAoBCDRW+PthSjnXEqJiB3Sqm4CuENlXcZ0X133L8hA54He7iqArLf1cfssEo5Ix/5o6ZJwKNrY1GwYxqhRo5qbm5uamnre5BCRGcaApDCDNqQpISSkb9pnASEiM4x4Ij7KNI45cK/D503XD8bCVjKRsEJhYNxfBOC6IplMKNWqZ+cLiVKpnMJhpeaokaxhg3KRVSYMxrmdTeetksY2V3LHyYdyTYaykTNscaz6hlQmpBLRuGEMEaJu7fJP34fmI0btM3b6uJwUsq0+lSlNr8vvv/+ht95060WXXxToO/9MH7HjXkU73YUXXqgvytXV1brK8+59Od45gpUJCiNsnZb/dW5b7Lg1yTpuOR84W+/emN6kvmd+2xjBGzlUqHRG6HdvMz3iwhgAuAJbmjNuDjkHKVEIVwrpOCqbcxBBCmTMtLOOFGJE5bCsa0tVO9BVlCiqBwh61XGL5zDrndN6fOaOzuzPdfYvir3GYMc7SRRlfAxAoVLAmALGGAIWxvC9yXiuVM3NmVxGmEbYEVIIcF0hXcxkbQTGDGYYlhIgpSgvK4uXoKO2DvQGQhTVAwML2aBCUADIGCstLa2vr/d/3Pu+vHA4rAqz8Ds+gWNhWTYCMCxEux/zDHR5vGBx6f7COJOu2Lp1ezwRVxJTqVQymZw4cWImk3FdVw85dv/kAQzrQRjSNGWUkL4QrlvUMGCGGY7GyoeUDRtaUVFePnzY0CFl5VYkBoVOLG/6mpRKdwEDMmCpNqzdJnOOzEphWaqyFFzLapEhFsYxpdEpFTzO1fY0llaItkYQLhohLnJOVjgb2pymtIS03GfiHqMSw6eUVeVjKOvajLQNhnQ2123dUvfR0lVHH3bCN8/9Zl8LzDAEkPoNf0H0hP5BcjneOfzFJO2zQBXseI9jb9qSN5rS8WcMkSkExbwFW95aqS6ObJ/v2WXHM+t0I1hOptPjqLC9Mg36E18Ls+4kYirntLW6qJjjKAVWNudKCYYZClkhbhicg8FNwzC4aeRsmwELm9ZAtjE8FNX9TikFTHk7EerauYWWq2WFATqU5i8qvwGd5zzr3g1dDEm1R4RC7G5Hvy6jvXCu4hs9RLVeT6hb4YwxxA7lcBSiUJjOuamUQGU4jgQWyttCCjBCVjwetywTAA3gqNC0rFw+Lxw3bFh8gLs5KKoHjNcB5l/fSkpKKisrk8lkoqN4PB6Px2OxWLQgUhCNRktKSgyvGinreHKuSyJJDqgnW+/caUG5TK6ltWXC+HFT95gycWIVY0wpVV9fP0Dz9j+TwRbSNEJISF9kW5u8eZ+B9iPj3OBhA8Dq7mleWXMszNaDvAPbU3LuHpFcluUF1LWwGFfNzYrJ0B7DjCrT2ZqEDzaI/fcUEMFMisWSJkonGjFHRCKmYsvt1nHNkTYlE8OGZfNmPctG650hITOUqpHxik8btlWUD73wvIvffPPNpR8v7dsndbIpO5uGIWV9e/rnd+GFF1ZXV+9+e/584Yq2OQaAaDgWMpMt6W3BtLD9sM4lyZG1J2GseLSx25VZGPi/9jfTXsCgqPBMUOeRnsLJ/FWFoABcV+bzwpGYzzqcmUIhGMzgXAELR2OhcDgaj0kF6XQmnUophqi4dDOxeCQS3kmdpBTV/QsRGSgEGVgHpbsF0DJjSuVRKYXFgxuF2C4uVaS7LFQhrJVflTTwrM7n6epd9TGqC+eU/ttRCI4rMznbdZnjCIZcogKTWcxgOSMUjYUjkbhUCJDO5Nra2iQgB27nnUg0HIuZvd++/POgqO5nyBBZ+3XaWxiodOKnAtVF9Q5+/iNd9XqA3k4QkQWHghBQtlePCTRn9KQmjlCYjK/nqe7wLRuGEfyb0jP9ttev3+A4rmmFWlpam5qatmzZ0u/jkH02qEKaEkJC+sI02f9n701j5Mqy/L5z7r1vjy33ZCa35Na1sfeqru7p1mjQgj1qjT0DW5oBBMPyJgMWLEGAZMOwP/iDAQOGvxgDw4Zt2B5rZNkaCxpoNJhNs/feU11dXVVdG6vIJJl7Zqxvf3c5/vAiIiMXJpMsVpGsfr8iChEvXryIeHnjxT33nPP/c84fPJdwwA2Lc/BdJqVWxuzGejsUSwGbtkyYsCTOXjeO0apuURHLP37N+jdfsguBSKbuMWFku0hqZH1n4y9c7zNzsxhMu8bzb6xlDVAveUnR3ehRR5xZ2dnqnDu/+D/897/6K//uL2/vbD2wUjOB69gfw+ryyfyUXI4/HiY8qYY3jdHDUjTgOLUAaQf0vnobIpYWmwgINJwyEA1FaMspLw4NOWGixnh//nzgpe8XL56MoXGlKEz6fU8eLE5MFEmpNBGB4Ya00trzPSWNFwRSak3ELc4RRcEIbaV0kqRCWExwQP7RdVsdohrVjxICQAbERs1PgEicc62Nd/UzohiE79xzRcy2bUQ+niXTRJKZRg2A99G2nfhOPUTJ8bGjmg6Ej5hmpt8vtCZNBoETGmWUa9tGk+t5GepCq9KiDQXUGjWpdNiNGDLLFgDFx1b5X43qRwiNvCrHecJyjPV6vTRNywDP83zPc/efclw0eLSytMwKnmY+sG85+5GVHWdZ9sEHH3zwwQeHX/qkV/z4JiU/PUO6KhmtqHgYxh3eD0SpGj1xHxXXrRorJMw3rCtL4uxZuHQZV5b55QVRt2izkzhEm/21V97bee39zJ9K3Jbs55CQ/MGdH6/1+43AchwP6qI2Z/MGC642I+6/czfZ3Vrf/eA1P8q1xq3tfgCz/+Dv/8PSjvyB3zM9elPjiieFcunXmCAIyoQfswzC4b84Irqu6/sBIgNi5bpxqbxfVoaaCQnRfYHPYyQY9+cWD9iKdRKlp/hIW4/SVCaxDHtZHhMgZ8IyCvJUaU0EpI1O8zxXMowjYVuNZo0jGS09zwEyShYf6dSn4qMC8VBtpuu6U9PTRNR769vxe6/RkfRg+Ye2bXtxcdGyrP2RDDT0gRjtc4iDh5icfZfx46OZqpaGK2UgqonyQiWJ6nXjeFCQQcaE0ZCEhZLl+NeFlIWSgygiAD/wBJDRRVDzjNFFUVRD+mnEmLIunsYVo2XyLU1TQ8aU8kJFUaYNtdZlYm0yczjebiaUSM2wS+AYhi88Uf+MgHSMUu4QNkG5pXy5o9snbScOPf1kTdF7vC7iY1+o/sRRZQgrKj4mJpbrRldXNIGLNc6zBJsBBh45likyqxXgq6Hd57wNO5+aaawn/u3+9r/4AXbU/MoivbMWD1QnjPL6PPv3v/r13a7dnPOMNlJpYDY4sLrJujtqz9yx3vt2a+Us1p333rr9l7/4r3/tZ/7V7/3B7z3ek1Dx2MHS9HrsjWbItu2FhYVutyOTsHj/x4clLhARcX5+fmlpyUxODco164OtWSe87lG/invteai9CvFYp0Qqy7Xp4M6FUkksk1imqXIdVERZnpPBsB1zLlAIZMx2hdGQZXngc4aASItn5okojtNmk46NHCqedA55kyD4QfDcc8+9g+90u12DwIYuhTAeqIhYr9fPnj174eJFxvn+8Dxd5mTyUMPMuCldxI9/7qlGtSFgx4xqpVU4yPNMFwUhKsI8zVLBrDhKlYxsx2WWsBwGxOKkbAEzXLAzSwuA2B+EvsdP599Z8WRB5fqCAQQ2Fmwuo7tCGS4444zusWZx/PoFAABo9kBqLCeNnPLXobw9Wed57PYyIDwkfFo2DT7EgkUVDj5yqoCwouJh2L8YPYj+ODKAobVrmVvBKCSvRoOUplskJfgeMK7DgjFt4kh97cK5TppdPzu3NF17a8P6i9fSO3VFOaPc/JWLz6Xk3d3NMswYO/PK73xQB3dqseU2PMFVy3/u9Y0b+u7rS3dfsmfqjdb0jbfX/vbf+k++/d1vh2F42g9ZzR8+iZAxByRAiYTgV69dZgx2d9tSyrISabwD53x6evriyorjugYPj4ojG+7JUXnGe/RdHVRdPO5n35AZioke+FykjVFSC8FrNaY1prlKolgBBZ6rAMIwtQQL6j4AMY6O40RRxILADwIGkMZpPXCFlQF8dJ5tFR8VRAf+amSIMXbu7HKr2UzS1JhDShnDe0KI1tQUcjZcXThRkv/ISx5zwKEo6LE7n2JU05FcyVAeR5HjCMZt3YYkld24X5D2fULGCmPyJG00AkQkNJ5rh2HIALgQQFRkac1xBM+qq/nTCqGhUhh0P9IDRM8LLLsubL9Id83Ien58o9zzqL4uEWkgflhl9Ag4SgyeYtyMOxgnKd0C+cQqzNi5/tBuk3c55/dKCR7ClB+2Wrt7pFQBYUXFw/Cwv64MEQaDPmOsnHwEHmMcC22UgiJlrSYhQ8dFUEBJ9m6oEsevUWGMlIW128cwhfkWP9t03u9YgaMLY7lNvvrOHufs4pfPguHqTmx1o3Rq+qvspYh/8O4b356/sLJQn+rsta/Of+of/N2//9/8d//tKa+5Q5vFik8W5oBQ4vBWvV5//oXn86xQWpWeDuN9GGe241i2XTpxH5KDOY0n29Ed9n0hju58cOZ8xIMNRtPuQ+EgkCEEdGx7dhY6vaJzu5dkMketUGdaOtyxHVtpmRcSOQJox+IypTzLLMuOkpgBU3mGPC/VniqeLowx+07vOCxaRsR6o1Zv1Ma7DfcgBqPC6P3CjaEYzb78yv2cCQ8kOvb/f1y0d3gp5B6j+mikSETAmGWz6WkxCOXNfr/Xj7XFUl2kqvCE61i2LIo4zblgjIFAci2u8pzZTpalZEhpye2izIme6lRWPDGU2rkAh5agCQiUNgsrX2jOX1j9/v9bFjXkeT6OAMsgbTIaFEIcCs+Op7r0/RRTBYQVFQ8NPeBPLJa9WKXFVDktKIzppTATcAC0LDQGuSAhoOkm76RS+rV6zdkMEZVve1lgCctiwuRSWwJYL8657c06/s7dwVd//nqt6dy61ffP1Zw4bclENM59fnHuP/+df7R85fMvXP30C5fPt9vZf/l3/6vf/YM/+P4r3//oTkrFE85I9+JgVIdgWZZt22M/QBq5Ue2vJuNIcOPQ0U71qke23Purc3JziDl2aouAAstKKGYgHESDKE6MQZd3+/00VzYmgeNr0lGeMCLf8zxL2JwVRcG4IGRxmoFWU8693m7Fkw3t+7+PxG4PLxnAaHI9KtCY9J0YBocj/efTFj8f2HjyuDkx73z8qAZAPhzVZKAfJr0wjo0GhG4Yppm0MPI9nzOuixiJXGHXfVcQprIgxojzLM+KJLF9a3wKKp4ixt7w41KkURqQkHRv85105xZoBZyVyx+TBZlEVN49nCc8YWwfbxR02mt86W41tg0kopMsBAGEEIeUSw8tVZcdhuVBJl0Q94thKxWUR0oVEFZUPAzHSCieAlYuYk+YASUFTVmMBGWS5lqoFUpNqZS7Xba0OG05ljJK+KhqYhARSMmN74AeFFZmQJNBbeKkCKa9qSbf2O7fvbErzfbzz1xavLW5BeLt1Z1O0v/d7/7+pa++VOf6vOPEg/Tv/cd/5++8905/0H/0J6XiaeDY6exEWgNp6FA8EQdCac4Nk3qKxx159IyJr8f+NPmgxt3D6TGeBCEhAVEUFu/e2IwKowQkvSTLZJEPbMG5YzEOhkggi/OMwFJFnhuTRAPSkCVZGoZeza3mzU8jxujJrPJhCAGwLHg2R7zYaCLRfapFvnsnDo/P/X0YRqM6joob7673U2kEJr04z5WSqWDAXduzuFZgWU6WS64KVeQKSKYxSZJpEQ76fu1h5MQqHj80VkuiyV5Bx3GMIRVtG0TOS4k7M+6MLXWhy/DsUN3msVnoiVd7cJ28iS/bg3pFPND+Bo44p+Dj80f+hFIFhBUVHx+GSErpOB6ZFACAgAPEBTEA4xipaa+jFuftnS5cPmPt5eBwCEPFkYwuBOrbcXJuKtjYTS3PDQTUWsFeDEmSzc65viOMKabn65uv3hxcWRZn55v9fLfvNBl8881v/9J7t565cinKYrO3+/WXvvblL774e3/8h4/7ZFQ8Howp3eUPbsXS8wpM6SuBOJ4ejPzTDmit3Mt3bTShxqOLzYcyi5NRKMPD1uAPJyAnlUkzfXe9u9uLuGNZzDVataZqgotCFgo0GJDGIKLHRM60tgBRJIMYM0NacYshZ0TVsvPTBxFpLUdDDveNAwmHs8nxABzlBhGHTimHyp4n1b+OHej3kB3C0dB/xKO6kCZO5ebmYC/MNIBnu7liM3N113GLotBgEimllqQLn9sF08YBJJZHqcoUN0ZYDC1uCD8eM5WKR8posQIQyCCysojDdd2D+jGmzAeOn4ZDqYIDIKIQgnE2uWxxr0F+4C3cO1CcDOoebUAohEBExpnresgRAKRSWiozyiJSFQ8+aqqAsKLiETBenDu0+fBuAEpp13VGE2JgYJhl9vrm2aYDGhoeExynWsSlOevS3b5KZL6WBzuhcEjOMKvfV5oLj7N6DSzfbhiMUqUKlWnw6rbeTud9wZMIzi+pMCN72sJpWay+9v1vrVy4hFE2vYq1Cwt/79/7T//0O9/KsuzjPEUVTwjNZuvQT+lBd0BDgGgOj90D2cGjHI714ASl8qOYw9bf+85sp7SnICIpzfZetr0XduNCuG4tcOrTnt/gtuvYNldS9vtpkuVhnPpBwIQBbgnBBGfElHZACRMW+bRiRLS8vHzKd17xhHDhwoWZmZmJLj4cF4geqh8dJbyP1o3en3vvjAiHcy/DZl1kE1secFQDSam3d/KNnX6UKWa5NYvNLAa1zEbOHUeA8fv9OErSsB87vpcLAjQW57bNuIXKA0k4KIpawRniyspPi53aJ4Z6rY5se7SGgYyR67plmeVRD/qTD4WIlmX5QYClesGpFwdoVPIxMqQ9fNjjn/WAfdiTx2GMOY7jeV6z2ZyZW5hdXEQ0g1631+n2u904jrMsRwBE9FzngV6l4mSqgLCi4uEZJU/2HX6O7DJ27QYwhIbIkKFxeRLlBQUcaowbQm1Qa1KSajV85/382SV3JlO56xXSpDaLU2YxIGJzdW8QGe6gIKY02BYf9HMtpVbF9c8vv7I1SG92pi8sbeZq0feeO/slz7Og2+61B1O53lSFtd796vUv/8ov/tv/6Df+SWVO9VPIwsJ8UAvK2wRoAFnpOF9isGxcoZEw+f36qY5ZYB5NUI5kIccJnIPVP4gI9CBC6EfUTQkojLP1je7uXuTWA0fYSioAqLl2pnJFgrSeabp5EgvgpPROP7QtJ/DtwLWAMzJKEwjbUYUMgmB5+eyDvJeKJ4KyY2qorwhUDmIYObwfHY7fgieGAAAgAElEQVQnSS0e10w1fODwhlGmBQ6vgCCyB+0pOKzZS5Am+eZ2d3Oj79YCi1t5miSxcC0hZZErabRu1pwiS2wuGMFup4fAgsCrB5Y2WikpJQnLNYUSnJ85c+ZB3kvF46feaDDkAKycazDGZmamkyQp2wLL0T6uET3hOKW1gx8EtVqADGnCBeXouN2HiBBodN3mnB/tCTzWRfBBbSQmzQkR0fPdeq02N79w9vzK5WufOn/+XJaGt2/dzOKo3+vs7rZ397q253IuLp6/cPpXqbgvVUBYUfHwjJtWTtxrIvtC+wvWZYpQ2My2cBDyrGkc2yjD13f0pfP2pQXGLWX56MQUJUUtcBm3JPCAs6izZvh5Zcgwro22BG93U6XNdMNXRl24vvyD333Hu9XutwfL5+zPPvO5cx+Il5/70k6St2y+aYqlbpJuJP/w7/5nv/enf7i9vf1Rn6KKJ5Ch03HpXDwqAMX9Zdp96fzjf9dpsqzuwEwbkY20GscbJ6U+9m8eLNI7Zpn55IIgAiBtgA0L4Yw0cRgnYZKHWZorAqNUsXY7Xpqfagg7lUU/iuq1muCi5vNur6cN297bqzd93fLjKO9utBmAsMS0zasewqeaYYtgOQbZRD7wQThdAg/L9r5JRZkyO46jOr9j3t5pRjUOTbe10kmcmaxAabp7PeAgGG7e3p6fb00Hfk56LwqV0oI5NU90ej2L23s7nSiKYK6Zp7Kz0TFZ7rpOY9mtxvRTC46voYzxZrNVq9WzLNPGnFi4v3+n3MIY545tW2N5ITy678GjDJ/5MRYaE2PguV7N92u+z9ABUTPA+90uaOU5rg0o48FcM2g0atyrc1Fdqx8xVUBYUfGQjFdzkQ6VIx3LSCQMzGSBkSZtDB+QsnvM85gngCumJdSb/Mc3olrN0ZYDXlNoIgJlMMryuufvxrFADiZTwJFYnMm93Wh+ypbkNKctaVF/fS9MUrzyXO2N9Xjm4mqsWJwW9Xqu6XaSLvTDsytz/8bP//z/8eu/bsxJtrM0ygE94nNX8VgZz5nL2TMNk3c4mh58CLmX4WiZbOXaf+zQbTq9j+E9dPqHDxoDCM1m7fycoqQouECLGXIHSZTEBQ8YIFOZ6kTdTFEYp4axPEn67T4yYkbvbnSj7U7NcjzPdi8u5qpqtXoqKZcGGKEBMljqsRDdTzJ0zKRK6EHhJRo/XL7OxAMHS/VO59t2YP+jo3rUaEjaMMRWq05nwKRFTi5ZTGoSNstzFQmFjEhRb6snDfajmLhIs8GgF7qe07dEe6Mbt/sOoXEL+3xDniT3WPGEggi4b4KDiIwLxjgXtm2IcOJqi3R4jBoadXLTULcZYbjQMOpwOU1h//B34V5x4WktrE4BY9xzLc91VKEH3VCD4+7tObaVthqBDSrNsmSQx3EcDbx6c3lxyXWcal7yaKkCwoqKhyEvdL5fPkFHbhzPeJo8vEsgC9rryuef8ZIBrm3QC59CWxitoN1Xv/v23kzg/Pz1ZjMEpmGjZ8gxWcEMFNNuPTSSM845KzsJbry/17q+GOVqar4mXOvuzY0L189PXZ5pv7E+PdP68Z135jGZX/iMViqc9hYWLYn0y7/wC//fb/7z/iABuOc1HQGiTJqHjw8qnlzGEwYcTjpO0dl079wgDIunaRTnjZ5wIginqxQdTUcQ9ycwk+4UnLGa77KlVr3lGcL339vpJSlJHeaFlAqRuMR+L+pGaaK0JpBSIzFucG+zk/QS23E1YZTlih7Im7ziyQIBCRjAuIb/AbODBy7kozsHZszlwe8h1UjjZPfpLpjHjurxRoZA6Dg4M98IGq6S5v33drZ7Ya6kMrrIJWOIyuhYtvthorQilFKjZja3uru9qBt5ro/GxLnM9SOX9K34OChLOSbKkoEQShMJBogE48vVZCa8NBViOLyij2O+A/6qdB9z+v2VjtExHmHsdxRE9Dw38BxjQBN5ge+7NgdJOlOp3tlqb2xsJ4MBR6MRlBbWChOnsVWseBCqgLCi4mGYObMcbr4/buguN963lH80ZRm1uiAUOXg2L3KNAr2atbapr1wARvqffatnofWz12YRDSPqa04IWUo+qinHFdyZ8y1ysZ5hPzUL842bN3c+99xCe6ffnG9YDtNGN2d9y6belA+pac0tuEE9lUpuh7LmgY95lL10/dNf/PwX/uhP//TEt4uNqZmg3nyU567iSYGOUY95kKcfspAvF6OPNeY+5rn3FiQ4gWMTisgYADAGtabHON58czvejdI0laQMoyLNjZScYNAe9POcOW6SFXkh/cDXkvZ2+w63heNGScIZK0hXM+enFEQGwACH6xIP8HecLGCeFFwaKXYAlF72k/I0B4ahMWVblhmLiz1Qd/bxaXIsLYrQ8VBrtfrW7mB9YIqsKHLNTJGAUYq0SaOsF8XMcXOt0zR3PReAd3ZDBAQmkiItjMlBM3gwBciKJwFEBGLjNKDBkYjzKPLDsr5/NNT3h/xwpQ0JCcxxFfmngwiHKXaCstnvkDRo6WnxIWNFRHQcZ25mdn5httvrqihuNrzGdGt6YXZutkFJ99bd1VtrO5bvu7bNAbiUUmZ4ysruilNTBYQVFQ8DkcGDi673n93SWA2dDe8Q5ildWGG2g8agY9Mf/igttOsSO9+qffo5F7SliHyHRRoAk6Zf+7nz+OYGhJI2t7PZObtVZ7s9mp0Lwn6xupk0WkHYz5pTtd5uvHRhnrLEIE2fDRozF4FQGa36cZzmg0HhJn19pfYf/Yd/+9vf+9595EbNgwnxVTwVDCetoxnvCYP3wB9/pHK+/wANR7IZGUWNHMLH0+LDgwfHxzzWQPxETmzBImN0bzvsbg4cYDVhyTjXRWYx0YtCAB72EwnGZCojtGynkCrPc84ty3OZEHmoGDBFqiqQfhpRSikluc3HergPFA8eyHhP2k4AGYMAxPCeh6TD35AHvl6eMKqJyGgdddK4GwsET1hFIZM4tZH341gZGsSpkpJyHRrjeIFUutvpcc49z7O4CLNYkdamKoN+SsHyP0IwOLRhx4OOfAcu3Qfql2ncLX7ooJNL2Me8Jo3X9JDu90X6kHMDznlphuG67sKZxZWVi1HYa6+tERPCcV0/cAStb9zZ3m2j43h+QACFUqzIsyJl+PCBbsWxVIZLFRUPz1CCAw9YPO3X/BwEsJTkYnt7e8jKagdCgLwwaWqAoOGzly+5UR92Qnx7LwKXlufthm1dbcKcbeZa/rxPDscG6GkP9hLd7ReLMx4qnWdyeam+sdauN70kLYTN6zPB3KKztdOuz9SteV8OIkHS9ay0kFqZotAiS7uD9Ge+9rWXvvjFx3PuKh4TxhhDNFqbGPehnACVs9z9iQURTejIkUEiMIbKerlDchpEB/7B/v8ftJ7vHm/OEJjhW1JKqUIziymtwJjAsrmiIsx0rtI4AdCY5TouBoNQKQlESsnWdG1qpi4shgxsR+AJmnsVTzDb29txnMBIkPH+f0ICMlT+Gw5ZMuNBPvZ4Mwaw1KYhIEPmuH/lkgibcCD88JAhGo1qrZUsJLOYJl3kmcMY15D0Y53LIk4EopDKJEU4iPIsYwwZZ7WGPz3bsB3OEB3XYngqZ4KKJ43V1VtGq0kp26Mc2kYHmbyaTVoXTm45+KzxtflUg9kY86D2g0cp9YF7vX4Yxq4baOGEhQlzFF4waG/dWl1LFXmeZ5RKoyRXKi10IUEbvHN37UO+dMUkVUBYUfFhoEMX4Mk1syOXZgAgz3Vcxxr5VYDWkBTGtkFJs9XOGYezZxkCfeVaY6llcZuaDX1lhn52wfgWVyjCDBzPn/WMMCoayB/e3G00eNhNUHBLgFa5azPbFmSo3qzXgqlcGhmb65+pX/rsfB6mhoySOsklaRmFaZLKX/kbv+y57uM9iRUfJ2+99VYURqedHR6OFicN6rFcQi7Dw3EP4tgRfH+ng/9Gxz11NDipp1dO0u/xVomUQULk3XCw226H/TAOk729HpPgG+5rpuOss7snC6208TzPEhYAGKMHUWRZQghhiLrd3ttvv33Kt1bxhDAuWjN46snsGKIjXvMMCIkMmqFmGA3d7Y9hwtjwWLeVe7ymMfvVqUSkzYGiToRhJyQBARkEY1inP2j3+u29ThIl7XaPCvJI2Lkpwnhve6dIpdbGsiwhhNa6KIpOvw8MGOcEmMTJN7/5zQc6KxWPHTNq9DMAhyqSjg3tDuqLGjgyMzk8Jxk+d2QFRDi0ERrtgOMDn/pqfWh9/OQ9h1I5jAVB0Gg0GGOdTm+v19/abUtDDLP1O6v9JJ9fXGjVgjiOpJKCC8aFMai0GYSDU76ritNQlYxWVHwoTl+1gAiMIWOMDa2KkQgsC+OEHMs4FkOGc00eJlBz2MKUZTFmNCBH3+O+714n9cGGXhvEDa+52onjLOM157Xbq1/91OdMCJu7e3P15qCbzCzN2h7rdgcyLQa7aRLli2en3viLbp7vMc6nry2rOFep0tzkmcr66ec+84WL5y+8/d67H+VJqniCkFJywffnuKOu1mN3PjJRHk6eiQCRyjE8igYJEGnfQQLxWDeJfffO06nJjP3iiIAIGT802R9KyxACIILod9ONzd0kyYvCpOEAgRsDYZhEg34vihQjbntZmqdp7jg5kUmSLEsKbQAZ00ojMkTW7/dP894qnhxGAw/JkAEiY4Bw2NA6OdDGS3E07kDCo4V1Q0MW2i+CLjnGc23yKSMRkPuCY6kOTQSEyPHg4jwijt3AGYg0KrY2dpNY5oVJwhiBEfD+oBzUkeLgePV+oeI4s2zbttGoopMrMgyRwAzlJasM4dPJSDdmlL4bbh6WRh+4O7p9zCg8NqpDguE4O/DA/gYiMve4jB/zRhEZY5xzIlJK3Xe88ZEqDGNsbmHhxS99SWbJj27fUkpmaSqTsLe1FiXF0rmz9Wbzxo33heWcOXuWM2a0aUxNA+PVgH60VAFhRcWHgtEDdOsTleJfOLTiRjREngMMmNam1RCc4Z09SQrOuqKQhmnsRDg/AwyZ78nzM7jWZ5bJO2nH9fy5meY3/tJfevf9pNFw3tq5YbvnUloyRnmBXRQyjTNj6Pzlqc3b7V4ncbmwuL1xu82MaU75eZ2lMZk0P1Of/dIXXqwCwp8qhtPNchJqiNiB3MTxBlUjE80yP4eAYIjAjOco46nycJY9WtsezdNHh0G4jyf4CIZgRocey/sjHpP+IaPLgNBodCyBhEUuwzBL46KQRZ5mg2igpSy0bky1tsMEfU9pk6aZ5wo0pigKAhaGcb1ZL323qqnzU4cxZuzYhgAGiE1ObEfQ4Xa94VqIobF9IEwqhR0Zase8NI0iPEPlt+Ck+fN4VCPjpPVwoLFjZP3LUU2EWhJnTHCujU6iPE5knCQyy5I01VIqIt/z21GskTHG8jy3uGMxS0qZZzqKI8/3jDFVt9XTCg2tqgiGV9uJRYnhet0RNTua1LqbjAb3uwdh7D9RNilOuMRO3CBCRDil8phlWZzz0wvMKKXKHkJjTBTGa9udmhgIHadJEsXR1tpNnfiNev3cxZXt7e00134QJElscXH2/IWLFy+IyofwUVMFhBUVH5ZT/tYeumKXl2O3gY7AXOlmnWkJr6wWTAqD2B0Y2za9UGvGUszDHv3Jj7d94X7/7sZfXbkw31hiAi+eF00/k0YxxqeDVm8w2N3oNhuB61ucsSwptCSjheH04l97ptmorf3TV512eNuF/l6ct+pMyiRWRZ1+7md/7td/4/+553W8mkp8EjluYXm4hQ5sL5MZWOZeaNR8OJqgAOHxKREatXLRpM/9g/yAj6buhIzRyZMMAgDSSt14c7O90SVgRW76vXC33U6SiAOzLVtpACKTS1JKx3Ew1aQk8f0ZqQsQVi9MZKHTLFZq6tRvsOIJgrGhCT0yRqP45z6B/WRikMqauTJao/Ek+5D8xtHG10OZFbqfv4PZDzlP9bnIqA/e2dq63ZbSpLHqdHu7e3tRFCKB5/hSaylzi3NUigz4RplEOb4HxhhgmiQgy2WujKomzk8tBAAMmAHDiO2brw6v02boVDiR/6PDs42Jwn8EMIATzWL7uXI6WO5Ew9wkjY95Ioho27aUiguBAEqd1viSiJBMHIbr7cGFeTCG9XsDI2VndzeJnTNLgq/vbqytDcJoECdTsnXp4srS4kKjWeOcfaROGD+FVAFhRcWH4biExbEM8xsTa3sEgBBH5AuwAARnRQZaYl7oz634tzuZApifst9Yzftap33rS5fnPb9+/uzMd95cbQVeXTiXFtAAnpunO5uxaxXr/Xhnd2Pp3Hxjxm80/LAX5xJiwQGYVibvJXubcZLFW0acCxPJmyLVeSplrl769EvLi2furB/pz67yJJ9McKgDSqYM1fCge8ShncsNxpjSsXDf3erg0D86wzWjTkGazB9O9Nme4otjymR6nBVFqlszAZQhaDmvGU1rkDEylPTV3RttLYu7q5u372wO4r3+oM8QbcuJkiiTiQAoisy2XM+x/LyQxug4YYiy0HkuHc+zLLAsq/yYD392Kx4HpbLFMIsyVgY6aVSP7NXMMAc9Xr84Nlbbb7g6FBDiyI3iAS6YhgECw34/3dkYXLq2yMt0+74lJytdNAiot1u89/pWMoiiKH7nrVtR1ukPOgy5ZdlZ2MmKhAFJlXtuMC24k+WEKPt9y3Gl1EmUCtu2XS6EKOhhXF4qHjMTLdfl8sVIovmAxNfkkBwP1MkqjJHLFTtW92g/Vjz2pWl/lYMxhojHhmGcc8fzrj23oous1Wzdvn3nzp07p9GbMUYTaS0VGZFzu5eroigYA0KI4vTW6p3N7e08Txiyc+fPP/fscxZnt2/fdj3v0uUrvLIifKRUAWFFxYcDTyedXzY6ldduHG0h5ALIEApGALUGfvYZXmS0GcYa2Ztr6S+vBJ++4DanrXXB6r67FiIKXxnMC+IONuvUC2Fhzu3HxbPPXf3hezffef+DT4WXpuaCxrTf6/QdP0gTmSemVXde+c03393ca5yZYVIZY5QC0KQkJIlcmJ39xb/6C//j//6/HJ4JYWXS/Qlm5KC976w2DNVGE0cc648bMzazGhoNHlNgdPQF7vsO7v2QVpoAwm763hubK5dnv/Nn73/zD9585vr8p7+0cv0LK0rpre3o0uU5bjEytLfekdr8y3/y+luv3kbMGIdOvx2lHSVl4PpIZIxEMMTQsV1L8N32mg3Gq9XzQQi2VWjDkhQBwHGVlA9nkFjxeJkseRtNf08GCQjMML0Co37akzN3Rx9DOvAondhwZZRSykT9/E9+5+3ls800lr/xf37Xr5lPv3zxr/31L3HBXn9t84tfueh7DpHp7PQ67ejbv3/z1e/eTNOe71u9QTvOukoVnu1xQCLDGQMkz/Vcy9psrxsj52bPFFFslFGC24VkhoC5MpcP0tlQ8cRA4yU5mrhYn0616MDtR/ZTfq9royJauXzpq1/5mddf+5HjuEFQC4IgDMPJJ47T7ONvmdYaEZTWBiBL017iDwptO46U0hhDZGSRyiK1LGvx7OLnP/f56y+88MYbb7z75k9q9fr5CytVQPhoqQLCioqPD9yXDkAEYIwYQyAUFiFSlBgbcZCBKrDpWL3QvHs3+8lO5wtwxnY8Q+i7QIU8U/dCJSSh7bJll8UZnptvvH23fWNz+26v1+vF81pPzdXzJP/Cy1d/+OpOo1FnQKu3djQHKhS3LGQ8M+ARFLlKsiLOin/nr//NX/un//fk5XskE/JYzlPFR4gxw9a8oabcBKP03WTiD8oWKyyL6CbSgw/UaHd056NbEMwbr9wBMJefWYqjZHOj88o3b333D2/OLfhG6+2NvbW7t7/7nTc/99K1Xsdoxv+1X3y+3qi1d/qUpuFesvru7X7c0Vpmci+TIWPcEQIMFTrTZHzbB84QMUkTizm2sALHjbMMjBGOHdi2KhRGGUhDRB9eSL3iY+bcuXO27QBRKcZ4sGCOxn7xQOMcIII59eT6lBwsth5hXvnWjX43vvbckrD41mbnxpub/+pfvM2B/ED0B3s77Wxte/PNH9/lwikU297tzsw2et2CF5GM9Orbq/1oVxvZ2+umeY8LYQvBAIoiU0Ce7SLnZDBKIt+p+7brCGEKbdJM+K5tCaOJ4kxoKh7CHrHicdNqNTvdXrnojIR078DuQMfgcOUZx8MbH9Ff/iSTCa05Y3/2J3/SbDY3NjZs23JdN0kSrXXpNFir1RzHMcakaaq1llJKKQGAMe769aBRN1nS2SZTKNdxGGNpmpYHFsgEZ2CIISJip9MJwzDPMmPM7MzMo/lgFQBVQFhR8Wg4pFUwVD6cfHRUMVfqeJRXaEOQ9LXVYK1pJjUVBfk1/uNb2fm6b7fwwpz1k83wbts8swjzczhIYNrFO9u9llXbyYCR2W7TF58tOn37/dvm7dvtdj+xLRZGsczzqbmgv9XjpJKkaE3B7mYU7caeAbURiivztu8YZQQBEshCxXn6wrXnn71y7Qc/+uGBT/GIp0sVTwTT01NDDUVEg5OFQWNJjjFkzDBqHEo2Emg4TfrlfhypUmJAAthv/eM/u/XB1sKZJud8aWHu7vvb/UGn2+8Tys7glm1b0Y7zp78vg3otlIM333vb5tO6sB02cFAwyiSkmRpkeQ8Zcu4QYW4Kz3YFMs44IC9yadtu4DeM0rKQaMikuSp0qo3x7AK5Rk4AM9U842nDdd08zzzPo6GzJo2SKbjv4nZQiXE8id6vvfuQl7sj3woG5KC4+/bGb/2z71gOty0xOzWVh3kcDpKC7NDe69+yBDOZyd6GRqPZz9rv333fFjNGuQxSG40tMiN0ng2SvIcIgluAPNOFIyyPO8CYELZW2rE8y7FJmySJGReoTT5IY0TmO4ZYToIzfv78+Q/38So+bqamp+nWKgKW8eDpn0iER2TBPnIEst1eJ03TPM+TJMmyrPxGCSGWlpZmZ2cFF3med7odo41UstfrKaU8z2u1WsvLS9qIQdidnW6FIRuEUZ7nWmsLwOZgtNze3dne3p6ZmVlfXy/X7Ihobm7u4/2In3CqgLCi4sNxrM74sVsOTxewFKYrCp0mYIA5DJDgcys1MPDd1d65Wecvr8x05vhuTq5Dca5zxRt+Y+CbeCdvWmx1A545J/7oe/kb7/Vut9tr7Z1nF85FcZTGRWuutnYjC8MkTdJ+Z3D7rTU5iFXNOT/TnK3ZJsmMrqPRPkCSql6WpEp+5aWX/+K1V6tV5E88KysrnucBgCmtr4frFXioGGlyJIy092miW+rBxslhHbyDRstEdPOtrR/83ruWrAXW9Afv7Vrc2rgbdbsd4I7tzriu34nvpEVfYIMzurv9E9sJXHOxoAQwyxHIDJiIGBLjvNVcNGQQkBlKZJQUsSNcQ4SomSFXBAy4VDqOM20JAuRBYFsizfJcGSJsNZvXrl37cOe44jFgzLC1Camsdh5Wg9KBXsKyI/awFtKwFfDDMdTTHXcbGrrxk43f/b9e6XfThenz67s7iTZZHnV6e4w5jtdq1Be6yVpabAsWKA13tt+ybdvn5wupCHuccWmKSLUZA8HY7Nw5rTQZ4kCFypIs9Gwgw5QqGEDNaVnEJUGWFuTxQmt3qlGv1Qa9QVpkhsBznJWVlQ/7CSs+XrRSZAg5G3ma0KGizcmOwaFg6Ki29PSX6JMr5I9at9yLjfW1MwsL80tnCdRbb76VJIkxhjG2vLy8tLRkjGm1WlprYJimidJGKQUIc7MzjPG7d24HQS3w/Pn5ZWUWb96+kyQxKuAWQ+RaKmRmdXW13+9vbGy4Q+fkqtn7EVMFhBUVH5ajHSvHX4uPEadDzsB1WLtjFuY5B5bkpuablm2FhTPXtN7bTBZn6jIjRGIMfEd114vCiIsNDox2dvJvv8pX1wdLc1bO+HrsG2BSQb8bzy7VpTK9XsqAwm7cbYfuxemwPYhtvPq5s3GokjB1bD6taZNzpWC733/xM1+oBUEYRR/x2ap4/KRJMp69GkOIQ+lxti/9AmW98ORUYELTYNil9eF/jxHorR+tbq62v/0H7/a3My6sXCmlNBcWswLJe5aoB/VZo4GxRqH7dX/O82bCbEPL0OCmosIgQ8GQDOqcM+5bNS4cmWecccbRJi/LB7lMOReWcGp+HQG1McoS0pgsL4wlpgKPA6EqGJJnC1l8yM9U8Xgoi9lwf0I87Io9YFUy1I2Z0E7EURHpI0h8AwwV/Wn1va3v//Fbb/9wvbcruRCpzLI8ExbjdhNtjyAIavOAtiXmU7nnuDPN2nnVT4piS0ZrxFCBAc44Q8RCoG1bvlZUSIWAiByBc8byIhNCcGHXvQZDlstCOXaBmMWpstiU43DSlmdr0PXAgdOKPlY8QSCyCd9WNABIxI9TssPSImJoJvFAcs73fxen3O/u2rrWmgCkUoNBGMcxItZqtcuXL0sp85IiR86Qc8+yQsEc2zLGWLZtW5aSBQa+Vwvq9UBqpfI47PVBiDwvmDau6/b7/c3NzaIoGGNxkmhtqpaWR0sVEFZUPAwIE9feh6JsZhn0wLdJ2JjnJgphuoU8gL1Ef2qJq8K6cMlfH6h+YQlhHGYcbs/X/UE/X66bHaXXt5O17cbUNP2Vr8yud6Zr7plb6/2m0+j3ewyWZs9M3bq7huhnGS0sNZ2g3t+s93ajvbV2Y3nmzpvrzosri7t7W85CpmQvTS9dujIzNX0wIKwut59MiMoEylgJlJUz5MnCZ5y4Q2P77gMG3nTCIvQhQ7ZDe46+PgCE164u33ljF4pCSXJ93zas3lBR3lMpKe0I7u7ubTJuN4NrdtH03AXbbipZkEwU9pABAKVFAki+W/dEzeI8jgd1v8YZLs7MDuJeLzRplrl2oLXKZBbJ2PbrqePkyuR5rk1eKzJHiJWp2Yxls3PTGxt3H+Gprvg4GY1QMkBoxl4RsG+XYuiQCj+NFjhOM4vGQ/7xRx/HoQrIlStnPATwNV4AACAASURBVOamnfyN7bWp2qwHIGx/t7+1sbtO2rEtZ2Nr1bE9i08ttr6GjDnuVL6bowbBjAFgqHNVRDLy3VqzNiW4SNKoFTQ5x+X5RaXzzd3NMA5t4RWqSLJYa+U49cL2UiKDXGqV53Ed3HP1Fs4052am9vbuPLrTXPGxQQRkjB5JK8NkvDd2JmTAwAAruwcf3Eb1pP0JkZ12qUQpdefu2p27a6XoaBAErVbrwoULFy9evH379u7ubpwkQa3m+b7gAhEc27Yd5+zZs3vttlLKcRzOmeM5jmPNTk9ZeKXX66dar966K6mAPLeJ8jwnojiOt7a2ijx/oI9ZcV+qgLCi4mEYu1U9wFPI0NBIdnwQ8HwggG7buDZKSWttPQfYdHg7xMUpU5Dc6KhcOakhZYijmmnqd9ak5tY7t2TddyzBPntlChn//g8TX0xfmJ4Fkg6vKaVqDQthzihdxMmdO93G7t2pKxeKwOlvDxZeWL7bTnphYQW1S50klH7myOWp2Qvnzq/ereYNPwUcymeX7g77VsWjfWgkxo+T2x4RowN11vu3X990tM+xJxCzPM8K49or7cFumhrft5v1FhFtb28K0XCdmusK22454pywTJqveY6H6Gcq5gA2QwsMkvYsp+F7Lufo1YwxZPqCW7lMiyyzuKVMHnD/vN9iQgwc+NTy4tt37jJmnVtuajInT/krnnBoZCgxOchHbvXwIE5BD0l5/M3Vzm/9z9/c20oIKE6TnXAwSELHXbRF1k+6jmstL10Sgq+t3wK0PauGqINgltQcMZYV77uW4wvfaC24YCRdFCkozthUUDNFboxu1JpKa4ZWptJU5pawiauAw0W36TveNlfPnl+6ubk5GPQunp9HVq3tPaUM/25IrDTaodE6tBkJgw37UXB0Hf9o3se97FiOxbKslZWVK1euNJvNhYWFoihardba2lqR582pqVajkaZJnufz8/NKGSGsy5cuW5Z99+5dISzOrDBMXc+zrAW31iykiqM4z3OlpNZ67FpktIaP7MP+1FIFhBUVH44HnSAPmwGG1/VcgjbQauFWx8zVectlrRo3OVkWs22Icj1Vg/fvJLtdyxc0SHPHsaMi4rV528KaTUaY+SlOmuaaIs75VhxlMrR9rrKcjF67NXA8R1g88NzBIJLvb05dPb95c+vSyyv1i1M3X7llfuY5h6nlMO9mns3d568882ff+dZHdJ4qniAOJP8QCQGHKUGaqK0beqWMCuyI6GGG+/40Yr/EdORMSLLQSZQtzNV95u0lSZRl0ph2uLu0MN+qzZ474ySFJo22yx2XycwehIM0t6aanzKQaVUYQgYN37IBtm0mlM4awcwg7jV83xV8Z2/HcpzArTXrU1t7m5KUJayLSxemW61IK57ppZlWhxdZEntZga4K5ppQNaU8tZQZbDpY5TzMQ+9nBUcm3hPPetBRfaC9dn/A7PcpplEhbPbCixe2b4V0c6fTzwlRkWYmadanWo0ABUdgRqup6Xp7Jzc61Rp9+4xxMqVSk9uCTTPmOoIcRqrI3PqUSPq+LWqet7O7zW3Lcdy5qflBMsjDwhL83OLy2cWlsMhklC/Ug6YL7e5ezRCzODQd4AxPssOoeKI5FIgZMyyFHjvJD8s2yma/cQtr6bAJZS0IHVvMhHD/pYKh9+zwmPf/pliWtbi4+OKLLzYajcFgIIRI07TZbP7SL/3S7OwsAbz+4x9/0G53+/252ZmlpeVnn3321q1b/X7/6tWrX//614uieOONN27d/MD3PW7Z81OzjUZDqe9tbW0ppcauSIwxRF6FhI+WajG0ouKxQYSkQBngLg4yGiTK8gEYaQCUmjHd7imjyEK42WW+qy1yOCNEow0wC4ChJv76rU3HzwmTwKNGwyVppXEhI1nzOSIWiTSGmjNBUeNrcX/t3duIfO3335l3XYpy+c3baZc6vpejlUj6zOc+97hPScXHwb6nMcB4JmsQzL1/Xh8qGrwXw/K99lb0v/3X/3L9dufCl5ZDE7eCOinK8xzJKtSg1azHcezYAAA2EwhEjKK0m+W9MN4B0N3whsUbvjs7SNaUigVjQMaznYXWnFG5Yzuc8cD1XWHtdnYIAYzK80RpNT8z3+QOkZ6baT43s2i63c9eOL/Uar77wdZeP6y8Vp5qcEIqlwDMqJlw3DR4yGnloUY1HYgx918WAKCzF/9P/8U//83/9c+pIT5Yu6uzwhRFURRKEUDRqPtFXkiZkCGb8yyJiEEq+2Gytte7WRRRGN8RzPK9qThdL2QPDQnLEpydmT4DpBHAddy6FwSul6SxMiZw3CwLe2Gv5tdatk9GNlv+tdn5M2gvuu7FuZnNjd7qRltXgtFPJTjyIRyvz+Fo3k4ffTg0ChBO4bKMyGzfbc3MLC0tXblyZXZ2VimVJEmSJLVardfrCSGee+658+fOSSm5EJcvXbJtp91u//Zv//bq6ipj7LOf/ez09DRjDBF937+7sTGIwlZr6stf/vLLL7+8uLjouu6wJrvUi4Kqh/ARU2UIKyoehnLN7OHdykpJO4Q8M1EMOzFev2i7NqqMrCZwh7UHJDe0lHB2zukWwfZenJ8JyBiGWPcEWty2TK7V7BS/ciFwfaOUWJjlOz3jOByM2tqJLl6eBjQGmACSqRYzboP8c1fnKWF7O4X5wSrO1zxkM6v9vOGGHFmePf/sC4Hrxln2KM9UxZPKuPymbFC59+rvQXH+Ux8cD3ezTIafJI359p/85O6N7fX3d4XNPMvLc+gloeDizMxSPagxAYtzM1u7PakHiJ4smG27ad5u9/Ys7uXFTuD4vnB13veFQ4yBIdtxB2GfIVNax3ma5Zll2a1m88z03Ha/t7J8bae93e8P4sGgUfcXZlqebWtjlqfmSJm65/I09YglD3k6Kx4zQ4lFQ8PLa5lMwKFp5lEV/ofKDZoj9dZmHA0SgQZ68ye327uD7bXO26/fmWm2klyHRc6Qz08tOI6lVHruzNzGTjfJu7kArR3HsVUa98K+zb0w2qn5gYNQxO3A8jUQQ86R9wc9jtx1vDhPozgyZBpCnJmeXd3ZvrB0td3dzrN0e2tzcWH+mSuXm7WaVCrw/CzLbEJXmQXXjrNq7vw0UpZqjrxjDR5McT/yIH+yoIOVr8PKJsITX8uy3MXL185fXDFZZPJ0fn4+iiIimp+f933f8zxjzK/92q/9+Z//eVEUm5ubvu+32+2LFy++/fbbUkrP81544YVLly796Ec/qtfrU1NT7777ruu4NhdaF5Zlvfjii7u7u7u7u+MMIYy+1hWPkCogrKh4GMoWlYfNsI/cZQ1oMHVXLE2hkpps3prmBEYT920wml29yMLQRAqMNqHULlftPs41GpuhsRBrrmi1zIvPN1BYSW7euNmuua0g8Hth1uinRIYzAsaYzTbf2jr/2ZW5czPnn1lgZO2uDda/v8l20thjG/MNmPXb3WjOmrq6dHn5zNJ7t25OfMqKTyyEoAHEiT+tB5teH/D4x5vRD5tepFI7TEdMRe0ekL6weG5QcGHZrnCiTG3u9ZJi7fqlqxbjnje1vbuTK5PKTj2YkSqZbS2RCcAUYbrluVM1f3aQrEdpGGVhK5hiyAmgUNKxHc9x17ZuM25rA65TM7A+vzD/zs33rl262vSDopCxTDvdju8EXPALrfpyzbmRVFPnpxOEQxW/96twe7jr20nrJmRgOyuKlr17Y8fIQtgcoek76Dgowdpu9+N868ryosNZEMytb25GWa4omp2eVSqam15g2IrCvW6+26zNB97sIAzDuN8N2zONWYvbhJB3cs5Y4Ac7nS1EhgBKq0Hcfebqc/0wyu7mVy+syEIO8iRNo7CXeq476zvnW/67Ww/1WSseM5O6XB9dHHgCw1WVE2BcXPzSz/zS3/ibdVCv/vkf7mxvIuL6+vr09LTv+1NTU4jY7XY7nU6n00HERqNh2/bXv/71b33rW1rrpaWlr33ta9euXXv99deLovje975XFMXc3NzS0lJRFP1+/8aNGy+88MLLL7/8/vvvjx0IYV9Yp+KRUQWEFRUfMzj+HyCBwTQ0gvig0FEA1jkWOBYTJst43Wc2YpjgrDBFrO5ss+cXeMNBLaWfFrZlWUx5AhGJIc3Nmeim9cz1YG3Te+duZ6fTVtm0IYnI67Pe/OXZfjf89BfOrL5yp5Bs8crCc794XSYKLJ4EbpYkdQnznql57vVnnpsICKuZ8ScTKgWOCNhQr3wot/Fx2joR8TBT+WIt6e7ZhZydm50u3KgoUqUZjwFMsxb0B7Hn2mj5hbKKXAVBICy2MLNy4fyF9a037659YHGDqh2msc0540xpmcvMtr0ojaQsal6AHGemZokglcXO7p2pevPiuQu9INjt7DAyZ84sKqmIaG5+TpHMdGJUNcN4WikFGfd1Ro9I3U7s+Qjrnw8eGTDJdDrjpptctNXC/HzgzPejJDO6F6da2vPTS1oaLgRj3KClTeE7PhmYaS2fW77S6d+6u/mGENiL7u71Y9fyhCUsElIXyFiSJVorx7KxB1PNFjKWSxmG7cXZxTMz89YCrm+sR0loQCFDbWhuftav+b3eThLmVSH004mZWKozIxvCg6se9+gPPN2j5hTKujg+AmOMMaaUGt81RAsrV/+tv/UffOWzL/z4j37/zuoHSZIC0e7ubqfTmZ+fv379um3b58+f73Q6Ozs77Xbbdd2rV6+eOXMmSZKvfvWr9Xr9zp07t27dOnv27De+8Y1vfOMbv/qrv/rmm2+++uqry8vLzz//fKvV6na7169f/9rXvtbtdmu12muvvXb27NlavXbq01hxKqqAsKLiYcCH6z4xk+begAhoI3cwLTRo5gvIc9PuySQHkpyB98E62wox0nR2qnY34tdmTLPl+J4jQrn5/7f3pk1yXNmZ5t1994jwWDIicgcSCYAAgSKbVUWyu9jWLXVpykwmm/oB+l39qWfG1N9k3ZLMumu0zch6tFSxKLG4AcSSmUggl9g3D9/d7zIfEjtAFotIoARWPAYDEpGZ7hHXb3jcc+4574t4Avj73y8TAhSUP3jTOdyd7t8cCibLtuYPRJ7nFc/cuTEtV8ztd1Z5gdIg7uwdtzc3BnsDpsXmUplUzGgUkiTf0C1pSknVO29977//5f98CQO24F8jTy4ST8uI7atR6IF6KZBSdo/GkziSNZv1pgqpWRZCqWzDELmqOmaj0bx71AVYS/IiK3IAJKOMYmJb2sS/M5ocIWxzNZOZL3iKNQthjTKNK4EEL9tlw9BEoRQAE38aRWGlUqt59Wa1ajBUWm9PJ5ZrWRLJo+OOoesQqgLIQmdRUcBF1vn15eHFe0yl/3k/d3qX+H5P1yMlj2Fn3OuMCpOxQEVZMpl3pAC2ZTKVLHus1W4NRrO4gEnB0zQTstA0k1HKCB6Mrx8P9hC2ACwkSAEEQgkKGMJIKMklrzheyXWKlAOgJrNpksWVkmebTnupYejYtHWpmrauM43t3dnXNVZ2S34UqIqToBfa6l/wWwU+pU3+SuokEVDofmPLQ5fO5z03wrTty2+ulazdX/7T//Oz/9HpHBumNRqNfN8fDocAAM/zOOftdhshtLu7myTJZDJZXl4Ow/CDDz5YW1vb3d2N4/jcuXPnz5+/fft2tVp977334jgmhGRZtre39+677+7t7Wma9qMf/ejOnTtra2tvvPGG67q27byCgfidYhEQLljw7bnv0/3MvVIBAQCEAJ18DQF+KIf+RBypwOEU8USVDGA6AOpIAsBz6dkkygAX4EwV5AL5PrKJRIUIcqSlEgGxB/FSBfeiouwopaBScH0VvnHJ+fDDfh4fDU3ZQleGg7S5Wr3+q8Hg2N+60mKI3d0ZpgXdvloZHsWf/OP+5Z98P+z5KsnXKdPbhjOP8IxfeuOSxliW5/ef34LvJCdFQFI+lTx+qatGJR/X8FBKiOjm3cnOgSzCsBA3dw4INiiCdYIwzFu1NudZydbncWpgWOSZ4DHGLE3gbDrkcOSHfYJNpJCEAhMilVQAYIQKUUCM/GhWCINiqoSECmytneVSWnaJy8St2oTRw+NuvVbDEDJKq9VafzRCGrLWlpROZfDyxmDBS+ThxsnDrMZLXzvf33159K6BAOZ3e8nevSgaU4COjgcWcwGUJgNLNdeyTC6FodE0SzDPKOFhkIRxIHjNLxBmMk0DqSRWGKicEgIAyItc07VCcijBaDaY+CODGTplEICN5oama1wCCXLd1dxquT8cWchkhJUcF1MynvoQSa+2gg2mFrP6teSRMf1jD57arIb3HWjV0w8D+KAPVyGE1Fd2mCPDMG2DfP6Pf/cv//D3t3d3mcZQmnCcl8tlTdM8zzvxJ9R1vVqt9vv9UqkkhDh37lyWZcfHxz/72c80Tev1ehcuXHAc52//9m8ppbPZrNFoOI6TJMne3p7jOJZldbvdarXa6/Vu3LjxzjvvnDt3bjZfzOlTZhEQLljwAtwP8J6+V8IHOmAPvlYAgPvC3yc2VQoCAKQALpOaDnUTaQzoTOW5Mh2c5ZASWGZqEEpPk7lZTDLSNsHtYd4oMw6pRtR4mkJqpznQNQWghFi+edm6ebcSjYTAUbOmD/vBuUtNQNVgMAuD3NAIocgqwennfUnM2nJ98ul+reasQZXVKtXpUL2xzHV5ZnXTMswHAeFp2s4tWPAQCBFSigKBklG1VP7+5ptLlZZSsDOYQ8DXl1s5LxjWMVAqCzACTU8bz8LBaF+nywARyW3HqITpSOHcZK5O9DidJ1lkYxsCqLiIZaikQAqahmVrZlEIUzOSJIxltCYKU2HL1ClB01lgO7ZXdaezMYMUZRxCtqite015XDv3FSgwPrswhwAgoCgGMp80yqV3t660a8sQkd4wTLIMQxCHIUZUFUWeTE2NNVwqchUloSx0SDQRJ7ZWDdM+B6GpGRYrx+kk55kGNAwwkICLnFFNSi4ktnU7SVNKGMJgOA88Xph5apmGZbIgChUE7XZtOJwmSayyTCkNosW0fh2RLyJd9+t43pR4qk1RwfvOKg+ch57wXEFSZ2jWOTi+ee3O3q28KCCCUqqi4Izp5XLZsqxOp0MpzfMcABBFURzHS0tLn376aavVOjo6unXrlmVZ58+fv3Dhwl/+3395/cvrly5dajabOzs7Z86c+eCDD3784x9zzgkhN2/e/Oyzz8IwSNP0+Pi40WhATBfLk9NlYTuxYMGrQz3dBi25UBABSABmECCgmajIgIahQSHE0tIgI6ppibIGQZpphfrnvamDC5ZmTMdZAW/dBQpCCSACqlmXrSWDIwUTOstH83lOkajWnSzK/UmEkNJsOplMb93sDG/3DUM3o+LMzE9dExOc2lbcrKUK1hq1Usl98km/8mFa8JI52a2G4PkdVi/ldOrpelSEYBAGUopNb21rpVUu66WSgREYDMf3DkbHB/0sCWTBBc8pM5tVe6Xm6WzJMTQKi7JhbTUvGaRBQCnn0SS8K0DGVQYA0qgGEcKQFIJzyTEiWV6kaUIxLpedRq0RzGMZZO16XScoihOMSRQkEOCV9jJME02BV9lIueDUgY/9/fI46VN89t4IIUqThAtuU2u5XrNs6tiMUTWdjg+Pxp3jYZaGGiUEEiFxzStvLbd0Vq+XKxaVFV2/sHqpbK2YqA0UGvg3C5lIlHPONapRSgnRAABZkUsF4yzL8lRn1C05zWotmUXFPK+7JYuxLMshRrNRmIR5o9aAnJM0Xyz2fpeAEKLH/zz5vYePP5M1eejR8gDwmKonxhhCKISAEGKMAQBAKY1imYTz6UgVuRQyzdI4TjgXeV7EcTwaja5fv97r9cIwTNPU8zzDMBBCQRBsbW0dHR2d1IW2Wi0AAICg3W7XarU4jpMkuX379ueff/5Xf/VXN2/ebDablBGEACHY8ypKqRs3bibJQhD6lFncIxYseIU8aWIMETYIMHRQSJhkKk4lhAAzKIFSAAqB8kLlSkxTlHKomF420c8+7QdCXWkxhgqqiX/+TMx8gJCCWGlM/eTf22daS7bBdsa7WZYF03hjs8SLrHc4ZYw2lwwEpSzZ3VnCMI4RvEXMYL2RCn6jVPKDhOYZs+x6tfpbHaMFr4pXqiHznM8aSDFEcKe3xwWQQpgmW66bVVfjBWdMQJWutirtpTVeAAi1jdayQV3bMFaX7EaNQcItzV2tvFl1NoUQQEmCqeRpUWQQKAUkpQQTKhUQCkigFJYYQB3jYh4PhmMgoFBwtV1v1MuRH6Vx6geBDjGTC7PjBd8M9Zx8ilISEESZdjA+mIZJFmcKylpJa5RNg1HTgAQWJQuuLq8SSONENrx6vVwXQm6u1KtVGuRjCrW2d6blvXEiWooRxUjleVLkuRQFgIpShhDWmYEozUQGhNAwZZgeHh5nqci4ajer6ytLukam08nUnxlMt4mOFnm915PTuW7f/E4Pn7bTgg/MKB56AD7+0YGgREoiIZAkUtGCyzwXmsY0RnlRhEFw586do6OjIJx7nvdHf/RHf/iHf7ixsdFutz/77LN+vx9FURiGGONPP/30+PgYQvjxxx/v7e3Ztj2ZTIbDoaZpN25++X/8n//lFz//OQAQY4oxLYri6OhQyoXrxCmzKBldsOCV8WxlqcJURSmquMowsM5gXiiAhOLAQLBsKwzlPMBpqhABRHKs0XPntr8YoXdaOCki23aSUP7tP8nz67jRgEwHtw9mU9wpl6s/1Gu943zn9uyNt1aJhjp3R8kPclsX81nH0Wudbre+1rQtw7jcFvPY746j/rT6/TNFq0KqqOp5v6XxWfAKUb+mY1A9kLQ7jZPdd2l7zJlQAQV0pkGA4iwZjnwEkGGHDCFdo0stZz7zGSGz0YALEyPYGfSttdZGw5gn0WgWc5EznG42lsIims9Tz1kjEOY8gRBahkUgTbJYCCGFoBaq1+rNxlKepuPxrOSVK54dzedH3b5bdiBSlmbUvTJlZB5H65XWicPyabzkBa+ak6n60DTz6c2Px0vdTm9WP35wBRSEkFEClIIK94fDPMyNueaYOiHo3HZlNp5RTAN/HuZESjEYDyDM1+qGH4recBTGkWuqzUbNz/zhvFd3zlBEsiJUEhimqRE9zVOhRM4LS1NVr9RstniWjyYTwzSWTNMy7aNO1yk5iEJbM0yqnT9zxi/iLM0QchYlo79LPCrshAB+TTT4zEcAvN/m8vhD6KRiVHHOEUIne4NKKUKIaRqW6RDMEKaQUo0gBRVB2NAYwwAryQUIk9if+9PpOEnSk7bA+Xx+9uzZ/f19zrmUEgBw7969nZ2dw8PDSqXSaDQAAISQCxcu3Lhxw615FmPBPEiS7IsvrjmOQynd2dkplUqc80X90umyCAgXLHgBfoMP2eeIkioAigKYWI56IDFUvYEtD2gaKdlYY2AWCsfAOkUmURlSFEpLg3VDzf18eJz+3c29/+2dWqLY9d3sXhdWNYLM+MPd61lRbJaMyQ3gLhn39mdX3lnzqnb3yJ9MgqXzS+c3Lg2HBYYovdOlF1ezjw+IyXykKnM50nuDZqUpgVepnPYwLVjw9CodIZiKDAFsIevLO7vNWq1leOG0cBzTdZGuV4N5Mp4k1CRzfxqm02v7/nqt2qyUx/6hhtVGvbm+0vh851cIZlW7VhS5RjRMYcF5rgoFgambIldcCcao7diTJMlzHkepphPLsnq9gWZoECNVJJ5ltxqeFYWykBxytVg5v5481kP4VIHySxSXeeLQCkAIcyCUQi51u8OJ8uCllbXDe0PLtHUN1pcqw74/GMeE6YIXhQhvHgybrt70lkazGQZB1ay9cWZpPBNhKjVSKfKMQhdRKJSYJTOMqG3aQEAuBBfC0PUoLxBEWVbEceKYRgRAnhY60aMwxboqlWxdsCROMlEouFg6v6Y8UMtVAMIXEYL+tRad8DGBgyeyJ0/pJEgpHcdZX1/f2Fhv1GuS8wKgKJecCwkUwVgjwNJordWEVBdAhmGUpcXBvYPhYBjHMULIsiwI4UP7io8++kgppWlauVxWSrVarbfffns0GrmVcq3e/Oif/iEMoyAIhJBJkgwGgyiKXNdFixzHabMICBcs+Da8qEPsyYoFActAugGxCwhB0ISAozRRh5MCSNBq634qDSCYRv1YIoWFEmaSrNdZo1YzGu9nUINChVMVRQmWJJ6R9er6x3eu5+UAIm00nRep2TkOl9erx3cmk848Xq+tbq+OD3ab5TINQlgUfaVknnHBN376gRkXKVACI6/soUUb1XcaCB7VRapHXSLgpa2dH65pHh1cKmXolmHoZVbJCxWlua4bSaDiKNMNNPPnR51hdzTRNV0peHmtMfPnadptlFmjbLy9uTWJ/c92PmnUG/vjTjHPEISu6QIAhRIAE42ZGCJm0jAJOr2eyQxRCCmVEpIAUnBQLVXDWcI0ghkLZCCkIQCAknOFF1P/teXx2Ew9d2Pk9Kqkn38cpZRGNdu2bGkpCQfT2UrUsKxSEEa6z/zZfOpHdzoHBBONGudbFc6djPuNipbkxpvrlzks/tcn/1+5UgnTcJJNKSZlu4wgkgBIrBlmCShFGE2zqDPsMsoYJHlWYEywREnKbcMNgiCKkqrrcMz96VxgRXQGIECLQujXE3hf7fNr3AS/wUHAs4XwzwsIT0wHwWPNsRAgeF8VjxByEg3WarXNzc319fXz588vLy+HQaAQKYQaj8cnMZ6SwjSdRrMVF4Knaa1dnUwmo9EoDEOl1Pr6ulLqzJkzjLE8z0/6Ek/s5iGEq6urb7/9drvdns1mcZropjkeD23bieLke9sXB8N+kiSlUqlarVK6iF9OmcWALljwarl/s4UAKCBVECmdAM2EpgkJUERTmCBGIIEYIsAQIgrlACClIJRRmm61jVrVHoVZkOEQwKqreiM09bVZASqmrNfJ7RGpu4buar0gNWy4e6t/+eqaxGBwOAoutlffaNz6+12CSFNEcX+enqnN5Bk/9gAAF+ZJREFU55OLl7bWb/YbmkorhgKw5LoQLarmvtPAJ/55ia0YCqhnUs73vwOhazrfO3+5153481nY86M0aFWXfX/GRT1KkjjJC54BBQhBIg0urDertXIQJgBvFdDyw958nqbFWMcWF4Vt6QghxjTAkQQAI5bJolnxOCgKKfbu3bV0WwkVhdGcENdxMJfJPAoZtJsNyogUojscLi23EECLbqvvAPCJVe0po9Tzp/TJmXWmv3PxSq87Ou52gZI//zhs1dppkqZ5AgGOMw4hlBJwkc2mw9XlVmtpLYyjurecCL0/HICCqJyVdC+WkeuaGBIAoECUFzkAKBXFct2jMS2SpNPvm8wgEBMs5uN5uewiJUHCQ5lWKyWIAMZ4NBljyyhLYxEOvq6oR8aoJ4XJv1FS4xu/Dx46Kz/90Q8RPJFSF0IghBqNxvnt84SSNE2llFEUTWczpZTr2nmepWkmhIijqDuaIOMoK4pgPkcI1ut113UPDg5KpdKFCxeOj4/ff//9RqNxfHx8Emo6jnP58uU/+IM/uHz5chAE165dm0wmhmbcuvYFxaTX637vzatu2b11+2aapqVSqVarYUQWTYSnyyIgXLDgNFFKQggfdmJDiJSSz+lKun+PhTmXaYp1AxRUiQICASxNuhWWZIAyJaUESGGsAAS5gq2atlplikIlVcqVonAuxPlN/V8+52Uqzy0L6niM0NWqd2OSqhBHcjwZ24SSWsO+dzi4PEnYNjl7wcsPg0wYrWDuhY3L37tSOw6XyJC9U6JIgEwahgnhV/kOLfgu8KA/8OFi4TnX+tT2Uh4o695XL38wr5ACSRatVhoff/lxluUmtQ96yWG/C4EM8ggopBSBiACECsW7w76UAAH64Ze/oJpz5exVCvGbZy7WGo3Pb14rRPGDt69e+/LL4XzMleQ8E1JASrY2VvqWvr93JwdcSeQwiwIiMwkYIJR4ppMTzpFKcw4U0AhLk1RJDS601l5zXnp15GNi0U/NagBUkqUlZu92bgRx7Gguj8Q0uCVU4cxcxjQMDAUgQhAS7EczeIxsrfzhl/8cFfmljcuuyd793vd1pu8e3guT4O2rl3q9/o39WxyhPI+lyBHTKyVruVG9eeNWnGYYMkSIzpjkKg0yZluuZesSSyBTrvzQJ0SjiEiuHnO0W/AagQBAAIoXa5b7Zr/7mBP9478KHySxlVK6rv/gBz8ol8s3btwol8t5nl+/fh1CmCRJUQilgGEYhmF0iqI/Gi6vrp09s7m3tzcajTY2NjzPS9O0UqnUarVr165RSt97770///M/xxi/++67P/3pT9966y3P86SUf/Inf2JZFsZ4d3f3ypXL1fK7h4eHAsj9gwOIoOu6eZ4Ph0MuX6Jr7u8mi4BwwYIXRqknG1bAY/HUAxvu5+XpIACmDhlTWQTyRNVqWAmVJWDQ57qNFMR1F6cRmOZKKiAAoAQiXWZC5JxqFBEKXMsUibq45fTHvW6hLaH0f/9354MuCUJRcH17vd25G09H83NvrH34D7ePj8fLnYq7xoKemq2vQxc3ZzH45V6ljYy3FTctzBRE0jS1RUD4O8Jv6xpDABAiEoi///wXk3hiEtO1HIe5AKqBP/ajVCoBJaKYGIbGsMW8Wskya1W36pWDOEcgf2N7YzwOiiQpiqRWq4lcIIwY0yqGPZyNkiIjQN3ZP6y4DgASQQI4QAx5VolnfHjcr9U9yblnWOEsTREUkCOMbAAQJ4tl8+uOOtF3efUXEkKECMbw7z/+cJr4BjXKdrnhNrIsH/h9xqw0zyCINMJMw9AYrVc8W2flsr59ZmPn8NAy9LWV+ng8z3ia5zGAIk+KNMuYpjVcL4yj0XwiiuLgsLOy1OSiELxAHAheVL2mKEQ8iWAmCEElx478zEeZQAJC4BCIBX48iF3w+qAeiwZfpIHwm5zo+YXQEKKHE8e27WazOZ1O8zwvl8vHx8f7+/vNpWbBiziOi6IolUrlcjmKoslkkhe5EGI+n7daLYxxr9fLsowQkuf5dDr9sz/7s5/85Ce9Xm9paenq1aubm5uNRkNK+ad/+qe+79+9e3dvb9d2rQ9/+fOy69m20+12cs5PnO4hhGfPnjV0bTGlT5dFQLhgwYvyTFXGo2Dqvvrcyf/Vs7dbCZTSDEA1SAAAUCmFEAMSA8uCWaHGsSQSQAhiLgnGUgEAAMEwlLgQUmEFASwI1PTMddEb25W3r1pzn/7XX3XjFIQRNxmrlMC92/23PrhYdc3ju8PBVnNto5Wu04ZmuO9tGsxicTJNomPN5spazvBZCXRDQxAukm/fbe4vl9XTPYSnf57nPgohACBK4lkQLtfXHGpXrHKj3Phy77pBmGs602BSKbkyF2utdpFlkMJ2s1Yq6+dWtz6+fj3K4oPDBChEGa2Wagyzw15XAliynXZz1S6X9w/3BZeT6dSfTLI0BwAYzLEkS2cx5CryA5gKzyupTFFKM1koigAEg/G4lrvqJTpBL/gt8tJdVk583ZI0yTK+vnS2pDsEkGajvn+4rxPm6Kbgeb1W5XFer1UpwlEWN1v1SsVoFc17R/3xdJKnsc40Skm9UpvHQWfQz4Qou+Wl+pKHQHGAQn9epPnRwVESZUBIDaGSYc9Gvsp5nmaFn9RrHscFs7QMcoQxQGoexxPfB9Zi6fw6cn/lAO57Az4Saj7V2fzVhrQQQIROPAkhhI7jEEKGw2Gapp1Op9frxXGsaQwhyHkhpUyShFIax3Gapvv7+4PBYDgcep43Go12dnZc1/WD4PadPYSQxjTf9//4j//4+Pj4hz/84Umo+dd//dedTmcymRR53q54h4c7kzDjq4AynWm6W9INwziJPMvlCgRwEQ+eLouAcMGCb8ODJqznaId+I9T9KDIvQJoCwhSxiFRKKyuDYUYRYzCNCSZQZ8oPgUYQFzIreBJTCeUbDbzXneWqEhlKAUIcZ8k2WnVAKfAnMoxyTYMQqWEnam15e9fvBdP5ma3WR7/cifxzCOn0TGv/H/e2/sP2pDevzuPMMM08N6lMm3UlISZ04c39u8PLDAjxc8V17wMlxdTV3IpehQilPOUiffvq5d2dI4q1llevlEq5AHGa2gYVEowmUZpxnqqN5mZnMAYYnN9YVUpKCHLBU1E0NlZTIbqcL/2byzWDDnfvYkRUUcgCSKAgAceDXpAEy6xiUbMELZShcB6CquaHviwKk5kZT4f+VDovZzAWvEJO8nCnPrHVM6L8z5xX6kyzNdvEdsaBgFkYB29dvbS7e5RnaqlSK+l2oaE45WUbl53SvaPRaGZgwc+0zo6j+fF8urW8rFvGZOALCCAGTqPGXOd4NGlfPL/kOcmvPieIwkIgQGQhBRPdyWAUTdf0Wok5nm6jDIQowroxDaehH9TtapSEzooBzEWa4zUFwefVQJ+uLZB6vCf2KeHcE8dNAAghjDHGmGVZWZZ+8cVnYRhWqzWlJEFE1zQpVZ7neZ5nWSal7HQ6EEKE0P7+/nQ69X3/0uXLURzt3d3vd7sVy7j22Wdv/+AH6xvr17744r333y+K4ssvv8zzfG9vT9O03du3OOdetRYnWRRFJ/2KhJBKpWKa5rlzWwjT03jtCx6xCAgXLPg2PCoIfaHSSlhIJKWCCEqgmAZEDgqlKJEQ4ponqcJAAZ0Az1T9GPsxKCUq5kBjRbPmDHJoUcAVaDrUDyQXEigVREWc8ixRca72D/0CYt2wDm502+dXy4Zx+1c79Zq+cnElOt+Y3h3LqjP0YSSk1fQiQpYQLBRETyrKLFT4v5s8Uhl9tKN9igtopSD4Wp9DAKCr2T1K/DRUoqAI6EwrgFAQJkVkaEaQpPMkt6humZqQ4rg7LmTqeV4MlbZS1x2TOvZ0Np1kQbvaZrYzSDOkkQzgMOP22qoirOhNECb15loxDoLRLBfFxtoGn8SeY61qxrXhYYhSfW4M5tOq1xgNe8Rk0NAwCE9rEBb8VlAvr7pOnSQBv+bY0GImJtjPAiAFVFyjtDgUUZ7mRa5TPcyzIM11rKU5RJyHSXY0GpQr5YJA4VnV5hqFKBTZhEeuUzJb7YEfyrEvMZvOQq1SXn7ryuz2AXFZZfmMDPLo4FBwfvniZeCnpkQbtn1r0jno9Cp+ZRD6Xrl2POhgBIGpYRS/jPFY8JJBAMCX3BR7X/LguSuZEz/6B+lrcBLplcvlSqUyGg0VABBBSohuGIhQwywghKZpFkUxHo/TNEUIQQhns9lwONzc3FxbW9vbu5dnICq0//d//eLCRn3YP9zavtRsNcejEcFE1/WiKEzLGo9GaVbohg4gjNMsSmJT16MoiuPYsqyTqlTLKS02CE+XRUC4YMGL8RvaWD95C4OZREoCUQCOVCah7ijOlVJQKEUIQEqBApQs3p9DhsgwlI0yGIfRPIetpUYcApvCskEVAH1/NvFhu6EXHClINF26upap7Pp+942NStqbqo2VK1vt+e69m9e7xCxtXFnxh7xFNP0tZ+eo6A6mpoAr51afjXAX/lXfPf4VxPhQAcAwqJfceRhX600p8lkwH898BUCWxwl3VrxG27ZsYgxHI2YbtYrencyH6TykwHFM5jDfRhk0x3fzbDK1jFKUqWA4dLwSCebt1RYh+JM7nVq17dVWFJim40g3jf/05pXjj3f7o0ni4O6oh3RwOOtSx+1MD3mRelp9S3C6yDu/vjwo3j+Z4U9mOh5V8r9Y4uPxMzw66ElZnQIQyGJjaWnmh47jUoq6veE8iBRCWR7HaWp4+oZbMpEWZXGg4rpnR/kk42mAEGWGgZSvQ85RL01CSK0wRczqHB/UGrXpbLzV2KKE3Ns7pkJre61YhhkaUsN4f3k98LvXju5OE9INeiEIJsc+N/TD2SEXRckpr6ZRyfpX8bZf8JsjH1s1nFSNnmLa7uvsLJRSD7YI1UnN6mw2y7Ks1WrNZjPDMCeTiePYpXLFtq0oim0btttt13Wr1arv+9PpNEkSTdOUUlLKpaWlIAjiFCptbfuH705msnP7F3c+39m/21nfWLl+/UuvVt/c3Lxy5cr+3YMsiSuVsqazJMmIQlmeUYwxxkmSCCGyLLuzv3/u/IXTGocFJywCwgULXoTf5NYMn44HlQJSwVkELEcVqdIYlBIyApQEQME0UyaWCKl5goHEdQvEXNy4NzvTrtglm2JVoggIwICYZHy5Xr13NPnP/9dgOCsOe0G7almUbNWsT/ZGw/HItpi7d9w8u1Hr415nNOzH09HYtEki0IWqsdlG90aUDQKCJMJACrmIAX8XeFY36PEypG9dkvSwY/ZrrJAVUBohP/6P7/7ywxs3bu64uqmkNhpNKTWU4J5WppyiRLRLHoU0Q7EfRuVK5Yy7tGzV7qRjT7nJOA1nSSoKYRixRAaCzGA2chDEJaeUR4VO7FV76d1G26m4//PazQrS2tUmuDW8eWuvUORw3h3CWQYll6oAeWBgQ7Maa8tFXmgLif7XF3h/v+OFHLyfx4PZC4H6mgwgJAj++D/+208+uvPhRx9jAG1mpmnMmIWUrLGyjSwQ5p61xCCRko/DaUm3t0vL6079IJ44eikdRnMYJxRobokDxoGiUFbrXsF5u76exxwKul1auWxaZ+ql/7bftThcWmqrg9m13Ttzmf3y+OaYzmNNcKEkyANIqGY2z2xAyjAqFg1XryMv96Kpr+4efPoZKABAGIa/+tWvfv/3f//999/P85wx5nkepfT4+PiTTz7xfb8oikqlsrm5WSqV4jiez+dKqX6/3+l0ms2maZqlUjKKh46uLv5oa3j5j67/3T+ZvL+3c+fOveOzZ896nqcxLYnDmOdYoVRSBhMAIUZYcCEVN00TAIAQEpwv5vOpswgIFyx4RcCHKbdHKKkAhDCYKa8GpARRqKgLlQIFl5IgSCChilEpBSgUaJfYtW4RZersshz6xNOhQFghkvGsMwF+qBcgCKZ5VohcKMOkUqiSSz1BAuzHQcA5n9TWcK9T3Ovr57Bbb/mT5N5f7aDlCpTQ0QyqlFCqKPhCYvR3hAcauM818Qbf3qJQPihD+goghEoCoeDh8cH5c5u1itcbDPO7qWVYGGob9tJsPM/GMStpvChcas8Gvk5xu7KU82zTqLad9mDQg4j2cLCvBsBgeZFQqlGhCc4ZNNKgCLqjP9hc+9FGaz4L73bEZrllY+OjWzdSxPMijWFatat3kq7AOCEIYGbWalleYIMClXyr17zgt8+j/MWT81kpBZ8RUfyqu9zDhMgzlhL33w4nJ/mqX+/1Jrdu3zp/dqPdaIwmPpe5iUyiSEMr8VBEYSZdpTRAAbG4LifF2dZ6nid1ai/brRmftpTqy3C3kCmTFhQKcUw0BEQRccy14eHwTcx+cnE1D5JLB7GH2ybUr9/ZjWDGiywxspVK+3p0UCAYM6ywZtdqhRCAvURXxgUvE4kAEAA9KWP+aJfwBdJ2Xylb+mTmDgAIgAQKgBP7+OvXr9u2/d5771Wr1eXl5e3tbULIz3/+cynlbDY7ODhQStXr9e3t7SzLThoODw4OfN+fTCZhEGCYM+4f/PK2/PQfnJpHJDcrzXGkG7p29uzZ+XxeLVdsnekIYs2YTcZYcQqYEDLKIiFF1as6jgMQtBwboUXm7pRZBIQLFrwI6tc1Sn0tEBqoEIJoFEQzxagCBPIUcKSgAagGFJKSw7Ktcsa7PokFMh2r64vlMMeYZTkshEJUeBq7m6SWoykE1jcgo3gcZDorDF3zpEaArAu6lx9692q1q2fDWWDd3JvkEHJGWmXvxl3SiTvf35ysOS0Luwhmef7YRwJUC4GZ7ySPlR59ra7Mb7yOfNJw5St/SEj+L59+3m603rx4vtftDYYDITjG8Or2xcFuhyJMETw6PHZsN07CdqlFJQZcadSI80ikvMg5gXBncq8/HGxcbNiG6ftzi7n+eDa6O9c0c3wnMq4agAs9hw1IvDL78sYOp5JjMUn8Fb3ZEVFiOEpn0tDqy81zF9d5gUpeKZ/Pf9OXvOBfGS8a/DxUh370vlAnDV33+xO/KhqUSt3e3atWvEvb29PZbPfOHsUIIfDe994uJnHnTr9V8Q4ODxrVxmw+rXl1BABFGFEjzMLID+ZBoFvGZ8e3Dv1Re2ubEsYzrmErCaPubLiybKc9QaxMZLlIed3U3Yrx5Zd3gAMElXGcVc3KoEgCzQKmYXplq2K9cXUrT+Hqxko0vPGCY7LgtwGCz5UA/Zoc3jflG5oTPjr3ydshz/OPPvpoOByur69vbW3NZjNCyBdffNHtdrvd7mw2E0L8xV/8xe/93u9Vq1XXdXVdj+MYIRIJxDAVmS/iOAaVa5mJ7kTZeOK+tcZ0jShx7ty5jz/+WDOM7e2zNph1h5Lbxmg8ZSgJwiAJwyDOZknWatRqXtWy7Rd7+QuewyIgXLDg2/AtbsaPOlge/FMUqpuiMw6Yh6jsqjRSXg0xC3AF0kwGgYAmhlBqGoRACQUKBZct8JmPP94VnhsjUyMEj8I8l3C1oR0MJUWabcMffh+MxlGahkogOEEaoLpoACOBUZj1fbbRQJ3u2UmnCJvxzohDxB0mtsqOhAhACVSSpo/7LMPFbuF3FAWAhAA/+PqVxv0QQgD9OFzx2pPJ9G7n+Pz5s0vNukaMkmbjpQZMoD/xwyCNkxQhhIEyGVMKKM7TJPX9mUKgk0/6wXh7aXU+GLiWk4bKbTrNc7U8Bk1Cvt9wzxYsC5NOZ4SX1MGsX2lWh0GPJGzJqHHT6omMu+VyoxwH4dV3zq1vtFur7aqW7Hx+8CpHYsGpoxSQQkH0lXsnX18B8eSW4MMWwceK555Xa/2wszDluWW4/dHwuNO5dHH7h/bb0+kcKsAQadeXknnswzBJUtOwJM8p1aMwooykSRaSiDGtl04klhdba+HMbzjliZ8ZFW9lu51HvIHQB017BaIiSAed6QzP+71xZcW7F04IZGWzrAy7ByRw227NSaPk3PnVC5fWW81GyZA7o5svPK4LXj1SnexIqxMr40fums+W938LHp/VXwVECAhx8lPyAbdu3bp3797e3t4XX3whpTw6Our3+3Ecnzylg4ODv/mbv7l48eLy8nIQBNPZLM94o1oRPBoHDWdleansZPG8e3Q31+uUqjiI7YpDKQuCYDAYMMNd2b6UBP+cSl2jJE/jPE3zoiDMjTjYO+iOJ9Nq1Sn9m/cWPoSny/8PoxciF1Pcj10AAAAASUVORK5CYII="} | headers=HTTPHeaderDict({'Content-Length': '413368', 'Content-Type': 'application/json; charset=utf-8', 'cache-control': 'no-cache'})
DEBUG    selenium.webdriver.remote.remote_connection:remote_connection.py:465 Finished Request
DEBUG    selenium.webdriver.remote.remote_connection:remote_connection.py:403 GET http://localhost:55753/session/423b7733eb540687a58ed78be2d4a984/url {}
DEBUG    urllib3.connectionpool:connectionpool.py:544 http://localhost:55753 "GET /session/423b7733eb540687a58ed78be2d4a984/url HTTP/1.1" 200 0
DEBUG    selenium.webdriver.remote.remote_connection:remote_connection.py:436 Remote response: status=200 | data={"value":"https://bstackdemo.com/?signin=true"} | headers=HTTPHeaderDict({'Content-Length': '47', 'Content-Type': 'application/json; charset=utf-8', 'cache-control': 'no-cache'})
DEBUG    selenium.webdriver.remote.remote_connection:remote_connection.py:465 Finished Request
ERROR    Demo.LoginPage:login_page.py:136 [Demo] Login failed. Current URL: https://bstackdemo.com/?signin=true
WARNING  Demo.LoginPage:login_page.py:151 [Demo] ⚠️ Login may have failed
INFO     Demo.TestDemoFavoritesFlow:test_favorites_flow.py:34 [Demo] Step 2: Filtering products by Samsung
INFO     Demo.ProductsPage:products_page.py:21 [Demo] Filtering products by Samsung
DEBUG    selenium.webdriver.remote.remote_connection:remote_connection.py:403 POST http://localhost:55753/session/423b7733eb540687a58ed78be2d4a984/element {'using': 'xpath', 'value': "//span[text()='Samsung']"}
DEBUG    urllib3.connectionpool:connectionpool.py:544 http://localhost:55753 "POST /session/423b7733eb540687a58ed78be2d4a984/element HTTP/1.1" 200 0
DEBUG    selenium.webdriver.remote.remote_connection:remote_connection.py:436 Remote response: status=200 | data={"value":{"element-6066-11e4-a52e-4f735466cecf":"f.336AC3118D5E06DD5C821E3CE4F4ADEF.d.1AB42167A6FE5AA0000A6A680F1533F2.e.170"}} | headers=HTTPHeaderDict({'Content-Length': '127', 'Content-Type': 'application/json; charset=utf-8', 'cache-control': 'no-cache'})
DEBUG    selenium.webdriver.remote.remote_connection:remote_connection.py:465 Finished Request
DEBUG    selenium.webdriver.remote.remote_connection:remote_connection.py:403 POST http://localhost:55753/session/423b7733eb540687a58ed78be2d4a984/execute/sync {'script': '/* isDisplayed */return (function(){return (function(){var g=this||self;\nfunction aa(a){var b=typeof...', 'args': [{'element-6066-11e4-a52e-4f735466cecf': 'f.336AC3118D5E06DD5C821E3CE4F4ADEF.d.1AB42167A6FE5AA0000A6A680F1533F2.e.170'}]}
DEBUG    urllib3.connectionpool:connectionpool.py:544 http://localhost:55753 "POST /session/423b7733eb540687a58ed78be2d4a984/execute/sync HTTP/1.1" 200 0
DEBUG    selenium.webdriver.remote.remote_connection:remote_connection.py:436 Remote response: status=200 | data={"value":true} | headers=HTTPHeaderDict({'Content-Length': '14', 'Content-Type': 'application/json; charset=utf-8', 'cache-control': 'no-cache'})
DEBUG    selenium.webdriver.remote.remote_connection:remote_connection.py:465 Finished Request
DEBUG    selenium.webdriver.remote.remote_connection:remote_connection.py:403 GET http://localhost:55753/session/423b7733eb540687a58ed78be2d4a984/element/f.336AC3118D5E06DD5C821E3CE4F4ADEF.d.1AB42167A6FE5AA0000A6A680F1533F2.e.170/enabled {}
DEBUG    urllib3.connectionpool:connectionpool.py:544 http://localhost:55753 "GET /session/423b7733eb540687a58ed78be2d4a984/element/f.336AC3118D5E06DD5C821E3CE4F4ADEF.d.1AB42167A6FE5AA0000A6A680F1533F2.e.170/enabled HTTP/1.1" 200 0
DEBUG    selenium.webdriver.remote.remote_connection:remote_connection.py:436 Remote response: status=200 | data={"value":true} | headers=HTTPHeaderDict({'Content-Length': '14', 'Content-Type': 'application/json; charset=utf-8', 'cache-control': 'no-cache'})
DEBUG    selenium.webdriver.remote.remote_connection:remote_connection.py:465 Finished Request
DEBUG    selenium.webdriver.remote.remote_connection:remote_connection.py:403 POST http://localhost:55753/session/423b7733eb540687a58ed78be2d4a984/element/f.336AC3118D5E06DD5C821E3CE4F4ADEF.d.1AB42167A6FE5AA0000A6A680F1533F2.e.170/click {}
DEBUG    urllib3.connectionpool:connectionpool.py:544 http://localhost:55753 "POST /session/423b7733eb540687a58ed78be2d4a984/element/f.336AC3118D5E06DD5C821E3CE4F4ADEF.d.1AB42167A6FE5AA0000A6A680F1533F2.e.170/click HTTP/1.1" 200 0
DEBUG    selenium.webdriver.remote.remote_connection:remote_connection.py:436 Remote response: status=200 | data={"value":null} | headers=HTTPHeaderDict({'Content-Length': '14', 'Content-Type': 'application/json; charset=utf-8', 'cache-control': 'no-cache'})
DEBUG    selenium.webdriver.remote.remote_connection:remote_connection.py:465 Finished Request
INFO     Demo.ProductsPage:products_page.py:28 [Demo] Samsung filter applied
DEBUG    selenium.webdriver.remote.remote_connection:remote_connection.py:403 POST http://localhost:55753/session/423b7733eb540687a58ed78be2d4a984/element {'using': 'xpath', 'value': "//p[text()='Galaxy S20+']"}
DEBUG    urllib3.connectionpool:connectionpool.py:544 http://localhost:55753 "POST /session/423b7733eb540687a58ed78be2d4a984/element HTTP/1.1" 200 0
DEBUG    selenium.webdriver.remote.remote_connection:remote_connection.py:436 Remote response: status=200 | data={"value":{"element-6066-11e4-a52e-4f735466cecf":"f.336AC3118D5E06DD5C821E3CE4F4ADEF.d.1AB42167A6FE5AA0000A6A680F1533F2.e.184"}} | headers=HTTPHeaderDict({'Content-Length': '127', 'Content-Type': 'application/json; charset=utf-8', 'cache-control': 'no-cache'})
DEBUG    selenium.webdriver.remote.remote_connection:remote_connection.py:465 Finished Request
DEBUG    selenium.webdriver.remote.remote_connection:remote_connection.py:403 POST http://localhost:55753/session/423b7733eb540687a58ed78be2d4a984/execute/sync {'script': '/* isDisplayed */return (function(){return (function(){var g=this||self;\nfunction aa(a){var b=typeof...', 'args': [{'element-6066-11e4-a52e-4f735466cecf': 'f.336AC3118D5E06DD5C821E3CE4F4ADEF.d.1AB42167A6FE5AA0000A6A680F1533F2.e.184'}]}
DEBUG    urllib3.connectionpool:connectionpool.py:544 http://localhost:55753 "POST /session/423b7733eb540687a58ed78be2d4a984/execute/sync HTTP/1.1" 200 0
DEBUG    selenium.webdriver.remote.remote_connection:remote_connection.py:436 Remote response: status=200 | data={"value":true} | headers=HTTPHeaderDict({'Content-Length': '14', 'Content-Type': 'application/json; charset=utf-8', 'cache-control': 'no-cache'})
DEBUG    selenium.webdriver.remote.remote_connection:remote_connection.py:465 Finished Request
INFO     Demo.TestDemoFavoritesFlow:test_favorites_flow.py:40 [Demo] ✓ Samsung filter applied successfully
INFO     Demo.TestDemoFavoritesFlow:test_favorites_flow.py:43 [Demo] Step 3: Adding Galaxy S20+ to favorites
INFO     Demo.ProductsPage:products_page.py:32 [Demo] Adding Galaxy S20+ to favorites
DEBUG    selenium.webdriver.remote.remote_connection:remote_connection.py:403 POST http://localhost:55753/session/423b7733eb540687a58ed78be2d4a984/element {'using': 'xpath', 'value': "//*[@id='11']//button"}
DEBUG    urllib3.connectionpool:connectionpool.py:544 http://localhost:55753 "POST /session/423b7733eb540687a58ed78be2d4a984/element HTTP/1.1" 200 0
DEBUG    selenium.webdriver.remote.remote_connection:remote_connection.py:436 Remote response: status=200 | data={"value":{"element-6066-11e4-a52e-4f735466cecf":"f.336AC3118D5E06DD5C821E3CE4F4ADEF.d.1AB42167A6FE5AA0000A6A680F1533F2.e.181"}} | headers=HTTPHeaderDict({'Content-Length': '127', 'Content-Type': 'application/json; charset=utf-8', 'cache-control': 'no-cache'})
DEBUG    selenium.webdriver.remote.remote_connection:remote_connection.py:465 Finished Request
DEBUG    selenium.webdriver.remote.remote_connection:remote_connection.py:403 POST http://localhost:55753/session/423b7733eb540687a58ed78be2d4a984/execute/sync {'script': '/* isDisplayed */return (function(){return (function(){var g=this||self;\nfunction aa(a){var b=typeof...', 'args': [{'element-6066-11e4-a52e-4f735466cecf': 'f.336AC3118D5E06DD5C821E3CE4F4ADEF.d.1AB42167A6FE5AA0000A6A680F1533F2.e.181'}]}
DEBUG    urllib3.connectionpool:connectionpool.py:544 http://localhost:55753 "POST /session/423b7733eb540687a58ed78be2d4a984/execute/sync HTTP/1.1" 200 0
DEBUG    selenium.webdriver.remote.remote_connection:remote_connection.py:436 Remote response: status=200 | data={"value":true} | headers=HTTPHeaderDict({'Content-Length': '14', 'Content-Type': 'application/json; charset=utf-8', 'cache-control': 'no-cache'})
DEBUG    selenium.webdriver.remote.remote_connection:remote_connection.py:465 Finished Request
DEBUG    selenium.webdriver.remote.remote_connection:remote_connection.py:403 GET http://localhost:55753/session/423b7733eb540687a58ed78be2d4a984/element/f.336AC3118D5E06DD5C821E3CE4F4ADEF.d.1AB42167A6FE5AA0000A6A680F1533F2.e.181/enabled {}
DEBUG    urllib3.connectionpool:connectionpool.py:544 http://localhost:55753 "GET /session/423b7733eb540687a58ed78be2d4a984/element/f.336AC3118D5E06DD5C821E3CE4F4ADEF.d.1AB42167A6FE5AA0000A6A680F1533F2.e.181/enabled HTTP/1.1" 200 0
DEBUG    selenium.webdriver.remote.remote_connection:remote_connection.py:436 Remote response: status=200 | data={"value":true} | headers=HTTPHeaderDict({'Content-Length': '14', 'Content-Type': 'application/json; charset=utf-8', 'cache-control': 'no-cache'})
DEBUG    selenium.webdriver.remote.remote_connection:remote_connection.py:465 Finished Request
DEBUG    selenium.webdriver.remote.remote_connection:remote_connection.py:403 POST http://localhost:55753/session/423b7733eb540687a58ed78be2d4a984/execute/sync {'script': 'arguments[0].scrollIntoView(true);', 'args': [{'element-6066-11e4-a52e-4f735466cecf': 'f.336AC3118D5E06DD5C821E3CE4F4ADEF.d.1AB42167A6FE5AA0000A6A680F1533F2.e.181'}]}
DEBUG    urllib3.connectionpool:connectionpool.py:544 http://localhost:55753 "POST /session/423b7733eb540687a58ed78be2d4a984/execute/sync HTTP/1.1" 200 0
DEBUG    selenium.webdriver.remote.remote_connection:remote_connection.py:436 Remote response: status=200 | data={"value":null} | headers=HTTPHeaderDict({'Content-Length': '14', 'Content-Type': 'application/json; charset=utf-8', 'cache-control': 'no-cache'})
DEBUG    selenium.webdriver.remote.remote_connection:remote_connection.py:465 Finished Request
INFO     Demo.ProductsPage:products_page.py:43 [Demo] Executing JavaScript click for Galaxy S20+ favorite button.
DEBUG    selenium.webdriver.remote.remote_connection:remote_connection.py:403 POST http://localhost:55753/session/423b7733eb540687a58ed78be2d4a984/execute/sync {'script': 'arguments[0].click();', 'args': [{'element-6066-11e4-a52e-4f735466cecf': 'f.336AC3118D5E06DD5C821E3CE4F4ADEF.d.1AB42167A6FE5AA0000A6A680F1533F2.e.181'}]}
DEBUG    urllib3.connectionpool:connectionpool.py:544 http://localhost:55753 "POST /session/423b7733eb540687a58ed78be2d4a984/execute/sync HTTP/1.1" 200 0
DEBUG    selenium.webdriver.remote.remote_connection:remote_connection.py:436 Remote response: status=200 | data={"value":null} | headers=HTTPHeaderDict({'Content-Length': '14', 'Content-Type': 'application/json; charset=utf-8', 'cache-control': 'no-cache'})
DEBUG    selenium.webdriver.remote.remote_connection:remote_connection.py:465 Finished Request
INFO     Demo.ProductsPage:products_page.py:47 [Demo] Galaxy S20+ added to favorites
INFO     Demo.TestDemoFavoritesFlow:test_favorites_flow.py:45 [Demo] ✓ Clicked favorite icon
INFO     Demo.TestDemoFavoritesFlow:test_favorites_flow.py:48 [Demo] Step 4: Navigating to favorites page
INFO     Demo.ProductsPage:products_page.py:51 [Demo] Navigating to favorites page
DEBUG    selenium.webdriver.remote.remote_connection:remote_connection.py:403 POST http://localhost:55753/session/423b7733eb540687a58ed78be2d4a984/element {'using': 'link text', 'value': 'Favourites'}
DEBUG    urllib3.connectionpool:connectionpool.py:544 http://localhost:55753 "POST /session/423b7733eb540687a58ed78be2d4a984/element HTTP/1.1" 200 0
DEBUG    selenium.webdriver.remote.remote_connection:remote_connection.py:436 Remote response: status=200 | data={"value":{"element-6066-11e4-a52e-4f735466cecf":"f.336AC3118D5E06DD5C821E3CE4F4ADEF.d.1AB42167A6FE5AA0000A6A680F1533F2.e.229"}} | headers=HTTPHeaderDict({'Content-Length': '127', 'Content-Type': 'application/json; charset=utf-8', 'cache-control': 'no-cache'})
DEBUG    selenium.webdriver.remote.remote_connection:remote_connection.py:465 Finished Request
DEBUG    selenium.webdriver.remote.remote_connection:remote_connection.py:403 POST http://localhost:55753/session/423b7733eb540687a58ed78be2d4a984/execute/sync {'script': '/* isDisplayed */return (function(){return (function(){var g=this||self;\nfunction aa(a){var b=typeof...', 'args': [{'element-6066-11e4-a52e-4f735466cecf': 'f.336AC3118D5E06DD5C821E3CE4F4ADEF.d.1AB42167A6FE5AA0000A6A680F1533F2.e.229'}]}
DEBUG    urllib3.connectionpool:connectionpool.py:544 http://localhost:55753 "POST /session/423b7733eb540687a58ed78be2d4a984/execute/sync HTTP/1.1" 200 0
DEBUG    selenium.webdriver.remote.remote_connection:remote_connection.py:436 Remote response: status=200 | data={"value":true} | headers=HTTPHeaderDict({'Content-Length': '14', 'Content-Type': 'application/json; charset=utf-8', 'cache-control': 'no-cache'})
DEBUG    selenium.webdriver.remote.remote_connection:remote_connection.py:465 Finished Request
DEBUG    selenium.webdriver.remote.remote_connection:remote_connection.py:403 GET http://localhost:55753/session/423b7733eb540687a58ed78be2d4a984/element/f.336AC3118D5E06DD5C821E3CE4F4ADEF.d.1AB42167A6FE5AA0000A6A680F1533F2.e.229/enabled {}
DEBUG    urllib3.connectionpool:connectionpool.py:544 http://localhost:55753 "GET /session/423b7733eb540687a58ed78be2d4a984/element/f.336AC3118D5E06DD5C821E3CE4F4ADEF.d.1AB42167A6FE5AA0000A6A680F1533F2.e.229/enabled HTTP/1.1" 200 0
DEBUG    selenium.webdriver.remote.remote_connection:remote_connection.py:436 Remote response: status=200 | data={"value":true} | headers=HTTPHeaderDict({'Content-Length': '14', 'Content-Type': 'application/json; charset=utf-8', 'cache-control': 'no-cache'})
DEBUG    selenium.webdriver.remote.remote_connection:remote_connection.py:465 Finished Request
DEBUG    selenium.webdriver.remote.remote_connection:remote_connection.py:403 POST http://localhost:55753/session/423b7733eb540687a58ed78be2d4a984/element/f.336AC3118D5E06DD5C821E3CE4F4ADEF.d.1AB42167A6FE5AA0000A6A680F1533F2.e.229/click {}
DEBUG    urllib3.connectionpool:connectionpool.py:544 http://localhost:55753 "POST /session/423b7733eb540687a58ed78be2d4a984/element/f.336AC3118D5E06DD5C821E3CE4F4ADEF.d.1AB42167A6FE5AA0000A6A680F1533F2.e.229/click HTTP/1.1" 200 0
DEBUG    selenium.webdriver.remote.remote_connection:remote_connection.py:436 Remote response: status=200 | data={"value":null} | headers=HTTPHeaderDict({'Content-Length': '14', 'Content-Type': 'application/json; charset=utf-8', 'cache-control': 'no-cache'})
DEBUG    selenium.webdriver.remote.remote_connection:remote_connection.py:465 Finished Request
INFO     Demo.ProductsPage:products_page.py:57 [Demo] Navigated to favorites page
DEBUG    selenium.webdriver.remote.remote_connection:remote_connection.py:403 POST http://localhost:55753/session/423b7733eb540687a58ed78be2d4a984/element {'using': 'xpath', 'value': "//p[text()='Galaxy S20+']"}
DEBUG    urllib3.connectionpool:connectionpool.py:544 http://localhost:55753 "POST /session/423b7733eb540687a58ed78be2d4a984/element HTTP/1.1" 200 0
DEBUG    selenium.webdriver.remote.remote_connection:remote_connection.py:436 Remote response: status=200 | data={"value":{"element-6066-11e4-a52e-4f735466cecf":"f.336AC3118D5E06DD5C821E3CE4F4ADEF.d.1AB42167A6FE5AA0000A6A680F1533F2.e.239"}} | headers=HTTPHeaderDict({'Content-Length': '127', 'Content-Type': 'application/json; charset=utf-8', 'cache-control': 'no-cache'})
DEBUG    selenium.webdriver.remote.remote_connection:remote_connection.py:465 Finished Request
DEBUG    selenium.webdriver.remote.remote_connection:remote_connection.py:403 POST http://localhost:55753/session/423b7733eb540687a58ed78be2d4a984/execute/sync {'script': '/* isDisplayed */return (function(){return (function(){var g=this||self;\nfunction aa(a){var b=typeof...', 'args': [{'element-6066-11e4-a52e-4f735466cecf': 'f.336AC3118D5E06DD5C821E3CE4F4ADEF.d.1AB42167A6FE5AA0000A6A680F1533F2.e.239'}]}
DEBUG    urllib3.connectionpool:connectionpool.py:544 http://localhost:55753 "POST /session/423b7733eb540687a58ed78be2d4a984/execute/sync HTTP/1.1" 200 0
DEBUG    selenium.webdriver.remote.remote_connection:remote_connection.py:436 Remote response: status=200 | data={"value":true} | headers=HTTPHeaderDict({'Content-Length': '14', 'Content-Type': 'application/json; charset=utf-8', 'cache-control': 'no-cache'})
DEBUG    selenium.webdriver.remote.remote_connection:remote_connection.py:465 Finished Request
INFO     Demo.TestDemoFavoritesFlow:test_favorites_flow.py:55 [Demo] ✅ Successfully verified Galaxy S20+ in favorites
DEBUG    selenium.webdriver.remote.remote_connection:remote_connection.py:403 GET http://localhost:55753/session/423b7733eb540687a58ed78be2d4a984/screenshot {}
DEBUG    urllib3.connectionpool:connectionpool.py:544 http://localhost:55753 "GET /session/423b7733eb540687a58ed78be2d4a984/screenshot HTTP/1.1" 200 0
DEBUG    selenium.webdriver.remote.remote_connection:remote_connection.py:436 Remote response: status=200 | data={"value":"iVBORw0KGgoAAAANSUhEUgAABLAAAAS9CAIAAADY3TdGAAABGWlDQ1BTa2lhAAAokX2QsUrDYBSFv18LIgg6ODg4ZHDVprWxf8ClRlNcW4W0W5KGILZJSCP6AHVzcHUrPoPoC7g7CA5OPoKLnSXN8Bcknunj3AP33gNL5KroMIqytNM+0pxeX1v5QiDmI1x/nFAuAbOPIvu++0+uTKuDYOwD30CWOr0+iAGwGRZ8k7NX8F3O11mSgZjmnJ51LBBPwEa4wN4C+0ma51+Bw9Hwyld3sxZE513AAbZpExMTMiSgSpdLLnCpYmBicUwdkxY1bAxsTHQsDJpILEz2adKghURygk0DOc/JvM9iZfwI8geW75XnPcDLLWx9Km9nCusTeH5Tnuo4cVNXtT+rlPyk/flJ45QInz006ujUOPgFHM5IZ8iZC1YAACAASURBVHic7N13fBTVwgbgMzPbsukVSIVQQwCVktAFAaUogihFUBRFhQteihSJIFIUlCJFUbkgoIgISK+K8EkxdKQkpAIhJKSXzfadme+PkwzLphAgYRP2fX736u7slDPjZnffOY0RRZEAAAAAAADAEyEiIkKj0VRmzZCQELb6ywMAAAAAAAA1EQIhAAAAAACAg5LZuwAAAAAAAABQXTw9Pf39/Z2cnAgher0+LS0tLy9PehU1hAAAAAAAAE8mT0/Ppk2burq6ymQymUzm6uratGlTT09PaQUEQgAAAAAAgCeTv79/xQsRCAEAAAAAAJ5MtKVoBQsRCAEAAAAAAJ5MMlkZo8ZYL0QgBAAAAAAAcFAIhAAAAAAAAA4KgRAAAAAAAMBBIRACAAAAAAA4KARCAAAAAAAAB4VACAAAAAAA4KAQCAEAAAAAABwUAiEAAAAAAICDQiAEAAAAAABwUAiEAAAAAAAADgqBEAAAAAAAwEEhEAIAAAAAADgoBEIAAAAAAAAHhUAIAAAAAADgoBAIAQAAAAAAHBQCIQAAAAAAgINCIAQAAAAAAHBQCIQAAAAAAAAOCoEQAAAAAADAQcmqb9faa2cztn9HCNGcuyBkyQkhorY4f7q2ae3S5hmfgR3kvs2rrwAAAAAAAABQgWoJhBnbv6NRUMiSC1lyQpQ2K2jOndecO5/+wxq3zm713nvHuflr1VEMsDu9Xi+Kor1LUZWcnJwYhrF3KQAAAMCx3L59W6FQ+Pr62rsg8ASq4kBIawWLYs+KOk7IktMqQUMjxtCYMTRiDI0YQogqUVQlioQQj/1C4fHCwuNL688zurZpjdrCJw/P8waDwd6lqDIKhcJsNnMcx3GcvcsCALWJRmcs0BjMvGDvgoCdsSwjCE/UfdJHpFLInJRyD1eVvQtSC3z88ceNGzeeOXOmvQsCT6CqDITaa2eTPn+XECLqOP6GkkbB/D4szYESKRnm92Y9Dgge+4Ubn3zrO8zXq88IVBU+SURRFIQn6tePyWQSRdHJyYllWdQTAkAlaXTGQq3R19NZqajGbhpQK1xPy6vr42bvUtQgRTpjgdagUspU+OsAsJ8q+/OT0iBtKUoIye/D5vYLMytfytZZruSGsHxchrEhIaSV2x+EEH/FHz4qMb83S6sKszZlEfIzIQSZ8IkhiuIT1l6U53laTyiTyRAIAaCSCjQGpEGAMrmolQq5LK9QX8/H1d5lqYmOHDny008/paWltW7d2mg0Sst37979888/5+bmBgQETJ48uWXLloSQ0aNHd+vW7ejRozdu3GjYsOHcuXNXr179999/169ff/To0W3atCGE3Lx5c8mSJXFxcXK5vGvXruPHj1epVAcOHNi4ceNPP/1Edx4VFRUUFPTBBx+kpKTMmTPn5s2bKpWqXbt2H330kVqtLu/oS5YsEQThwoULWq121qxZrVu3tt9lgwdWZaOMWqdBUcvmvhiW8cpUo3ry1byQI6kBWTrLicJ6iUbdRZ3m96xOh3Ke3ZneIzafpfWEd8ZzhJDCE4Xaq1vMWTFVVSSAqvXkRVwAeAzMvIA0CFAehZwzmCz2LkVNlJCQMHfuXEEQRo4cGRMTk5WVRZcfPHhw6dKlNLPp9fr//ve/aWlphJBbt26tWbOmfv36Q4YMiY+Pf/3112NjY0eNGpWTk/PNN98QQnQ63bhx4+Li4gYPHhwZGbl///7Zs2cTQvLy8m7fvi0d99atW5mZmYSQOXPmFBQUTJgwYfDgwUePHl2zZk0FR09PT9+3bx/LsiEhIf7+/va7bPAwquYrig4hQwlZ8uyXX856+WVCSGy2MSbLUCTwiQadtEIRzxfx/B3SsTA3JDZvfZinENZIyO/Deuw3GlOMeUdn+732W5WUCgAAAACgNtq6dauzs/PatWtZlu3Xr9+AAQPo8rVr1/r6+i5atIgQ8tJLL/Xr1+/XX3+dNGkSIaRRo0ZRUVGEkHPnzsXFxS1evNjPz8/Z2Xnx4sV6vf6vv/7SarWff/55+/btCSHOzs67d+9OT08vrwDp6ektW7Z84YUXZDKZt7e3q6trxUfnOO6HH35wcnJ6jBcJqkYVB0LaWNQ6DRJCEg06/q/fheRY4Xos2yCMDQ3jnnuFEHLbEuAm7xabd9RXJZLerCpBLDxR6Bvsm3/0M49un1ZJwQAAAAAAap2kpKSWLVuyLEsIcXNzq1+/Pm2slJWV5eTk9N///ldaMzk5mT5o1qwZfRAUFJSRkeHn50cIcXd3pwO/x8TEEEKeeeYZuk6nTp12795948aN8grQu3fv7du39+nTp02bNr169ercuXPFR69bty7SYC1VBYGwdPUgfUzT4B2zyfy/+cL12OIVrscK12OF5Fiuxytsg7BbQhd3LiU2L6lLPT6/D6taYTSmGAm5as6KqXjQUW9v79ILO3Xq1Llz56lTpz76SdVw/fv3J4ScOHGCPn08J/7ll18uXLiQELJr165OnTo94t6aNm1qs2T8+PGEkHHjxlkvXLly5YoVK8rbyfjx48eNG0fXiYiIkJq/2yhvhZUrV546der06dOEkIiIiMjISJujAwAAANiF0WgsKiqSntKB+kwmEyHEy8uL5kNCSP369evWrUsf0+xHSdlMGvWAYRiO4xQKBX3q7OxMCKGB0xo9BP2VFR4efujQoXPnzp0+ffr48ePTp0+v4Ohubhgwqbaqgj6EUiAUdZxUPZilK24OfvvgJikNEkImT/7odlp6ZD1P/vDvxc1HBT7LwMTm3zMYqfbqlocoyYkTJxYuXOjt7f3ll18+8mnVUCdOnPD29j5x4oSUBq1PXFrYv3///v37167rsGLFihUrVjRt2pQmtAd1+vTp8jYsM1K+8cYbK1askDY5ffr0ihUrVq5c+RCHrhUKCwtTUlLKG/fVbDZfv35dpytu2i2K4q1bt/Ly8h5vGWs0o9F4/fp16z79AAAA1adx48axsbH0i1uv16ekpBBClEqlQqFQqVQTS3h4eEiRrGIBAQE8z8fGFv8sP3XqFG1lSiOixWKhPwBycnIIIQaD4fvvv/fz81uwYMGePXvatm37f//3f3K5/KGP/vh169btnXfesW8ZRFE8dOjQtWvX7FuM+6qyQWUoXUlVdbaOJ4QUCbzl8O/Sqx06dpw0eTIhpGOHjrSqkBBSIAYTQmLzimcsNN4yEkJMWVcrecRpVqRqq4ULF1rnpScJraOjtYK7du3atWsXPXdpIX1AE+Px48ftV9JKGT9+/E8//fTTTz+NHz+e1hDSqFY62v1UloiICOt1ygx+ZWY86RC02lA6+pOXCbVa7aRJk4KCgtzd3UNCQjiO6969+4ULF6zXmTt3rkKhCA0NdXZ23r9//5EjR9zd3YODg728vGbMmGG/stcIoiiuWrUqPDxcpVKFhoaqVKrw8PAtWx7sjlX37t0ZhqFdLJ4869atY8oi/UXbnZubG8Mwq1evpk8LCwtnzpxZw7O9VmdIvHkn/npaYZG++o7C80J6Vp7ZjPE8agGT0bjlt18/mjzx/dHvzJn96dWrVyqzVX5+/rmzZ06fis7Jya6+slkslqSkxCdp2uEaolevXjzPL1q0KDExkfbZo1588cWkpKR169alpaX9+OOPP/30k0pVqYkce/XqRQhZunTppUuXDh06tG3bNj8/P29vbzoGzA8//HDjxo0FCxbQMdVVKtU///yzcOHCuLi4tLS07Oxsb29vlmUf+uh2Qc/Fjs6fP//RRx/l5ubatxj39ahNRrXXzkqPRS2re6q4HaCPmiOECMmxpTdZsnjx4sWLSi/PNjB1CTGmGEknQgi5b6tRyrqd5NSpU/v37/+kRkEp5tHHu3btog+kEPjozTjtgoY66Z9vvPEGDWY2zTttsl+ZaCXhfVPiypUraRqkLU6lndPmoytWrHhiGo5qNJq2bdvGx8dbLzx69Gjr1q03bNhAL7Ver581axYhJDAwMDw8vHnz5sOHD9doNK6urp07d6b9zh3ZyJEjbd6KMTExgwcPHj169A8//FDJndAvJEcbotbuX8M26PW/dOlSr169MjMzP/74Y3uXqGyCKB74+8LN1Cxpia+328s92snlVT9OaW5B0Y5Dp/t0a10/wLfKdw5V6PdtWydO+LAgP79zl64eHh6HDh1Y8MX8ocOGfzZnblBwcJmbCILwzYplB/bvk5a0bRfxcdTM6vjtnpZ2+8P/jFnw1eKWLVtV+c4dWYcOHUaPHr1+/foDBw64ubl5e3vTxp/vvvtuXl7ehg0bNmzY4OzsPHTo0A4dOtBNrOfEsmkLyjCMr6/v3LlzP//88wkTJhBCmjRpsmDBAkJIZGRkRETE1q1bt27dGhgY2KRJE7rJ1KlT58+fP2bMGHpnbd68eRUcHdNxlam2zMj9qF8wRbFnrZ+yfHz565J/Tp4M8K8nPRWvx5IGYdYr5Pdh/S4o6WNT1tXKBEIbnTt3ppHpxIkTnTp1khLU1KlTrdOUFCOlmrTOnTvbxEva3rJTp07WQYuuX+ZCm90uXLiQ7tNmtzablHeICspcZvazftU6EtOzKO98KyhbmdektNLn/igiIiLGjx9v3ZLzQdkkyYqr+2yC3/jx42lGKp0qa6kZM2bQNDh69OioqChfX9+///575MiRmZmZ//nPf3r37u3r65uamkpX/uWXX7p06ULHuaZ173SkMke2ZcsW+nZq3779t99+GxYWFh8fP3bs2BMnTqxevXrIkCE9evSwdxlrkIsXL3p5eUlPXVxc7Fqcu44dO2Y2m0NCQggh169fp8Op11iX427eTM0KbxIU3jhILpMl3kw/9W/ioeP/9uvext5FA/v4fdvWEa8Pfefd0fM+XyD1EIv+5+RHkyeOevvNrdt2uHt4lN7qyOE/D+zfN3zEm92e66FUKs6cOvXtNyu++3blhEkfPfYzgIc3bNiwoUOHZmVl0eFhKJVKNXPmzOnTp+fk5Fg31zxw4ID02LqBT6dOnf766y/p8d69e7OyslxcXKROhizLLliwQKfTGQwG64/x5s2bb9y4MScnh2VZT0/Pio9eu7opGY3GDRs27Nq16+bNm2FhYSNGjHjppZfoS2lpaWvXrv3zzz/VavWQIUMSExP9/f1pKs7Ozv7mm2+OHDliNBpbtWo1btw4OgfjxYsXv/zyy1mzZkmD+owYMaJ3796tWrWaM2cOIWTevHm9evWaOHGiXU+6IlV5x5FxFrIMxbcHfNWV3bM7k0IfxOaxjRKr7I4yjUw0mBFCjh8/blNzOHXqVGmUFClELVy4cNq0aTTb0Jdoy0xpKzqai/VCaSe03WbpfdJdWQ/EUroa03qHFZTZukXol19+WV4Go4W0jq80W0rLrct2/PhxmxOUXqIPbFawZnPuVUJKYg+XysqsJLRBG82XXucRD13T8DxP83C3bt2kuqzevXtv2bLl2Wef1Wg03333XevWraV30QcffBAWFpaSkkJ/Ln/33Xc7d+6kH4hffvnl+vXr4+PjO3XqNHny5IEDB9JO5/SWwbhx46KiohQKxcqVK5966qmoqKh9+/ZlZmb6+fm9+uqr8+bNk75Fah2aBl1dXfft20fPolWrVnv27AkODtZoNPPmzevRo8fq1atXr17do0ePzMzMLVu29OzZc9u2bVlZWRMnTty9e7e7u/vYsWNtbhBeuXJl6tSpx48fd3d3f+GFF7766iu68zJ3tXnz5q+++ur8+fOEkNatW0dFRb3yyiv2uyQVCQoKsv4lQfE8//XXXx8+fHj//v2urq5t2rRZtWpVs2bN5syZs2fPnsDAwN9/L+5W8P33369Zs8bDw+PgwYMMwyQlJS1fvvzAgQPp6elt2rSZOnVqnz596JodOnTgeX7OnDm9e/cmhHz++ec7duzo3LnzkiVLzp49O3bsWC8vr/79+0+fPj08PHzTpk1TpkzJz8//+OOPPT09pYa7Xbp0ef/999977728vLwpU6bs3r1br9d37dp1wYIFLVq0oO/wBQsWrF+/Pjk52dXVtWfPnrNnz27VqtorQPIKtISQ8MZB3h6uhJDW4aFKhdxgNNNXU9Kyj566otWbFHKuVbOQdi0b0eWn/k24mnDLaLIQQur6uPft1kapkO3/vwuiKN7Jzud5oUfHlr5ebgePXczJL1LIZaFBdZ6NKL7lmnA97a9/LhtNFjcXp/492ro6Y5DAGsRkNE6a8OE7745e8c0q6+XtO3Tcs+9gl46RSxYv+mzuvNIb0qnhnu3enbYG7N23n7OLS1GRhr4ac/XqNyuW3bqV4unp9ergIS/1Lx4OcOeO7Tt3/J6dlUUIiYhsP3nKVCcn9YrlXwu88O+/F3Q63fQZnwQHBS9ftvTy5Utenp7Pdn9u+Ig36bYnjx9f/NXC3JycRo0bfzLrs9KfBvBA4uLiaAipjXbt2lVz7gmWad68eTt37uzRo8err756+PDhqKionJyct956y2g0Tpw4MTY29oUXXggICFi8eDFto0s7Vb799ts3b94cMWKEl5fX5s2bhw8fvmHDhqeffrqoqOjKlStarVba/6VLl5566qmuXbu2bNny5s2brVq1krJizfSogVDhrbZ+6nztmqbkcXNfVQxpUcG2TIMwQogbc5M+9XG6pz2VOTOGVKKCULohQfvL0Qxj3Z+QostpnWHpNEhH6aRPFy5c2KnEiRJ0b9KxymyVah0jpX1aL5EKLBVGWoGmNZvcZV1mGuqsT2HhwoU0vpauY5w2bZp0UOlSWK9jXTCbE5QOKpWhvPBpnQYfw8iupesMbTIbfUrbfNLf8dIIpbTWsbpLWNPcvFn8l/XBBx9YL+/atWtoaGhycvKVK1dCQkLoINS0JaQgCFK/59TU1NTUVIvF8sEHH9C5aKX3w/r16998801BEM6cOUMbVdJX/fz8JkyYQPvXubq6ZmZmfvvttzqd7scff3yM512V6L2DESNGWGdaDw+PESNGrFq16ty5c/RX15kzZ+iloH1peJ7v0qULrZvVaDQ2/TDj4uLoDUX66po1a44cORITE6NUKkvv6vLly8OGDaPXU6PRnD9/ftCgQTExMWFh97StqCFOnTolXSgnJ6ennnqKdkr56KPiGgmNRnP06NGIiIjs7Ow2bdp8+umnZ86cuXLlCg1gS5YsoRWwDMPcvn27W7duUvX10aNHjx49+s0334wdO5YQEh0dTQihwx4QQm7cuHHmzBkfHx/aP5BewIMHDxJCrl696u/vHx0drdFo6JzO0vDo58+fv337ttFobN++vdSseu/evXv37r169Wrz5s3XrFnz6aefShd/+/btV69evXDhglqtLnXqVSm8cVBs0u3f9v1Tz9ejUUjdRiH1whsH0ZdyC4r2HjmnVMpbhzdITsk4eylJLpM9HVY/+VbG+SvJdXw9GgbXTUnLSk3POfVvfNd2zTVafU6eRqVSuDir3FzUWw9EG03mZqEBZgsfk3DLy92lrq8HISTx5p2mof4iIfHJafv/vjC4T8dqPUF4IDt3bs/Lz5/3+RelX/Lw8Pho6vQx74+eMGly6ftuXbt12/Lbr2Pee7dDx04dO3Vu27Zdl67P0pfS09OmTJ5Qp27dd0a/f/zY/3337UqVStXr+RcuXjj/w3ffdujYafjwNy5cOH/kr8Pbt217fcQbd9LTL1447+/vHxwc4uPjO23KpOzs7IGDXjUajZs2/hwYGBTasCEhZNfO7a++NkQUxW1bf1u66Mu5ny94LFfoidW0aVOpWg+qVlxc3M6dOwcOHPjZZ5/Rb/kBAwYsWbLklVdeOXDgQGxs7Jw5c+isj/Xq1Zs/fz7daseOHTdv3pw/fz6tS+zbt2/v3r2XLFmyYcOG8g4UHBw8cODAPXv29O/fv2PHGv3RWqU1hGqeFJLEjL2N6vQjhIT5KLO0lsDew1IPbCrjwD1eYRuEBXHHrBeqEkS3QcVD1sr9KtVe1CZu0TBTOp/YVPRJAdJ6EoVOnTrROjRaoTdt2jTrKjXrTaQmqdYVidZB0Toj0do5mxpLmxBFM6G0WumdWC+UdmJz+tL6U6dOlUplvQebKzB16lQ6ewc9X2m3NvWfNmlTWv440yAdBsZmidQD0HpJ6QFpyhvZIjIyshqKWYPExcXRB7SlnLWmTZsmJydfu3btu++++/3332mN09atW8PDwy0WC40rM2bMGDZsWEpKCk2Ds2fPfv/992fNmrV69eqoqCiaUihXV9dVq1bdvHmzTp06NA3u27evT58+u3btmjdvnpOTU2FhYW0cirqgoIBWlkqDa0saNGhA442USeg3So8ePerXr799+3YaMD755JMxY8asXLnyiy/u/pibOXMmISQ0NHTHjh1arbZDhw7Jyck///yz9Uho0q6+//57+id55MgRnudfffVVmUwWGxtbMwNh3759pcdNmjSJi4sTBOHgwYOurq5RUVH//e9/N27c+O6772o0muTk5BdeeMHPz4/WhbZo0eL8+fP0otH7C2PGjElNTXV1dV2yZEnDhg1nzpx54sSJ//znPy+//HJAQEBlCtO6despU6YYDAZpgHU6us9XX301ZcoU+nneoEGDtWvX0uPu2bOnefPmQ4YMOXPmzBdffPHTTz/RIRymT5/+xRdf3LhxY9CgQeHh4YmJidVdSejr5da/R9u//rmcnpmXnpl37Eysn4/7S8+1Vchl/1yIJ4QM7tvRRa2KfKrxzzv/Pn81+emw+lqdwc/HfUDPCJZlnmoW8sOvf+TmlwxVzzDD+3dRyGXJtzIMBlO/7m2C/X0IIQaj6U52Hg2EzRoGdG/fghCSk68p1Oiq9ezgQZ06dapLl67u7mU0CiWEDBg4cMz7o8+dO9uzZy+bl0JC6i9a8vXyZUuPH/v7+LG/aY3f1OkznJycfvt1EyFkydLlHp6eLw8Y+N/xYzf+vKHX8y/k5eVFRLb/OGomx3E9ej1/+lR0SkrxjUWO45Z/852Tk9PFC+fT0tK+Wvx18/BwQkhhQUF8fBwNhIOHDBv59ihCyPXkpOTkpOq/NgAP6d9//yWEvPbaa/Qpx3E9evRYu3ZtUlLS1atXaRMS+pL0gBBC7wJL33T+/v5hYWEXL16ko7PWdo9cQ3hvbAvKs/yWsdfLpYmXc2NCSNcQZ98Rb/1BiE0mZBuEcc+9EsQdC2LvBsIwD8HdpCAPyKb3Hf1n6do2qcuczcrWdYnWtYLWT2lesqmykxaWuX/rlFhmoLJeIuU3m32Wd77StjZtSulOHiieSfWN1qzPpcy9SYO4PrY0WMlBZaR1Vq5cOW7cuIprBU+dOvXEDB5TJrO5uI1Z6Q7N0oeXp6enNCFk06ZNaXsGWh8SFBTUokULaWDG7t27Z2RkPPfcc6tXr05NTU1KSpJi0tixY4cPH07Hp6FL+vbt26lTp759+/7vf/97DE3sqol0lUoPBlPmp//y5cvpTXqpSvDjjz9Wq9Vz585duXKlRlPceIL28Wjfvr0gCE5OTl26dDl27Nhff/1lHQilXUkNHwIDA/v27Tty5Mg+ffrU8HY4lEwmo/1SduzYIQhCUlLS1q1bDx06RF/V6XQymez999+fO3fu2rVrP/30082bN9P+KhERERaLZffu3XTognfffVe6M0V7Aw4dOrQyBZg3b57UxFTi4eHRuHFj+viZZ55Rq9X0CoeGhgYGBhYWFnbt2vXMmTM7d+6kd3aTk5MXLFjw+++/v/jii1999dWzzz7LcVxVX6oyBNTxemPAszq9MeHmndjE1Mzsgs17T74xoGteQREhZPdfxV33dXojzwuEkJZNQ+r5eZ04fy0zpyCvoIjnBaHkTatSyhVyGSHkTlY+IYSmQULIS8+1JYRk5RbSw9GFfl7ud5Mk1AyawkKPsroIUjQoagoLy3y1SdNmK7/9vqCg4OzpU38cOnj6VPS0jyYt/2YVTWufz59LV0tPS6NN3bo/16Nxkya/bd4UHxcXH3dNq9VKn3V16tSh/c0SExMIITQNEkImT5lGCKG5sVlY8Q/Cxk2bXrlyuaqvBECVyc7Ops2apCVt27Zdu3ZtRkZGUlJSYGCgNNu5v7+/1Pg5IyMjMDDQ+lugY8eOsbGxNX8E0cqogiajCm+1Kaf4niLraw5KFRJc9kaGTqBLwnyUZMRbqT7K5EsXky5dZBuEhbZ6WtbjlSD2mEV3T/WgxwFBGfzATXFsEhTtAle6lWOZLUgrYF1ZR1eWxpihNYfWC6XgJGXI8ururOcJvO+pVTBqqFQTKLXikyJlBQmNrlbeuVsPclNxwaz7Hz62QFjepPM2aOtQ2tLPeub6ai5dTURrsWgbOeuGCqIo0jmIKtOc/caNG/TBs88+a738zp07UiBs3rz4R4CTk9OqVatonwf6toyKiho5cuS6deuq7rQeH29vb5qN6Sg71hITE2lylr4z/Pz8pCZbtKFjq1ataNtCjuMaN25MOwEWFRXRZPjLL7/88ssv0g5v3bolPbbe1ZgxYzZt2hQTE5OZmblu3bp169a5urr++eefNbOPa05OTuleQ9HR0cOHD5caalJ0MLo333xz7ty5qampJ0+epG+S9957z7q1s3RzSjrfpKS71Q5SUJfufViTRsmrGP2Pm5yc/PTTT0sLNRqN0WhcuHBhz549NRpNfHz8kiVLlixZ0qpVq6NHj1Z3n9jDJy/7eLk91SxE7aR8qlnIU81C/jjxb+KNO1qdwWLhGZbxcHOma9IHgiDG30g78s8V+lLT0IBrSbelvSlKxiY1GE2knDEAFQo5fYAxAmuggIDAQ4cOlPdqYkICnVyu9EtrVn9fv36DHr2ed3d379Hr+R69nv/h+1U7t/+en5+v1+kVCkVwcHHjEfqA5/nTp6LnzZmtUCiahTV/sf/LO3dsl/bmWtLKQ1OoKe+2iNq5+Cccy1TxlGYAVYt+VWk0GikT0klTAgICfH19rb9o6PAz9IGPj4/N7wF6H1z6JSB9GeXn5z+W86hKjxoIbQYC2zsTAwAAIABJREFUZdR8x8umzYHx+y+NbVynn9R2NGzEW9I6udqEhIyNuUX3jEca5ikEa1zcOt1tV6bwDX+I8kjtPB8uq0iDlNJQJO1NikCdO3e2Dor07rL1kCq7du368ssv71t3V2boKl2NWRk0hUpHtGl3KrHuM1m6jetDHLSC7oWPQmrw+XA/eaWehA89TukTIzQ0lD5YunTp66+/Lg0/vW/fPppYaMetikkj2v3444+0zodq1KiR9Fgapoz2V+zdu/e2bdsOHjz4xx9/EELWr18/adKkWlpP+PTTTx87dmzNmjVz586tV694hOQ7d+6sXbuWENKmzd1RH61v4dNR165fvy6KIsMwer2epkHra/Xyyy+/+uqr0iY2fRSlx97e3hcvXjx06NCePXv27NmTmpqq0WgWLVr022+/Ved5Vxm9Xk+HI+/WrdukSZOCg4Np7qLvxkaNGnXr1u3o0aOTJk2irXNp7V9gYCDdXJo9WerjZ/3DV/qSLigoKH1o67dlBejPgtDQUNqTRMIwTEREREpKyq5du/bu3bt//36NRnPp0qVNmzbRfozVJyMn/3pqZnjjQFnJz243FzUtkouzSm8w9ejQksa8S9duFhbpWJY5ezlJLpe9NaibjONEUbwSf6t0tbanuwsRxQKNzt1VTQjZ//eFgkJdj44tq/Vc4NF179FzwRfzo//5p33JvALWNqxf5+fnFxFZxvxAMTExR4/81bVbd7m8OPD7+dUhhLAs4x8QcPt26juj36N/Jof//CMrK5PjuF83bfTy8lq7/me5XC6K4qaNP5eePMY/IIDn+aysLF9fX0LIyuXLUm+ljB3/YfWcPUC1oHfM//7774YNG9IltLtmw4YNW7Vqdfjw4TNnzrRr144QcvLkSWmomEaNGv3555+XLl2iP2ksFsvhw4dbtWrFcRydzSUjI4OuaT0NPb0BWvMnn6iCuzhenbtYPw3hdB0vmwghCRl7EzP2JmbszdUm0ByYq004lfz1qaSlpdNgh2gL63vPXd6HmHOi8gnHutWl9XKbp1L7TDqCi3UrUOuWkzamTp26a9eunJycnJwcqUmq9eY0Q+4qpTLJqrwTvG+YlE6NFowe0To6Vn4aQ9rJsOKLYC8RERHWSbKCRqGlQ6NUkVgzq18elLOzM227eP78+aFDhyYkJBQUFGzbtk0apMRmsJkyhZe0C/L19R0xYoS7u/s333xz4sQJ61/b0q+NM2fO9O7dOzIysm/fvocOHZJGBKm94fyTTz6hD3r27BkdHV1UVHTq1KkXXniBLrSelsM6LdMOfhqNhn7BbNp0t8E8x3GtW7emXxuDBw8eOnToL7/8snXrVqlBqc2uJk2a1LZt2+3bt69atSolJYVGEeuBxWs4KdHNnj37pZdekr4jTSYTfUCrBOkwMIMGDapTpw4hRKlU0gkwN2zYkJCQoNFopObf9BuaJsaLFy8SQtLT0//888/Sh5beljakOyN6vZ7neRpQk5OTe/XqNWLEiLi4uB9//DEhIUGn073yyitt2rTheX7z5s1ZWVm0JvwxfNyFNw42my0/7/j7Qsz15FsZJ85fO3/1uquLk9pJ+VSz+oSQPUfOZWQXXEu+feLcNa3eSAhROyktPJ9fqNNo9bv/OktE0WKx/R3fNDSAMMyuw2dvpWfHX0+7cSuzQZBfOUWAGqRLly5Dhw2fMnli6Rsfsz6ZseirhZ/NKWOIUUJI3779cnNz//PBe4cO7r948cKWzb+u/d8PjRo3dnNz7/dSf0LI4q8W3rhx/Z+TJ5Ys+jI/L48Q4uvrV1RUlJFxJzcnZ9GXC3ieN5XcdpF07NiJ47i5s2fFxlw9FR29f9+e9h1r5RzI4CBu3Lix6l6xsbHt2rVr0aLF0qVLN2/efPny5W+//XbPnj0DBw5Uq9WDBg1ydnb+8MMPN2zYsG7dusmTJ0u7Gjx4MCFk8uTJR48evXDhwpQpUzIyMuh9THoLfuXKlX/++efu3bunT58ubUV/L+3YsaNG/VourQoGlfHsOrLo2tmiuLuDK3RK0t/ylN0KZBMy9hJCCP1n+TpEW4I1Li6t7lYPOoe/9hAlkarsKhOQyhxE1GaMTes9S1tJNYdlzhBoM++fTUtRiU13QZutKjhBWmNp03nPZsTU8ratZNNZ67LR62NTMFojKlWfVqbrYyVZjwv60DuRphMsbyfSCtaTFtLhSenjJyMQ0vEwduzYERMTs2XLFjrci2T58uX0/m7FXnjhhSZNmsTHx7/44ou0txtta+rt7U3bV1jPRfvUU09lZWVlZmZGRkb269fv0qVLNHlK/bZrneeff/6tt95at25dTExMh3tvz48aNapnz55lbjVkyJDp06dnZmb27NmTDuhq/erUqVOHDh0aHR0dFBRUt25depU+//zzMnfVuXPnpUuXXrp06dq1az4+PrRvmxRTa74WLVrQkWNGjRrVpk0b6U2Yl5dHH7z88su0XS4h5O2335Y2nDVrVt++fePj461bfo4bN47eoWjTpk1qaurKlSvPnj179epV6zgtKW+KZKkytkGDBu++++64cePoh2fdunWld/gbb7zh4eERFBS0ffv2UaNG7dy5s6CggI7H+ygfTZX0VLMQjmX+uRAffaH4zqmvt9tLz7UjhDSuXy8rt/Dfazd/PxhNGMbX2+259i0IIR2fabr/7wtb9p0khLi5qr08XPLp2DBW10CtUvTq1OrwP5f3/HWOMIx/Ha+2LRrmFhTduxbURJ/NmTvq7Tc7d4icMnXaywMHurt7JCYkbFj/46KvviSE5OaV3X+pR6/nZXL5qm9XLlu6hC5p2y5i+owoQki7dhFvj3p3w/of/zl5guO4tu0i3hr1LiHk9eFv3Lxx/f13RxFCmjZr9vTTz1yLu0YIYa3+mlzd3D79bO7n8+d+NGkCx3Fdn+324kv909PSCCEM3kpQ8+Tm5q5adc+ULfXq1QsLC1u2bNm8efPoCKLOzs5vvPEGnZTIzc1ty5YtCxcuXLVqlaen5wcffLB48WJaAejj47Nx48aZM2d++OGH9NbknDlz6IwUXl5ec+fOnTlzJt3JmDFj6PxJtF6xdevWhw4diomJ2bdvn/2uxH1UQSCU+zZ3aeJtytZLPQkZNT8sJv94nsvJlvcZJMZXJXaItnjf0Kt63tMrw7l5ZX9BSi13bdw3XEl5pn///jbtJ63DpPVYo1LTUJuxQKXHUjCjE0LYzIRhM26Nt7e3TTfFMoefsWY9uKhU5Wgd6qxLSI/Sv3//zp07T5061bqRZ+m60PLKVmboldan81s8SsNR6/5+Uj1S6eFDyxxllK5Z5nSCNOaVl+siIiJoV8PTp09LQ6pIKtlZsVZwdXU9d+7c/Pnzf/jhB2ky7k6dOi1dupTWtFj/brb5AU2fymSy48ePv/POO7t37z527Jirq+uAAQOWLVtWek1CiEKh2Lhx49y5c3fv3v3rr7/Se2bff/+91O60Nvrxxx979uw5Z84cqdVikyZNZs2aRcfRsb5Q0iZqtfrPP/8cOnRoTExMcnLy66+/LpfL169fT9ccMmSIxWKhjSQzMzPbtWs3bdo0WvtUelevvPLK4sWLf/31V+kv8b333quxgyGVzmAKheKbb7759NNP6aWYMGEC/VI8fPjw888/T6/VW2+9tWLFCj8/P6nqlRDSp0+fP/74Y8aMGdIkHPPnz5c+ZJYvX56QkBATExMdHd2vX79WrVp98cUXtOqvvPeztCQyMpJ+0Gk0moKCgtDQ0PPnz48YMSImJubYsWOhoaEjR4586623aEoXRfHgwYM0h7u6us6dO5dWXVa3Fk2CWzQJ1htNOr3Ry93F+lw6tm7a4Zkm+Rqdu4uaZYuX1/X1eHtQd41Wr1TIpU6DhBCbCSQahdRtFFK3QKNzVitpe1RfL7cxw+9e9mcjwp+NeJjOGlCtgoKDt27bsXjxog/eH/3B+6PpQj8/v1Xf/ZCblxv18XQikomTy5hu/tlu3Z/t1r2oqKigIN/fP8D6jfTq4CGDXhucmZnp4+Mj9QkMbdhw9dr1ubm5Tk5O1s1AbCaQaNO23bbtu7Kysjw8PGhVfFBw8N4Df0grjHhz5Ig3R1bDlQB4MEePHi3vJV9f32XLlhkMhpycnHr16kmNRy5fvpyenr506VL6XZyTk7N48WKpe3zLli137NhRUFBgMpls7qq//PLLL774Ynp6ep06deRyuTSHpFKpXLduXX5+fiU7MtgLU7qnwUPQxmzJ+3tD7slbNstPNHQ60bDc8w/zFHoc0KkLTC5NvV2a3M11zuGv3TcQlpcDpaAiVfrR4GTTPJKy6VZHlR45U6oMLHNy+Qoq66yLZFMfWMFxH6LMNmdtXZcoHd1mYnrrboQ280zY7F/ac5kFK/PiUIIgaDSaMsd7oGNall4YERERGRlp/XtXqjMskzRmzIoVK6QcWFqZK5TeMw2KFVQPWiwWjuNcXFyUSqX02VFb5OXl5eTk1K9f3zpvVJ7JZEpNTQ0JCanMKIuCICQnJ3t6elbwd1rr6HS627dvBwQEVH4aurS0NBcXl/Km3MjIyJDJZJW8RLm5uQUFBQEBAdaTKNQiKSkpfn5+9CbrA9FoNLm5uUFBQaX/4iq+vBUQRfH27dsqlYpOXSgdKD8/PygoqPT6dILvOnXqPPQQo9fT8hr4V+9QNFBbXE/Lq+vzkNPw5OXlnTt3VlNYGBAQIPUbXLp4UdSM6fM/X1BmJqwt7mQX4m8EaoI9e/bMmDFjzJgxgwcPLigoWLZs2ZEjR9avX//MM8/Yu2gPLCIiQmpBU97dTDqvb0hISNUEQkJI/tHPiq6dLZ0JaSwkhKQolbcCWV+VqEoUg/IsIUZjYKrAqHmbNEgI8Xvt/uMlSMN7Sqxnj7h76JI5JCqov5J2VV4FndSstPSey9xEOujx48fpIDQVrGPTL7GSZa7MIco8L5uF0tCp1ptbX1vrl8orWJk7uW8gtBn506bvn6Ti4WHoVnSd8vYg7aTMFaSXKtNStFYHQgCwFwRCkDxKICzP10sWE0ImTJpciXVrKARCqCFMJlNUVNTBgwelJZ999tnAgQPtWqiHZJ9AaM6KyTs625SjL4rLkdqO3pdXxyCF9z1ViJ7dZj/ccDJQ01QcCGsjBEIAeAgIhCCpjkD4BEAghBrFYDD8+++/arW6SZMmSqXS3sV5SA8UCKugDyEl923u2W123tHZXh0Di+JzrMeYKVPpikHaWBRpEAAAAAAA7EKlUkVGRtq7FI9VlQVC60zo0sTbpYl3UXwOIcR6sBmFt5pGQZtaQQp1gwAAAAAAAI9TVQZCmgn9XvtNG7NFe3VLcQVgk/tvpfANR90gAAAAAADAY1bFgZCSxgjVXt1S8ZqIgo6gqvqpAgAAAABA1aqWQChlQufmr2ljtpgzYwghpqyr9CWFb7g09Tyi4JNNoVCYzWaTySQIgr3LUgVYln24ORsAwJHJOdZosigV+PQAKIPJzKvw1wFgV9X+F+jc/DWC0OeQGIbhOI7OWvtkVBIyDCOXyzmOKz3nNQBAedxdVdkFOh93NTIhgA2Tmddo9S5OtXUgR4AnA76coLrQQOjk5FRLp9IuE8dxCIQA8EBc1UpCSFae1sw/CW0l4FGwLHMnu9DepahBVAqZj4czaggB7At/gVCNOI57wppZMgyDNAgAD8pVraSxEAAAoKZ5cn6pQ82EBAUAAAAAUGOx9i4AAAAAAAAA2AcCIQAAAAAAgINCIAQAAAAAAHBQCIQAAAAAAAAOCoEQAAAAAADAQSEQAgAAAAAAOCgEQgAAAAAAAAeFQAgAAAAAAOCgEAgBAAAAAAAcFAIhAAAAAACAg0IgBAAAAAAAcFAIhAAAAAAAAA4KgRAAAAAAAMBBIRACAAAAAAA4KARCAAAAAAAAB4VACAAAAAAA4KAQCAEAAAAAABwUAiEAAAAAAICDQiAEAAAAAABwUAiEAAAAAAAADgqBEAAAAAAAwEEhEAIAAAAAADgoBEIAAAAAAAAHhUAIAAAAAADgoBAIAQAAAAAAHBQCIQAAAAAAgIOS5eXlEUIEQShvDVEUH+UAj7g5AAAAAACAvfj5+dm7CA+sXbt2lV9Z5urqap3ZyntcMaQ+AAAAAACAWkfGMIx1oqNPAQAAAAAA4Ikno/8qnQMfqNKPYRhUEgIAAAAAANQusvJeQFUhAAAAAADAk00mBb/SVXwPVO+HSkIAAAAAAHBk9erVs34qCIJWqy0qKrJfie7vbg0hqgQBAAAAAAAe2hdffCE9ZllWFMW9e/f+9ttvdi3UfZTbZPQh2IxPAwAAAAAA4DgyMjKkx87Ozm3atMnMzNy2bRvP83YtV0VkVd7aE7EQAAAAAAAc0LRp06THPj4+EydOrFOnjpubG537vWZiK375oduRMlYebg8AAAAAAAC1lFarzczMdHd39/DwsHdZKlKVTUbLU3EmRF0iAAAAAAA8YYxGY05OjpOTk5eX1/Xr1wkhCoXC2dmZ47iH2Ft2dnY1lJFUKhBW9/ChqEIEAAAAAIAnjCAIBQUFgiB4eXnRJeHh4cOGDfP19X2Ivb399ttVXcBidyemR00dAAAAAABAVdFoNGaz2dPTkz7VarWpqalardbe5bpHpZqMIi4CAAAAAAA8EI1GYzKZpEB4/fr19evXs+x9hnF5zCrbhxCZEAAAAAAAoPIKCwtNJpOXlxcNU2azuaCgwN6FsnU3nt63Lx86+wEAAAAAAFRSUVFRYWGhp6enWq22d1nK9WCjjKKeEAAAAAAAoDIKCwuzsrKCg4Pd3d21Wi3LsjKZ7IGq2Wi9YrVGsHsCYWXyHjIhAAAAAADAfel0upycnPDwcHd397S0tD59+ixYsCAkJKTyezCbzeHh4Xfu3Km+Qj7MPIQ01CIWAgAAAAAAlEcURdpp0N3dnRBy4cKFqVOnOjs7V34PgiDk5+dXZxlLBcLKVwAiFgIAAAAAAFSAxjkPDw9CSFpaWlpamr1LZKuMMU8fqFUrY6VKCwYAAAAAAFC75efnMwzj6elZY+NS2ZNgPFxxmXs9ctkAAAAAAABqsczMTNoP0MfHp6bNQEiV24fw0QePQSYEAAAAAABHlpaWdv78+X79+hkMhgsXLphMpspvm5mZee3aNaPRWJ0FrHBQGQwoCgAAAAAA8NCKioq2bdumVCq7dOny3HPPPVC8On78+PLly+0ZCJEJAQAAAAAAHsWNGze+/vrr7du3+/n5yWQPMMtDVlZWUVFRdRaNVGraCYwmCgAAAAAA8NDkcrkgCJcuXcrPz684WD3fnvR/luvQgqnjZSGEpGaQ0zFkz3FyKLq6ylbZhIpYCAAAAAAA8KACAwNfe+211q1bp6SkrFq1KjU1tczVWjQin71LIlsSQvi729YhgXXIK93J6Svk09XkcmLVF499uEkmqr4gAAAAAAAAT5xnnnmmdevW8fHxXbp0admyZZmtRp+PJPuX0TR4D4Yp/l9kS7J/OXm+fdUXj3244UAxvQQAAAAAAMB9abVapVLZvHlztVqt1WoFQbBZoUUjsmYWkWKVFAJtkhZDyNpZpGWjKi4eW3LUh891TFmqroQAAAAAAAC11dmzZ9etWxcbG7to0aJLly6VDoRzRhO2VAg0GBkLb7srhpDPRldx8e7WV1btgKLIhAAAAAAAAIWFhYcPH/7nn38MBoPBYLB59fkOZbQU3XhA+fVmtVIhRo3U9el4z9SFkS3J8x3IoX+qrHis9RNU7gEAAAAAAFQto9GYl5en1+tL18C91Ml25Yxcdv469X8G6V/qZJq12tlgtA1opTd5FGzpRciEAAAAAAAAj0G7cNslSakcIaRDS3P7FmatntzOto1spTd5FGUEQlQVAgAAAAAAPAZBdWyX5BcxhBC1SnR2EgkhGq1tLiu9yaOoaB5CKRNi+kEAAAAAAIDHwMNFJITojIxWzxBC3JzvyWJVXmtXqYnpkQwBAAAAAACq3K0M2xq/0ACeEHL0rDyrgHV2Iv6+gk0OvJVRlQWoVCCUWLcjRTgEAAAAAAB4FGeu2gbCut7CvPd1S351UivFL8ZonRS2set0TFUW4MECobX7djJEYgQAAAAAAKjAnhNk0HO2Cwd1N/bvYmRZwpU15Mue41VZgIcPhPeFYWkAAAAAAAAqcPAfEn2ZtC81FaG8nKAWfZkcrLpJCMsdZRQAAAAAAAAeg09Xk0o2rRQJ+XR1FR8dgRAAAAAAAMBuLieSUXPunwlFQkbNIZcTq/joCIQAAAAAAAD2dDCa9P6QRF8ud4Xoy6T3h+RgdNUfuhr7EAIAAAAAAEBlXE4kr0wjL3QgL3YmEc2Lhx69lUFOx5A9x6u436A1GR36BSOCAgAAAAAA2NfBf6ox+5WpuMkowzAYFBQAAAAAAMCh3NOHELEQAAAAAADAcZTRh9A6E6IpKQAAAAAAwJPqPoPKIBwCAAAAAAA8qR5glNEyW5MiJQIAAAAAwJNKEITHf9BH7McXERFR+ZUfddoJ9DkEAAAAAACopTAxPQAAAAAAgINCIAQAAAAAAHBQCIQAAAAAAAAOCoEQAAAAAADAQSEQAgAAAAAAOCgEQgAAAAAAAAeFQAgAAAAAAOCgEAgBAAAAAAAcFAIhAAAAAACAg0IgBAAAAAAAcFAIhAAAAAAAAA4KgRAAAAAAAMBBIRACAAAAAAA4KARCAAAAAAAAB4VACAAAAAAA4KAQCAEAAAAAABwUAiEAAAAAAICDQiAEAAAAAABwUAiEAAAAAAAADgqBEAAAAAAAwEEhEAIAAAAAADgoBEIAAAAAAAAHhUAIAAAAAADgoBAIAQAAAAAAHBQCIQAAAAAAgINCIAQAAAAAAHBQMnsXAAAAAADgiWWxWNLT0+1diprOycnJw8NDJkM2sQNcdAAAAACA6qLRaCZMmGDvUtR0kZGRo0aN8vHxsXdBHBECIQAAAABAdbFYLL///ru9S1HTsSz7+uuv27sUDgp9CAEAAAAAABwUAiEAAAAAAICDQiAEAAAAAABwUAiEAAAAAAAADgqBEAAAAAAAwEEhEAIAAAAAADgoBEIAAAAAAAAHhUAIAAAAAADgoBAIAQAAAAAAHJTM3gUAAAAAAIBHxzzew4n3HlqsYFWoyRAIAQAAAABqAYb+gyEMYWQcp5DLFHKZQsZxnIxhCcMwhMY0+m+RMFJIFK13UV5yuzdPWm8iEsKIhBBRLNklQ0SRCAJPCOF5wWyxGM1mk5nneV6kG4sIiLUGAiEAAAAAQC0gEkYhk/l5uTRtENIguJ5CqTBbRLPZwguiSARGCoKEiExxHmMIwxAiiPSZKPCCIArFO7sHI5YsYAjDsizLMYQwIhGLEyi5mzUZQhhCBEE0G4xKlYqTcwq5TC5jdXpjUnJK/I20nIJCM88/xgsDjwSBEAAAAACghmIYRhQJwxCOZev6uLcNa+js6nYrM+/PU1cKi7QWi0UURJrxRFEQCCFEJAKNbiWVdCIhDCMSQgjDMgzDEJFYV+Ax1tWIDBFpgBQEsZy6RIZhGIYhpOQfDMNwLCuTyzzcXEMC6vbq1CYnL/dcTGJ2gUbgxQpqJKGGQCAEAAAAAKi5WIaoVYomwfW8PNxjbmbmFSaxhHF1dgrx8+U4lud5QRAFQRBEURAFURRFQkRBFElJqhOJKIp0iSCKRBAFQui/6CuEEFEsTogioQuKlwjkbgtQURTvRsd7+w8KvGA0G9K1urT0DKVS5e/r0aJh/fSc3OupmQazhZH2DjUSAiEAAAAAQM3EEELcnVXN6gdaROZyYqpapWoc6O/t4a6Sy1mOM5nNRTq9xcLzPG8RBUoUiwMgfSgUx0RBoA1GRbE4Gt79NxFFgeZCoaTNKSGE1juW/F8KhKJISlIjIbQhK8cVtycVRdFisdy8nZGVm98gwK95A//4lHSN3mTXawj3gUAIAAAAAFATMQxxVimahgQUmfj0rLzAOr6Bfr5OSllx206GMAzLMExxq897KuEYIkrLRFEUi3R6ncFgEYTiNCdKya+kSrB4Tbq5yDCMnJPL5TKrUWmYkmalUvfCu1vSxwxD5DIZJ3B6g+najfSGgXUbBdaNvZluMCET1lwIhAAAAAAANZGMZUP9/YyCeD01o1mDoOA6vjKOK05xhBBCWI5jihNhBcQCTVF2QT5/t1tg8foMYUQi0kpFUjIgjdRJ0MCYnZ1USoWijF0W1xQy945GWvxvliVyRm6xWBJvpYfVDwjy80q6nSGIaDVaQyEQAgAAAADUNAzDEE83tYe767Wb6QF+niF167KsTe89kWUIWzySaEk9IcPQXMcwDK0KNFsseRqNhRdYli09VyEdU5TnealykGNZpcKZERijpUhvNCrkcpoPRYYQkVEqFX716hXmF/j4+jZrHnY9MTE+IaGev79fnTocwxYWFl67do23WFiWlcvlJpPhdk5+gzre2fmafK0WkbBmQiAEAAAAAKhZGEJkHFvX17NQb+IF0iS4PsfYzu3HEMIxLMsyTHFlX/GcEGJJJiQMwxCGDjnDsmxJRCx1LIaRXmII4RiZyDqLHMfxJl40C4Ig4ziREJlM5h8Q2KhJE4Vcfv7sWV7gOZnMIopyhaJNm7YRkZGcjLuVcuvWrVuFhYV0z3KZskhTZPLx8PNyK9QZeBFzUdRECIQAAAAAADWOSil3dVLfySuq4+WhVHJlDdTJMCzHcRzDWGjFH20CKlUP0gadMplMqVBoDYYy0yB1t+8gYXiB58xFLMNYRJNMJmNZlu5bxnFqJ6dbKTctZkuRRpOVlWkymu6kp4uiePzYsSuXLxOG0eu0RUVFUkNSlmUtZqLRG91dXRSyHL0JgbAmQiAEAAAAAKhhGOKsUsnlcqPJFOjjy5Y1m58oEo5hWJZlGcIwLEvKrv+TcZy3u5soikazuXhWerHUfli2ZGOGIaKF1zOEkclkapWKYxiREIYhRpPp2rVYQgjHsTJOppArcjKzZJw7KBq4AAAgAElEQVSMEFJQkJ+Xn28ymYhVCRiGIYSwDKvVGXzcXJyUCj2GlqmREAgBAAAAAGoctUpJCCuKxEklL7NqTxBFwhCOYxmWZRielFQRMgwjigJtN8oQwjKMs5OTTMaZTGZeEOgcE3QSCaF4EsKSaSXEkjkHCU2SNGYSKeYxJaOTCgKdpoIprlxkCK2QtAmbDCEsyxhNZo5lVUoFU1R2m1WwLwRCAAAAAICahWWIUi7jRZ7jWI5jSxYzhEiPRUIEhhFlHMsxTPHQMvR/okj/yTDFeY9hGIVcIZfJ7s5SKAiiyAhEkMJhcSIUSck/ih+UtEMt6ZQoioIgCDxPx6eR8l3xdoRYj1sjEsIQhucFhmOVSvnjvIBQeWwl1gEAAAAAgMeHttgURMIxHG17WXoVGsZkHMeyLGEYtnj2ieK16cijdF/FA5EWDx9T8jpDGEKnMbxnE0bakiHWE1qUTFXBWD+rxJkwtDpRxnH3mx4D7AOBEAAAAACghmEYjmVoa0yWKR7WhRDb/n+iIMpkco7j2OKox1hlQoYpmZGCocPF3N13cQQsXk1Kf8X/uxskixMhY5UARatHpLgSsnj7u2nT+kRobSPh2DI7QoL9ockoAAAAAECNwxAiioKFtxTp9RZezlIMy7Esy7B0oBde4BUKhUzGcRxr4a3nqGcIEUnxOKMl1X6iSOOfKIrW80yIxVWBVv37ilcvbiZKRFHqkUh3yTBEJNKEh6RkT5R4zynQ3EikOTEe81WE+0MgBAAAAACocQRREARRqzdcv50u4ziOZTmO41hWxnEKmUyhUKiUCieVUqVSyWVyGWsys7xKLufkMqPJrFIqc/PyRCIwIiFEYFnWxdUlLzdPFHjapZBhmIBAf4PBmJWVTUSBiKIoEme1k1aruzu6DMO4u7vn5eWLhBFFkbYs9PH2ZhgmKzvbbLGUZEFRalwq3pslCSGEMCIRBboa1EgIhLZ4nk9JSTl69Gh8fDzP8wEBAd27d2/cuLGTk5O0TnZ29r///uvn5xcWFiaTOfo15Hme4zg7FkAUxfPnz2s0msaNGwcEBEgLBUGgBTMajceOHfPw8GjevLlarbZjUR8zQRBOnjxJCGnevLmXl1eZ6+h0upMnT3p5eYWFhalUqtjY2PT09AYNGoSGhj728kJ1SUpKSk5ODg0NDQ0NLacjShkEQaBTSNGnFoslJibm0KFDaWlpgYGBr732WlBQUHWW+i5RFK9evZqenu7i4vLMM8+oVKrS62i1WvpuLw/HcV27dq2ST2ytVhsbG6vVaiMiIqy/GmqRmzdvJiQkBAUFNWnSpPJviYfG8zydEbsyK5vN5sTExNu3b7dq1crPz6/MdfLz82NiYsxmc9X+J+B5/sKFCwUFBY0bNw4ODq6q3V65ciUjIyM4OLhhw4bSH9Sje6CrWrVu376dkJDg4uLSpk0bURRv3LiRlJTUoEGDhg0b2qU8TyqGEJlMLpPJBJ43GgxmhhXvrcBjGFYm4+RyWXC9unV8vDmO5VhW7eLs7efHC6KM4+oFBgq8hSFEbzAqFAqZXK7104iiqNXpsrNzDAZDSHBwWnqGp6cnx3EyuVwURLXaKS+vQC6XMwwjk8ksFrOLs0tefr4oirzAq9XqK1ev1qvnz/O83mDIz88XrUpbXJtIbKsCGULo3lgOXdVqKPyHuUdOTs6YMWMiIyPHjh27ePHir7/+etq0aV26dHnppZf+/fdfabXdu3cPGDBg6dKlRUVFdi2v/V25cmXixIlpaWl2LAPP85988snw4cMPHTpElxQWFi5btmzr1q30F+3ly5cHDBgQFRWVnp5ux3I+fjqdrn///u+9997FixfLW+fKlSsDBgyYM2fOnTt3TCbTJ598MmTIkN9+++3xlhSq18aNGwcMGLBp0yaLxVLJTXJycr766qs9e/bQp4IgHDlyZMiQIVFRUStWrJg1a9bj/Ku3WCyfffbZgAEDJk6cmJOTU+Y6t27dGlCh119/XavVVkl54uPjx48fP2rUqKysrCrZ4eO3fPny1157bc2aNZV/SzwcURTj4uJmzJiRkJBQyU1ycnIWLFgwYMCA6Ojo8ta5cuXKuHHj3n777czMzKorLDGZTB9//PGQIUN2795dhbtdtGjR4MGD169fz/NVMyW3IAiXLl165513yvtzqG5//PHHm2++OWPGDJ7nLRbL5s2bBwwY8NNPP2E6gSrHMAzDMhzDKOUylVymVMiUcplCxsk4lmMZIgpmk0lbpL2TlcMwRC5nZRzLMIyT2kmtclIoFXK5TKV2EghxdnE2m80qldLZ1cXZ1dXbx1upVDIMSUtP9/Pz9fT0JITwFourqyshRKFQCIJgMhnNZjO9iaZUKlzdXEWRmEwmvV5fWFh4T19GRhqvxrbwdx8ThmFZhmEfYCgaeIwcvXbLWn5+/kcffbRx40a5XB4aGurt7c0wjEajuX79+pEjR8aOHbtixYpnnnmGYRiz2azVak0mk4N/9kVHRz/33HMtWrQwGo12LAbDMEqlUqlUShWVw4YNO3Xq1OzZs+lTi8Wi0+mMRiPNh45DFEWdTqfX6yv4FcKyrEqlUigUtC+BwWDQ6XRms/nxlhSql9ls1ul0lf/Ioj+LN27cuGLFCrpEp9Pt27cvPj7e39+/devWhJCGDRtWc6nvQd+Zer2+vFMQBEGn08lksrp163p4eJReQa1WV1XljCAIer1ep9PV3o8Uo9FI3xLVfaC4uLixY8fGx8cPGzaskpsIgkCLV0FYFQTBYDBU8H54OPQzUK/XV+1nID2dKtznkSNH+vfvHxAQUN15vjwWi0Wv1xsMBnr9ZTKZSqVCg6nqIYqEcBznJFewHEvE4pkhBFEUCBFFQeBFQRSNJqPFwss5BSfj9VptYsw1E28RiSiXKyxms8lkFkWiVClvpaSwHCuXK1xcXJzUTrl5uYWFhbk5uRaLRa12dnZ2vn79hiAILMsQwhgMBjrWqFwuFwRBJCLPCzxv4Xk+MysrOye7SKOhg9DQLoLFfQppP0ORkJL+i3dPBC1GazD89d515syZEydOcBw3efLkSZMmubm5MQxjMpm2b98+efLk8+fP79ixo1mzZg7V5rBier1er9fbuxSE47hPPvkkNzc3LCyMLiksLKTT7Ni7aLVA06ZN169f7+vrW17TLHBAoihqtVrr+whms/nOnTtKpXLKlCnvv/++Uqm0awHL5efnt2zZsr59+5b5ao0t9hPMYrEYDIbam5xrJqPRaDAY7F2KYnK5fNCgQc2bN2/UqBHai1YDhhCR41i1SslxHBGLu/qJgsiLoiiKvCAKoiCIolav9/XwNJpNFgtvNJksvIUXRL1OL4qiIBBRFAwGPV88AyHJyMigD/Nyc0VRFIT/Z++946q41v3hPbN738Cm9942XVTs2I2KDTvGgsZu1BhbokmMemJiqpoo9t6iaBQFRQGDSO+dTe8ddq8zvz8enOwDaHLOPfe+ee/1+fhJYJhZs2atZ6311O+DS6WyvjQ//I+ahCQc6bvyutYg/Ekul0FxQ4SEQJnB1yUK+xTDvsqHkFKIGFQqfEd/V3qnEPYRjuPV1dWdnZ3W1tZbtmwhDMx0On3hwoW5ubnff/99ZWVlV1cXoRDiOC6RSAoLC8vLy5lMpre3t7u7u2FyC4ZhXV1dFRUVFRUVCIK4ubl5eXlxOBzYMdVqdV1dHYIgpqamVVVVBQUFZDLZ09PT3d2dxWK9ZVdVKpWVlZVlZWVdXV1mZmbe3t52dnY0Gg2EtsbGRqVSaWtr29nZmZGRIZVKnZyc/P39eTyeSqXKyckRi8U8Hs/Pz8/e3t7QXi6TycrLy8vKymQyGZfL9fDwcHV1ZbPZ8CEtLS1dXV0ODg41NTU5OTmWlpYWFhZVVVWQTlNUVEQmk62srCgUCo7jXV1dhYWFVVVVZDLZ3d3d29ubw+EQYyIWixEE4fP5+fn5zc3NXl5ePj4+0H8g8MpyOBxra2sQ4HQ6XWNjY29vr7W1tbGxMQyORCJpbGxkMpl2dnZGRkZsNpvH48nl8pqaGpBlGxoaCgsLCT8GuMuysrKKi4v1er27u7tIJCKmY1DCMKy7u1ssFldUVGAY5uLiIhKJuFwuPKLRaGpra3U6nZ2dHQwUzE5jY6NWq3VzcyOTyVKptK6uzsTERK/XJyYm0un0oKAgOzu7flmXXV1dkB8lFAoLCgrKy8vpdHpgYCAk8jU0NOTk5EgkEltb2+DgYGIw4aO6urrKy8urqqowDPPw8PD09DS8AUitVufm5hYWFur1epFI5OnpSbAxmUy2tbXl8/k0Gm1QYzOO483Nzbm5uc3NzWw228/Pz9nZ2XC+3sSl5eXlJSUlCoXC0tIyMDDQ1NT0T/0zsKaKi4vFYjGKoi4uLh4eHmCagRuAw8vKyurr642NjUUikYODA9GZ3t7e2tpaMzMzFouVm5tbVVXF4XD8/PwcHR1RFK2vr8/IyFCpVM7Ozj4+PjBKWq22qalJJpM5Ojp2d3enp6f39vba29v7+/sbGRkpFIqCgoKysjJop18Cnlarra6uzsvLk0gkZmZmAQEB1tbWxA2tra1tbW3m5uZSqTQjI4PD4QQHB5ubm+M4DoNTWlqq0Wjs7e1FIhHB1cB17e3tBQUFtbW1dDpdJBK5u7u/JUtKqVRWVFTw+Xwej5eXl1dVVcXj8UQikZOT01umSaPR1NfXl5SUtLS0IAji6Ojo7e0tFArJZLJarS4sLOzp6cFxHBYRj8erra3t7OykUqmw3p2cnGCTVCgUVVVV5eXl3d3dtra2vr6+pqamwN56vb65uVkqlVpZWZWUlBQVFTk6OgYGBkokEolE4uDgIJPJsrKy2tvbLSwshgwZIhQKVSpVcXFxUVERfLibmxv4HBAEAeb504wpBEFoNNqgSYZAcrm8trZWr9dbWlpCGAixbBUKhZmZmampaXNzc09Pj42NTXd3d0ZGhlwud3Jy6jdNg7ZcXV1dVlbW09PTbygwDGtra4PzBbZQGxubwMBAaFAmkxUWFpaVleE47uLi4uPjw+fz3/QWlUoFi93Z2ZngCki6g7XMZDJ7enrq6up4PJ6ZmVlxcXFJSQlsDiKRiNipgDAMa2pqys/Pb21ttbS0HDJkSL91qtfr29vb8/LyGhoaBuVGcKnV1NQUFxd3dXXRaDRnZ2cvLy+BQICiqFQqLSsrk8vlWq22rKyMSqW6urrSaDQcx7u7uwsLC2tra5VKpVAo9PLycnR07Kex4zheW1ubnp4uk8mcnZ19fX0H9f0SpFarKysr8/LyFAqFlZWVr6+vpaXl27cdGIHMzMyenh4HBwd3d/eBlkRYCLm5ue3t7Vwu19/f38HBgUqlGt4glUorKirKy8ulUimHw/H29nZxcek32oYEp2RtbS2GYY6OjiKRyMjI6K9oUxiGNTc319bWwvcWFxdrNBorKysYSSsrK7FYXFZW5uDgMGTIECaTCadYfn5+TU0NiqLEwQetwSZGpVLNzMyampqysrLkcjlsgMbGxsTQwc5cUFBQUVHBZrMDAwP7HRZsNtvW1hYWlE6na2hoUKlU1tbWvb296enp3d3dFhYW/v7+htMBO2FJSUlpaSmGYV5eXs7Ozu3t7Wq12tPT8/9bYIK/E/UVeSeTyQw6lUIm96lkOKnPSYjjGI7rMQzT62Uyqa2VZWdPd3tnl1qjwUkIhUKmUCkoQkYQnERCcBxHEBTHMQTBERx5XbAeIZHwPt4zwAyFYhcYyaDgxB8l51/jkyKQLYjgfYXr+/5M4I6+VgsJZfEd/X3pnULYRyBGUCgUAIwZO3YsEfyAIMi6deuGDh1qZWUFYdZAJSUlu3fvLigoaG5uplKpdnZ2c+bMWb16tampKezUz549u3DhQllZWUtLC4lEguN248aNfn5+KIq2t7cfOHBAqVQKBAJis7a2th4/fvyHH35oY2MzaD8bGxtPnTr19OnTxsZGuVzO5XJtbW2nT5++YcMGHo/X3d19/PjxwsLCgICA9PT08vJypVJpbm4+ceLEyMjIo0ePgljPYrFcXFy2b98+ffp0OPJTUlLOnj0L36JSqeh0uo2Njaen59GjR83MzNRq9fXr16OjoydPnvzkyZPy8nIjIyMzMzPIXqipqdm7d+/s2bO3bt1qZGT0+++/f//99+Xl5W1tbQiCQIDZli1b/Pz8EARRqVSfffYZyIi///57Z2envb398ePHhw0bRnxje3v7unXrXFxcdu/e7eXlBVc+//zzoqKiFStWREZG0ul0HMcTEhK+/fbb0aNH79+//+jRoxUVFVu2bLG2toZkFaVSeePGjYyMjB9//BGabWlpOXLkCOgSGIYBXNCmTZvelASv1WoTExPPnTsHQjOGYRYWFkFBQevXrx8yZAgxgxKJ5Msvv/T19YWnamtrjxw5UlVVdefOHaFQWFhYuG/fPnd39/r6+vT0dCqVOnv27N27dxPgN0AvX7784YcfPD09cRx/+fJlY2MjxC2vWrXK2Nj4559/LisrUygUQqFw5MiR+/fvB7QDDMOePn168uTJysrKtrY2HMetrKy8vb23bdsWGBhIfJRUKj1z5kxTU1NdXZ1er7ezsxszZszGjRvhw6uqqtasWRMSErJz586BwDNarfbixYs3b96srq7u7u6m0WiOjo5Dhw7ds2ePubn5m1ZTa2vrgQMHMjIyGhoaNBoNn8/38vJasmTJ3Llz3+Ki0el0qampZ86cyc7Obm1tRRDEwsIiICBgx44dXl5eCIJ0dHRcvnz54cOHdXV1nZ2dbDbbwcFh+vTpK1euBEUrNzd3z549I0eObGlpgUYYDIa7u/vmzZvb29uvXbtWUVGh0WgsLS1Hjx599OhRBoPR09Nz6tSp9PT00NDQ58+fi8ViuVxuamoaEhLyySeffPvttykpKU1NTQwGw9HRcd26dYsWLYKBbW9v/+abb1JSUmpqapRKJY/Hc3R0DA8PX716Nahhv/3228WLF4OCgioqKnJycphMZmRk5J49e2pqao4cOZKVldXU1KTT6UxNTUUi0erVq8ePH08mk3Ecj4mJOXnypFgs7uzspFAotra2w4YN27Jli6ur66CMWlNTs3btWnt7ew6Hk5KS0tbWxmQyHR0d58yZs3z58kHBhLq7u48dOxYfH9/Q0NDb20sikUxNTT08PCIjI6dNm9bc3Lx58+by8nKdTnfhwoXnz5+PHj360aNH1dXVCoXi7Nmz0dHR27ZtW7RoUWlp6cmTJ9PS0pqamuRyubGxsZub2/Lly8PCwhgMhlwuv3z58rNnz7y9vV++fFlVVWVjY7Np06aGhobExMQ5c+Y8ffq0rKyst7fXyMjIx8fnyy+/vHXrVkxMTF1dHeyoCxcu3Lx5M5lMJpPJIMIymUxDQfzfIKlU+vPPP2dkZIwaNWrfvn0CgUCv1z979uzYsWMymezo0aNsNvvSpUtxcXEBAQFFRUUlJSVqtdrMzMzHx2fHjh1BQUEDZwHDsJKSkqioqLS0NFAsTUxMXF1dIyMjp0+fTqfTNRrNb7/9dvXq1cDAwNTU1IqKCnNz802bNq1YsaKwsPDIkSMVFRXNzc04jltYWLi6uu7evTs4OHjQ6W5oaPjoo4/UavWJEyeImIienp6PP/6YyWTu3r07KCgoMzPz008/dXFxsba2fvr0aUNDA4Zhtra2oaGhmzdvdnR0hKdwHE9LS9u0aVNhYWFvb69AIPD19V2+fPn06dOBh1Uq1cOHD8+fP19eXt7V1UWlUm1tbceNG7d27VrYPXAcr6io+Pnnn+HDZTIZmUy2sLBwd3ffu3cvDODnn39eU1OjVqu//PJLa2vrs2fPmpqaPnr06OrVqyUlJR0dHVqtlsPhQMuff/654fzeuXPn+PHjFRUVKpXK3Nzc3d39wIEDIpFo0Jmtra397rvv0tPTa2pqNBqNkZGRs7PzqlWrwsPD36RdqNXq8+fP3759WywWKxQKWPj9svLUavUvv/zy22+/VVdXSyQSJpPp4OAwZsyYHTt2wOKCYTxy5EhdXR0coDQazc7ObujQoR9++KGrq+vA9yYnJx8+fLiurq6jowPDMDMzMwcHh02bNk2ZMuVPdUI4ji9cuABWhh07dsyYMePDDz88cuRIcXFxSEjIs2fPGhoaLCwsvvrqq8mTJyclJZ08ebKwsLC9vR1O5JCQkHXr1vn6+qIo2tnZ+fnnn4NhOjc3t7y8XK1WC4VCPz+/vXv3wqmNYVheXt7PP/+cmpra3NzMYDC8vLwYDAYRAavT6R48eBAVFRUZGblmzRqJRPLTTz+Vl5eLRKLc3Nzi4mKZTCYQCFxdXffu3TtmzBjgnMrKyp9//jkpKamxsRHHcRsbmyFDhjQ2NnZ0dDx69OhNKGj/96iPH1CUTKPSqBQqiYThOBE3+jp2FMNwDNNrNXq9rrO7t6GpRafXIwhKpqBkMplKoxobGZmamlIpFJlUJpVJdTodVCfEcRxFEQxDXgd0khAEQclkJp1BQkgajValUuMICcdJKILQ6XQymaJQKnQ6HQSD9umEf/zHQGdEwKeI9PuQdyGjf1t6pxD+Qb6+vvb29pmZmcuXL586derixYu9vb2NjY2pVKqDg4ODg4PhzTiOFxYWisVid3f3yZMnFxQUZGVlVVVVOTs7z5s3D0XRjIyMjz/+WCwW29raTp06tbu7OzU19fLly1VVVefOnXNwcABbeEFBAYIgtra2ERER7e3tsbGxJ06cUKvV33333cBwfLlcfv369WPHjtFotIkTJ9ra2qalpaWnpxcUFLi6us6bN0+r1VZUVMTHxycnJ/N4vICAgK6urvz8/KioqOjo6La2NpFI5OvrW1RUlJiY2NnZOXr0aB6PV1hY+MUXX7x48cLKymrKlCkcDiczMzMvLy83N9fJyenzzz/HMKyurg4uarVaY2NjkIAhooxGowmFQi6Xi6JoXl7e6tWra2pqbG1tp02bJpfLk5OTr1y5AgAVbm5uGIYVFhaWlpZSKBQmk8lgMMA/YPiZHA5HLpfHxcXNmzfP09MTQZDa2tq4uLjm5mZLS8vFixfT6XSZTJacnJyamhoWFoYgSFlZWU5OTmtrq6urq5mZGY1GU6vV4HAD8QLH8aqqqsbGRnt7+7Fjx9bW1ubn51dVVVlYWGzZsmXQMODc3NwdO3aUlpZaW1tPnDhRJpOlpqZevXq1srLy3LlzLi4uarW6qKiou7vbEFtIoVAUFxfn5+dDXmVvb292dnZKSopOpzMxMYFA1oEevPb29pycnNTUVAqF4ujoGBQUVFxcnJKSUlxcTKPRwNHa29sLdnonJ6e9e/fiOP7q1avVq1cDeN348eN7enpevXpVUFDQ1tb27bff+vj4QOPd3d1xcXGWlpYTJ05sb29/+fJlSUkJxNkKBAKZTJaRkQFz2q9XOI6fPXt2z549CoXCw8Nj7NixjY2NycnJubm5crn8m2++GdRar1arIyMj4+PjORzOsGHDzM3N09LSHj9+LBaL6XT6rFmzBhXOAEZy//79ycnJpqamoaGhTCbz2bNn165dk0gkFy5coNFoly9f/vzzz3U6nY+Pz4QJE3Jzc7OysvLy8lQq1a5du+h0Ovhz8vPzcRz39vYeMWJETk5OYmJiQUGBTqej0+leXl7t7e3gCR83blx4eLhGo6msrExMTExPT2cwGAEBATKZLD8//+rVq8+fP+/s7HR2dvb29i4rK0tOTm5ubh41apStrW1vb+/+/fsvXbqE4/jw4cMdHBwKCgpSUlKys7P1ev2mTZsQBGlsbMzKysrOziaRSHw+v6enx9zcXKPRrFu37sWLFzweb/jw4ZaWlk+fPr179257e7upqam/v//Tp083btzY0tLi4uIye/bs1tbW5OTkwsJCqVR68ODBQVE9FQpFZmZmVlYWlUr19fWdP39+WlraixcvysrKmEzmihUr+rnLMAw7cuTIiRMnaDTa8OHD3d3dq6urk5OTHz58iKKoj48Pk8kUCoWVlZUkEonL5ZqYmPD5fBMTk+bmZrlczuPxhEIhg8Foamo6cODAvXv3WCzW8OHDzczMXr58+fTp08LCQgaDERYWptfra2trExISXr58iSCImZmZRqNhsVjV1dUpKSn5+flkMtnX1xfEzd9++y0zM1MqlVpaWvr5+ZWXl6elpXV2doaEhAwbNgxBEHCmcTictyuEOI7rdLpBU+MoFAqKosbGxkOGDLlz586ZM2cCAgIiIiIqKyt//PHHhISEiIgIHx8f8JkkJyenp6ezWKwZM2YIBIKYmJjo6OiGhobo6Ggw+RlSU1PToUOHoqOjwQ9sZmb26tWrJ0+eZGdn8/n8CRMmYBgGaycjIwPHcVNTU5VKxWQyi4qKtm7d+urVK3Nz83HjxlEolJSUlN9++62qqurChQv+/v6DTndubq5KpTIEyNFoNHl5eSwWq6enB7xPGRkZubm5DAbD0tJy5MiRdXV1eXl5dXV1tra2GzduBH1Pp9NlZ2ez2WwIW0hKSoqJiWlsbDQ3Nw8JCUEQJCEhYceOHc3Nza6urgsWLKivr3/16lVxcTFYwczMzHp7e3/44Yfz58/z+fwxY8Y4Ojrm5+enpaWVlJRwudxffvmFzWYLhcLGxkadTmdkZGRiYkImk1++fPnZZ5+VlJS4u7vPnz9fp9OlpKRkZmYWFRWNHDnSMNw3OjqaTqePHj2ayWS+ePHi/v37YrH4xYsXA3ee5ubmgwcPXr16lUQijRkzxtbWNiMjIykpKT8/n06nz549e1BWuXbt2sGDB5ubm0Ui0YgRI8Ri8a+//qpUKgkewzDshx9+OHz4sFqtFolEoaGhNTU1qampeXl5SqXyyy+/5HA4lZWVkZGR5eXl9vb2U6ZMYbFYsB5LS0vNzc137drVz1FfW1u7ffv2zMxMb2/v8PBwlUr17Nmzx48fw/n1p6m5ZDJZIBBAoAqZTDYxMeHxeCiKlpab8r8AACAASURBVJSUpKSk5ObmwjLp7u62sbHJy8vbsmVLRUWFnZ1dWFgYnJsXLlxobm7+8ccfHRwcNBoNeKfJZLJQKAwICFCpVNnZ2cDnR48eZTKZdXV1//jHP+7fv8/n88eNG6fX69PS0rq6ugiFENg7IyNj4sSJwFcVFRVxcXEJCQlsNtvHx4dOp2dlZT19+lSn08XExMC5/913350/f55KpQ4bNszMzAwEJK1W+6b1+3+cEAShUGk0KgWy9foCOvsISlNgGI5LeiU4rkNRhIZSSCQShuOYHnN2dp4yabKRQICQUZ1eX1VZ9erlS4lEgpAIPx/hJMRJCBoUGDhmzGgUQYuKip/GP1OqlDQaTeTtPXLECDabE/PoUW5+3h/d+meXOkL4EEmvHYsICf+jFOE7+hsT/o5eE4Zhly5dsrGxIUIaqFTqyJEjf/nll7KyMrVaTdx56tQp0FsOHz4sk8lwHO/s7Jw9ezaZTN6xY4dEIlEqle+99x6ZTJ49e3Z1dTU0npSUBDb+AwcOgGEVsBmCgoLgHvDGmJub02i04uLigT1saGiYN28eg8G4cuWKXq/Hcby3t/fDDz9ks9mrV6+GG8LCwkgkkoeHh1gsxnEcvG0UCgVBkC+++AJ6cuvWLRsbGy6Xm5mZqdVqT5w4IRAIXFxcWltb4UVarXb16tUUCsXT01OtVstksi1bttDpdBRFv/nmG51O197eLpPJnj9/TiKRgoODq6qqIPxj6tSpKIpOmDChtLQUmqqsrIQIw++++06j0UilUpFIhCCIr69vcnKyTqcTi8VYX1B7H8nl8s2bN9Pp9IMHD8rlchzHT548CSe0g4NDRUUFjuNisTg0NNTIyCgtLU2r1YaGhgoEgqioKGhh1KhRRkZGx44dg1F69eoVKK5r1qxpaWkBkXHz5s0oioaHhzc0NAwcaq1WO3fuXBRF33vvvfLychi3V69egcfy008/1ev1lZWVAQEBDg4OL1++JB7MysoaOnQog8GAZh8/fmxkZISi6MKFC3U6nUwmA1dePzp79izcFhkZCTAJSUlJJiYmJBLJ29v7999/xzAMw7BZs2YhCLJo0SK5XN7V1RUcHIyi6KRJkyorK6Gd7OxsS0tLKpW6f/9+lUolkUhg1kaMGJGZmQn3XLx4kcvlurm5JSYmwkchCDJ16lSxWKxUKqdNm8ZkMoFFS0pKYLIiIiKAzzEMu3v3LpPJtLKyunHjRr+JM1wdNjY2t27dghuUSuX777+PIMjcuXPr6uoGXX0KheKLL75AUdTf37+wsBDe9eTJExcXFxRFs7OzS0pK+Hw+l8v95ptvgCtkMtnhw4c5HI6xsTFoYtHR0RQKhUqlHjp0CMMwvV7/+PFjMOW4ubnBjLS0tCxcuBBF0TVr1sCSWbBgAYlEsrKyKigogDW1fv16kOG2bNmi0+lwHH/06JG5uTmdTo+NjYUVZG1tTaVSo6Ki4Bs1Gs2GDRugwgfE/n322WcMBoNKpW7atEkul7e1tclkslOnTpHJZEdHx/v378OD9fX1ECJ44sSJ9vZ2kUhEJpPnzp0L/iLgKHNzcyMjIwCEHDh0mZmZFAqFTCavXLkS2FupVH722Wd0On348OHAG59++imJRNq3b59are7s7ORyucbGxt9//z3RYEJCgrGxsaOj4/PnzwGuY8mSJXQ6/ezZs3BDV1dXeHi4sbHxtWvXtFqtXq8/fvw4lUq1t7dPSEiAb6mpqVm4cCGFQhk+fLhSqezq6lq7di1slbGxsXq9vqOjo7W1NSIiAkVRDodz//59WIzbt28HUKhFixZJpVKwDoAiSizqzz//HEXROXPmSCSSQVmoqKgINm1bW1uPAeTp6Xn69Gm4s6OjY/369XQ63d7evri4eOfOnVQqNTAwEHatrq6u1atXk0gkExOTuLg4eCQlJQW87kePHoUx9/Pzs7CwqK6u1uv1J06coFKpLi4uz549gz2ntrZ2/vz5FAolKChIr9fL5fL9+/cDsM3p06f1en1nZ2dbW9uGDRtoNJqlpSVs17Cz+fn5USiUVatWAWJHP8rLywPUHNAtgRoaGmxsbNzc3OLj43Ecv3nzJoqidDp9/fr1EPqr1WpXrFiBIMj8+fNhIWzcuJFEIgkEgh9//BFe1NzcHBISQqPRPvnkE4lEolarR44cCT0BbgSkWVtbWxaL9eDBAwzDMjMzbWxsrK2t79+/D7yk0+nOnj3L5XKFQiHMVEFBQUhIiKWlZU5ODkQefvLJJ3Q6PSwsrLe3F/rf1NQ0a9YsFEWXL1+O43hjY+PChQsRBOFyubGxsXDPs2fPHBwcEAT59ttvYYf09PQkpuDKlStgl3z27Bnc39nZuXLlShqN5uHh0dHRMXAkGxsbJ02aRCKRpk+frlAoYO2vXbuWSqWyWKzvv/8eVp+bmxuJRFq3bh1gMmEYdvLkSTqd7uDgEBMTg+P4oUOHqFSqm5tbSUkJtKzX69etW4ei6Ny5c+vr63EcX7RoEYPB2Llzp0ajuXHjBvB2d3c3sYRtbGzMzc1v3LgxKG8PpJiYGBRFXV1diY1i1KhRJBLJwsLi4sWLWq22rq5Op9MtXrzY8BSDMAofHx8qlXry5EmdTldbW+vj44MgyPjx40EO0Wg0UVFRYAnq7OzU6XRXr15lMpn29vbJycnwdbGxseD5HD16tEajUalUAOG2Z88evV7f2to6Y8YMEokkEomIzfzu3bvW1tYUCqWgoECv1z948MDS0tLIyOjOnTsEY48bNw6kL+Kj/jfRvweHSyWTh3i5jBri62BtOW3EsFljR80aO2LW2BFhY0LCxoSEjR4RNipkxsihM0YEvxcyZNrwoBmjhk4LGeZsZupsYeZsYe5oZho6LPjiL8fPHvvx440bVi5e+O3BL66cPrln65bhfj6+bi7D/f2G+/l6OTl4ONi729u52dmOCAo4feyniyd/uRIVtWfrVk8nZw9Hp/WrIi/+cura6bM3z50PnxlmZWpqKYR/Qguh0MLExNzYGP6ZGZnAP1MjY1MjY1OBsanAyFRgZMIXGPH5E0YEiVzs3xLFHR4eDkvmHf1HKDg4mDgEV7yB4K9Tpkx5V3biD0IQZNmyZXfv3l21atXQoUNtbGwYDEZaWtqGDRuGDRu2b98+yNwg7g8ICAgLC4MkAR6P995774HEAwlvkCWybNkyMOojCBIcHLxs2TI6nX737l2iETabvXbtWgggpFAoEyZMGDFihE6n+/XXXwftIYVC0el0iYmJWVlZzc3NFAolMjLy+vXru3btIm4jk8kREREQVWhiYuLh4UGj0SwsLHbu3AmNBAUFmZubKxQKiFdxcXFZsWLF/v37hUKhTqeTy+Xd3d2QmqXX6w0z1z09PSMjI8GUODA7oqKiIjU1lcPhzJ0719LSEjKFjI2N161bp9frX716RUC00+n06dOnBwQEkMnkgRGbdDp91KhRoAaASJGUlMRgMMzNzZubm0EhbGxszM/PDw4O7uddfAvZ29uHh4dDoCOKolOmTOHxeD09PYNCpLa1taWnp1taWkZEREAiH4Ig/v7+y5cvZ7FYREGLv0h8Pn/37t1kMpnNZg90LxDEZrM3b94M/hwPDw8bGxsqlRoaGgrBYwiCwOkuk8kkEklpaWllZSWXy127di1RMzAgIGDr1q04jkO4Jlzkcrlz58718/ODX997771x48aJxeKsrKy3G2IheJXBYGzdulWv10skEqlUGhoaOnXqVMhQVSgU/R7BMOzq1asoig4bNmzChAlSqVQikWg0mtWrV1taWubn51dXV+t0OvU/k06nk0qlycnJDAZjxYoVYCNHEGTIkCFr165dtmyZVCp98eKFVCodPXr0rFmzwKPLZrPnzZs3atSonp6ex48fE33w8PBYsGABZJ3Z29s7OjoiCLJhwwZYZebm5iKRiMlkQhIOEIIgS5YsgVA0Ho8HOZZsNnvnzp3gzwwJCTExMdHpdKDXpaamdnR0hISEzJ49G75RqVTu2LGDxWK1tLQkJycTLQuFwg8++IDFYpmamrJYrBs3bqAoOn78+MmTJwPbW1hY7Nq1a/r06aampi9fvqypqREIBEuXLmWxWLCCHB0dly1bJpFIMjIyuru73zRZDg4OCxYsAPYGT6y3t3dpaelArH+lUrl27dqNGzeC0KZSqXp6elgsFjgw/yISKegGJBLp/fffJ4IbbW1tly1b5uDgkJ+fD65RoLCwsBEjRqAoamJiQuwbo0ePhg6QyeRhw4ZBvMAHH3wA/nPI1wXbE9wP4focDuftSIZ6vb63t7djAHV2dhLsamJisnr16uDg4Pr6+lWrVp08edLMzOzjjz82rL1JJpPDw8NDQkLg14CAgKlTpzKZzLt37/bbMbRabUJCAmizYKMhkUh2dnbvv/++ra1tVlZWYWEhcfPw4cPnz58PjsrW1tb8/HytVvvJJ5+YmprCdJuamq5fv16v1+fn54OT9t8ma2vrpUuXQjoihUIJDw+H3YPY0hEEGTFixOzZsyGQWygUrl+/nkqlxsfHd3R0ZGdn5+Xl2dvbT58+HbhRKpW6ubnNnj1bqVTGxcXp9XoOh7No0aKPPvooODgYWKu3t5fH45mbm4MJaWCvwAsdGRm5fft2JpOp1WplMplOpzM3N6dSqeDhJGjp0qXgdCKRSOPGjZsyZQrEkfYr+NTT05OamtrT0xMeHu7n5wcjSaFQIiIijI2Na2tr09LSBvaksLCwpqaGy+V+9dVXkBXJ4/HWrl1reKYkJSW1tLSwWKxdu3YB1L5UKp07d+7QoUPb29vT0tJUKpWLi8u6deu2bdvm4uICCOSdnZ1+fn4ARTsQWRTss2q1+u7du4AF4OHhceLEievXrxMf++8RHFLz5s2DUPP6+vqEhAShUDhz5kyCwWxsbBYtWgRGLqJvPB5v2bJlsENSqVQfHx9nZ+euri4ABALTbXh4OESdoCgaEhIyY8aMt0M0USiUpUuXEpu5t7e3h4cHKHtqtRoiembMmBEaGgr3i0SiBQsWvD1H9P8s4TiJhKAomYJSyCiFipIpZAqNTKGRKWSUSiFTaWQqjUKlU6g0EglhMqkmfA6fyeIymRwWe+LEiThOSkxKuv3rndjHj385eaqmusbe3s7SypLL4SxcuGDVqhUmJiYIQkIQhM3mTJs6Dcfx9MzMXokENvaAgAB/X9+8/LySslK9HoP68/9UZgJBiN+JyNDXf//jx74Pwd+Fjf5N6V3IaH8KDg4eMmRIc3NzZmZmaWlpeXl5Tk5OcXHxiRMnVCrVJ598QoAxAvwA/Ewmk0FeASsp5HSFhIS4u7sTAXJMJlMkEpmamkIiE9GIr68vEaBiaWnp4OBAoVAyMzMH9k0gEISEhCQkJJw9e/bp06fBwcE+Pj4ikQgQYojbmEymk5MTyCUIggAYtIuLCxG4Alf0er1er6fRaJMmTRoxYkRZWdnt27fb2tra2toaGhrS0tJA7iHKu5NIJCcnp7egHVRWViqVSjKZnJycXF1dDRdxHK+rq4PsR5lMxuPxoANWVlZvAn4gk8kuLi6urq4FBQUdHR0wGu7u7k5OTjExMc+fP58wYUJWVpZEIhk6dOhfzDRAEMTExMTKyoq4wuPxaDSaRqMZtCRDdXV1c3NzUFCQh4cH8fkMBkMkEpmbm1dVVf1LlTbMzc2FQuGf3kaj0cAaDT/DNNna2hLnLhQIAt9XYWEhpMOBKEbQ+PHjIZyvt7cXeNXExMTf358Qo1ksVmBg4OPHj6urq9/yFcDGKpWKQqFcuHDBcLJaWlp0Ol1LS4tEIulnF+jp6amvr4eAyX/84x/EdalUqtFo1Gp1a2trbm7u06dPDZ8KCgpydnaur683MjLy9PQkvtfIyGjHjh3w88WLFwF1yTC91srKysvLKyEhAZx7cNHR0ZHoFQwjjUZzcXEhnmIymWQy2VBQA2c48SuLxaJQKKampkTOMICqg74hl8sbGxs1Gk1PT8/XX39tOGI0Gk2pVBLMD1NPyJcA1sJisfz9/YnxBLFp6dKlJBLp2LFjarUaQZDHjx+DWxuaLSkpAZCkgRo4EKDCEMyDIIi5ubmbm1t2djZYWw1vtra2/uqrr+rq6oqLixMSEtra2lpaWkpKShoaGrhc7l/E5tXpdDk5OcbGxj4+PsRooyjq4eFha2srFovLy8uJIXVzcxsIbxMYGEjYiTkcDoqisPCJpthsNnic4AqEjLLZ7LcrhDwe7/333yfMH4ZDNGTIEOJXPz+/9evXEzasJUuWTJ482TAYFfyrBHoK5E1xudzi4uJ+6I4ymay0tBSAfAyjwT08PBwdHWtqarKzs4nvcnV1Jd7S1tYGnqvMzMyamhriQQgi6O7ubmlpgZCEf4/YbLZh/CGXy6XT6Xq9njBm0Wg0d3d3S0tL+BXG39LSsqGhAUxOMpkMHLkEN2IYVlBQAJUYMQxzd3c/ePBgdXV1enp6S0tLa2srQNQ0NTW9iZHYbPaCBQsmTZpUUlJy69attra21tZWiMPUarWGhjaIXCC2XxRFR48efebMmZ6enn4VZeVyOTjEampqDh8+TPCVTCYDlUwsFg/sSWNjY2dnp6WlpWFSoru7u729PaQRYhhWVVWlVCqZTOaJEycMn+3t7VWr1U1NTUqlcsGCBTNnziwqKrpz5w58TkNDQ1ZWFrQwcBwCAgJEItGLFy82bdrk4+MTGBgoEom8vb39/Pz+i+oQmUw2RDiDHEUOhxMfH29oXICUgbKyMuLs43K54L6DX5lMJhjd9Hq9Wq2uqKgAPCEit4LH48FyeEtn2Gy2nZ3dwDZByRSLxTQaLSAggFhiYCkQCoVdXV3/lUH4X0nIa2AtYjm8rv+OgIr1GhkUg/hPMxNjiVShx3GETLaysVYolG2tbVQKGUEYKpW6qqrKzs6WzxNUVlY3NDZxORx4ikwmBwT4Ozg4pLx6VV1V7enhCS/u7u5+8vRpWXn5mFGj+9RB6MPrCvRQZoIID8X7Kk7gf4DR4ISm+K7uxN+X3imEfQSYn62trSKRSCAQWFlZhYWFhYWFSaXSoqKiW7du/fLLL48ePQoPDwclEEBoDAUIw8yo7u5uvV5P7IAEsdlsBoMBmyxc4XK5hqI2iEFkMhk8Y/1cZ0wmc968eRiG/fbbb7m5uffu3YuOjjY3N/fz89u0aRORegHpecSz4FwisDH7lQoFi92FCxcgcQVQAczMzKhU6sDsdjs7u7f4+qHParX6yZMn/fLETExMAAmG+BBDBLOBZG1t7efnd/fu3eLi4paWlubm5mHDho0aNSolJeXFixcSieT58+fGxsb+/v5sNvsvlvql0WiGUunb4QphBhkMRr8ZZLFYgNv2JlVqUDEIjN9/2kNC6wCCA8BQ4zIcsZ6eHuhhP5WMx+ORyWSNRkNI0lQq1VBORVGUy+WSyWSlUvkWPydoPnq9XqPR3Lx5s99YQXLmwMdlMhlInMXFxQBCa/he6EZqaurevXsN/7Rhw4aNGzcqlUoGg2HIuobU2dkJ+oChWZpKpbLZbBRFDcuRMZnMfqxFpVL7DWy/xikUiqFwA0sGtJSBT2m1WnidWCwGvCiCaDRav+ng8/nE4MtkMjCvvMmqAitIoVDcv3+/XychM/Yt88VisQx5lUqlgqQ1qBf34cOHUVFRBKQHn88HiOA3NT6Q9Hp9d3c3j8frB3/KYrEYDAaCIIYZbhYWFgMTRw0HAXltZTYcvX4j8Bc9hGw2e9KkSeB7fAuRyeSgoCA+nw/IQ46OjmCrMryBz+cbMgDoop2dnf02HI1GI5PJ6HR6P3RoGApQV+AKiqJmZmbEUCiVStD/Y2JiBk43n8//60XMITpo4Df2O1z6vYVCoRhC+IL1kMlkgvkG3NFdXV2PHj3qt6AI9FSFQnHnzp3Lly+XlJTAjmRsbCwQCMDg+KaulpeXR0VFAfaJXC6n0WhgquvXPUiWM7wCvxoeoEBQaZZEIuXk5EDkMEEwL4PiJ6tUKo1G0+8VTCaT2Aqg1B6GYXK5/NKlS/0eNzExgT2wo6Pju+++i4+Pr62tlclkKIpaWFj0YydDcnR0PHTo0IULF37//ffCwsLMzEwGg+Hg4BAaGrp161ZD09W/SiiKGho9pVIp5Ck8f/683wHE5/MNr0CkvSEnEDOu1+sVCgWEtxiuYh6P96ceQjqd3k8OIXgV2uy3V7NYrHeFYQah1443FEURlEwi4SQS8nrU0NfJhCQSifRaISRxuBwSjqu1eoyE6vQ6OpNhYmLc2tys0WmZCGJiYkKhUPh8nlwue/jwAY1GU6vUFArFxsbG39+/saExIz1DIBBAHiCCkCrFYj2GoShK9OSPpUpglyKvdVSkD3SU9AeEKVx8pwn+3emdQthHAEH54sWL77//HrA3gbhc7vDhw42NjRMSEmpqalpbWwmZ7C36DEhmAysFQXl0SFGAKyqVyvCswjAMRGqBQDBQbEUQxNraevXq1TNnzoQc7sTExFevXsXFxbW0tBChF4a7+aBkKDooFIpbt2798MMPcrl8zpw5o0aNcnJyMjMzi4mJ+cc//tFPyHgLmDscvQBW9u233w6EVoP6ECAloCj6dqlOIBD4+/vfu3cvJSUFmvXy8gKg16KioqKiotTUVA8PDzc3t79e9Yg4kP4KgWA6cAahFC+FQmGz2RDdBClDxA1arXZgjBCUff/Tl5LJ5EEnfdBvAbFbrVb3A4ORSqVgjCC0X71eb9gl4DEMw95epxtFURAR3N3dT506NfCcNjIyGhj+Cl9KpVI/+OADyM3r94F2dnaAB2t4fcyYMWQymUqlwvAa/glQyI2NjVksFmTHaTQagg9BEMQwDGAViJ73G7Q/Hfw/XTL9vgK4d/ny5StXrhzYlGFFR8jug59pNBqKohqNxlBZAkWxs7PT2NgYRs/KyioqKmqg65vL5RLOnIEE0Z7Er1CJHixB/e4sKiravn17fX19QEBAZGSkl5eXtbW1SqXauHFjP3zFtxCFQgHopkEXCI7jhoDMg1a/+FdrWPP5fAaDwefz/yOFzpRK5c2bN5uamigUSm9v7/3790ePHm3oKYJ4P8OlLZPJtFotGFwMmyKTyTQarbe3Fz6c6B7BzMRQwNIgHgTeAA/8wKVEp9Mh7H9Qgrws4ldDAxBBf7rjYRhmyDNgzlMqlSDKwyHl4+Ozb98+QzUDiM1mU6lUgIdpaWkZNWrU5MmTPTw8LC0tS0tLDxw4YBiSbUg9PT2nT5+OiopisViLFi0KCgoCbfzkyZOA0kTcCdaofs8ONJwRmxWJRProo4+IYGzDcRjYfxhhKpUKKLsEabVaQtsEeFvwZvfzEAJBCPThw4d/+uknBEFmzJgxduxYZ2dnMzOz9PT0Dz74YNARQBAkJCTE2dm5paWloqLi5cuXz549KykpqaurMzY2hgTLQR/8K2S41uCMcHR03Lt3r7e3d787B9ofB22QTCazWCwMwxQKhV6vJ5YthPq/vTNvaRMi8KVSqSEbG8YzvyMgHEGg8jucUgiK9lOrkL76f1DqD4GCgSgZ5XI4iEKl0+uqK8U+gUGBw4KpVEpPT4+9o6ObhzsJQRgMBo1K6+ruxjA9GaUITYU+PiIGg/Ho0WOpVAq7FkIiISDkkEiv+9H3VqTPRdnn/MMNPIAknIQgOI6jfd0zFDnfAcv8jemdQthHNBpNoVCIxeKzZ89OmjSpnwSDIIhWqx1o0HoTQdhGU1NTbW2th4cHbIs6na6ysrK9vd3R0ZEQKTo6OhoaGgICAqDZlpYWCH0BvJl+1NLScu7cufb29q1bt44ZM2bkyJEbNmy4ffv23r17S0tLa2pq3mKVfBN1dHS8ePGivb19x44dBw4cAJkVx/E7d+6A8vbXk+Xgu9RqNZlMHjJkCGEOTEtL++WXX0JCQgCH4680RaPRRCKRpaVlbGwsm83mcDgBAQEuLi729vZZWVkHDx7s6enx9PR8OyDbf6Uwva2tLYfDaWlpqamp8fX1NZzB1tZWiK4BLUKtVhtKLZ2dnf8zES+Ojo5UKrWzs7O0tNQwijI9PV2tVpuamhKOKYlEUlVVBZADIKcC6ubAql+GhKIoRKs2Njba2toSMck4jl+5ciUxMfG9996zsrLqt1JMTU0FAkFDQ0N3d3dgYCDB562trd988w2NRoOUs6CgoH7vamtrEwqFxcXF9fX1Wq0W+ESpVB45cuTs2bObN292d3fX6/VVVVVtbW2EoNze3l5VVaXVav8Umu8/SJBuR6VSGxsb/f39CZbW6/UbNmxgMBjz5s0bVJTncrlQkQ/qwsGS1+v1t2/f3rFjx8KFC6EgjVqtZrFYRCQwhmHx8fHXr1+fMGECUZmzHwFYTlNTk+HIQHFCw9KIQACg7+fnd/z4cX9/fzKZjKJoUVERSNt/cdWgKOrm5paWllZVVaXRaIANoJorANO/RZn598jLy+v06dODAm/+q4TjeHx8/KVLl5RK5a5du2JiYhISEq5fv757925Cf9ZoNOXl5RqNBlygGo0GarQahvsCcTgcCwuLhoYGiJknjH3V1dWAp+/u7j5oN4RCoZGRETxlGPhdWFh46NAhf3//JUuWDIwhhJ0HzDrExcbGxp6enrfE8w9KarW6pqZGoVDAwYFhWG1tbXNzs4+PD4/Hc3FxodPpKpVKIBAQ3YMCAw8ePBg/fry7u/uTJ09qamqmT59+9OhRZ2dnMGnV19dLpdI38VJHR8eTJ0+0Wu3hw4cBMhpFUblcDrZRw+MGgmkB9wW6l5aWhmEYn8+3tLRsamoi7mQymVDgrre3NyAggFiSLS0tBw8epFAo77///kCd0MLCwsjICCaO2EAgIAV+hrqODAajoqLCsL4rjuPHjh0rLCycOXMmLE+FQhEZGfnDDz8wGAwwSMXGxr5p2OPi4m7fvu3l5bV9+3YfH5+wsDCJRLJu3bp79+4BnvB/yksGhbIg5DUoKAg2HBzHExMTr127q2kgQAAAIABJREFU5uvr+6YCHoZEo9EcHBySkpJKS0uVSiUsEKjB2y+T868T4DlpNBoo8gkLCsOw/Pz8jo6Of6/N/7WE9CXskSDJ7w+PK+mPqEyEhJBwvK80IImE4xiC0JkMNoarNEh5fiHfyNjWydHS2hrD9DqVqqykzNXdnYQg4BnW61Ecw6wtLZ0cHAoKCurr61+/+XUMKPL6575MQeR1x0ikPlWUCGIlISQER/A/6hr2uQ3/QB8lIk3/Z8fxHf05vQOV6SOo8GZiYvLgwYOPPvoIUr2lUml3d3dlZeXXX39dWlrq6elpb2//V+zTTk5OgYGBtbW1v/76a3V1NRgd09LS7t69q9FoDCGwu7u7r1y5AkqgTCaLjY1NTU1ls9nh4eEDm5VIJDExMWfOnImLi5PL5RDzDYW5aDTa2wP630QAGgYjAAcGbNOxsbFqtRrDsIH+LoLg3FIqla2trQqFwsXFJSAgAIoEQPEuwNc5cODA1atXc3Jy/noEFDimnJycKioqAFXPw8ODy+X6+vrSaLT4+Hg+nz9kyJBBy0XAGabT6bq6unp6ev7Uijko2djYDB8+vLGx8ddffxWLxTCD2dnZd+7cUalUs2fPRhCETqcbGRlJpdK0tLSenh6tVltbW/v48eN++S3/TRQUFGRvb9/b23v69Om6ujrI0CsvLz927BiYtAlvUldXV0xMTGVlJXiNnjx5Anh9IpHo7fr58OHDLSwsJBLJ119/3dbWBoOQn5+/a9euW7duFRcXD4wDBIRMQBy5f/++XC7X6XQSieTixYvHjx+Pi4uDmGTaPxOFQuHz+aNHjwZ/dUVFhVar1Wg0qampiYmJCoVizJgxAH+alJQUGxsrkUgAOyQ2NhYqrEybNu2/c7D/iXg8XmBgoJGREQh2RFzWuXPnoqKifv311zdZBBAEWbhwoV6vT0pKSkpKAgm4vr7+ypUrGo3G2dl53LhxDg4OXV1dJ06cqKurA29zVVXVZ599duPGjeLi4rdYZ0pKSh48eACgVh0dHffu3SsuLvbx8SESCwmCFcFgMKBUDIZhnZ2dZ86cgdRQw0hjgGrs6uoauHIBlolEIv3666+Qb6zVauvr6+/cuVNdXe3l5UVU5vxPkUwm8/LyAqSrt9wGsawtbyBw4lVUVERFRdXW1s6cOXPPnj27du2CGglJSUmEDqPVam/cuAGZumq1+tWrV0+fPtVqtfPnz+8nr9Pp9ClTpmg0mrt372ZlZcFQ1NXV3blzp6qqytPTMyAgYNCuOjg4eHt7UyiUnTt3ApC1Tqdrbm7+4osvbt269eTJk0Gn28jICPS0xMREiO1samr66aef/qWsZiCACY2Pj4dEOyiJpNVqR44caWRkFBgY6ObmVl5efu3atdraWuDGnJyc77777vLly5CTBqcDpEIgCKLX68VicXR0NABWQ5cg8Umr1ba2tkokEp1Op9Vq6XQ6Ef2rUCjg4NPr9f3iHc6fP19SUgI4li9fvoTY2qlTp/YLzBYIBEFBQVwuNyoqKjU1VaFQ6HS6np6eM2fOXLx48cqVK4P6nXx8fNzd3ZVK5b59+9rb27VabW9v7+XLlw1zgENCQszMzHp6eg4dOkSArCQlJR04cACOBiJRECpqgJqdn5//888/AzcOZNe8vLybN28ePXoUSn1CvAyEyoPfFYYRigy9ae5g69ZqtS0tLRAlMfAeZ2fnoKCglpaW27dvl5aWghu5rKzsp59+OnfuXH5+/l+x9jKZzNDQUBqNdufOHWBvtVqdmZkZFxf3ppTmPyU6nT5ixAg3N7cnT55ER0e3t7d3d3f//vvvt27d6uewfUdUFGUwaK9T714rhQj46hAcJeHoHymG8CcURTCMhJCpTCadTqWTdNqMpBcJDx/lvHqVmvTi7vVbLU3NFApFrVLRaLSggIBhwUNMTEy8PD3ZTAYJ0wcE+A8ZEuTh6cFgMIUmJgH+AVwO53WYKIIjJAQlodCPvhcT+iIBK4MQxez71aLH+/3/Hf2d6J2HsI+oVOrMmTNzc3Nv3rx54sSJ3377zc/Pz8bGpq2tLTU1taWlxcbGZunSpYYwdG8hNpu9cePG2traq1evtrW1TZ8+XSaTXb16taioKDg4OCIiwvDmBw8eKBQKKFBx9epVqVS6bt26QavZWlhYTJ48uaioaN++fTU1NV5eXk1NTdeuXWtubg4PD7e2tjY0mv5FEggEIpEoPj7++PHjDAbDwsKirq7u+vXrDQ0NKIqqVKr29vaBdfOAzMzMKBSKWCzesWPHvHnzli9fvnPnzi1btiQkJGzYsGH27NkcDufKlSsvX750c3ObM2eOiYlJv2C5txCgQSYlJSmVSi8vL0DmGDp0KIfDUSqVFhYWQ4cOfdOz1tbWiYmJly5dKisr++STT/7VMQFxeePGjZWVlbdv3+7o6Jg1a5ZKpbp69Wp+fn5AQMDy5ctRFIXSW8nJyd99911nZ6ejo+OjR49evXoF5cX/jZf+S2Rubr5t27bdu3c/ePBAJpNNmzZNqVSeOnWqtrZ2+PDhM2fOZLPZYKfHMAxA/ydPnlxbW3v69GkMw+bNm0f4pd9EAQEBS5Ys+eabby5cuNDS0jJ16lSJRBIVFdXe3j5mzBiouD3wqbVr18bFxaWnp3/88ceZmZlubm7p6emXL19ms9mzZ89+U3V1JpM5a9aspKSkxMTE9evXL1myRKVS3bhxo6ioaMaMGUOHDkUQZOXKlRcuXPj0009LS0v9/PxycnKuX7+uVqtXrVplCAnz300oik6ePDkhIeHOnTtbtmxJTU0NCAgoKCi4cuUKhUKZMmXK2LFj3/TsmjVrHj16lJaW9tFHHy1cuNDY2PjGjRspKSkhISHjxo1zc3Pbvn37vn377t+/L5FIZs6ciaJoVFRUXl7ekCFDpk2b9pYQAI1GA4Urhg8fnpaWdu3aNaFQuGLFioEwvKNGjYLqo4cPH548ebJOp7t///6zZ89YLJZCoejt7QXvpZmZmVarPXnyZG5u7s6dO/t5/Mhk8rx58548eZKSkrJu3bqVK1fy+fzY2NjHjx8LhcItW7bweLy3YKL+G/TZZ5/duXMnJCTk2rVrUJFlUOrs7Pz000+/+uqrgX9CUfTgwYPjxo0DF7ebm9unn37K4XAmTJgwf/78CxcufPHFF97e3oRTrrKycvny5WvXrtVqtbdu3SooKAgNDV2yZEm/Zslk8qxZs+Lj41NSUtavX79ixQoejxcbGxsXF2dmZrZv3743rTITE5NFixZlZ2cXFBTMnTt31apVPB7vwYMH8ODixYsHLTtpYWExbty4ixcvnjp1qre3197e/uHDh9nZ2W+P5x+UoMTrvn37ysrKTExMLl68mJGRERgYOGfOHDAWbN68ef/+/ZcvX25ra5s2bRqGYefOncvNzQ0KCpozZw6ZTB4+fDiPx4uPj//hhx+GDh0KazYjI4PJZIITyczMDAJ9u7u79+7dGxgY+MEHHwQFBYnF4q+//loqlXI4nJKSkmvXrgF+GKg3ht1bunTpypUr5XL51atX6+vrR44cOTBOm0ajTZgwYcKECTExMbNmzdq4caOTk1NmZubt27cxDFu8eHG/kAQgGxubJUuWFBUV3b59Wy6XT506taCg4N69ezqdjgh8GDly5Jw5c06cOHH8+PHa2trx48dDnE5vb++UKVOmTp1qbW3t4+OTmZl5+fJlgUAAMELnz5+HtFIA9uz33ilTpty+fTsrKysiIiIiIoLP5ycnJ9+7d08oFE6cOJHL5cpksnXr1qWnp0dERBw/fnxQ/hEIBCwWq7m5edOmTeHh4f2ECmJYPvzww6qqqocPH3Z3d8+ZM4fFYl2/fj0pKcnDw2Pp0qWDxnL3IzKZPGLEiLCwsHv37q1Zs2bDhg0oit68eTM7O/vfDt6GulPz588/fvz41q1br169KhQKs7Ky2tvbwUT1HwkL/99BdDrN1IjX1iMH7Qv/54FB/lnpAj8iVINX6/V8FgPHMK6pNYvHa2tqLsvL0+h0KJni6Oqsx/W9Pd0mRoIp06YwaPTrN27oMZ1cofD09EBIKAkh0eh0FpNBo5mOGDmivrFBJpMTkKF4X+go/lrrw9E+GBkSTsIhirTPa9mnQSJ4XxohRiLh74JG/7b0TiH8g+zs7Pbs2ePk5BQbG5uXl/f06VMQjJhM5vTp0+fNmxcWFgYuKRqNxufz+6Ff0Gg0IyMjuIiiKAjoFy9e/P333+Pj48Gyu3DhwjVr1hhmjfN4vFGjRuXk5CQkJCAIYm9vHxERsX79+kETbLhc7rJly6CQ0Y8//ggVQU1NTZcvX75jxw4wDrFYLC6Xa/g4OA8N/YcAVQKWZh6Pt3DhwpaWlpiYmL1799JoNDqdHhwcvHLlymPHjsnl8qKiIicnJwaDwePx+mmG9vb2K1asuH//fk5ODoPBmDVr1nvvvadQKC5dupSWlpaRkQEBTlOmTFmxYsW4ceMIrA69Xv+nUTF0On3YsGHR0dEdHR2jR48GccfX19fOzk6r1YpEIiIQC9oE1FC4snTp0sLCwoqKigcPHsybN8/W1pbP5xumzEEyD4/HA0iSQTswceLEL7/88vz582lpaUlJSXAGh4eHr169Gl7NYrHmzJlTWVkZGxt77NgxBEFsbGwWLFhQXl5eXFwMzQJaCUhXb/lYGo3G4/EGwgv1A+0AEAgOhwNhfosXL9bpdNevX3/58iXUAOByuREREUuXLoUQLwRBeDyeQCAAkQXUQnNz8zVr1qxcuRKkaiqVCoMD4V4sFot4KY1G27JlC4PBuHv37pMnTyAIisViLVu27P33339T8J65ufnJkyd/+OEHEBNh0p2dnZcuXbpkyZI3RbWhKBoUFLR///6oqKjk5OStW7cCcu+SJUu2bdsG3As/3Lt379SpUziOoyjq7Ow8Z86cFStWcDgcHMdhfAwXJgwjn883FH1gtKEnKIrCJxs6S6lUKpfLNUxXI3gM5sjW1nbPnj0WFhbR0dFnz54l8ntXrly5YcMGyL6AxcXhcAx3CaFQ+P333//444/Pnj07cOAAmB5mzpy5Zs0aiExesWIFjuOgJQLX0el0sLZAffY3sZCDg4OTk9O9e/euXLlCJpO9vb1XrFgRFhYGHWaxWJCDhyDI6NGj9+zZc/ny5ejoaECvsbe337hxY0dHR3R0NGAgMxiMyZMnP3/+vKys7OHDhxMnTrS3tydWGXTDxcXl0KFDJ0+efPbs2b59+yCvdcSIEYsXL54zZw70CpQBQ2wJUP55PJ6hex+WSb9MTugzcRvw/FuCWikUirGxMbiO3+RngEoP0dHRAoFg48aNEDIHW2hxcXF+fv4333xz6NAh4IHQ0NCGhoY9e/YgCAK796ZNmyDZj0wmczgcCI8HGNUvvvgiKirq+fPnUG+QwWCEhIRERETMnDnTcCj6Ac+MHz/+wIEDly5dSkxMhDGkUCijRo1asGDB0qVLB900EATZvn27Wq2Oi4s7deoUgiB2dnbbtm17/PixTqeDnd9wozDkaoFAQFxkMpmmpqYBAQFSqfSrr77SarU0Gm3y5MkbNmwYMmQIvHrBggV6vf7q1asJCQlxcXGwCubMmbNu3TowwYwbN27Tpk03b948ffr0+fPnEQTx8PDYvn17enp6cnLy77//HhwcbGZmNnXq1PLy8rKysqqqqgULFqxdu1Yikbx8+XLbtm2Qjz127FhXV9crV65IJBKxWGxmZsZkMoVC4ezZs5OSknbv3o3jOIfDWbx48bZt2yBCHhYpkdXm6uq6Z88eKyuru3fvfvvtt8BLLi4uM2fO/PDDDwc9bhAEmTdvnkqlunjx4rNnz548ecJgMMaOHdvY2NjQ0AA7BoPB2LNnD4/Hu3fv3v379+/fvw/prJGRkStXroR8kI0bN6rV6gcPHhw8eJBKpVKp1FGjRoWGhl6+fFkikTQ2NgYEBMB+ArPv6+v72WefnTlzJikpac+ePcBOXl5eS5cunT17Noqi4FNVKBRvsZ+6urpGRET8+uuvubm5bDZ72rRpsNH1i5oJDQ09ePDghQsXMjIyoOQsk8mcNGnSBx98APsJgfVlyCoUCoXD4QgEAmADW1vbjz76iMvlPnz4cO/evWQy2d7eftKkSfn5+Ww2G3Z4JpMJKx0GFjZVQzkE2iS2UIFAsHr1ai6X++jRo9LSUhiW0NDQhw8ftrW1/RVN9f8IUSlkPo/T1vuaEwxKOfQn3FAxxDGMpMFQHodjZGTkFjyss7WlqqRYqVAKLSwcnJ1am5vaW1tVSmV+Xh6KoN3dPdnZueUVYkyvx3AcQUh2tnYjRozs6OpKS0vr6uz8IyEZwfvclDiCk3ASlKVHSBATivS9vq+6BIITcaUkuP2dMvh3JuR/wJXx/y9Sq9VisRjApvV6PYBreXl52draErtbXV1dYWGhlZWVt7c3IUe2trZCWXDiIjRVWVkJgFrgizM3N4dNViwWL1y4sK2tLSoqikKhdHV1kclkePwtwAk4jvf09BQUFLS3t2s0GgqFIhQKRSKRUChEEESlUhUWFnZ1dfn5+ZmZmUEjdXV1paWlJiYmhJVUpVJB2Ybg4GChUIhhWFNTU1FREZQJ5v4/9r47Popq7f+cmW3ZkmQ3dVNJJYWQ3iARpEqU5hX11XsRREABFRQDoghXAVEEFQF5kQteQH9eRBFFEJBOElJI75ve62Y323dn5vz+OMm4NxQDoqDvfj/cazKZOeeZM6c953me7yORhISEeHp6Zmdn63S64ODgESNGVFZWNjU1BQQEDPFA6+7uvnbtml6vl8lkcXFxYrGYoqj6+vrq6mocYCAUCkNDQ3EuDexCk5GRQVEUa/S7BXp7e4uKigwGQ2xsLL6ZYZiMjAyNRuPl5cX6pCGEcnJy1Gp1SEgItmNYLJbCwsLW1lZs5rK3t8/KypJKpaNHj2Z9jVQqVV5enkgksr44BGazua6uTqFQ6HQ6zDoYHh5uTZmIm660tFSlUmFyueDg4NbW1u7u7vHjxwsEgu7u7oKCAqlUGhkZeYtFrrm5GVOBT5w4EV+hKConJ0ej0eC+x7Z2bm6uq6trREQEXnoxo7pCodDr9dhoGRkZ6ebmxgY9njlzRiQSeXl5NTQ0dHd3QwidnZ2jo6NZ1iK1Wp2RkYF7kUAgyMvLUyqVQUFBbFCNxWIpKytraGjAbDpisTgmJsbFxeUWygnO/V1SUoIpGXk8npeXlzVr+c2AEyVjvnucqy08PNzV1ZXVBNRqdVlZWXt7O/Y68/T0DAsLw0oXQogdg2FhYbh99Hp9WVlZX19fXFwcS9OCv6lMJouPjzcajeXl5V1dXVFRUWyHbG5urqysFIlESUlJuGqKoq5evdrf3x8VFcUGI/X39xcUFHR3d1MUxeVy3dzcYmJi2HdUKBS1tbW4Fuu2wvF+JSUlOGZPJBKFh4db8/eazeaampqamhr8TUUiUUREhKen5/UOuhjXrl1LTk5OSUl58803jUajWq3m8/l+fn4hISHsaYJCoVAoFIGBgYGBgZiUtaioqLW1FYdrent7h4eHd3V1VVVV4dbjcrlGo7GsrAzHk0RERPj4+JSVlXV3d48aNcrd3R2/EcMw7e3tOP6QYRixWBwYGMjGplosFjxv4EbDj9A0XVJS0tbWFh4ezgamdnV1FRYWEgQxbtw4PHni+DGlUhkYGIi7YkFBQVtbm1QqjYuLu+FQ0ul0ly5durUXXHh4OEmSJSUlAoEgMjKStTSaTKaysrKOjg4ulxsXF5eenv7ll19u2bJl9OjROIOCTCaznr3VajVOIZicnIwbGU8FFRUVfX19bFP4+/tjUWmarq2tra2tDQ4O9vPzs9b0GIZpaWkpKSnBE6adnV1wcHBgYOCtSXfa2toKCgrwMJHL5TExMUVFRSaTCa8F7e3tBQUF9vb2ycnJbLdRqVQ5OTlSqTQ8PFwoFJaVlbW0tPj4+JhMJhwIiudqf39/655mNBoVCgVeEPEMExoayvZGdj3q7OzEx3z+/v7BwcG1tbVNTU3e3t44c51SqSwrK+vp6SFJMj4+3sXFpb6+HsdkEgQhlUrDwsJEIlFBQQEOp5RIJBUVFV1dXdHR0QqFoq2tDRNHRUdHs4O0r6+vpKQEO7hiHQMhpFQqCwoKMEc0n8/38vLCJd+iJSmKwvmlLBYLTiykVCp7e3tHjhzp5+eH7zGbzcXFxdgzH/u3x8TE4DwouN7Ozs68vDyc3V4ikYSHh3t4eOTl5Wk0GpwpB/d5nBsGh4A2NzeXlJTodDqEEGYZxR7RuLdkZWXNmjVrzpw5O3fuvNlhIp7uDAaDk5NTdHQ0HoY41ML6NovFgldkrF6KxWLcCXEHMxgMubm5NE2PHj2aHQ4ajQYvahMmTMBjmWGYrq6ukpISpVKJuUxdXV2bm5vt7OySkpIQQnV1dVVVVYGBgcHBwbi5VCpVREQEuxjhpDudnZ2JiYkymay3t7e3t1cqlXZ3d7e3t+Nzjfz8/JUrV6pUqu7u7juweN/n6O7utuYbGyacpfZpY2PqO/tau/oigoMFAj6rDLLEnoBl8GQ9MhG21QFXRxGHodyDw+UBgRRloS2UUGjX3dV5LSOjpanFZLYwCFE0bTAaLRbKQuOgARohJjAg4MnHn2jt6PjxxxOYXoskyUkTJyUmJR0/fjw7NxfiRBeDFj8cuzhIKjOQC2NQGIC7kIVhIkNGdHb3VNa3MMyNVY/HHnvsww8/tKZFsOG3ICEhAXuK4SCgG95z9epVbOCxKYQ3BsvifVvUlLco6vpyWIXw66+/TkpKwm4Sw6/rZsX+Rjnv7JWvz5DBljZ88sa7DvZ1fns5t27qe/6yw+kMv1HIO+tvv9NTd73z/xb8lne8xecYfrFYIUxNTd29e3dgYODwhRlmtxnOIMJq2H3yRX4j+vr6sEK4ffv2uXPnYs1n+K92Z01xB9PvXRwFv33E3UFfGv6MdLtvegctM/wp9Bb33MGnv+EjDMMcOHDg+eef37Zt25IlS35V8uEP9t84SO9Wl6Np+tixY2vWrJk4ceKGDRuwS4XBYFi/fv327dsjIyMzMjJudv7158UdKoSO9tPGRtd39LX19EUEjxTw+UMoXQashhANqmWDWiJCCAAuAb1lEoNGA/lCoYMjIrm93d1qlVKr0Zkpi4ViKJq2WCwWirLQtIWiLBaKomiKpjgk6eLsTHI4Gq2WpgfSaYpFYqFIpFKp9AY9Vv7YfoVYTXBQpWB+0Q0BAIChGbNNIfzDcVsKoc1l9Ma4izubYRZ1u9v0u773+i0F3jBZwj3fGv5hX/Cev+xwBPiNQt7Z47/TU/e8wa1xX73jbT01zG4znKLu4bnP743bfbU7a4o7+Nx/5CJ1V7rr9dkghin/7b7p79SYv3rPHXz6Gz6iVCoPHDgwbty466MlbyjVcCq6K73lbnU5HMtgNpv37t3L5XJfeOEFs9n85ZdffvrppzRNv/DCC389bfCOgRCiKIZ1EkUAWfthAmCd7WHQmRQOMnsiQDGwV2eQCe3UfSp1Xy9F0WaKMTMMJBBJEghhdhoEIQDEf7mhUhTV1tZmJ+DzBHaD3QxptJp+Tf/AwQI2QaJfstQjgCAYTDiIsBPpAPEpHPRntVmg7mfYFMJ7BhydeOtccDbYYIMNtwYOg8R89/dalr8CMIGwUCi83UyJNthwV+Ds7Hzs2LFbxLf/2UEQRFJS0rJlyz799NPPPvvs008/xUGGbm5uTzzxxPUJbP8vw2QxdypViMHmOAYghLWuX/TCAV9RK2UO/qJ1QYg0RkrM5UhEdlBvMGGmUgsgEAkBhICGEAJAYhVvgD10wPqIKBoYjGYOSZA8PoMgQoCAgAE4x6CVt+qgIBANJEMEWEBgpR0O8KMiNkmFDfchbAvePYOjo+P8+fP1er2np+e9lsUGG2z4s8Ld3X3VqlU+Pj7WueBtuGMIBIK0tDQfH5/IyEibpcKGe4I7SyL1J4JYLF62bNno0aOvXr2q0Whw7GVSUlJKSoo1j5oNCEGSICCNBtwzMTkLTuM3SHl2s2chvg1BpdHiJuYLaRogE6QA4CBozU/zi/F30J0bM8IAQCOgNxglJElyuDQDAQQEggirp788Chj0S4FWkiM2fSFCYDBVhg33L2wK4T2DTCZbsGDBvZbCBhts+HNDLpdjrkIb7gqwQpiWlnavBbHBhr8yeDzepEmTJk2adK8Fua9hpiwag4HkCgDmb2HQLwkdBulGBz1EB4GsDcsIQWCiGLWJchIKAGIgsACrbPKWAX9QZsAdGLK+pxAgBAGgaKTT6x0lYkBwmAHWGAL8QhiKAAAE+xhC2A7IZqVgYwrhfyWytyWmvx9hUwhtsMEGG2ywwQYbbLDhfsMvyQUHGVwGiIQGEv7hm+AvCtZ/G/oAjtzTGCg7Ll8iFCKkA4DC3qSQGqSk4QBIAwgICEhiwFyIEx8CBABFW/QGo1gkMiPIsKkt4H9xUg78CiFCA36jcNB9FAwkLxwozqYI3rewKYQ22GCDDTbYYIMNNthw3wEibG5DDKbuRJCAv+hVA5Y+NOgBehOdi2ZQl8YkkInEYj7QIAgAgTVNasDECAEAgASAAIBB0KpchBBCRgtjR5k5PIGFYkMDEYIQQTbZBGs9hFhhRYMyYbF+CTC0pSO8X2FTCG2wwQYbbLDBBhtssOH+AgQQEgSCAAHAMAzDIAgRgyAEOP8Hm3dk0E8TM3pCa1VxABSNWpQ6f2ex2A4AYERYdUQEBAgCYMEWQchAiADkApxXEHERQjSDKETpTRYHLp8hCAbR2G/1F0USDNDLkAAxCPueIjZNIhp0JQWsdmvDfQmbQmiDDTbYYIMNNthggw33FwQ8rtRerNIZAUKIQQzDQAAhBAT8hdfFmq0FB/ANGOKG5AhByGyhm5Rab0ehCABoMBIIEAAOqILYkXQANAQcnFkCAcAgAAA00xbKYubzBSaaQAPeqgNhhIO5JQAtjVBNAAAgAElEQVQCkCAGEl4OKqgIDtzBurLaqGXuU9gUQhtssMEGG2ywwQYbbLi/wONx7UV2Kp0BIUAzDMMMpA1EBATYZxNCiNBgUgdAQGzwswrhs9K/EAB6E9XWb/AQ80WIgcA8yPUCIaQhDVj2FwgAABwcscggBiFkRrTWZHYV8CmCoBnE2gAx5SlLTMo6kWKPUTSQeQILAm+WdQL+NwONDfcENoXQBhtssMEGG2ywwQYb7i9AnPdvMJqPYRjsKIrZXSABIIIEgIOBe4AZ0MusFEErElKEEAKw32AhICEXCYQAEUaA4wkHUxD+t/0OkQgBBiCGAQghymIxGIwSiaTfTCMAcAqMAZ3weskh+CWWEKuP8L8y07MWRj6XI+QLzBRtMBl/z7a04VdgUwjvGfR6fUlJCUVRERER9vb2d6vYAWs9/BMY5evr6xsaGhwdHaOiov4UArPo7u4uKioSi8UxMTE8Hu9ei3MDdHZ2VldXi8Xi6Ojo36+W9vb26upqoVAYGxv7e+dQ/iM7NkKovLy8vb09JCTEy8urv7+/oqJCr9cnJycLBILfUjJN03+W1HYIoYaGhq+//rq0tNTLy2v69OkURYlEopCQEKFQeK+lAwAAhmHYXtfY2FhXVycWi+Pj4/8wAerr6+vr6xmGueFfJRJJaGjoXZzb7xhGo/HYsWNnzpzhcrmTJ0+eOnWqSCS649IQQk1NTfX19e7u7iEhITe8h6bp/Px8tVodHh4ul8t/g+zDgnVP+J1QXl7e0dERGBjo7e19F2chxMZW/Z7o6Oiorq6WSCR/5FLb29t79OjRy5cvOzg4jB8/3tvbW6/Xx8TE3HGKRZqma2trW1pafH19AwIC7ra89ykQQGgg2wOiGYZmaAISAA7EEAKEfUcRhASEgw6cA4SebN76IV8cIYT6dEYAgJfEzg4whBGZAIAAEAAQAEAICRoQEBADOhtCiGQ4DGJIxDAao9nJAXEIgmYYBBEEEAGIsLESIaz9YWshMxjKOEBHCgdMhSRkVUPI5RAujg4ykYgHGBqgNrUO/s4D2YZbwNb09wytra2LFy+eO3duVVXV3SpTpVLt2rVr//79RuOf4KDlwIEDjzzyyKpVq2iavtey3B4yMjKmTp36/PPPK5XKey3LjfH1118/8sgjb7755u9dy8yZM1988UWTyfT71YIQ6urqevrpp7Ozs3+/WqzR39+/cuXKKVOmfP/99wAAhUKxZMmSWbNmdXR03HGZZrP5xIkTTz75JEVRw7j93qOkpGT69OmrVq06dOjQe++9d/jw4VmzZqWnpzc3N99r0QDDMPX19ePGjevs7MS//uc//5k5c+aSJUv+SBm+/PLLGTNmTL4Jli5dqlAo/jB5bgatVrtgwYKnn3563759//rXv3788Ue9Xv9bCqQoaufOndOmTfv4449vdo/JZHr55ZcnT5586tSp31LXr8JkMn333XevvfaaTqf7XSvatm1bWlrakSNHrKn2fwsoivrpp5/efPPN3t7eu1LgLXDs2LGZM2euXr36D1tq6+vrFy5c+Pzzzx88eHD37t179uxZsmTJnDlzampq7rhMg8GwZ8+ehx9+eP/+/XdV2D8FIEIIIQYbCRFDD/yCEMMgGiGaYRjEDNyAGAYhBv8HIYQYMPjr4D/AMKhHa2jSmrgisR2f5HOhgEPwOQSfQ/I5BI9D8giCRxI8kuRyODwOh88heRwOj0MCklCpNY4CkiAgCQkIIUEAAkICABJCAl+BEEJIQkhCSABAAEhASBAEhABC5GAv4nJIAACPS3o6O7s7SEhkMVNGAZcTFRLk7Oh4r5v6/y5sFsK/DiiK2rp160cfffTGG2/crUXLBhvuOdra2hITE00m0+LFi++1LHeOQ4cOrV692t/f/08xNimKOnfuXHl5uaenZ3R0tEgkiomJOX/+vJubG5fLvdfSgcLCwmeffba4uJjVrh0cHLy9vf8AY9T1EAgEMTEx1xt+R44cKRaL/3h5hiA7O/vq1asQwpSUFB8fn9TU1N8u1WA+tJuCIAh3d3dfX9/fuwU+/vjjtWvXzp49+08xrKxx8uTJOXPmzJo16w9Q0iQSibe3t6ur6x9jHqRpurCwMDMzUyQSJSYmurm5hYeH5+Tk0DR9fzrU3OdACGFPS4ZhaBpB7NsJGQgg9hbFJjeaxgkEB0lHB1hnBh0zrWIJ2eyEvf0Ghmb8He3tSD1hNBMQEBCRkBxwHyUGk9VzAUAMgxjEkAAxBgvlDBgeQdAMIgBgsBUR88pAzGoDERq0GQ5mJhzwR4XQycGey+EwCHm6uMgkItpooCgKIUgDAGjKQSz8c/mL/ZVgUwj/UjAajX86a5sNNtwaFEX9rhbIPwZGo5GiqD/LthUh1NbWRpLkM888s3r1aolE0t/f7+PjI5FI3N3d77V0wGKxmM1mtjEJgnj44YeDg4PviQIml8tPnTp1vS8xhPD39mMcDnp7e41Go0wmO3LkiKur6x9TqUAgeOONN/r6+sLDw3/XigwGw5/F5D4EeEL4Y+oaP368p6enRCL5YzokwzAqlcpgMIwdO/bgwYNOTk4Gg6GsrEyn0/n4+PwBAvzFwE50DDMYQ4h1QIggDSAxwCwDIICYXGYgIwUauGRN1/LfuhYEqE9jqLQwI6RCoZAgjUbCAgjIQAgJSBPY1gcAAAxAJGK4iEaQYRjE6LV6sViiMVFoIMcgBABZa4YD5eO6EQAAEoiBADI0rdfrEUKuMidXqQNtNiJEIwQgSZhNJkSZJUI7zp8kquKvB5tCOACGYTo7O7u6ujw9PQEAZ8+ebW1t9fHxSUlJcXNzw93aYrE0NDSYzWY/P7/MzMyKiorIyMi4uDihUIgQ6unpKSoqKi8vJ0kyISFh1KhRdnZ21lWYTKaKiors7Gyj0ZiQkDDEk76/v7+urs7e3t7Ly4s9RVOpVE1NTY6Ojp6envgEGiGk0Wjy8/OLi4sJghg9enRUVJREImEYpqioqLOzk2GY5ubmgoKC8PBwBwcHiqJaWlry8/Nra2uFQmFMTMzo0aOFwts7gzGZTI2NjXl5ec3NzRwOJzQ0NDY21sXFBa8uOp2urq5OIpE4OztXVVVlZWVRFBUZGRkbGyuRSNiKEEJqtTojI6OqqsrZ2Tk1NfVXdVeEUF9fX35+fkVFBU3TISEhsbGxzs7O1sKbTKaqqqrMzEytVuvv75+YmCiXy62XPYZhent7s7Oza2pqzGazt7d3YmKir68vbk+KohoaGjQaTUhISFdX16VLl7q7u4ODgx988EGRSKTVaq9du1ZYWOjg4DBmzJiAgIBbBIDhm4uKihiGiYyMjI+Pt96eIoSUSuW1a9eqqqoQQuHh4bGxsQ4ODuy74N6Vk5PT3t4uk8kSEhKCgoL4fP4t2ge/WlZWVn19vYODQ1xcXEhICIfzX4PaYDBcu3bt2rVrHA4nMTExIiLCukyEkFarzc3NLSoqIggiOjo6JiZmyK4aIdTe3p6VldXU1OTi4hIfHx8YGHizdlAqlS0tLQzDyOVyNzc39iMWFhaWl5dDCOPi4iIiItggNK1W29jYSFFUaGgo2+2NRmNVVRWPxwsICFCr1ZWVlViVqqiocHd39/HxGTKy7gwajaagoKC4uFin07m4uCQmJgYFBf2WA+z+/v7CwsLi4mKtVosbauTIkXw+n6Kotra2lpYWmqZVKlVBQYGLi4ufn5/1s3q9vrm5WafTBQYGWkedIYTKysoAAD4+Pvi6wWAoLy8vKipSq9UhISEJCQkymQz3IoZhGhoa1Gq1h4cHbnyM2tpanU7n4eHh7OxMUVRFRQVBEB4eHpcvX25paUlMTIyMjLTuNiqVSqFQtLW1QQgNBkNFRcWIESNEIpFUKpVIJNhC2NnZ2dnZKZfLuVxuRkZGeXm5WCweM2aM9XfE46uuri4nJ6etrS0wMHD8+PFGo7G7u9vPz499TYqimpqarly50tbW5u7unpyc7O/vj2vBnae1tdXNzU2lUp08edLJyWn06NEKhQJ7xRcVFWm1Wh8fHy6XK5PJHB0d8VBqbm7WarWBgYHt7e1nz541GAyjRo2Ki4tzcHBgZaNpuqOjIzc3t66uzs7OLioqKiIi4g5USgghh8MZMu6sUVBQYGdn5+TklJmZ2dzcnJSUFBUVxeFwGIbp6uoqKSkpLi62s7PDQ4Pt23q9vr6+XigUurq6VlZWZmVlAQASEhIiIyN5PF5fX9+5c+daW1tHjBgxZswYFxeX6+s1m81NTU21tbVms5nD4bS0tKhUKl9fXz6fT9N0e3t7RkZGS0sLQmjkyJGJiYkuLi7sdIRvyMnJaWhowEHC4eHh18eOqlSq7OzssrIyiUSSkpISHByMZwaGYSQSCUmS1u1JUVR9fX1BQUFLS4uHh0dycrKXlxe7rnV0dHR1dcnlcj6fn5ubW1JSYmdnl5KScv2chmGxWBobG7EXd09PT2FhYVBQEDaCMQzT0dFRUFCgUCjs7OzGjh37q3MpHlllZWV5eXn9/f3+/v6pqansGndD4CbKzs6uq6sTiUQpKSl4vFvfYzKZFApFXl5eT09PQEBAfHy8h4cHQRBVVVX19fUIod7e3sLCwoiICFdXV4VCASGUyWRZWVkNDQ3x8fGxsbE8Hg/vLkpKSkpKSjgczpBFXKfT4XXZ29u7oaHhwoULOp0uLCwsMTFRKpViMXg8nlQqdXR0tF6ONRpNTk5ORUUFl8uNjIwcNWoUuyehKKq5uTk/P7+mpsbe3j46OhpP2sPZNlAUVVZWVl9fj+Oly8vL5XK5p6envb29SCTC4xrvdtzd3UUi0bVr1woKCrhcblxcHH4vtig8QDIzMxUKha+vb2xs7J/lQO1uYoDAE3uHMgzDQFYFxPSggCAAwFcQBNhOh8BAfB8czD0xwPE5mBGCbUeIgFpvUtCMj0zoKBQSBj1hgZBABAQEAbEvKAQIIgAZBBiSYEgKMRaKkkCaS0AKk9hgWyDAAYQDRKPoF+EhAJCBEABE07SZQUKBnaebG4cxM5gtB0KapgkS0jQt4PG4N59LbfhdYWv3AZjN5iNHjuzbty81NTU/P7+urk6v14tEIrlcvmbNmtmzZ0MIVSrVhg0bKisrk5KSvv/+e5VKJZfLd+/enZKS8s0332zdurWrq6uvrw9C6OrqGhUVtWrVKjaGu6+vb+PGjSdOnOjq6qJp2sXFJTw83DrsoaCg4OWXXx47duybb76JHZ8QQnl5eWvWrImLi9u8ebO9vT1N05cvX/7oo49KSkqUSiVePEaPHv3mm28GBwcvXLiwsbHRbDYfPnz4559/3rVrV0pKypdffrlr166Ojg61Ws3lcp2cnGJiYl577bWYmJhh6oRNTU1bt249d+5cT0+PTqeDEDo6Ovr6+q5Zs2by5MkkSVZXVy9btiwoKMhoNBYVFXV0dCCEnJycEhMTN2/ejE8EGYa5cOHC1q1bS0tL1Wo1n88PDQ1lGOYWOiFC6Ny5c++//75CoVCpVAzDODo6yuXydevWTZ06FQtfX1+/bt26a9eudXR0UBQlkUg8PT1feuml//mf/8ELuclk2rZt23fffdfe3q7RaGiaFolErq6ujzzyyFtvvcXn89Vq9aZNm65evbpgwYIvvviira3NaDTa29uHhoauX7/+3//+95kzZ3p7e3k8nre396JFi5577rnrdSGE0NWrV9esWdPU1KRUKvHry+XyrVu3JiQkYJeJs2fPvv766z09PWq1GiEklUqdnZ3ffvtt/C5Go3HNmjU///xzd3e3Xq/n8/kuLi6xsbEfffSRTCa7WY/9/PPP9+zZ09nZqdVqeTyes7NzYmLihx9+yO56e3t7H3/88crKyp6eHtwtx44d++GHH+K9OELo/Pnzb775ZkdHB+5OTk5Ovr6+H3zwAdtvzWbzJ5988v/+3//r6OjQarUCgcDFxWX8+PGbN2++npeipaVl/fr1WVlZzs7Ou3btcnNzw71xx44dXV1dKpUKAODi4hIYGPjJJ5/4+/sDACorK9esWaNSqY4dO8b6+zU1NS1cuFAqlW7durWoqGjr1q0ajQYAsHHjxgsXLqxbty40NHQ4XfdmoGn6hx9+2LJlS2dnp1KppCgKv1dERMSOHTucnZ1vt0CKoo4fP75z5876+nq2QGdn57i4uE8++YRhmH379n3++ec6na6hoWHu3LnTpk3btm2b9QDs6+v78MMPL1269Pzzz7/00kvs9aampieeeMLDw2PDhg0JCQl5eXlvv/22QqFQKpVms9nR0dHFxWX9+vVpaWkQQrPZvG3btvPnz69YseK5555jC9myZUtOTs7ChQsXL16sVquXLFlisVgiIyNPnDih0+n8/f0PHTpkzQ6SnZ29YsWKzs5OiqK++OKLEydO/P3vf09LS1uyZEl4ePjatWtHjBhx9OjRPXv2xMTE9PT0FBQUqFQqDofj4eHx+OOPL1myxMnJCavc+/bt+/e//93W1qbX6+3t7fEpVXV19fr162fOnAkh7O3t3b1797ffftvS0qLX6+3s7Nzc3B5//PGlS5fKZDKapi9evLhx48ZRo0ZVVlZWVlbihtXpdG1tbQCAl156KSYm5u23375y5cqnn34aFBT01Vdf9fb2fvTRR5mZmSkpKefPn29ra6MoSiqV+vn57dmzB9NRWCyWzz77DMum0WhIksSd//PPP8dngncRTz31lLOzs7+//7lz57Rarbe394EDB4KDgw8fPrx//348aZAk6eLikpSUtHr16pCQEAhhTU3NypUrcW8sKCjA0ZIuLi6LFy+OiIh44403WltbdTqdRCIJDg7evXt3UFDQkHqVSuX777//448/qlQqCOHTTz89cuTIjRs3urq6vv/++z///HNnZydegxwcHFxdXZcsWfLss8/ixtm5c+fBgwfx3MLhcJydnX18fPbv32/dOLW1tY899lhNTQ3++u7u7jNmzFi3bh2fzzebzevWrSssLNy8efPMmTNxzPzGjRuvXLnS09Oj1+uxojtnzpzXXnuNx+PRNH3kyJH9+/c/8sgjeXl5FRUVfX19JEm6u7tPmDDhvffeu14X7evr27Rp0/HjxxmGyc7OXrBgwauvvjpv3jwOh7N79+69e/f29vaq1WqSJOVyeWJi4htvvIHnnBuirq5u06ZNWDyz2SyRSAIDAxcsWPD444/fkEfKbDYfPHhwz549LS0tGo2Gw+HI5fJx48atXr2aNYK1trZu27btp59+6unpMRqNEonEx8dn4cKFTz311Nq1azMzM7HkS5cuXbp06fz581etWqVSqTw9PbOyslQqlaur6549e5KSko4cObJ3797Gxsa+vj6CIPAi/tZbb4WFhQEAampq3nrrLaFQKBKJsrOz29vbKYpydHQMCgratWsX7hVnz57dtm1bZGTkp59+SpIkTdOnT5/evn17VVUV7htOTk7R0dEbNmwICgoyGAyHDh3avXt3Z2dnf38/3jbEx8evWrUqIiLiV7cNarV6xYoVlZWVBoPh8uXL1dXVuNdt2rSpubn5s88+Cw0NLSwsXLZsWVxcXH9/f0FBQW9vL0EQzs7OjzzyyGuvvYYXAovF8v333+/YsUOhUPT394vF4rCwMKPReDMOp78ucGDgAMUoQgghGlpZCSHDAMDmgoeYdxRCiCCCCCcAHKCVgYNkoMi6cAAQQDqjqaaL8pSJPUUi0mAgzDQBIUEzJGAICABEBAQQIIAYyNAWREOaoi0mPscOWdAAhcxAsQOkowggBhADqicEAACaAQACmqYRYtzcXCRCgUlrJiCCA4ktGECQFppCDG1zGb1XsCmEA8CHcNXV1aWlpRDCqVOnjho16qeffioqKpo3b56jo+OECRPwSXZubm5+fj6PxxOLxRKJRCaTnTx5cv78+SaTacSIEdOnT29vb7969WpNTU1fX99HH32EN68bNmzYvn07n8+Pi4vz8vLKyMj44YcfEEIjRozAAmi12urqal9fX4vFwkrV39+vUChcXV2x4lReXp6enn7t2jU3N7dp06ZJJJLjx48fO3bMZDLhDYFKpVKr1U5OTj4+PkKhMD8/f/Xq1VqtNjExMTU1tba29scff/z2228dHR3feeedGx4qD4HRaNy1a9euXbvwAXBUVFRJScmVK1euXLny4YcfxsXFYW8QhUKRnZ0NIfTx8Rk7dmxXV1dpael//vOfqKio9PR0AEBxcfG6desyMjJcXFwmTZpkNBqvXr3a19d3i8ldoVC8++6758+fDwoKmjt3LkVRp0+fzs3NXbRoUUFBgZOTU2dnZ3p6+rfffsvn81NTU319fbOysgoLCxctWiQWi2fOnIkQOnDgwEcffdTT0xMdHf23v/1NrVZfuHChtLRUoVBMmDBh4sSJ+JtitcTBwSEqKkqj0RQWFra0tFy+fJkgCD8/P09Pz8rKyvz8/D179qSmpuJl2Br5+flz586tra11c3ObPHkyQRBXrlzJzMx86qmnvvvuu4iIiNra2mXLllVXV0dERMyaNUun050+fTovL2/58uVnzpzx9vbeuXPnvn37TCbTpEmTIiIiioqKLl26VFlZ6e7u/t57710/PzIMc/DgwdWrV/f39wcFBU2ePLmjo+PKlStVVVVisXjbtm34try8PIIgQkJCHnjggZqaGoVCUVNTExoaunLlSgDA5cuXFy5cWF9fL5fL09LS8HHDhQsX5s6d+5///CcsLAwhtH379jVr1mAbQlpaWn19/cWLF+vq6qRS6bp166xF6uzs/Oc//3nw4EE7O7u9e/dihf/o0aOvv/56a2urv7//lClT1Gp1Tk5OTU1NWlrauXPnPDw8DAZDXV1dT0+PdbfHx+pOTk56vV4mk8nlcjwqPTw85HL5b49COX/+fHp6ukKhGDly5BNPPIG/V0VFRU1NTXJysrU+Nkxcvnx57dq15eXlfn5+Tz75JEmSV65cKS8vr6qqSkpKmjt3rpubm5OTU09Pj0gk8vX1vV7ndHZ2dnJyamxs/Pe//z1//nz2qP7IkSMVFRXOzs6BgYHl5eUvvfRSTk6Oo6NjcnKyUCjMysrKz89//PHHjxw5Mm3aNIZhWltbKysrh9BUNDc3V1dXd3V1IYQoiqqpqens7Lx27ZpQKORyuXw+f4gfl7Ozs6+vr9FoVKlUMpnM29tbJpPhYS4Wi7H7LrbJFBcX8/n84ODghISE/Pz8srKyPXv2xMbGTps2DQDw7bffvvXWW0ajMSwsLCkpKTMz89y5cwzDYAMXNoLt3bt38+bNWEEdM2ZMbm5uQUHBxo0bSZJctWoV3l9WVVUVFhZidQhC6OLighsTG/xxl1AqlQqFAh8DWSyW1tbWgoKCoqIiBweHmTNnikSio0ePXrhwYdKkSXl5eU5OTqdOndq2bVtzc3NCQkJKSkpTU9OZM2dqamr+/ve/nz9//nY7AE3TQ862rP1FKysrIYRXr14ViUTY4OPr63vixIn09HSlUunv7//UU08pFIrc3Nwvvviis7Pz0KFDeF6tq6s7d+4chNDX1zclJaWysrK2tvb1118nCAK7h2Cz+fnz59999919+/YNkYokSVdXV5lM1tPTw+FwfH195XI5TdPvvvvu//7v/yKExo4dGxUV1dDQcPHixfz8/A0bNkycONHX1/eHH37YunVrZ2fnmDFjkpOTa2trz549W11dvWjRouPHj7Plnzt3js/nh4eHjxo1qry8vKKior6+PiYm5rHHHmMYprGxsbKyEn9opVK5du3aL7/8EgAQFxfn5+dXXFxcUVHxz3/+U6/Xb9iwAfeoqqqq0tJSkiSDg4PDwsKqq6srKytbWlrGjRv3t7/9bcg0yOPxvLy8pFJpT0+Pvb29j48PtoDt3r17xYoVOIbzwQcfrK2tzc3Nra6uNhgMW7ZsuaG2bzQaly9ffuLECXt7+zFjxnh6el6+fDkzM7O+vl4ikcyYMeP6Q8Bvvvlm+fLlZrM5ODh45syZNTU1WVlZe/bsoWl648aNzs7ORqNx06ZNe/bsEQgEsbGx8fHxeP1qa2vz8vIaMWJEdXV1W1sb1hIdHR0RQvX19aWlpQRBiMViPp/f29sbHh5+6tSpVatWtbe3+/n5TZ8+vaenJzs7+8iRI42NjSdPnnR0dDQajfX19dj/AuuKRqOxsLDw7Nmz69atO3ToEEEQKpWquroa1wIAyMrKWrNmTXFxsaur65QpU3g83pkzZ7755huTyXT48OGcnJw1a9bo9foxY8akpKQoFIqTJ08ePnxYKpW+8847rNXxZiBJ0svLq6enh/0ucrkce+LU1tZiw75Wqy0pKSkvL+dwOP7+/hMnTqyurq6qqtq9e/eYMWMeffRRgiByc3PXrFlTU1Pj6+v72GOPYUcDnU73f00hZBjGaDIOJp1AND2oDRKDPqEQIgAJiPMSYm0Q+2oO6IxowHUTIYDdRwcshmBQfcMqoslsqetUqyWCMLlMqOsnTBYSABIAAhAk4JgRIhAJEQcyNEHTNGAATQu4iIIAAchg+yAcKA4BiCBBYAVxMAkGASFEiKYYAJCbkwuHoSwEJLAMNMLqJE0zFsufJrDiLwhkA0IIIb1ej4/ZuFzuBx98gF3UOjs7J02aBCGcPHmywWBoa2sbP348AMDV1fXnn382m83d3d2YBJnD4Tz55JOdnZ24tEuXLnl6eopEos2bN+v1+oqKCgcHBwcHhy1bthiNRoSQTqebNm0ahNDf3z8nJwchdPz4cTs7uxkzZjQ2NuJCGIb55ptvHB0dH374YaVSaTKZ1q5dSxBEYmJicXExPiu6fPnyyJEjhUJhRkaGxWJZuXKlnZ3du+++i720P/jgAwjhvHnzuru7cYGnT5/29PScMmUKdlz8VTQ3N4eFhcnl8v3795tMJoQQTdPHjx+Xy+USiUShUDAMg9U8Dofz/PPPGwwGhJBKpUpPTxcIBElJSQaDwWg0vv/++xwOZ+TIkbW1tQghiyWN/IkAACAASURBVMVy+PBhrAxPnjzZYrEMqZdhmO+//37EiBE+Pj5YeIRQTk4O9uA9deoUTdP79u1zdHR0dXU9d+4cvqG7u/u5557j8/kRERFdXV1dXV3/+Mc/BALBM888w5ZcU1MTERFBEMTrr7+O/ZQmTpwIIfT29sYfwmQyzZs3DwAgFArT09M1Gg1CKCsrC69t3333HULo6NGjBEFERkZiw+P8+fO5XC7eFeFa6uvrR48ezeVyFyxYYDKZDh06JJVKfXx8Ghoa8A3Z2dmBgYHBwcHHjx83mUxz5syBEGLCVYQQPl/Helpvb+/136WhoWHMmDEQwtmzZ/f19eEW27hxI5/PDwoKqqmp+eSTT+zt7QmCeO2113CZ3d3dDz/8MEEQ06dP1+l0arX68ccfJ0ly1KhR2KiLECotLQ0LC+Pz+cuXLzcajWVlZeHh4RDCZ599VqvV4q//1ltvcbnc8ePHKxSKjz/+2MHBISEhob6+/uWXX+bz+f7+/pcvX8alKRSKiRMn4vguLCRC6IcffvDx8eFwOK+88gpFUZcuXQoICHBwcGC7PUKouLjY0dExICAgOzsbv6yzs7Ozs/OFCxeG02lvDYqi0tPTJRLJqFGjdDodvqhWq6dNm0YQxGOPPabRaFQq1UMPPQQh3LlzJzbUx8TE2NvbYy+vITAaje+++65YLE5OTmZ7cl9f35w5c0iSZLv3zp07pVJpYmLi9b0d49SpU9iPlH1NvV6fkJDA4XA2btyo0WiWL1/O5/P9/PwKCgrwDbW1tePGjQMAJCUlqVQqnU43a9YsgiA2b95sXXJaWppIJFq/fj1FUR0dHe7u7hDCmJgY7L7e0dExePD8C8xm8yuvvMLj8bZu3YoH/pUrV2Qy2cSJEysrKxFC77zzDgDAyclpz549OJyvo6Nj8uTJXC533bp1Wq1Wo9FERUXZ2dm9+uqruA8bjcb169fzeDyBQLBv3z6GYQoLC7Hv6NatW/HUYTQad+zYIZPJpFJpU1OTxWLZv38/9jTDHIkajaa3t/fq1av4oA17PNI0/d5770kkkri4OJwU4dFHH4UQOjs7Z2Rk4De6cuVKYGAgAODtt982Go0bN26USCRpaWlYeITQoUOHAgMDPT092eFwa9A0vWHDBpFIJBAI4uLikv8bixcvbm9vx3di/TAhISE7O9tsNjc3N3d0dMTHx/P5/BdeeAHPb9hq7evry+Vyd+zYwTDM1atXAwICCIJ4+umncUctKysbP348hFAsFuP3MhgMb731lkgkCgsLwzPV9fjyyy/lcrm3tzf+tbi4ODU11c7Obvv27ex3v3TpkqOjo1gs/uqrr4xG4+uvvy4UCqdNm8Y2zt69e318fEaOHNne3m42m1euXMnn8/l8PjaA464YGRlJkuTLL79MUZROp0tOTgYA7N+/n6Kozz//3N3d3cHB4eDBg/h+jUazbNkyHo8nk8lycnIsFsv16297e3tcXByHw1mwYAEryRCsX7+eIIgnnngCv355ebmDgwOfz1+yZAn2xUAIffXVVzKZzMnJae/evTcs54svvoAQBgYGHjt2DFet0WgWL17M4/EeffRR/B0XLFjA5/O3bt2KPY0DAwPt7OyWLVvGLk+nT5+Wy+UymeyHH35gGCY3N1ckErm5uX322Wd40e/t7X3iiSd4PN7atWu1Wu3hw4dJknziiSfwtkGr1WL7W3R0dEZGBk3TNTU1zc3N2A3n73//e39/P56+fvjhh5EjR0IIN2zYgPtJREQEXknxum8ymTZt2mRvb+/u7l5XV4cQ2r17t6Oj45QpUywWi1qtfvXVVyGESUlJ+NVomj569Cieh3Nzc999912SJF944QU8bCmK+uabb3x8fCZNmtTU1DScoWE2mz/77DOJRDJ//nz8FfDRmIuLS35+PkLoxx9/BACIRKJ33nkH9+3Ozs758+eTJLlgwQKDwaDValesWAEhnDJlSnNzM+7qu3fvxkdpmDbvT4eurq472KI7iOwmxYYmRYW5u7rFjIpIjIlJiokZExs7NjYuJT4+NSHhgYTEBxITxyUmjU9KfjB5zIQxYyeOGTtxTMqksSmTU1KmpKZMSU2d+sADUx944KFx46aNH3/9v4fGjXto3Dh8z9QHHnhkwvhVz/xtwzOz1j/x0JrZk1bOGP9y2gMvTBnz7IMJT42NfjQuPG1U4ORg72kjPWdGhUyOCJ0QFvxgaPD40KBxoUGpoUEpIYFjQwKTQ4KSQwKTQgKTQoKSRgYmBgfGBPh5ujjFjPQfMyp05qRJD6ckPzg6LCnQN9LTJcRNGuTkMNrDKTnYZ8PrK3u6uu71t/rrID4+PmQQ824C/NepU6fe+5D3+w3R0dELFy7EJ4Kurq6LFy/mcDg1NTUVFRXsPVOnTh0/fjyXy3V2ds7Pz+/t7ZVKpcuWLWND9seMGTNv3jyj0Zibm9vb23v69GmNRhMeHj579mwcYyAUCpcvX/6rh23WMBgMFy9eFAqFTz75ZFBQED4ujYiIePXVVxcsWHDDR/h8PkEQpaWlJ06cKC0tValUcXFx//rXv957771hxnbz+fwnn3wyPT39wQcf5HA4BoOhp6cHu7wOOatzd3efN28efjsHB4fo6GipVNrX12exWJRKJda1Fi9e7O3tDQDgcDgTJ05MTU29BWMhl8vlcDhqtfrQoUO5ubnt7e0jR4585513Dh8+nJiYqFKpcnJy1Gr1I488MmrUKKVSqVQqCYKYNWuWTCZTKBQFBQUEQUycOHHp0qVr1qxhGMZsNiuVSqPRiE2jarXaurqHH344NjYWHzzjrYxcLn/00UdxDExCQoK7u7vRaMSKjfWD9fX1RUVFFEXNnz/fzc0NS2Jvb//CCy8wDFNWVlZXVycQCAiCUKvV33zzzbVr1zo7OyMiIrZt2/avf/1r7NixuJ0hhJmZmSdPnqyqqjIYDM8888zu3bs/+OCDG+YxKy4uxqfLb7zxBo6bghA+88wzzz33nHViAzc3t7feegtbKnDcJkmSKpXKaDRi+xVN02+88QaXy8Viy+XyuXPnms3mgoKC1tbW/Pz8jo4OBweHFStWYAdRgiCWLVs2b948bAjFteh0ui1btuzevdvf33/79u1JSUn4pEmhUGBd7t1333Uc5JJOS0ubOXMmTdNXrly5s6QdbCjFncFsNicnJy9duvS9996zs7PDOySlUunl5YU9wW6X6YFhmNGjRy9btuztt98mSZKiKLVarVKppFIpSZJms9na+GnNEDAE0dHRYWFhEMLDhw/jRy5fvowTdc6YMaOjo6O8vJxhmOXLl0dFReFH/P39X3nlFS6X29LScvXq1eHLzOFwpkyZkpCQwOfz2RjpO0B8fPzUqVPxKHZ0dBw/fjxuT5qmr127Vl1dHRwcPHv2bDzR8fn8OXPm4FGGkZOT09zcHB0dnZqaqtfrlUqlTqdLTU2Njo7u7+/HOT8wRowY8eyzz2Ljyc2cqK/HvHnzEhMT8c9JSUlTp04FAFy8eFGn0/F4PIIgqqurjxw5UlJS0tvbO3ny5O3btx89evS2pmXsMNzY2Fj732hsbLSOCBAIBBMnToyNjeVyuV5eXlVVVdhA/dRTT2H3WoIgxo0bh/XYr7/+mn1QJpM988wzOLDQ3d09ODiYIIi0tLQxY8bgYvFMq9Vq+/v7hyOtWCx+7LHHVq5c+fTTT2MNvLu7297eniRJfAYBIcQLR3V19bfffltaWqpUKh955JFPPvnkiy++sG780NDQ5557Dncef3//+Ph47GgzZATp9frS0tLe3t5p06b9z//8D75fLBavWLHC09NTr9f/9NNP7M2+vr7PPvssXn/d3d1TU1MZhrm1L4k1Ll68qNfrceAAO3POmjVrxowZOBwdO59bw2KxfP755xwOZ+zYsdHR0Xg2MJvNs2fPlsvlWVlZ2FnXGhkZGTU1NZ6enmlpaQRB4MkzKCjooYcewkGVBoPhxx9/NBqNY8aMmTx5MrssLl26dNGiRUPih60hEAgeeuihyMhIgiACAgK6u7uvXbvm4+Pzwgsv4JWIJMkHH3zw4YcfFggER44cYV+HJMl169bhfsLj8ZKSkmQymV6vv/59e3p6cnNzBQLBiy++iHcsBEE88MADS5YsmTdvHk3TAoEAQlhQUHDy5MmysrL+/v6UlJS9e/du2bLFOjL5tyM8PHz69OnYGVgqlSYkJAgEgp6eHoZhdDrdhQsXHBwc/vGPf2AWK4FAMGXKlLFjx94PRE1/JCwUbaYRASA2EDIMzeD/4f/QgwsbYi/Q9OCv+A/4IjPwp4F/gw/TND1QxEBmCoY2mM0F9Z11/UYLjy+w49lxSQEHCjiEkMsRcTkiHlfI49pxSR6EXEDzSMghIIcEHAg5EHLhwA8ciDgQkBCQEJEQkAQicKA7TZMcDpfLJQj8TohBgCQJABBDMzRNUTYL4b2DzWV0KFJTU6234MnJyQRBaDSapqYmll4PH4Xin0tLS00mk4eHR0JCAvsUQRDJyclisbi1tRV7R2B3SrzpxMDmr2Gu4liBaW1tlclk1vHxDg4OCxcuxD9fv5EdO3bsqFGj8vPzV6xYERoaGhYWFhoaiklBhplf28XFZfXq1bW1tZh+AJvdFApFXV0dPuhl75TL5VKplN1ZikQiPp+P79HpdE1NTTweLyYmhtUApVJpaGjozQL9IYQhISHx8fHffvttenp6SEhIeHh4aGhoVFRUSkoKNig1NTXh9n/99dfZevv7+w0GA8MwCoViypQpc+fO7erqysrKwtGb3d3dTU1NRUVFeB9vXWN4eDi70mCHPalUyq5/eCeKQxmHzFZtbW1Ytzx37pz1qUFPTw82PXV2dsbFxUVHR589e3bt2rXBwcHh4eFhYWE4jh9rSlOnTj137tzly5erqqoiIiJCQ0PDw8Mxzcn1hAoMw+DAJ1dX19GjR7PXPT09d+zYgX8+c+YMACAgIMCa1AGzj1AUhUkXcFDf8ePHz549y96Dz4x7e3u7u7vr6uqMRuPIkSOtdzAuLi579uyxlqe+vl6hUJjN5oCAgNDQUCwwwzAtLS09PT3h4eEjR45kbyYIYtKkSZ9++ml/fz8OA7staDSas2fP4k9/B+BwONHR0dOnT58wYcLVq1c//fTTjo6Onp4e7GHIHqrdloJkZ2eXlpY2duzY3NxctsC2trb8/HxsbRjm8ubs7Dx58uSff/754sWLLS0t3t7eP/30k1qtfuihh0JDQzMzM9va2hwcHLBJkMX48eMFAoFer7+tNuFwOMHBwcO//xYys57nBEHg4FU8RioqKvR6vYeHh7+/P9uerq6u4eHhBQUF+NeqqirMuLN9+3Z2RsL6FU3TmE0Hw9vb25oPZjjAnv/sRE2SZHJy8s6dO3t7e5VKJR5c+fn5CxcuHD16dFhYWFhYWGxsLKZsua2KnJycNm3aNORsy7plcCcZMWIEK0xlZSVmLvH19WUbRywWh4eH29vbV1dXm81mfNHR0RFbdPEZGW4la691gUCAo8KGqTL5+fktXbq0vr7+p59+amtrw1N6Q0MDjhZDCHG53NTU1CNHjpSVlS1atCgiIoJtnIiICB6Pxx5whIWFWa8j2HqDDeDWNarV6sbGRoZhxo8fb+176e/vHxIS0tTUZJ2bztfX11ohx9ry8KmzMafXiBEjrOccLpebkpLyxRdf4KjLIQcKmOwNs7K9/fbb7HXMk9nb24u9Xq1RUlKCb/j888+//fZbfJGm6dLSUuzRYDQai4uLsT8ku4iQJJmampqamnoL+QUCgVwuZ1u1tra2v78/OTnZw8PDem2NjIwUiUSNjY3ssaa9vT0bfoL7EofDwWdnQ6rQarUNDQ0ymSw0NJRd8mQy2SuvvMIeV4WFheXk5Lz00kthg4iPj/+NnFvXQy6XsweFHA5HJBKRJIlnD7PZXFNT4+Hh4efnx66Arq6ud12Ge4jBD3qjxPEAgsFBZKEZk9nC4ZEAgYFEgxAM5nNgQwnBLy6iAx6jOCU8mxoeAoCwu+gNVjeE0xwClo3UYqEbOvuVGp6Hg9BVIBSRRtJoIhFDcAiISMiQHJqkAc2FiIEAkARCiIED2TEYCADCuSgGqGUQBAhCkqAggAwABIdLcjgQEnCgVgQB4HK4FspMWSjqugnEhj8MNoVwKPAKxIKl37BO9Y7NXBjYlU4sFg/ZEAiFQhxbT9O0Wq2GEA4h6RIIBPb29r+qELJjw2g0Go1GkUhkZ2c3zA1reHj4li1bvvjii7Nnz2ZnZ2dkZIhEooCAgMcff3zx4sXDIc+gKOq7777Dgd0qlcpisWDKU4FAoNVqre/k8/nWi/3gNAXwSqnX67lcrvVUDiGUSqW3oObz9vZ+/fXXcUALji3h8XgeHh5xcXEffPCBxWLB7jGlpaW1tbXWDcLhcGQyGd6XZGZmfvzxxzk5Odg2aGdn5+fnd0Mt1PoUAJfG4XCGCHxDOfV6Pd4hZWRkDHkdmUwmFotpmvb29n7//fcPHjx48uTJioqKoqIiPp/v4eHxwAMPvPnmmwEBATNmzODz+QcOHMjOzj5//vz58+cdHBz8/f2feeYZ7LlkXSz2n6EoysHB4dZJ4YZQJlp/IIPBYDabIYQ//fTTkFdzdnYWi8XY74umaUdHx1t8JtwC7u7uDMNcuXLl5MmTCxcuxIFSJpPJbDZbM6li4AIZhhliOrN+wZvtbvv6+vbt23fp0qVbyHMLCASCZcuWSSSS7du3X7x4sbOzE/dMX19fbAK9s6VIoVBs3779zJkzHR0duEBvb29s9R1+IRDCtLS0rVu3tra2Xr58OSkpKS8vj6bpRYsWkSRpMpmMRiMOXbZ+Cu/8sOXzZiVf/1IcDmc4IcS/KjCPx7PuG9YdDM8PXC7XuotyuVxrdhB8JNHS0oI5jawLd3Z2tu4erq6ut5v/kMPhDLH14TGOU1Zgpq6DBw+ePXs2JycHB/j5+PhMnDgRm46HX5FIJHrqqadufcTG4/GsV5b+/n6GYYRC4ZCncJChxWJhT/d4PN71O2BrPqfbte5aLJajR49+9tlnZWVlarUaj1D2HAfvM5OTk7du3XrgwIGLFy9evXo1MzNTLBb7+PhMmzbt7bffZr/4EKLsmzEPWywWg8HA4XCG3I+/Mp4o2CvDLPNmYCm7hlwXi8U8Hs9sNl8/sdA0jT9HdXV1S0vLkL9KpdLrRxbut2q1+ueffx5isHJycsKHblqtliAIoVB4WwoMj8dzdHRkmVexm6hQKBwyA0skEuyww6rK2AmFvYEgiJt1DIqi9Hq9i4vLDQWDEEZGRr7//vt425CVlZWRkSEWi/G24YUXXnC8S3nD8exh/X2t5adpWqfTCQSCIbOHWCz+a1gIWd1NwCUFXA6Xw4EQWihGbzIZzRaAlSQEAAAEBBwSYsUKm/t4XO6IEd4BASPsJRKSIAYy1AOchoIAACJIIAABAQEkAIAMgBASCEIEIAMIrDsSkMAZ5bE4OIYPMchiMqk6WxorirX9GqVG3683ttvxvR0ErmIRT6fTMxTBAJJDcHmkBREkCSBBEIChGcAgSCOEAKQRgxAgAIEQYulGEQQMToiBEIfD4XF5ZoKAxKBUNM3nC9Rmk9FM2WII7yFsCuFQDNHQMD0DNhCxF61nUuxf0d/fj0mW2etardZkMuHoFxzMrdVqrVcjrNIMqd3aAIVj7djVCLtQGgyGIU8plUq8a79+AeDxeBMmTIiLi1MqlSUlJadOnTp+/HhJSUlHR0d0dPRDDz30q3NrZWXlypUrOzo6kpKSHnvssejoaE9Pz/r6+tWrV/f09Fjfaa0BDgE+/DOZTEOyyWm12lsc/eLwtjVr1ixbtgyzGvzwww+lpaVNTU1yufzFF1/k8XhcLnfTpk0zZswYUjWmQq2rq/vggw+OHz8ulUrT09NjY2NHjBghEAheeumlEydOXF/drZviZsCrmkQi+eqrr6yPpTEwGz5BEFFRUYGBgcuXL1coFOfOnTt27FhFRUVHR4eHh8c///lPe3v72bNnP/jggz09PXl5eSdOnDh9+vS1a9e6urpweNKQt+NyuSRJ4k9vLXlzc7NEImE3Vbf4vlhsHo935cqV6/eymFnu1KlTmFyXoihWi0YItba2isViVoWWy+UHDhzIyMjYvHnzli1bJkyYEBoairn4sYfqkPldqVRaLBYulysSiQwGw0BUuVVPuEWGLmdn55UrV86dO/eW3+SmwDQbu3btOnjwIEVRL774YmpqamBgoFQq/eijj6qqqu6gzL6+vr179+7btw9CuGjRopSUFFzgxx9/vGPHjtta2/z9/SdPnnzgwIHz58/juKyAgIBJkyaxw99sNg/xAdNoNBaLRSAQWE9QQ4bV9W5j+OvcwcteX87N/oTZO4xGo/V8ZTKZrCdYOzs7giDmzJnz6quvXu8aba323IG0eONrfQVP5jweTygU2tnZjR8/PjY2VqVS4bnxxx9/rKysrKmpSUxMfPrpp2+3ultjSINjrdhgMAyZEjUajdlsFggErEZ6i539nSE7O/v999/HeYnS09OjoqK8vLww8Qk+3MTfZeLEifHx8X19fcXFxXjhKC8vb2lpiY+Pnz17NvtSw6kRn6xZLJYhZ4gAgK6uLoIgrJXA3/iyuN2u90Xv7+/Hy/H1HYkgCIFAgBBasWLF/Pnzry/z+uSN+Gw3ISFh27ZtN/yrVCrFDjL43I2dYDFRk729/c1OHAiCYOdzCCF+kD1zZKFWqymKwloue/Ovtc0vVfD5fNzT2IvY1xevm9i9OSEhoa+vr6io6PTp0ydOnMD84QkJCRMnThxmRb+KW8hMkiReHayFpGkaR2PeLQHuLUR83ggXqYgEJAG5XA5JEgwCRoru6Td0qLQ6k4kBCADA53GEfJ6WQgggBjEQErNmTJsyIYkv4BEEiSDBAAAgwQCSgRABgoEk/n+GIBhIMohAEDKAw0BIAxJByAACAYLBd0ICIQIBgoGsTggsNBXZorhwaFdLTbXJbOkyW3o1OgcBL8hVIuVy9P0qSDMECTgcSHIglyRISNAMQzGIRohBgGYgDRCDAEIQAcAgNMAyiolKEeBwuXw+z8jhEpDAHKgWhkFmE1cgMJopE0X/ZT7xnw42hXAo8vPzTSYTu/3NzMykadrBweFmQXf+/v4kSfb39+fn58fHx+OL2P8EO/UJhcKIiAjMutbW1sYyX3d1dbW0tLDn5SRJEgRhrTVhrjy8Y8bmJmdn55qamqamJlZCTNH28ccfr1y5cuPGjfhO1ktt796958+fnzNnzvTp0wMCAmbNmrVq1aoFCxZcuXJFoVBYh4HdDNg9LyUlZceOHThyHVPhYy+aYY5boVDo7e2dl5eXn58/duxYfOan0+nq6+tvZtagaTojI2Pv3r3R0dEvv/yyp6fnAw88kJ6e/tJLLx08eDAzMzM9Pd3LywtnOfPy8mLPERsbG9evX8/n8xcvXtzR0VFYWIgpttmwq46ODrwvvFuTDiZLaGhoaG9vnzJlCrvIFRUVrV27NiEh4R//+Mf/Z++746o8svdn5i23c6kXAUFABMWatRuNvXcjlghI1Ghkk6ixEDVxdxNNYmJii7FrbLGLsQEW7IJBRI0C0qvApVzqre878/tj8C4/UFM3frN7n80nG6/zTm9nzjnPefTo0d69e1955ZUlS5ZQLcSHH374xhtv/PDDDw8fPiwsLDx8+PDVq1e3bNlCvXuDg4Nv3LgRFBSk0+lSUlIaCYQIoWbNmsnl8srKysePH1vtx8rLy3v37l1TU/PVV1/9bOs0Go1arS4oKMjLyxsyZIj1dyrXvfrqq2FhYS1atJDJZOnp6aWlpdbbuU6n69q1K8dxa9eupb9QatnmzZvfunXr4sWLH3zwwfHjx6noZW9vT/2prJz4VJFI43+4uLhQ1RAlC7HWgQZ9sf6x4b1BLpe/9tprv3WsAGXwv3v3rtFo3LRpU3h4OP3RZDIVFRX9tllRUlJy69YtvV6/ZcuWOXPm0B8pbY+VtMPaihfb9TEMQylek5KSqqqqtFrt22+/Te98zs7OGo0mMzMzMTGxY8eO1j65deuWyWSiEVmsUgfVYFBUVlbm5ub+2kb9ftCAipRq0tPTk1a4qKjowYMH1jQBAQGUa0Eul1sN3mpqatavX5+amhoSEvKzt88XjBc1EOjduzctWhAEGsrP2dlZpVLt27fv2LFjf//734cMGULZoZctWzZ69Oi7d+/euXPnDxcIG8Hb21smk2VnZ+fn53t4eNAa0vCblZWVffr0+Q8Rr1sslqSkpIyMDC8vr5iYGGugl9TUVPqIQC38Dx48ePLkyYULF/bv39/X13fcuHHLly/v379/bm5uUlKSVSD8hVCpVK6urnQ4Zs2aZT10njx5kpKSwrLs7wlW/jTydf00CAgIYBiGOhRYsxUEISEhQRRFjUbTVBKTSCQBAQG3b98uKytzcXGxbnSZmZnr1q0TRXHJkiUNrTGtJrs0wpD1r4xG4+HDh6OiosaPHz9u3LjAwMBz587RmCLu7u60kpcuXQoJCWnXrt3hw4fpVy82Kffz82NZNi0tjYbupD9ag7wHBAT8hrCZCoWiefPm9+/fz83Npc6KdFd///33Dx069P777/v7+1++fHnatGlDhw719fUdP358SkpKeHj4jRs30tLS/kCB8AXged7Pz496offs2ZMKyTqdLi8v7wWmEH8J0DBUcinfytVRjjBCgGcZnmNYloGIkWEi5Vi1XKKt0WuraiyCKOF4Zwd1rbaKEIAJebVn56DxgwggZhqMHgEeMAQjDBFGiECGinkihCJAEDAIMhgyCCAMEAOQCFgCIIZIhAgBSADEkMEAAUID2ENCIAJQ4tep18SwmO1rK7QlhGBRJCUmc0lVnbOdtJ27i7quykiqBMQiicyCeE4QzQIUMRAwFjERCMEYUOEQk3oNoQgICxECEBOAGFbCS1mOYxhEYydiAvUm717PuwAAIABJREFUCy+RQJ63iCIBNoHw5eC/Qfn+x+LKlStHjx6ltjRpaWnffPONKIodO3Z8XuizPn36eHp66nS69evX5+bmWiyWurq669ev7969W6lUdu/e3dHRcejQoZ6eno8fP963b19paSmN+rpjxw4aVJfCyclJJpPRC59erzcajZRd2ppAJpMNHTpUr9dHRkbeu3ePKg+vX79++fJluVxOt2ka0Km4uLigoMBoNN69e/fo0aOHDx/OzMyknmP0pshxHPX3q6urS0hISExMbOomQUH1fpQqg7qppKenHz58mF4xGz1vPw+Ojo59+vSRSCQ7duyg8nZdXd3FixevXLnyghyysrKio6M3b96clJRkMplEUaytraWKo2bNmtGYe/Rid+HCBcpjUVJS8u233x45cuTEiRNWkwzqlkB54UtLS/fv35+cnExvCb/cNeUF8PX1bd++PcuyX3755e3bt/V6PY2/HBERcfbs2fj4eBqc9+zZs1u3br1z547RaKQByuljsIODgyiKly9fjo6OXrt2bUlJCcbYaDRS0kWWZRvZMFN07NjRx8ensrLyq6++ys/PFwShsrJy7969JSUlzs7OXbt2/dkLJXVlZFl2wYIFjx49MhqNFoslJSXlww8/jIqKunPnDoSwa9euHh4etbW169evLyoqEkWxoqJix44dJSUlnp6ejcJv+Pv7T58+3d3d/dSpU5s2bcIYt2nTJiAgoKys7JNPPsnOzrZYLDU1NefPnz9+/DjLsv3793dwcHB0dJTJZAaD4cyZMzqdjt51du/e3TBnKu1bLJbs7OzS0tLnGZr+QljjAVCLboxxVVXVmTNnrl69Skv5taQy1lspx3F0lVVXV0dFRV27do3mRjNkWZbyv2dnZzelJrKC+v0mJydHR0erVCrr5bt58+adOnVCCH399deJiYlUuZSWlvbVV19ZLBZfX98uXbrQWHYMw1y9ejUjI8NkMhUXF9Px+j099tvQqVOngQMHZmdn79mzh5JC/fTTT7t27aIevBTdunXz9va+cePG4cOHi4qKMMY1NTXHjx/fsWNHZGTkCwaCdiYAICUlpVHMkobYvHlzQkKC0WikG050dDTLsqNGjeI4LikpKSYmZuPGjdnZ2YIg0H2biuvUV1yv1z948CAuLq7hLv1HoUOHDm3atElOTj58+HBOTg7d3KKioqKjoxmGCQoK+sNLbASZTEZDugmCUFBQsH79esrSaTKZBEH48ccfL1y48PXXX+fk5Fg7hz5FNVWI/SwUCkWXLl00Gs0PP/wQGRlJLQ6ePHmybt26kpISR0fHwYMH/+aG0OcSnU6Xm5tbW1s7YMAABweH4uLiDRs20PiTVVVVZ8+ejYyM1Gg0Xbt2bWq2yvP85MmTqd91ZGQkfccpLi7et2/fjh074uLims6u3r17+/j45OTk7Ny5MzMzk57FcXFxq1evPnXqFFW1jRo1igaGOXfuHM0zKyvr2LFjdXV13bt3VyqVVC1JhRxqGtq0dW5ubr169crKytqzZw89xGtra8+fP3/+/HlBECZMmPBMyrEXw9nZuUePHoIgbNu27fHjx9RS6fLlywkJCTzPjxw5Mikp6dChQ0eOHKHB5QVBoK91NLo9lUgTExN//PHH510bfj+USuWIESMoQfe9e/cEQaiuro6Ojr5+/fofcmq/RBBCeJb1cLCTIiyIAiEYQcgiIGGgFCEZxyokvFLKuqqkvq7OLmo7BgF9bR2NF8ix7LhRgyAgeay4uUp+BJTdlxYTAmqNhvzCJxXllVVV1eWl5UaTubiwOC8rp7K8orJCV1tVXVmhKyrI15YWV9fodLqyqmqdXl9TVVWuLXpSUaat0ZVXV5TWVJRWV5YbjHpCAIaMnUdAs5YB9MmCvmyKolhUXnP+Qd7lYkOZY3Po3pJzdlPYq1VKhVouU8k4pZRTSlglzyp5RsExco6Rc0jGISmH5AziWUR5ZRjESKVSqVTKsDxCDCQQA2Ihot5sEgnAENkUhC8LNg1hY1gslvfeey8xMbFZs2Znz569c+dOmzZtlixZ8jybJS8vr4iIiIiIiOPHj+t0ugEDBuh0uj179mi12uHDhw8fPlwmk7Vq1WrevHkrV67cuHFjQUFB27ZtY2Njz58/39DYr1WrVl26dLlw4cLKlStTU1MZhqFO8FYVIsdxEyZMuHbt2rVr1xYsWDBhwgRRFI8cOZKSkkK5+2jkcUEQjhw5kp6evmDBgkmTJl28ePGHH34wGAyUJvTs2bM3b97s2rVr586dWZZNSUmZMmUKQmjt2rWUMK1R63r06NGsWbM7d+6sWbOG8mGePXs2Li5OLpdXV1dnZWU1JDV5HiQSCSVNiY6ODgkJefPNNw0GQ2RkZEZGxvPkFoZhunfv3q1bt/PnzwcHB4eGhqpUqoSEhDNnzlAya4lEMnDgwBEjRkRGRoaGhoaGhnp7eycmJp45cwYhFB4eHhgYKJfL/f39c3Nz58yZ8+abb0IIExMTo6KiJBJJdXV1eXl5U5Pd3wB7e/s333zz/v37Dx8+fOuttyZMmGBvb3/27NkrV654eHiEhIQ0b9582LBhJ06cuH379pw5cyZOnGhnZ0fd7VxdXUePHu3t7T1q1Kj4+Phvv/2Wxv6ifKRlZWVDhgyxqp0bwtvbOzQ0NC0t7fvvvy8rK+vXr192djYlJwwJCfH3979y5cqLq+3q6hoWFkajgU2ZMmXKlCkSieTUqVO3bt3y9vYOCQnRaDROTk5hYWErVqzYuXPnkydPevXq9fjx4++//16tVgcFBbVs2ZJS11BQ8sObN2/u3Llz1apVnTt37tat2xtvvJGWlnbw4MEnT54MGzastLT05MmTeXl5ffr0oVyCvr6+nTt3Tk5OXrt2bWFhoUajiYmJSU1NbfiQb2dnp1KpcnNzP//883v37s2dO7epae4vh7u7e2BgYGJi4j/+8Q+dTkc5PE6cOEHvGVVVVdXV1b8qNr2Li0unTp1u3769cuXK6upquVyemZl58uTJyspKhmF0Ol1VVZVarXZycuJ5Pisra86cOcOGDXv33Xebxtqmos4bb7xBRb5Ro0ZZdTh2dnaTJk26c+dOfHx8SEjI5MmTpVLp6dOnExISPDw8FixY4OjoSAgZPHjwoUOH7t27Fx4e3q9fv0ePHkVHR1MWyt/cY78NHMeFh4enpaUdPXo0MTGxffv2KSkpWVlZ1L+ULvw2bdqEhoZu3Ljx888/T0tL69atW0FBAZ0tkydPfoEuwt7enprtzZ8/f+jQoVZirUbIz88PDQ0NDg42Go3Hjh0rKioaMWLE1KlTlUrlwIEDY2JiYmJi5syZM2LECEJIdHR0SkqKr6/vyJEjKVXS3//+96SkpC+++MKqSf6joNFo3n777X/9619bt27Nz8/v169fUVHR4cOHCwoKRowY8WtVcL8cHMcFBgZ6enqmpqYuXLhwyJAhZrP58uXL165dU6lUNTU11Bp8+PDhdLueO3fu0KFDMcanT5/Ozc319/enTK2/ttCBAwcOGzbs8OHDb731VnBwsI+PT3x8PJXPZ8+e3aVLl9/cIrpAbt++/e67786cOXP8+PHvvPPO6tWrt23blp+f36NHj/z8/L179xoMhsmTJ1Nu8KaZTJ069cKFC1FRUR999FFSUpKvr29iYuLx48ft7OxCQ0Opfq8hPD09Fy1a9M9//vPAgQPFxcX9+vUTBGHnzp3Z2dmDBg0aNGgQz/OvvPLK9OnTd+/e/fHHH9N5FRsbGxUV1aZNm9GjRysUCqoZjo+Pp4yvz3wFcHV1nTVrVmZm5o4dO7Kzs4cMGaLVaiMjI2lBM2bM+A09Zm9v//rrr9+4cePChQuzZs2aMGFCTU3NiRMn8vLypk6d2rlzZ6PReP78+YMHD1ZXV/fr108UxaioqLi4uO7du1OK4IKCgmnTplVVVW3fvv2Z14bfD5lMNnHixKtXr16+fPndd98NCgoqLi4+cuRIcXHxXz1qOYRQKpEoeU4Uhadh+zAkGBKCEOYQA3lOwNhoEhhstpdJGJalsQQJARKpxNnJHmBgX93Muc61WJWpNNd2Is2qKqvy8wtMZtFkESwibtuh/d27982CYO/gVFVTK1cqIcvX1tZxUikmkABIEGPv6Iw4rry4yCSYGcQSyGKCLYLZ3a+dd5vOgCCWl0hU9hhAkdSzxdD/xwSXV9WVVWTIpRJ3ZweNSqaSyNUOUmwymoxGwWIRBFEUsIixSICICSZExPXR6hkIAQCIQVKpTMLyLMNAWO/TSAAURVE0WyyiaJMHXxZsAmFj9OnTR6lUfvvttxhjqVQ6adKkGTNmWC/lDMM0okkAAISGhjIMs3///kuXLp0/f54Q4uTkNH/+/MmTJ1NnKgDAzJkzWZbdtWvXd999R8/IyZMnU90XTaBSqRYvXowQunLlysqVK6l+ZsKECT/88AOVGyGE7du3X7Vq1ebNm6OiohISEuhr35w5c8LDwylzWt++fQcOHHj9+vULFy688sorH3300cqVKzdv3hwTE0O95qRS6ahRo/7+97/TkFwIIeEpntkb7du3X7FihVXtRu9wy5cvv3///rFjx2JjY8eNG0cN1RoJzNRvpJ5cGIBWrVp9+OGH7u7u+/fv/+ijjxiG6dChw7Bhw65evfo8Sdvf3/+DDz5wcnI6evToihUrqK6vS5cu06dPpzc2X1/fpUuX+vj4bNu2bcOGDdTZpmPHjtOmTQsLC+N53tfXd+HChUaj8datW++//z5CyN3dPTg42NHR8aOPPsrLy8vPz3d2dmZZluO4hscMQogG7G4osdNkLMtSb3g6Degf+/Tps2bNmv379588efLTTz+lNiEjRowIDg6md7vAwMBVq1Zt3779hx9++Mc//kGVVN27d581axYNfzdt2jQI4YYNG44cOULlOrVaPWfOnJkzZ1pFgkbdO2XKFJ7nt2/fHh0dTQc3ICAgIiJi+vTplFKfuvA1/IpW2/rj4MGD16xZc+DAgZMnT/7zn/+k4zhu3Ljg4GAaJJNl2VmzZikUip07d0ZGRlonAD2hrZ1gzdDe3v6dd965fv06Va1v3Lhx4sSJUql0+/bt165doyo4Nze3+fPnh4SEUCNSiUQyb948COHhw4e3bNmCEAoMDFy6dOm2bdsYhqGDolAolixZ8tFHH2VmZkZGRo4cOfL3CIQuLi5z5841mUxHjx5dvnw5wzB2dnajR4/u1q3b8uXLS0tL09LSqJ7NSoNEnS3pcDfN0NHRcebMmZWVlT/88ENERATNcMSIEX/7298+//zz8vLylJQULy+vbt26jR49et++fTdu3GAYZsqUKS1atHhmDQcOHOjh4VFSUjJkyBCrBgBC2L1791WrVu3bt+/w4cN0i6DXpqCgoFGjRtE0AwYM+PDDDzdu3BgbGxsbG2tvbz958mSGYfbt22fdRmi7fpajxTq+dBTooqAT3vrHRjxSLMtKJBLrJ6+++uqXX3557Nixy5cvR0VFtW7dev78+Tdv3kxISKClK5XKt956y97efvfu3QcPHjx48CAhxMvLa+HChbNnz5ZKpYIg0IJ4nm+4Qj08PKZNm5abm0sJOQcOHMg+RcMmzJw589q1a3Ruu7i4zJ8/f/bs2ZRNp3///h9//PGGDRsohxONtTB27Njp06e3bdu2oQv38/ZG2pPPmxUN0TQZz/MTJ07keX7Hjh1nz549deoUIcTDw2PevHlhYWFUC2fdVxs2nE7LhrRYVmfd53lB00+sbmxdu3aNiIj44osvTp8+HRUVhRBq06bN4sWLi4qKtm7dmpKSUl1dPXToUJPJtHHjxosXL168eJF2zsSJE8PCwtq0aSMIAs2zUYkSicS659D9x7r/02dTb2/vbdu2ffvtt3QD7NGjx6RJk0JDQ1mWtQ50o86k0+l5ZNR0HMePH3/u3Lnr16/7+fkNHTp04cKFarX6+++/p1sWnVHz58+fOHHi81aco6Pjp59+6uvre/z48Q0bNtAOb9eu3dy5c8eOHUuNSCnBibV1ISEhPM9T+5To6GhKLDd79uywsDC6s8nl8oULF9rb2x88eJDmybJs375933vvva5duyKEAgICQkJCjh07duvWLUdHx3HjxjVdmFRlx7Lst99+GxsbSx/gPDw8wsPDp0+fTt10nzlPaOdbOZ/ocUz/m3o/fvbZZ1u2bDl79uzt27cRQtQt/+2331YoFK+++uonn3zyzTffnD179vTp03QHHjdu3Ny5c2kHQggxxk09GxuClm5dtgghWoGn7Jf1bvCN6szzPOXighDSQ3PTpk3nzp1LSEhgWZZGVKP75/PK/SuAcCyCkAiiCIlIMMT15KEYEAQBYRGQSXizRTSazXqTmcaEoAwzRqOpprZWJZUwOn0bc3U/BMysCxChSqVyddWYBZFheYaXKFWqgDatBUxkSrvq2lpOIuOkCqPZLAKACZTIFUaDieGlvEJl7+qhr6shAPISpYiJXl9r56ShPn+CxWyqq8GiSDDBGAMCMAH4qYUzBqCqtk5XVZ3OILVS4eKgcpbx7s4OKrlMNJnMRqNgNgtCfUwLUQSYEIAggxAgAEIolcvoBKBWo9TJkBBAQ2MAm4rwJQHa3DcpDAbD559/vmbNmjfffHPJkiV5eXmiKFKhQqPR0G3LbDanp6dXV1e3bt26EY8ZtQKlNir0okNdaBrudwaDIScnh4bZoTmXl5ebTKZWrVpRTwBBEAoLCwsLC81mM92jXVxccnNzJRIJ9SWgPkjFxcX5+fkGgwFCqFKpfHx8rIwytBrU+IoSvpvN5oKCguLiYkopKZFIPD093dzc6Dmt1+v37du3ZcuWTz/9lEbifmbPZGdn02pTxzBvb+/S0tKCggIHB4eAgICamprHjx/LZLKWLVtarx3UNA4h1K5dOytnWnl5eWZmptFopKZHMpmspKREqVS2bt36mUVjjLVaLXU1pHzorq6uNHazNU11dXVaWhq1aKImc97e3tYLhCiK1LuPXjjUajX1xHj06JFUKqUBPNLT06uqqlq1amXVC5WVlaWnp9vZ2fn7+1vLevDggdlsbtGihYuLS2VlZWpqqlwuDwwMtLLzlZaWZmdnUzZahmG8vb3d3d2tr6c09m7Dtri5ubVo0cJ6tlETZZ1OJ4oihJDywb44JJq1daIoIoScnJxatWpFK1xcXJyXl2dnZ9e6dWtr+rKysoyMDKVSGRAQQJM1rBU9xb29vZs1a9aI8C0zM1Or1dKLoLOzszUYBp2KUqnUGrSDxoaurq5WKpWtWrWSSqWiKObm5hYVFVksFoSQnZ2dr69vQ0sn2nWZmZkmk4nm7+3t/fjxY0KIdWmYTKaHDx8aDAaO4/z9/X9tpLhGoFHUqRUrve54e3urVCrKGt+iRQtHR8e0tLTKysqWLVtqNJq6ujoageN5MQlohnl5eXRVUr5KlUqVmppqNpt9fX1dXFysXS0Igr29PQ1s/czqPX78uG/fvh4eHtu2bWsYtc/K/UD7il6Xvb29GwUSpK5olG5RJpP5+fkZjUbqq+bh4SEIwv379wkh/v7+LwjkQAihG5o1/5qamtTUVIVC4ePjI5PJCgoK8vPzNRqNNaoEHcesrCw3NzcaXyc9Pd3Dw8NgMBQXFxuNRlrc4sWLY2NjDx06NHLkSPqhXq/Pzc2lAU4ZhlGr1XQ46MNKWVlZdna2k5NTw7ANlJKKRuyUSqU+Pj404LtMJmvfvn1+fv78+fMjIyNPnTrl7e1Nfb3ohGw48Wh8C7p8aGe2aNHCGuNBr9dnZGTU1dV5e3s/81GGesEVFBRwHGf1xXom4uLi6IbfaN5ag9Rbl4aPj4/11KitrU1PT0cI+fv706kiiiJNTxcpzaSysjIrK4s+3j1TyC8vL8/JyWEYxupHbTKZMjMzy8vLaYdrNBoaACkrK8vOzo4y+wuCkJOTU1JSYrFY6MFhnQmEkLy8vOLiYhcXF6tLPFUc5efnOzk5+fn5QQgfPXpUU1Pj5+dn5bOlLaqpqcEYsyzr5ubm5eVl3YgKCgqePHlib2/f8LmnqKgoNzfX0dHRz8/vmT1MCHny5Ak9rzUajY+PD8dxZrM5JyeHblkIIXt7+5YtWzbkKHpmPlVVVTT8BsaYsmo1pKTOzs7WarVeXl7WGdJo+KRSKWWTsi5GGuA+JyeHxiuizNLNmze3TmN6ulksFgcHB39//+TkZEEQvL29G7kJCIKQl5fXcAv19va2sjfX1tZSa1IaFIR+otfr09LSLBZLu3btZDKZVqvNzc1teNTS2EV5eXl0fBvNPdq0kpISem2QSqWenp6urq605kaj8cCBAxs2bPj000/pg2bTzqTL1tnZmZ5xRqMxIyPDaDS2adNGoVDodLrU1FS6qK11pp+o1WrrWNPbTm5urslkYlm2WbNmLMtqtVo3N7eGTO9/FZSWlmo0GgChg1Lh7aSEFjPAWMpBKc/JJbyUYxmGQwwDWVYEsM5sKdVVl1XXYQACfTzKjGJmQamDnXpS0KgZb4wlFiBAxPLVBNkLGBCARIIIRAQgjBCGHCaA8sqIABHIUgoZDBAGkEAGAyRCBCCDCcAAEQAJQBgADCABCACGEFGbdi96y+rivBxA6gNeEILr/0fFPEEURYGIIsEiIsSeR74uDlilFhnWzdmxmZM9D6FoMQkmi2gxixahqs5wJTUbIOjr26p3737F+TmFudlabXFFla7WYDKYLSIhGIBRY8et+my1u4fHyx6u/xJ069bNStBAY0Q3BQ1i3KJFC5tAWI+GAqE1mNt/PWpraxctWnTv3r1vv/32b3/728uujg022AC+/PLLpUuXvv3225999llTl6e/CkpLS3v16qVSqb7++ut+/frRa+K1a9cmT56MMb506ZKVpOoPh1UgPHv27PDhw/9Dpdhgw/8mqqurV61adf78+e3bt/8ec9//NVCBEAKokPJ+LnYsEIlFZFkg4ziFTCJhOcQwDMswHC8CZBREXXXdk4oqsyi09fGoMJPM/FK1nVouk7z3zowBfbrQgIQYAEIQgSzliaF0MgRwGKKn7DL1pKMigBggkUqMABHKNQoRBgwBABNIABIhpAxoQmXJuU0rU+/eIRjXkzZRsZDGrxcxwaIgiORprHtIsByInmqFIFeUGCwQIAABg5BSIXN1dvRw1Tg72puMprNX481Gvaen98DBw8uf5OdnZxYVPamo0tXUGQwWi4AtmMBRY8ev/PwLD5tA+AfhVwmENpPR/2lkZWWlpKRYraRssMGGl4Wffvrp3Llzd+7cOXXqlJeX16BBg34DheD/HVBNb2xs7D/+8Y9FixY1b948PT19/vz5FRUV06dPf57OzQYbbPg/jsLCwsTExBkzZjTiFbPhF8IkCBbE2/FQj2swJgLGFlGECLEQEAxFwQIgSwgGkAAIqBQGAKRR301my7qNO2/cTBg8qJ+7myvDsAQAAiCGkBAoEmARqaAIMayXAEUIAWQIQAQwBEJC6ilJIYAQMQyNRgghABAQYjIYcpPv/Rh9qrKinEGMgJ+GOSRP/0Xj1xMAISAA0lD3hEALQRYBsxgQTAQsAkAESIwmc1lF1aO0bACIIOKqOr1GrRRFEQDCcjzLcYhlIUQEAQAIgiyBIvhru4j+tWETCP8NGvT5xfGF/8vQvn37c+fOUXqGl10XG2z4n0ZJScnOnTtzc3NVKlVQUNCAAQP+0qsSQrhq1aoVK1YkJiZOmjSJGpw7ODhMmTLlvffe+1W0Pb8W1H5PpVL92lj2Nthgw88iICDg9OnTjcLK2/ALQQCxCKK2qtbduxnCgsFoFDE2W0QAECaAIQCIhEAsYGARRIyxiLGIrXZ8EBBib6+WSiV5ebk11ZUQMSImGBACIA05SCCE9bHpEYEIA0QgIIAhABIICaBpGIggQghC5imnCyD03wRySsdeE8NMBn1FUf6T9OTCjMcms5UNnsqlAEAIqO8fhBBCAiEm0CKKEoAhAJhg2lTwNIAEAQATTAiBEGAsAkh9SnmWZRFiEWAQYgjG9bEvXsrA2GATCK3gOG7QoEHOzs7PCy/xXwnq7/Sya2GDDTaAwMDAiIiI8vJyR0fHMWPG/AZC+f9r6Nq16+bNm69evVpeXi4IAsdxzZs379ev328IXfCroFarg4ODe/Xq9XvIh2ywwYZnAiH0PP9nG34hKmpqi6v0fo72Ynm5WRCMgigSwGKMGAyhKBJowURvMAuiKIjEaBEBqn/bcnJymBn6eo9u7SUSXiSAhpgHEFFlIEGMCBABDIYMNSLF9L8BgwHCVDcIn/oT1qsNAdUZUmmQ6iWpGAeJqCvIiju+697Vi4SGmqc/w3rBDUIEISEQQUgAhGYMIAEAAvwsT7T6jwG0WCyiKCKGBQwDEQsRgghChCAAEBNokwdfHmwCYT1Ylu3evXv37t1fdkVssMGG/0W4u7vPnDnzZdfijwSE0MfHxxpQ+08DDZzwJxdqgw022PALIWKc8aREKfe2t7Or0FUaLYJZwKwgUuZVAQOTiPVmQcCYymkAAAAggmD0qIG9e3SQVNRx+YUEIrO7vdHNURRFiyAAhgUcJAASSChxPOIkBBIAMCZQxMQiWkQCGU4qEAA4BotYsJgJhIiTEAAxgIQQ0WKBnISGhseEUXu06vX6jJzk+xUlJfWKQUAgQAAAQnV5iEBAqGBpIYBAAOsdEf8/EAipvhACYLKYBSwyHMvyPGJZwCDwNPgEBPQ/bHg5sAmENthggw022GCDDTbY8GcAAmI0W5LScwM8m6kVCmN1rcFigRaRYURIzS8xNguCiEVBIHqTkZMrACRyubR/764MxpLkfLu8GujqUpubZhzbvbi49GFKulyhVDs72akdWF5aWlZRrC11cHKxd3Gp1FUjjjeaBQGTCl2lnZMzgYzCzl4UcGlxkUWwOLi6sZwUAwgANBmNiGE4qYyVKOxdPAgBKg8/z9YdKrSX6u0/CaRcpFQOhIDuSQTyAAAgAElEQVQQAgCCAAAREAgRAwmBEBCrXGe1GkUAAgKIwWAURZFneV4iZXmOYVjEMIzIYFzvmGjDy4JNILTBBhtssMEGG2ywwYY/CQQAo8WSnFvo7erkIFNgojcLFkEQIUAYAIEQS318B0AIQQBCCCS8RCXnIcGwTg/SMoG2DKplAAJBtCAEjWZzwU/JiOE9vJozHF9RVsZzksfp6cY6o6NG4+bTUq1SG4xmU11dcWG+q6c3YKRqF02ltijv8T2D3iC3UwMCDAa9l3+bqvInDK9UO7tBgCCECrU9gKjefxDV6wghgAiIGABIICAQAoghhhAhROoT17fzqWRI7UoBNJiMeqPJ0dVeIpHynITneZ5jRVF86mRo0xC+NNgEQhtssMEGG2ywwQYbbPgzQOoJV4ggkrzSCuLi6KxSIr3eaDILoigSIhAg4qe+eJC65iGD0ZD3RBvg7SZoVBZXNTCYLC6OABF3t2aaZs2MJrGypramzuTg5KRQ27do6VdZU+cZ4F9TZ5TKFIiTSRQquZ2DSBipykFm56B0dK6uqPAKaK8xtMKIJYBAgFheYtDXqTVyxPIQMARAbNZr83MBYuqVd4QAQgCBBGIIAYIQQEwwRggDgiFiEYMAwoBQFWIDihgCAYQEAovZXKLVtvLxlchknITneJ7jeLNFYLCIGYKQTSB8abAJhDbYYIMNNthggw022PDnAUJICDFbhIJSHcO4uDk4VNVU19YZzYIoEhFjjAkBED1NDDDGP5yNfXtGEOjoY2rZjBAgqlQQAJZjEUSsBCnsVAKAAHIiRIxEKlGpCWTUTghDVgQMBgjxMhEwPm3aUpoZaXMVBkgBYD27DECEQKUTAIRq8wDA5uy71wpzsiDDPHUCJIAASDCBmCAMMEYYA/oPwJBhGYwhI4B6Cpl64RcCCIlIo1uIopiemd6716ucRCqTKSRSGcfrGbOZwdRoFNloZV4WbAKhDTbYYIMNNthggw02/HmgQf0IISaLJae4VCSkmb1aJNBcZwCEWmdiAAG1ooQQsAyTdD/50PGY/n27+vp4cjwHIY0twWCAMICYIECgCBACCCCEAMIAQIggAAhCQOq5W0QAIIQMQAQiCBFDlZVP+UUJVeaJYm1FaUbSrYSYUxazBbFcfXB6QpWEGCJCCAYYEyoNEowIBohFLEGMCMi/A05Q9hlMNYQEEELS09OrqmsUKqVEJuMlPMuyHMeJWMQAIIRsRKMvCzaB0AYbbLDBBhtssMEGG14CCCEmsznnSUlVnb65s4OcQLFOL2BCRPxUnoIQQpZlACE34+48Tstyd3d1dLBjWB5DarUJMCEiJkK9RScCANVHHQQIQ8o+CgEBBDIYQAgBRAyCECIEaXxCAAEAgiDU1FZbTCYsisa62qrSUn1tNWS5enUfAYAAAjAAgGAAiEgwJhjDpwIh4iQMJIgVAal3Iqy3ACUEAYvVP7CyUpeRndGudaBMLud5CctxLMuxgkAIYBn0Mkfifxs2gfAvA0EQysvLXV1dAQAZGRnTp0/nOG7Tpk1t27Z9ZvqoqKhFixZ169bt66+/dnBw+NPr+9+MI0eOfPzxx4GBgfv27ZNIJI3+1mQyhYeHx8fHL168OCws7CXV8T8Io9G4bt26I0eOvPfee1OnTm3aAy8LmZmZH3744YMHD56XwMXFZenSpUOHDv0luW3evHnTpk2DBg1at27dH1rN/w+ZmZkhISGZmZkAgF69eh08eFAqlf7OPAkh1dXVHMfJ5fJf+El1dfXq1avPnj37ySefjBgx4mdDThNC4uPjw8PD+/btu3TpUldX1+3bt2/atGnKlCnvvvuuLbqpDX8UMMZlZWXOzs4I/V+/KSYmJi5fvpzjuF27drm4uDwv2a1bt1atWpWTk0MI8fLyeu+994YMGcKyz76MxcbGLl++vE+fPv/85z8bLeerV6+GhISMHj06MDDwypUrGOOmn0skkvHjxwcFBf0R7fuNyMvL8/LyeokV+KtAEMUyXWWd3uDq5CCRSkUCREKwKEIEAAQMYjge8Rzn6eEeFjrOy90VMAQAVgSQICQShAkjQkgAI0CIASMCRoAMBkiEDIEchgwmSAQIA4TrZUWGQEQgJARhUB9gEABAsKXkUVLUwe8qKyoJJIiTPtVlUhUhAE89CQnGhGBACMEiJJghGPJSBmHWYuUKJVaWUQxYgBgAAQRAFISrV6+1C2wnUyg5XsLyEgj1iGFYABBibbwyLws2gfCvgfj4+JCQkAEDBmzduhUAUFtb+/jxY57njUbj8z6prq5OTk7WaDSCIPy5lf3vR2VlZUpKilwuf+YZTAjJy8tLSUkpLy9/GbX7jwNjXFxcnJqaWl5eTp4VgvZlwWw25+TkJCcnS6XSZ16wBEEwGAy/MLfy8vLk5OQ2bdr80dX8N2pra4ODg2/fvq1Wq9VqtZeX189KYj8Ls9n8wQcfXLlyZdOmTT179vyFX4mi+OTJk9TU1Orq6l/4SVVVVWpqqp+fH91htFptSkpKSUmJKIq/o/o22PBvlJSUTJw4kef506dP//LXjZcFvV6fkZEhlUqfd+bSZ5f169dbLBYqMV6/fv3KlSthYWGrV69Wq9WN0mdlZX322Wfx8fF+fn5Nz5qoqKja2lofH5+UlJTIyMhnrjuFQvG8J+M/Affu3Zs1a5anp+eRI0c4jntZ1fgLgRCgN5oKikvVdiqWQRAiCOpd7xCDpDzv5eWxeH6YUi4xQxFAiAhAEGLCIggxRIgwIkAQMhgyCLIIIhEzDEQCYiFgIGEgYDBABCIRQAIYDKlwCCGAAEBCVZEs79qp93CF3aVDu8uLSwiATwNO1IuDhAAoknr7UYIBwYAQgDEHRFYiZRBhLIB6SDaQCwkAZogYUM+RQ7KyMhLv3vX28qQx7lmOE7FICGFsGsKXB5tA+BcAxnjHjh3Z2dm/6vLdvHnz8ePHt2vXjuf5/2TtbGgMhFDv3r3t7Oz8/Pxedl3+F8GybHBwcNu2bZs+NP6q61FAQMD48eO7d+/+H6hjPUpLSxMTEx0dHZcvXx4aGiqXy3//tamoqGjnzp0eHh5/UB1/KQICAsaOHduhQwfbzc+GPwpRUVE3btx47bXXXnZF/gCIohgbG/vdd9/J5fLx48cvXLgQAPDdd9/t2bNn7969nTt3fuuttxql37Jly+XLl5+Zm16vj4mJcXBw6N27t6Oj4/jx4xsKhAaD4fbt2zqdTqPRdOzY8T/fuGcjMjIyOTnZ09PzZVXgLwoB4/LKKgnPSSUShuMRywAIEIIymWTShCF2ci6Pq9IpCISQNVhaml0NxroKXR0vl6nsHRGCBNYHeygvLRcJrNObWbmckyrkdg4AACKKtfoaTIBEaWc2WXQVZSwvVTlrECuBmNRV62QqNQTIqblfyw7dqqquYItQLw6Cf7s9AtZKN0oAJoBgSDADMOTkEIgMT2PRP20PDToPEUQIUOGTALPZlJzyyLO5h1Kpqq6sNOrrEGIQEiGyKQhfGmwC4TOAMRZF+lbBNHywJ4QQQpoartAl0nAWE0JEUcQYI4QYhmn0V1Z2KUEQIITWIpquA4wxTdmwAo2SPa+2vXr16tmzJ4SQprdWnhBCP4EQsuwztPO0YtYMm7auaQ2fmUmjr6z1ZFm2UR8+s4gXl9uwaFEUaXMYhnmmWdHPJqC6I5rhM/ukYSbPs+2xguf5jz76qOFUaTToTQfrBXje+DbKls43COEzr+MNE7ygExoW2rBvm07jZ8JaCgDgeQ1s2AMIPWPv/yWD9WIwDDNlypSBAwf+bG1p7z2vhydOnDhhwoRnrkp692pUw1++P1h/NxqNFovF2dn51VdfdXR0tKZp2JMIoaZTruEqpqPT8HcrV8GLwzpZS3nBVGw4c563NChef/112l10Qv7CrrB2ftNmWvc9mob2Nm1R073imb8/D3SOvWCWvmDRNcqk6UR95nA32ietA9R0S7EukF+y6J65sTxzWTUcx0YT5nldZ61zw9Gk+2TDbrEuhxefJs87ChuuwUZripbbqJ7Wzqfz/JdvpE1hnQYvqJs1GS3oebsBPddeXJxer4+NjS0pKXnnnXc+/vhjOzs7AMAHH3xgNBq3bNmyd+/eGTNmNGzLDz/8sGXLFoTQM1V/KSkpWVlZ3bt3DwwM7NGjx4wZM6x1FgTh9OnTqampFovl/fff/1kL+RdsaD87k19w22k4dnSwGn7V8Dx93tHftGINt6xfu3Kt2TZcKS/umZcFWlWjyWw2WxRyGZXuEIJqO2WrFm4WIBTwenvnVg7Q7pL2gp9RU11Vfe9+ilypdPPwqDNaAGIJZCRKu4z0TF6urK6uk8gVBDItAtpWlJdjjHUVFYjjndy8DPo6o8FoNBrUOq1IIMG4plIX2H0gQJDlZfauHhK50lBX97RaT1V9gBBCAAGAEEiowSmhboSE5UVRAMxTS1EIEawHwBAhVO8RCQAhRKstMRpNvESKGAYxDMOwgiAAAoGNVOYlwSYQ/n8QBOHMmTMHDx40mUx0yxg3btyUKVN4ni8uLt65c+e9e/dmz549ePBg6yd6vf69994zmUyhoaGDBw8mhKSkpKxZs6aiooKegh07dgwPD9doNDT9nj17YmJiQkJCbt269fDhQ57nZTKZXq/39vb+6KOP6CFBcebMmb179wYGBmq12kuXLmGML126FBoaGhwc7OjoSFdUamrq999/n5mZSQ+kYcOGhYaGUp+uW7durV27tlOnTvPmzVOpVGvXro2LiwsODq6oqDh37pzZbIYQNm/efMGCBS1btrQWmpGRsWnTppycHIwxz/Ovv/66Tqe7ffv27NmzqXjZsLuuXLnyzTffNG/e/J133rFqw0RRjIuL27ZtW0BAwDvvvKNWq6urq48dOxYVFUULVSgUQUFBI0aMoKpLnU63aNEitVo9e/bs1q1b00yys7M3btxosViWLVvm5ubWaJgwxrGxsdu3b588ebJerz958qTFYqHNmTVrVocOHawbfW1t7Y4dO65fv05teOzt7adNm9a/f/+GUlNBQcFXX31Fmwwh9PLyeuedd/z9/a0JLBbLiRMnjh8/bjKZIITdunV78Swym82ff/75gwcP3nrrraFDh2ZmZm7ZsqWysvJf//rXl19+STW9DMOMHDkyNDT0BeoUjPHNmze3bt1aW1tLP+nVq1d4eDg1nTKbzV988UVKSsq0adMyMzOvXr1KOyEgIGDevHnu7u7WfLRa7d69e+Pi4ugDhKOj46xZs7p37/68i9Tdu3fXrFnTq1cviUQSGxur1+sZhgkMDJw5c6a3t/fzpOUff/xx3759RUVFVIyRSqV9+/Z944037O3trc25f//+3r17aVdzHNe1a9ewsDDqFkvtqY4fPx4TE2MwGCCESqVywoQJI0eO/E/4KP7000+rVq1yc3MLDg7esWNHUVERIYTn+cmTJ48dO5YOyvHjxw8dOtSzZ0/6lk+dJw8ePHju3DmLxUIl/9DQ0GHDhrEsm52d/eWXX2q12vDw8AEDBlgLqqio+PDDDyGEs2fPbvhUr9fr16xZc/PmTQDAkydPli1bFhAQsGjRIh8fn5KSki1btjx48IBOWoZh/Pz85s6d6+PjY81z27Ztd+7coSPOsuy4ceMmTZrEcdyxY8f2799vMBgKCgqWL1/+2muvvfvuu87Ozk174MmTJ999911iYqIgCAzDDB06tJGdGyEkPz9/9+7d9+/fp1c3T0/PsLCwV1555ZkXqRMnThw9enTEiBE9evRYv349vfj269fPmqCmpmbRokUAgLlz53bq1IkQkpiYuGXLlrKyMrpV0s2KThiM8YYNG+7evdu/f//U1NTHjx+zLOvo6FhRUdG7d+9Zs2YplUqarcFgoIMyefLkn/WVMpvNO3bsiI2NpSPIsuyAAQPCwsIaOj3Gx8dv3ry5qqqKLroePXrMmTOnoTmfXq8/duzY2bNnjUYjnahhYWH9+vVjWTY1NfWTTz6Ry+WrVq2y7vkGgyEkJKRly5azZ89u2bJldHT07t27u3btihC6ceMGIaR///7vvPMOIeTOnTvfffcdXUR0gYSEhLi7uz9z0dXU1Bw4cCAuLi4kJCQ6OjojI4MQIpPJxowZM27cOKuBJcb43r1733zzDT2SAAAcxw0ePPjNN9/kef727dubNm3ief7rr79u2Mbr169v2LDBy8srPDw8JibmypUrH3/88fHjx+/cuUOPhrFjx06ZMuXhw4cbN24sKyuDELq7u69YsaJZs2bWTAoLC1etWvXkyRM6vr6+vosWLbLu5ydPnjx8+PDAgQNbtGjx3Xff1dXV0c589913u3Xrptfrv/3222PHjgEAkpOTp02bNmHChKCgIJZld+/efeHCBbPZTFfHa6+9NnPmTJVK9eKhb4jq6uoDBw5cunSJTgMIoYeHx8yZMzt16kTndkRERF1d3ahRo+7evUvXCMuyXbp0mTlzpnW/slgst27dOnDggFarpf7JPXr0eEGhgiBUVla6ubn17dvXOnuVSmVAQIBcLi8qKqqtrbUOwd27dyMiIlQq1eDBg0+cONE0t5s3b9bU1PTs2dOalXWSZGRkbN++vaCgYMaMGW+++eYLjhhBEE6dOnXs2DHa+RKJZPr06dSh8cGDB1u3bq2oqNi3b59V1s3KylqyZImrq2tERAR1C7x37966deuqqqqoQKjRaN5///2AgIDy8vJdu3YdPXrUbDYnJCSEhISMGjVq2rRpDMPU1tauXbs2KSmJ7ipqtXr+/PkdO3akPZ+QkLBu3Tpvb+8xY8Zs2bJFp9PRg3vZsmUODg779++/efOmxWKRSqVjxowJCgqyGkDp9frTp0+fPHlSr9dT58kJEyaMGzfO6pIdHh6uVCrbtGlz/fp1nU7n4OCwZMmS/6hHwO8HAcBgNIkiZgBgEOJ5BkBMCKnS63QVWUWAq6jUAogZBGUyiVwuraioKCjUOjg7I5aXikQi4SGDfAP8BJGYLMRkMtZUVWIAEMsSAkVBYHmJUFsrUyhMdbXlRYUEIo6XAoCp7x8G0AKgGaCnxqINbUcxnW4QEAIgpPExIDQDxkIwBgyV6RCEBEGIEEQMIgAiBACGT2XKurq6yqoqCcPwPMdzPBaxINgcCF8qiA1PUVdXR88zhJBEIpHL5RBCe3v74OBgi8VSVVW1YMECnuenTp3a8KuYmBiVSuXq6pqQkIAxPnHiRGBgIMMwHMcplUqWZWUyWefOnakHOSHk/fffl0ql7dq1o/sUz/OvvvqqVCp1cnK6efNmw5xHjBghl8tnz57drVs3ukgQQo6Ojps3b46Pj3dycmIYxsXFRSKRSKVS+irs6uq6Zs0as9lMCDl06BCEcMCAAVqtlhAyadIkCGFgYKC9vT3DMDzPQwh5nh85ciSVJwkhjx8/btOmDc/ztNoIIQcHB7Va7eTkdPDgQfrw1hAFBQU8z2s0mt27d1t/rK2tjYiIYFl26dKltbW1dXV148aNU6vVVBTkOA4h5ObmtnLlyurqakJIUVGRq6trhw4d6N2I4u7dux06dGjRokVqamrTkbJYLNu3b2dZ1s/PT6PR0JMMIcRxXLdu3ejFiFZv1qxZdnZ2tGiZTMYwjLu7+6ZNm6xZUXsk+rlSqeQ4juf5Vq1a/fjjjzSBXq9fsWKFRqOhs4JODHon6Nq1q16vb1o9g8EwePBgCOFXX31FL3mvvPKKQqH429/+RvuWvomq1eqVK1c27VUKQRCWLVvm6upKy5VKpbQVI0eOpNKLXq+nokhgYKBKpaLEzVQSe+ONN+igE0K0Wu3gwYMVCgXDMLSBDMO0bt16//79FovlmUWfOXNGIpHY29s7ODhIpVJHR0ee56VS6eDBg1NSUuhKmTdvnkwmW7NmjcFgIIScOHHC29ub4ziZTGZvby+RSCCEDg4On376aU1NDW3OmTNnqAEzwzBqtZrjOIVC8cYbbxQUFBBCKisr58+fr1arEUJ0sBBCzZo1W7NmDZWHfwmSk5N79OghkUguXrz44pSXLl2SSCR2dnaBgYF00OkK8vb23r17Nx2UTz75BCEUFBREP6msrBw0aBCtoUwm4zgOQtisWbNly5bp9XqDwdCrVy8IYWhoKH0Opzh37pxCoejfv39ycnLDClRVVQ0fPpzK5FSoa9WqVWJiYkpKSrt27WQyGc/zarWa7kJSqXTq1Kn0KcFkMlEBpmECFxeXFStWmEymVatWUdmGaq4GDhyYl5fXtPlarXb48OFyuZxhGIVCgRBSq9UqlUoikezfv5++oKekpPTr14+uGjs7O9pLHTp0iIqKomqiqKgoqVQ6ceJEOoIrV66USCQLFizIy8sbNmwYlYHpyxpFbGwsy7K9e/e+f/8+xnj//v1ubm4sy0okEloHuVw+evRo2kxRFKdOncrzvLe3N90qEUKjR4/meb5nz55JSUnWbNPS0gYPHqxUKs+cOfPiQacKE7pY7OzsVCoVbfjbb79N9yJCyPbt25s1a8YwjLVWSqUyKCgoNzfXmsm0adPs7e0hhHK5XC6XU1Fnx44dgiDcuHFDqVS6ublZN1VK8AMh7Ny5M91VNm3axDCMm5ubVSf81ltvmc3myMhIPz8/2s92dnZ0aMaOHdswq4YoKyubPXs2y7Jubm50X7Kzs2NZ1sHBYcWKFXQOC4KwdetWPz8/hmGkUqlaraZr087Obvny5RjjhISEzp07cxx37tw5a85ms/ntt99GCE2aNCknJ2fGjBksy3bq1Ekul9N9BkKo0WiWL1/u4+NDLT6obcKQIUOoIE231oCAAI7jrEchz/Nt27a9ffs2TfDZZ59JpdLWrVu7uLjQIwkhRJ9Q6ZU9KCio4QKJiIiorKxcunQpbaZKpaIjaGdnN2PGDJ1O9+LRbzgcffv2tWZCBSqO4/r165eQkEDTdOnSRalUtmrVylpzCKFKpVq4cGFpaSnt2MjIyJYtW9IJTHvG2dmZ47i2bdtSGbgRRFHUarV5eXl1dXXWH/V6/bJly2QyWfv27a2LpaKiYvjw4QihZcuWbd++HQAQHBxMN1IKg8EQFBQEIbx69WqjUvR6/erVqxUKRatWrZ659htmMnfuXEdHR4SQVCqlu4GLi8sXX3xhsVguXLjQsmVL+lpt/SQxMRFC6Ovre+/ePULIzZs327dvT6eWvb09Pd18fX2vXr2an58/adIkKuPRlbJkyRKz2ZyWltamTRtalkwmY1mWYRhPT88dO3bQGXvq1CmlUqnRaFq0aEEnD93KevbsGRQURIeDapx8fX0PHTpEN1tBEBYvXuzo6EhXjUwmo1N0xYoV1gnZokULtVrt7u5OJ5WLi4t1uP8c0IeDXwuOYf4W4NOjY6C/r+fUcf3PH92Yd/9ETOKmf8Qv/iBuQWTiN+k/nUm5d+5ewumkxKg7iedvJZy/dffyzaTr1+7Fxd6NP5+UcOHBg6gHj849fHzmYWbk/Yzj97OO3M8+dD/38MMnhx4W703K3/+geN8D7e6kot1JRbvvFe9PrT6QUrM7qeSt1bteGfNmh5HTO4yY3p7+M3x6++HT2w8LbT8stP2wkPZDgtsPmdZ+0NSOA6d2GjCl28DJw8e82W3ItHb9JrXrN6l9/0kdB0z526BpXYaG9hzxZtchUz19WnX0927h6owgBADI5fKxY8YtWbBo6oTXB/Xu3bdH9+6dOi6eN6+4qOjPHJf/bnTt2rX1U4Q9B/Rvhw4d+n9UY/7nA2McGRm5ffv28vLyadOmFRcXl5aWfvbZZxDCAwcOfPXVV0qlskePHhqN5sqVKzk5OfQrQgh9kWrbtm3nzp1/+umn1atXp6SkdOzYMSEhoby8/OTJk76+vnfv3n377bfpwxU1n3j48GGLFi3mz58/bdq0xYsX+/v719bWRkVFWY1DioqKYmJifH19g4ODr1+/HhYWxjBMWFhYcXHxW2+9RV/FqO3EihUrCgsLMzIyOnbsqNVqo6KisrKyrNWzeqLTyZGent61a9dbt26Vl5cvXboUQpiQkEAPFaPRGBYW9vjx48DAwKioqMrKykOHDiGErPtp007z8PAYPXp0eXn5rVu3ampq6I86ne7ixYv0uVQqlX788cenTp3ief6bb76hvfr666+Xl5dv3LgxJibmxfwTzyvX2rSsrCxnZ+f4+Pjy8vIdO3bQLf7ChQv0VX7fvn179+5FCH399dc6nS4zM3Pu3LmVlZXLli378ccfKfvZunXrbt686ezsHBsbW1FRER8f36dPn6ysrKCgIKq4uHDhwp49e8rKyt54442ioqK0tLTx48fTZ8sX17zRv+vq6tLS0t59993i4uKEhIS+ffvW1NTs27evtLT0mZ9HRkZu3LhRp9NNmzYtPT1dp9N98sknhJDz589//PHHJpPJao6VmZk5ePDgpKSk0tLSuXPniqJ469atuLg4OkM++OCDixcvajSavXv3arXa4uLioUOHZmRkrFu37v79+y+of1VVlbOz84ULF7Ra7ZUrV5o3b37x4sXt27c3JWXR6/XLly8vLCycMmVKcnJyaWlpYWHhuHHjKisrT5w4UVxcTOcz1Wd26dLlp59+Ki0tjYyMtLe3P3LkSGRkpCAIR44cWb9+Pcdxn332WWFhYVlZ2fvvv19TU7N69eq4uLhf5T1LCHn06NHNJrh161ZaWlpDboaamprKysqvvvqqtLT0xo0bvr6++fn5MTExZWVl1qxo0YIg/Otf/7p48SLP859//nlJSUleXt7o0aPLysp27959/PhxnuenTJlC70zp6enWzw8dOiSKYpcuXRrx7KlUqlOnTiUlJQEAWrduHRcX9+jRow4dOkRERCQnJ7dt2/bixYulpaUVFRVLly4lhFy+fDkxMREAcP78+T179ri5uR05ckSr1ZaWloaFhVVUVERHR//0008RERH37t1TqVStW7e+fPlydHR08+bNm/bPunXroqOjXVxc9u7dS9vu7OxcW5NS7l4AACAASURBVFtrTWM0GletWnX16tXmzZufO3eurKyMyocpKSmrVq0qLCx8Xs8TQtRq9ZgxYwAAcXFx+fn51r/dtWsXhLBLly6tWrW6d+9eeHh4WVnZiBEj7t69q9PpDh48qFAooqOj161bZ51jZrO5sLDwlVdeWbRo0bhx41auXOnl5ZWWlkaVlnTfTktLS0xMbNu27c/6SiUlJa1du1Ymk23evLmkpKSoqCgiIkKv11+4cCE+Pp5aVYSHh1dUVEyYMOHhw4cVFRW7du3iOO7MmTObNm2qq6sDAHzzzTeHDh2i7wVFRUWFhYVjxozJycnZvn37/fv3rcdw055p+EdRFEtKShwdHefPnz927NgZM2bk5OQsXbo0JyenX79+GRkZpaWlp0+f9vDwOH369IYNG55HUkJ3AK1W269fv4KCgpycnA8//BBj/Mknn9AWpaSkHDhwIDs7e8yYMQUFBWVlZUlJSWPGjDEYDFu3bi0uLvb39+/atSuVz63Z5uXlxcfHE0LGjx8vk8nojw8ePBg8eHB+fv6dO3f69+9fVla2atUqURT37NlTUlKyePFijuOuXr1648YNqhucN2/e48ePW7duff78+YqKitjY2NatWycnJ0dERNA9gdY/LS1No9EcPXpUp9Pt2rVLoVA8fvz41KlTcrn8+++/pyRqvXv3psXl5uauWbOGZdn169fT3WzF/2Pvu+OqOtL3Z+aU2y+XJk1AEKSDVKkCdiUaNbEk0TQTN0ZXs3HVWKJriWtLNLbErCXGktiiiUaNJRpFBREsCCqCiEhvFy5w6znz+2PMyd1LCZvNxuT3vc8nn10595Q5M3Nm5p33fZ9n4UKdTnf27Fny3K5gzZo1P/74o52d3Z49e2pra+vr63fu3CmVSq9du3bx4kXieCTRJWVlZWPHji0uLlar1a+88grxQRUXF5Ps3yVLlpC9j9zc3IaGhgULFpAI8I6eixBydHR0d3cXnLdk6/PEiRN6vX7kyJFkWjcajZs3b05PTw8LC5s/f367FACPHj26d++et7d3YGCgxU8FBQV79uzhOO7dd9/tJJEYY7x3797t27frdLq33367tLS0tLT05Zdfrq2t/eSTT8j00bbfmrsQ9Hr92rVr8/LyEhISSkpKampqLl68GBQURKJ7XFxc9uzZM3fuXLFY/Mwzz1RXVy9fvtxgMLzzzjt37951dHTctWuXWq2+du1abGzs48ePly9ffvHiReERNTU1EMIdO3bU1dV98MEHGOMrV64cO3Zs/PjxhYWFt27d8vX1LS4u/v777xsbGwEAe/fuXbNmDcZ4/vz5JSUlZNhsaWn59NNPjx8/LiwzGhsbGxsbR40a9e677w4aNCg0NLQL/eWpQ4isBhTCp8792KjRBSCn1yTxk6WpYYwXwphCQCJmxQwjFjEyiVjEsgzDMAwtErMiEUvTiKZpCtEIUTTLMgzLMGKGZUlUrVgioxmWYWixRCIWSUQiCcIYY6780YP8vHytCRswNGDKgCkDjww8MnKUgacMHDJyyMBTRg6ZyK8AchjpeKjDyAhoE2BMkOWQiEMiTIkwJQaUBAP6ZzcjAHqdvqysTG80iUQSsVgsZkUiVkRRlDVi9GnBahA+QXV19alTp2pqasaNG7d161aVSkX2tKZMmYIQ2rt3b21tbXR0tJ+fX1VVFdmKJrEZ165dwxi//vrrJGU8Pz/f19f3yJEjYWFhxP+2cuVKW1vbzMxMYZAFAEgkkn/9619r167dvn37iBEj0tLSTCbTpUuXysvLyQmbN2+GEIaGhoaGhgpJd8TxKITpi8Xi119/nWyMeXl5bd26VSwWV1dXC8vZtggICNi8eXNMTIxcLl+0aFHfvn2bm5uLi4t1Ot2ZM2dycnKcnZ2XLVvWv39/lmXHjBmzZcuWzhnk//KXvyCEbty4ce/ePXIkMzPz3r17vXv3DgwMLC8vJ3eYOXPmW2+9JZfLbWxsPv3001GjRtXU1Bw/fpyM5r8a3t7ee/fujYmJkclkhFybYZhr166RFcmxY8cAAEuWLJk2bRrDMC4uLgsXLhw+fHhLS8vGjRuNRmNOTs6VK1fs7e2//vrr5ORkhmEiIiI++ugjsrd68ODBpqamc+fOVVZWDhgw4NNPP7W1tfXw8Pjwww+joqL+06JCCN98883Vq1fb29v37t37vffek8vl9fX1hYWFbU9Wq9Vffvlla2vrwIED169f7+7uLhaL582bRzyKGRkZxJAgi4yEhISPPvooODjYxsZmw4YNwcHBtbW1xKFRVFS0Z88eBweHOXPmjBs3TiKR2NnZbd++PSUlJTc3NzMzU1j9tIWTk9PSpUtjY2MpioqJiVmyZImdnd3+/fvr6+stznzw4IFKpRoyZMj06dN79OhBQvvee+89Ly+v0tJSsg+SkZFx7dq10NDQjz76yN/fnwStzZs3r0ePHvfv39doNJ988olUKv3LX/4yZcoU4viaN28e2fg/cuRIJ2y6bUGWHX3bIDk5efHixea3ksvlM2fOnDZtmlKpjIuLW716NULo8ePHbbdyCwoKvv76a4Zh/vrXv/79739XKBTOzs4HDhwYMGBAVVXVyZMn6+rqRo8erVAoKioqzp8/T8aHBw8eEGs8ISHB4jsiTg8hmovshdfV1XEcFxER8e677yYmJjIMIxKJ5s+fHxcXp9FoampqTCZTSUkJiY729vYmm6xbtmwZOXJkVFQUmeDJnjqJh2w3rUutVm/dulWpVE6bNm3MmDESiSQuLu6zzz4TYuEAAA8fPjxw4ICbm9uKFSsGDBjAMEzPnj0//PDDPn36ZGVlmQ9l7WLIkCFubm7l5eUXLlwgFnh1dfW3337r7OyclJRE0/Tnn3+u0WjCw8M//PBD4qQdO3bs9u3bWZa9dOnS7du3hVoKCQn56KOPVq9effDgwYCAgBEjRqjV6szMTDJ0aLXa8+fPazSaQYMG/aK4DnGYODg4BAcHk6p7//33X3rppb59+zIMQzg8TCZTTEzMxx9/7OPjw7LsK6+8smnTJhJCKXRUiqJefvnl2bNnK5VKlUr12WefJSUlEUrMru9cODs7/+Mf/1i9evXhw4djY2OPHz9eUFCQkJBAvneWZQcOHLhkyRJXV9dDhw49fvy4o/tACPv06bNnzx5bW1tbW9u33347LS2NoqjVq1dzHKdWq0UiUUJCwqeffmpvb0/TdEBAwNtvv+3g4FBfX19dXa1UKuPj4x0cHI4ePUrsNJ7nL1y48PjxYx8fn+TkZOFBERER+/fvd3Z2Dg4OHjVqlI2NDU3T8+fPf+GFFxwcHN59992AgACe50tKSgAA3377bXFxsb29/c6dO1NSUhiGSUpK2r59u0qlunPnzg8//CBUlI2NzcaNG0eNGiWVSl9++eXXX3/daDQ+evSosbGRuI/IO5KJr7S0lOd5e3t7spSXSCRz5sx5+eWXk5OTxWJxVyqf5/ni4uLevXtPnjz5ueeeY1mWYZgJEya88MILBoOhurpaGB8oiho9evQHH3zQvXt3iUSycOHCiIiIioqK8vJykr5x+/bt8PDwhQsX+vr6siz77rvvTpkypesJjWTfavXq1bdu3YqNjZ00aRLZeDp9+vSePXvs7OwI/Uy71966dauqqqpv374keUSA0Wg8f/58fn5+RETEgAEDOsmR02g0Bw4cMBqNZIni4OBgZ2f30UcfJSQk2NjYFBcXt0ugbY6mpiayhURSMCCE0dHR8+bNGz58eFBQUGtrK2k+4t8jgSGnTp26efMmy7Lr168nmThhYWF79+7t1atXRUXFsWPHyGRB2L/efffdl156SaFQTJkyJSAggKKofv36zZ0719PTMzg4eOnSpSzL1tfXNzU1tba2Ll++XCQSTZgwYebMmfb29mKx+P333586dWp9ff3p06eFDVyKosaMGbNx48YPP/xw165dfxK+vScDOEJQzKDmpsaDh4/eKXhYXVVbX19fX19bV6euq6uvra2rra+rJaiurq2prqmurq6qrqmurqmurqmpqqmpqqmuqq2qqqmuqq2urKuqrq+qbqiqrq+sVFdXqWuqG6urGuuqG6urastK8zIvnzh4uLa6HvMI8AjzAHAA8JDEe0IeQgwAhhADjKEgQ8gDysgjnkOYRxymMKB5SGNEA0oEGTGiRADCnw1cAHieLysva2ltFUskLCuSSKRiVsQwjFWY/mnBmkP4BNXV1YWFhRzHeXp6/vDDD8JxEhpUX19/9+7d2NjYhISEK1euHDhwYOLEiUql8vLlyyUlJe7u7kOHDm1ubi4oKNBoNImJiXl5eXl5eeQOzc3Ncrm8trY2JydHSC5ydXVNSEgg/4YQEtOrqKgoOzu7e/fuxDsnl8v79u1rY2PT0dBMThDWlG5ubo6OjgaDgbiP2gJC2KtXLyHZj2VZPz+/9PR0o9HI8/zVq1f1er2Xl1ffvn2FRWTfvn0DAwOJSFq76NOnT0hISGFh4c2bN8PCwiCEhw8fxhjHxsa6urqeOnWqpaXF29s7LS1NmJyUSuWIESNOnjx569YtjUbz32SIRUZGCqtYiUTi7OzMsiwJyKmqqrp79y5JyTh9+jR5I57nSZjKtWvXqqqqCgoK6uvr/fz8SktLBTtHr9erVCois0YyAA0Gw/jx44UFvZOT09ChQ8kGfNdBch6EivXw8FAoFDqdrt3GqqioIBbdhAkThBw8YlISB1pxcTHxh1AUFRQUJHiBKIry8/O7c+cO2ai+cOGCXq+XyWQkBIico9PpnJycTCZTbm6uVqvtaFIMCQkJDw8n2SMURYWEhAQFBWVkZNy9e9dCzCAwMPDAgQMajUahUBCxDUKeSfbLySotJydHr9dHR0f37NmTVALLsiNGjAgMDPT09Kyurs7Pz7exsaEoiqTVkcZiGIY0lsFgEDwVvwiKolJTU9umniKE+vTpY879oFKpEhIShEbx8vJSKBQmk6ntNn9ubm5LS4tKpRo3bpxwPsuyb7zxxo8//vjw4cOKioqQkJDRo0fv2bPn0qVLY8eOtbGxOX78eGVlZf/+/bu4g9CtW7edO3dWVFTY2toWFRXV1dXV1tY+evSIuJFJSJW/vz/xZsydOzclJcXPz8/X1/eLL74gQcVdeUp+fn51dXVgYGBCQoIwegQHB0dGRp45c4b8+cMPPxgMBnt7+9ra2lOnTpGDGo3G1tbWZDJlZmaOHTu2k0d4enoOGzbs888/T09PHzlypK2t7b59+5qbmyMiIvr06aPRaLKzszHGtra29+/fF/ZE9Hq9XC5/+PBhaWlpZGQkaTJfX18/Pz/BhB48ePDu3bvT09MfP35MUgpPnjzp4uKSkJDwi7IEPj4+crm8sLBw7ty5AwcO9Pf39/X13bBhAwm7ra2tJWG93bt3v3nzpuA/NxqNSqXy8ePHJSUler2+pqbGxsYmLS1NqDp7e/tVq1ZhjP38/ART9hfh4uISEREh2A8XL17EGHfr1u3u3btCBEp9fb1Sqbx79+6dO3d69OjR7n1IBqmQe+bo6JiQkPDdd9+lp6fr9fo+ffrs2LGjubmZ5/n8/HxiBGZmZhIfLHE8JiQkeHt7X716dd++fTNmzFCr1enp6RqN5rXXXnN2dhZCGIYOHUrGCoSQk5MTyVNITU0lvc7GxkYmk5HIAoPBkJ+f39jYGBwcTLZLyB1MJpODg0N5ebkwQAEAHBwc4uPjyb8hhGFhYSQut93gEW9vb6VSSbypgwcPDggI8PX1/eijj2QyWRcphRBCGzduLC8vF4vFpaWl5BMrLy8ncxz5xMiZMpksJCTE3t5e+NPDw+POnTskI4O4syIiIoT5VC6Xp6amfv75511rf5CTk7N48eKTJ0/27t174cKF3bt3xxgXFxdv3bq1trZ20aJFISEh7V6o1+uvX7+u1WqHDRtmYfKR3EixWDxy5EjzNPK2IC5BEhIvfDgqlWrVqlU8z/v5+Ql7jh1BoVAQmZyNGzfW1taGhYX16tUrISFh9OjRHZEh5efnq9VqPz+/oUOHmk+F48aNW7p0aWFhobBBLJVKhc0ImUzm6upaVFTk7+8v+Dzd3NwoitJqtXq9nvhLlUqlTCa7fPkyOYHM9SKRiDyU5FGLxeKIiAiS3PsnylUjmn8UhCIGIQrX1dVdu3XP3aOHXGEDEeQx5AHgMeIB5AHkMOQxEPQGibAEDxEAiMdPpOoBgAAgojPx5E8IIEAAQI7jWltbjJqW6FB/ADBRvCBsMj8bcxhDCAivDBTYejCmEGRoRm80mjDGEPEA6vXG6tqGiio1RBSFIUQUfCJx8eTNGhvVLa2tbt0cW2Qyo95gMhiZTqnLrPifwmoQPoFGoyFJCNu2bdu7d69w3GAwcByn0+nq6upYlh0wYMD27dtv3bp1/fr1sLCwK1euqNXq1157zdbWtqKighgVZNEs3IEYJyTIRDDt/P39zYfywMDApKSkU6dOZWRkDBw48Ny5c48ePfLy8jJnr2kLkrQg/EnyXjoJsyTGjPmfZFeVnE+Cu1xcXMx1sSUSibu7eycGoUQief755xcsWHD58uURI0Y0NTX98MMPbm5ucXFxEonk4cOHRqORTKXm5XR2draxsVGr1Tqd7lcbhCRLTbBnyHqR8BCSBBudTmcwGFauXGlu8zQ1NRkMhqamprq6urq6OqPRWFBQMHPmTHNqO+JirampaWhoaGxsZBjGIt5PIL/pOhiGEUgmyJ9kLdiutV9TU9PU1MSyrIVwhVwu9/T0vHPnjjBxIoQcHBzMt6VJ85FKILv15eXlK1asECqBZNHwPF9VVdWJRmW3bt3MSSZUKpW9vT3P823DBRFChNcuOzu7qqqKrLGIO0vYwC4tLWVZ1snJydyu6969OzFlz507p9frGxoaPvvss127dgkntLS0GAyG/1Tajqbp6dOnp6SktJ1XzJ1yxKIz32InjdL2C8IYl5WV6fV6e3t7i57Qq1cvkUik0WgIK8OUKVO++uqr27dv37lzJyAg4JtvvmEYJjk52eK76wgkXfDq1asXL14sKysjNVlVVWUwGKRSKSlVTEzM1KlTt2/ffvz48VOnTjk7O/v4+ISGho4cOTIxMfEXqQ4BAMTHqFAozEcPkUhkbnKQnOeCgoKlS5cKNcbzPGGPMA8EbRcIoVdeeWXfvn03b94sLCwMCgrat28fqQpXV9fHjx+TofLKlSsFBQXCVTzPq9VqjLEQf07SmAW+EAihv79/ZGTkuXPnrl+/HhQUlJWVVVBQkJaW5ufn94vLiICAgHnz5m3cuPH8+fPp6emOjo49e/YMCgpKS0sbNGhQTU0NMZNOnz6dmZkpXMVxXENDg1KpJAqNOp3Ozs7OvBsghH6RaMoCZOwS9noE7+WZM2eysrKEFzEajXV1dTzPd+IhFIlEnp6e5rNJ9+7dWZZtamoiFCYtLS3ffPMN+Tbr6+tJHLLBYBAu8fT0jIuLy87OPnDgwBtvvHH//v2bN2/K5fLx48ebV6l5/CHxPJNMY3LEnLOxtbVVrVbzPF9YWPj222+bl7ayspLUp2AQ2tvbm4/PZHzoaArz8fGZP3/+unXr0tPTr1y5QlowMDBw2LBhQ4YMMZ+5OoFMJsvLyztz5kxJSUltbW1dXV1VVRXxaJk/l+ToCi9FvJQCYWZJSQnDMA4ODsKARvi6nJycftFRyfP80aNHV6xYce3atcjIyAULFiQnJ1MU1draumfPnjNnzsTHx4eEhJBPg7htm5qa7t+/Tzoe2bmwtbVt2+tu3Lhx8+ZNPz+/uLi4zvdH6urqdDqdWCwWqKoIhM2+X/yaSIDSgwcPzp8/v3nzZqlU6unp2atXr6ioqIkTJ7ZVoud5vqKiQqvVBgUFWfDcBAcHQwg1Go0QtU7TtDBmEv5hks0rdBXz2AcyHLW0tHz++ef79u0jB0lQq06na2hoEELQyaD3Z7M3nsxHiIJiFolYOjJhUEh4lL29I80wGAKIAY8RDyHAEEPIAwoDyEEIIDH/AAcQfmL+EcsQAggxhBgDDAHAAEPCGAoE4xM/qSH4s4MSA9hev4YYYPzkHAgxBBDwT+hcSTZyVXXtpYzc81fyOQghoiD8+TYYAIPB2KRp9HB1gRDRDM0wNE1ZDcLfGL84IgknWA3CJyCrQIlEkpqa2nb1JpPJSIBW7969w8PDT5w4ceLECZFIdP36dZFI9OKLL5pzc/fu3bttNgtN0+a+CItID5FI9MILL5w6dSo7O/vhw4eHDh0yGo3Jyckd7QoTtNUY6PxD6kiTgIDMpoRPwvx457r2NE0nJSW5urqmp6dXVFScOXOmtrY2NjY2JCTEXDDDAkJdtcswbk6E3Tk6oWUnd3Nycho4cGBbwV9CKUGm9l69erW7krYw2s3xK5TWzKnef7GlBILsdon7LW7VuWaA4NJsuz4QmI3aoi2ZPs/zggqCxclqtXrmzJmnT5/W6XRubm4kO9ne3n7Hjh1C9DK5tqO3Jm1ta2vbv39/otdsDsJS09E7tgupVNoV1sGuN4pgt7fLkC705PDw8JiYmFu3buXk5DQ3N9+6dcvOzo5w/3Sl2Hq9ftGiRTt37lSr1fb29v7+/lFRUeHh4fv27cvKyiLnKBSKOXPmDBky5Pz582fPns3Ozi4tLU1PT8/IyFi5cqV5jF9HIK9g8SIW4geEcdfT0zMlJaVtJ+nId2GOiIiIqKionJycnJwcImEvlUqJLoXwsUdGRrYdKhFCwoYLYZoxL1i3bt1SU1PPnTv33XffjR07dvfu3SzL9unTpyu6iyzLkp2Cixcvnj59+tq1a5cuXcrIyCC8hcLmS2xsrK+vr8W1MpnM39+/rKys854swHyjp+2mD6HZMB9GeJ4nxC3tZkK2TRUzv5XFCCA8jqKooqKiRYsWfffdd62tre7u7oGBgUOGDFEqlRs3biTkKOS05557bvv27ffu3bty5cr9+/eLioqSkpIsFDvbfoNtH00g5K4HBwdbRBOQx/Xp00d4d4tPo/OKZRhmypQpiYmJpAWzsrIuX76ckZGRnp6u0+kEEppOgDHesmXLihUrKioq5HK5v79/YmJiREREdnb2V1991fbtzMsj/LujQpLxpPMZ02g0fv7556tWrSoqKoqNjV2zZk1UVBSxc7Ra7ZkzZzQaTU5ODslVIaMrifWYMGFCYGDg3r17Hz58+ODBg9DQUIsgCIzx/v37OY4jzrrO60EQp+mKmJD5VeY/RUVFbdmy5ebNmydOnPjxxx8LCgru3Llz+vTp27dvr1+/3mIkF9YD7WqTWMxrhPHO4vJ29VSEUslkspSUFHOSWwIHBwfBzUtI3Tt/3z8a8E8iDxQFxSwM75PYf+AQ1qjlH+QDLQK9vIFSqdYiCQNZGhAjkAcQQgojhAHknzgDiXFIQQAxRBAiACHGgIcA8wCjn5/VESAPoPlyjjSEYEf+BAQANOsjYpFIqZC7dHMwYfrmjXuVjAiYNOZNyHFcXV2d3mAAAIrFYmwyMV2bK634X8Ba9U8gkUhIxMurr76ampoqHCf7TITzkKzGxowZc+zYsYsXLyoUinv37qWkpBDZBpFIJJfLeZ6Pior64IMPzG9O/GDmK+y2q+rU1NSePXvevXv3xIkTubm5GOOJEyf+njo5ZKfw8ePHer1eGIu1Wq2Q1tguCNlXfHz80aNH09PTDx8+LBKJEhMTiVFN7F6dTldTUyMoahA/QEtLC6FIFYI5BQuQMNy0COo3/zkIhyehEJw+fbr5yoYEBTEMo9PpCN+gj4/PsmXLzO0lg8FA8q9KSkrkcrnBYBBYEAiIy/dXlKqLZyoUCpZltVqtxXOJJ0EikQhU453fluyGuri4WIiLkEogeR3tXki8iOb8McSFThhiLU7etWvXkSNH3NzclixZMmLECMJLeevWrZ07d5qXxGAwmHsGAAC3b9/esWMHTdMk/tDGxmbixInmmg1CY3XRoPrfgbA+6nS66upqc53l8vJyg8FAeO3IgmPcuHGXLl26evUqiYgePHhwV8wngvT09K1bt5IcyJkzZ5I0LaPR+O2335qvzAhjbWJi4uzZs2tra48dOzZ37tycnJz09PQ+ffr84lNcXFxI+5pzI5lMprq6OuFPspjz9fWdNWuW+fsS5ZKubIiIRKJRo0alp6dnZ2dfvXpVo9H079+fVIVUKiUB2HFxcf/4xz/MrzIYDBbNbdG9xWJxdHS0l5fXqVOnysrKTpw44e3tHRcX18U9GpFIFBAQEBMT89e//pXkF82ePTs/P//777/39/cn415KSsqMGTPaLZVWqxWJRCaTqaamRrBaOY778ssvz58/L5Dgk6BH4fJ2iaMsXs3R0RFjnJycTNhZyEHCGUPGoo7eyGg0CnoSBIJLWS6XHzly5PDhwzY2Nrt27erXrx/xgV+5coWQtQhXxcTEBAUFXbt27dChQyaTSafTPfvss21X5F2pYWEyBQD06NFj1apVFjVJXudXiweKRCLihpo6dWpDQ8PZs2dnz5597969kydPDhkyxNzp2i6KiopWr15dUVExevTof/7zn87OzsTXNHfu3P+oGK6uriaTqaGhwWAwCDsmra2tjY2NnWTdm0ymXbt2LVq0qLKyMiYm5sCBA+aaIqS5SYex6DNqtZqkgxqNxnv37pWXl0+cONGiV/A8f+zYMblcHhER0XZbzQJKpZJlWb1ebzGXHTx48OjRo4MGDSJGFHHyCJMjsU4FEL7oZ599Ni0tTavV3rt3b82aNQcPHjx//vy1a9eGDh1qfjKJSqBpum3AEcmPIJy9nRe7XZBIB4lE8sILL5g/lCwqzKe5rkuV/oGAAY8xxoBGwEYuTUwZIgJG491MILOnvLxNl+9yKeEFNWIncYurSmQwmTBAFCuqrqmmWVauUOqNnMRMzAz85M0DT0QjnqhJAB4ACPB/WjfwyT3//ZDZ3xgABBRyRVpyeF1xVTFZ0P57/I1G0wQwZlhWIZUCo4miqD9beTFBSwAAIABJREFUC/3/AyupzBN069bNy8tLr9fv3r1br9cLfMc7duxwdHSMjIwUUkoGDBjg7e19+/btXbt26XQ6QejGxsbGx8dHLBYfOXKkoqKCBKfRNH39+vXg4GAPD48vvviiE9etUqkcPnx4dXX13r17Hz16ZLG3SkYxQav6f4HY2FilUllSUnLkyBGS2KbX648fP94JFyWBo6Nj3759KYratWvX9evXiVOOFDgiIkKlUlVUVHz77bcCf0l9ff2xY8fUanVYWJhcLheJRDRNNzU1VVdXE5vQaDTevn27IybDroBYQd7e3gUFBUTMgzRoa2vr3//+dycnp2HDhhkMBl9fX4VCcf78+bt375L2YhimsrIyNTXV3t5+3rx5Dg4OAQEBYrH4888/F1bPTU1N+/fv/981BAn6cnd3Rwht27ZNeK7RaPzkk0/q6upcXV07dx0LiIuLIxJ5hOaEvGBDQ8Nbb73l5OS0aNEic2JJC5A0KtIiJpPp6tWrN2/edHV1bcvMlpuby/N8eHj4sGHDiFIFhPD27duE7ZZUVGRkJIQwMzPz/v37Am9nenr6Z599lpGR4erq6uPjU15efvHixdbWVlJOnU63atUqZ2fn559/npRTr9fX1dVpNJr/aeW3BaF3UiqVtbW1+/btM+ch3Lp1q1ar9fLyEnamk5KSPDw8Ll68eOrUKZ7nX3rppa5TFxQXF7e2ttra2r7yyivOzs4k3/Xhw4eEuYqsb958800HB4fZs2drtVqpVOrh4fHWW28999xzRA5E8E7wPN+RpyIiIsLZ2fnx48dnzpwRUlgLCwvNeRqTkpIYhrl582ZOTg6xAMn+yIQJE5ydnS1W+R1VWkpKiru7++nTp7/77juO4yZPnkyGBblcTiIITp8+/fDhQ+HTu3Xrlre3d2ho6NmzZzu5c0BAQHh4eHNz87vvvmswGMifwmYzWaO3vYpwbyqVyvHjx7e0tEgkEjc3t1deeWXSpEmErL9bt27u7u4QwoMHD9bV1QkD+IULF7y8vGJiYs6fP9+rVy8HB4fGxsajR48K7CONjY1bt249fPjwo0ePCPO+0Wgka1zy2RIxvc4RGxtL2FyKiorIoxFCP/zwQ3R0tLu7eycsPjqd7ttvvxViyCsqKk6fPt3c3Dx06FASa6rX61NTUwcOHKhQKMRiMWEhJjIbQg+haXrSpElGo/HYsWM//vijl5dXW9XZrkMsFvfq1Usul3///fd37twhREcMw5SUlISFhXl6ehKN2a7cipSBaDZgjFetWmVjYzNq1Kjm5maJROLq6jphwoQpU6bwPN/a2kraXa1W19XVdbSfWFZW1tDQQAJivb29pVIpy7I1NTU//vijRQ5h5xg4cCDP85mZmbdv3ybDUWtr6+XLlzsJ7uV5/scff1y5cmVdXd24ceNIboV5Jdvb2xNuYXMQTqMxY8Y8fPiQZPbm5eUR/jOLBnr48GF5ebmtrW1AQMAvtl2PHj0cHBxMJtNXX30lULk0Nzdv2LDh0KFD9+/fJz2QaB2TXwmbq3CHmzdvJiYmuri4XL58mYTXxsTELF26VCwWm0wmMmKTYhgMBlJFQUFBKpXqxo0bAsE4xvjRo0c7d+4Ui8U+Pj7mOsxdh7+/v5OTk1qtPnXqlDB98Dy/efNmV1fX0aNH/2KI+x8ZGDwxCBmKslXZyBRyzGGjo4dB4dJUUqtnxJxG26rVPi6tvH+/sLi4tKjooU6n1zRp6msbSopLGtVq3mTiOf6nREAiGY8BjwlVDMQA/DSdwp/+Qz/ZelBw+mHMA8D/pFGI8E//AYgAoACkANGgBxD9pEZP/oERhkBuozKJ7TlIm5mkgHSAyspKA8exDCJK9hRs3w9sxe8Aq4fwCYgZk56efuDAAXd3d0KsV1xcvHbtWqPRGBISIgiYOjs7jxw5cu3atQUFBSEhIQIxAMmQCQ4OvnHjxltvvfXXv/5VoVA0NTVt2rSprKwsKCgoKSmpk47OsmxKSsrOnTtJMveKFSvMt7XkcjnRCfz222/DwsL+o5SqLiI+Pv65557btWvXypUr1Wq1j4/PvXv3li5d+oszN03TERERvr6+RGAqNjZWiFcJCgoaPXr0zp07t27dKpFIgoKCjEbjuXPnDhw44OLiMmDAACIkFRAQcO7cuX379hEva1lZGZFC+m9ex8XFZfjw4UVFRcT75+XlRVFUenr6N998YzQaR4wYYWtrGxkZGRsbe/LkyWnTpi1cuNDW1tZgMHz11Vd5eXkymWzYsGEKhaJfv35Hjx69cOHCkiVLhg8fjhA6fvw4ITL938HR0XHkyJEZGRlnzpxZvnw5Eay7f//++++/z7JsYmJiF+V0e/fuPXz48CNHjmzZsgUhFBgYyHHcjz/++PXXX6tUqtjY2E7iZx49erRx40aDweDk5FRSUrJhwwadTkdo3yzsMRJbW1hYePLkSaKm9eDBgyVLlpD8W8LxEx8fHxMTk52dvWHDhnHjxtna2hYXF2/btg0AMGrUKAcHh9dee23ZsmW7d+9WKpUxMTHEPNi2bRvP8wMGDBCJRDzPX7p0acOGDaGhoTNmzLAIujYHOZNkfFkAIUSSjrpSe+YIDQ3t37//jh07Pv30U6lUGhQUxHHcqVOnjh071q1bt379+glRSW5ubv369SPKnMHBwV2J4RTg7u4uEomam5uJvQEhrK6uXrZsWU1NjVgsJoJgycnJu3fvPnXqFAkoJZRXZ8+elcvlXl5eRCBRIpEQ9xeEMCIiwmLfXS6XT5kyZfny5Xv27FGpVMHBwVqtdv369aWlpYLPITw8fNCgQcePH1+3bp3BYPD09NRqtSdOnDh9+rSjo6O53HwncHFx6dev37Zt2ziO69mz5+DBg8lxIqt49OjR3NzcxYsXv/TSS0qlUqPRLFmypKGhoW/fvm0jNs3RrVu3uLi4EydOHDt2jCh3k/DgioqK6dOn29jYvPHGGwJllwAh0y8nJ2fdunVER76+vv7o0aNSqbRnz54KhYJQBOXm5s6bN4/wSNXX1y9evFitVg8cONDX19fZ2fnVV19dvHjxwYMH3dzcIiIiCC1kRkZGVFRURESEi4tLjx498vPzt2zZQpzwhYWFy5cv/8W6GjVqFCHL+fDDD8eNG6dSqSorK7dv337//v3U1FSL6E0LnDlzZtWqVYMHDya6uOfPn1epVFOmTBGLxYRn6+bNm2fPniWNePXq1Z07d5IsTfNvZMSIEU5OTo8fP6YoavLkyW1D7/4jDBo06NChQ5mZmVOnTv373/9ub2+v1Wr/9a9/FRcXBwUFxcbGdtGjK5fLEUKVlZUHDx6MiYkJDw9HCOXm5q5Zs4bM0UTbRiKRkBYEACxdurSkpCQ1NXXq1Kltb+js7KxUKmtqas6ePevi4iKRSGpqarZv356Tk0OMus4DPgUkJSXFxsZmZWVt2LChvr7exsbm3r17hKW2o0vUavVnn31WWFjo4uKSlJT0/fffm/8qkUhSUlLkcrl59AepAeIXtbe3l8vlRUVFubm5Xl5eFrl/AIBr165BCO3t7T09PX+x/CqVauzYsTk5OcePH1+7dm1iYiJJYc3IyOjZs2dKSoqXl1e3bt0KCwuXLVs2Y8YMhNDNmzfNtUnIrmVmZubcuXMXLFigVCoNBsPx48f1er2Hhwf5hImSZ0FBwdGjR/39/ZOTk3v37n369Ok5c+bMmzfP2dlZq9V+/vnnd+7c8fX1HTBgwK+L55RKpTNnznz//fePHDlCtqcZhikqKvr44485jouPjxcG5z8jIAA8x2PMMxSUsxibDDzNVPFSI08pbLtxnM5WImEoaGdno6D1RhOPKJpCWCaTmHggk8sNJr5RrWbFUqlMgQGAEGCMzL10kER9wjZZgoK3iP/ZOPy3/weWf8P2QkohABADnR5jygYgUdvA1Kamxpq6WpVYJBFDREGK/pWxA1b897AahE9AOA8fP368YcOG1atXky2r2tpajUaTlpb23nvvCWEhEMLx48fv2LFDrVYTb4Bwk8jIyHfeeYdQh2VlZdnY2DQ3N9fV1fn7+y9atKjtCG4OhJCfn19UVNSxY8ecnJyeffZZ4SdCLE5RVEZGxuuvvz5nzpzExMTfvAZomiZKSocPH541a5ZIJNLpdITSsLW1tZPgVQihn59fRETE7du3KYp6/vnnhWwThND777+v0Wi++eab2bNnOzg4EHoeR0fHqVOnkhkdYzxp0qS8vLxvvvnmwoULDMM0NTW5ubl5e3t3cW5uF0ql8qWXXnr06NGhQ4emTp1KJIMrKysZhpk0adKECRMghD179iSRY5mZmS+//LKdnR1hHnd0dJw/fz7RGU9KSpo2bdqyZcs2bdq0f/9+iqJqamq8vLzatTd+KxDyN9Ib169f/+WXX1IURba9X3vttbfeekulUrXVA2wLkUi0ZMkSrVZ79uzZWbNmOTo6Go1GIoD21ltvxcXFdRK4pVKpiH6mUqmsr683Go0jR4589dVXiWVifuaIESMOHjyYlZU1e/ZsDw+P5uZmwlkfHh6en5+fn58fHx/v4eExc+bMpUuX7tu37/vvv1epVIR1Zvz48c8//zzDMK+++mpJScm+ffsWL17s4ODAsmxlZSVFUS+++OKIESMYhiGKC998801VVdUbb7zRiUFoNBoXL17c7uYLy7JTp05dtmxZFxrh3yCVSufMmUNcQ3PmzLG3tzcajSQQetq0acOHDxdq0sbGpm/fvocPH25qahoxYoQ5k9AvIjIycsSIEfv371+5cuX+/fsRQiRoOS0t7eTJk8XFxc3NzcOGDZswYcLu3bvff/99JycnhFB1dbXRaBw/fnz//v1JEFdYWNjp06dXr1594sSJ3bt3E5ZOAQihv/zlL0VFRQcPHpw7d66dnV1zczPJ/xTix8Ri8YIFC5qbmy9dupSXl+fo6KjVamtqalxcXN55550uBsEqlcrk5OTDhw/X1NRMnDjRfLWXnJy8cOHCjz76aP/+/WfOnFEoFA0NDWq1OiYm5q233mrLSGEOCGFycrKHh0dDQ4ODg4NgZzY1NR05csTe3r5v375tDUIiZzdt2rRNmzatWLFi+/btIpGotra2qalp+PDho0ePZll26NChCxYsWLNmze7du0+cOEGEYRobG5OSkt58801C2zh16tSSkpK9e/cuWLBA+KC8vb3ffvvt4OBglmUnT548Z86c77777tKlSzRNNzQ0xMTECKo8HcHX13fBggXLly8nj7azs6urq2tsbIyKipo1a1bbLGgBhH5j3bp1u3fvRgjV1NQ4OjpOnz6dfN1xcXF9+vS5cuXKG2+80bNnz6ampoqKitDQUK1W++jRoxs3bgwcOJCM7XZ2dmPHjv3444/t7e2TkpJ+na9GQHBw8KxZsxYvXnz58mVCukb6j7u7+zvvvEM8ul1BYGCgo6NjUVHRtGnTXnzxxUWLFk2fPn3dunUffvghYdatq6tTq9VDhgwZM2YMmaPPnTtHtA3aNQi9vLwmTJjw4Ycf7tix49y5cwqF4tGjR3q9Pi0t7Ycffnjw4AHRX/3Fgjk7O8+ePXvx4sVff/31uXPnZDIZ2bXp5NqqqiqiwlJeXj59+nSLX7t3756RkdG5HY4xLi0tLSwsHDZsWNvgWOIHUygUXRlzEEIvvvjiw4cPt2zZsnz5cgcHB6KcbmdnN3369NjYWBL9fuPGjZMnT169epWiqJaWluDgYCGoxM7O7s0338zLy7t8+fKECRPs7e11Ol1lZaWdnd3bb79NtiyDgoIUCkVRUdHrr7/+4osvrl69+r333tNqtenp6ZMnT1apVDqdrra21tPTc+bMmcnJyb/ONQQhnDx58sOHD7/44ouVK1du27aNZVkylI0ZM2b06NG/LhL1aQEiyNIMRVE8z5lMHMCY43nM8zRFyRCnLsnt1itG5ejYZIA8pBS2ElZGeTsilcROymAeIAwAD5DITYoRBSDFY8hDith6EGMMIAaC/ffkgcRlaGno/XSQ2G8/BzYTHpp/DxP9N0sS/nw5+SePQcFDE6DkiKKFewvgTKbqqirHXr7gpxRTq+zE04LVIPwZzs7OM2bMiI6Ozs3NzcrKMplM/v7+wcHBSUlJhFFGQHBw8MaNGzUaTZ8+fcynapFI9Pzzz3t4eOTm5l65cqWmpsbDwyMsLCwyMpKohAEAnn/+eT8/v3Zzvm1tbf39/U+cOJGWlmaRAzB06NBt27bl5eUZjUaSQkM008xXTnK5nCTkkPVfVFTU5s2b3dzcyL7pm2++mZqaahHv99xzz/Xq1Ss0NJREtXl7e69atWr06NENDQ08z0ulUjc3NyKXLCT7tQulUunr6yuRSAgLhflPnp6ea9asGTFiRHZ2NpEWiIyMJIQTRDcMQpiWlqZQKC5evEg0tfv16xccHNzY2NjQ0NDuBElRVGJi4qZNmwIDA4WxnqbpgQMH2trakv1RYqYuXrz4mWeeycrKun37tlgsnjhxYmhoaFJSEplNibSRo6PjjRs3Ll++XFpa6ujoSHgdBD0PhULx2muv+fj4XLt2LScnh2XZuLi43r17E3Xddve5GYaZPn366NGjCZ26p6fn3Llzm5qazMmKHB0dly1bZjKZOvL12dnZzZo1Kyoq6tatW9nZ2RzHBQcHh4aG9u3blyxMiSbe6NGjLSQNXnnlFeKOI+0VEBCwfv369PT0nJyce/fuqVSq8PDwsLCwmJiYzvdNe/fuPW7cuFu3buXn5w8ePDg+Pj4hIYHULcuyY8eODQoKIuQQPXv23LBhw8WLF3NycmpqaqKjo2NiYsjSgYitE4aAoUOHurq6EkHO+vr6Z599NjIyMj4+ntCBuLi4LFq0aNCgQVlZWbm5uRRFjR8/vnfv3gJfCEIoLi5u06ZNzs7OHSnOOTs7z5o1q5MMT4RQSEgITdN+fn7r16+Xy+XmCzgXF5dVq1Yplcp2DZJevXqtW7du5MiR169fv3PnjlKpjIyMDAkJSUhIMF89UxTVo0ePbt26URQ1cuTITmqYFHjz5s12dnaEbdXBweGDDz4YMGDAtWvXiouLHRwcJk2aFBQU5OTk9MwzzxA5SoVCsXjx4tTU1NzcXBLOPWLEiOjo6D59+pDWkUqly5cvHzx4cElJSY8ePdrNqurWrRt5UGZmZmFhobe3d9++fRUKRVlZWUxMDCFviIyM3LRpU0ZGRmZmZlFRkZOTU+/evcmXS7wWgYGBH3/8sfCIoUOHEok/Ye+MpunU1NSPP/5YrVanpaWZF0AkEv3lL38JDg7OycnJzs4mIQlhYWERERGhoaEkVu31119PSUlp1/j09fV1dHSEEPbv31/wh7i4uPzjH//44osvOtq9kslk8+bNi46OzsvLu379uk6nGzRoUExMTExMjK+vL4mMnTFjRmho6M2bN69du9bc3Ozr6xsWFhYVFRUYGEgGcDs7O1J12dnZt2/fdnBwIL7BqKgoshE2ceJEJyenq1ev5ubm2traJiYmJicn5+XlEZIeYgxv2rSpR48e5slmhK7Z29s7Ozs7IyOjtrY2NTWVfKdBQUGdjL00Tb/88suurq7nzp3T6XQRERFxcXHx8fGktETF8dKlS1lZWVVVVREREdHR0dHR0cXFxY8ePTIffCCE/fr1W79+fWBgIPlGyHGFQjFhwoTo6OjY2Fjh5N69e//zn/+EEAqvQFHU3/72t/Hjx5MsVoTQiBEjunfvnpOTk5WVVV5e7urqGhYWFhYW1qdPH1JRgwcPtrOzs7BeoqOjN23a5OXlRb4pX1/ff/3rXzk5OfX19fHx8ba2trNnzw4PDyct2NraOmDAgJiYGCIRTGpp/vz5S5cu7agPsCw7c+bMkJCQ7Ozsu3fvSiSSsWPHBgQE+Pj4XLlyhYQ+AgDee+89Mr8LNa9QKF5//fV+/fpFRUWRD2TgwIHOzs4XLlzIzMxsbm6eNGlSaGhoc3MzyWBv+2g7O7tly5Z1JP2qUCjavSo2NvaTTz7x9fUlURJ6vd7f35/4Ei3OTElJ2bRpk7u7eyfbB+awt7d///334+Pjr1+/TnhlIyIievfunZCQQD7hl19+2c3NLSsr6+bNm3Z2dnFxcQkJCURPiwRXJycnf/bZZzdu3MjJyXnw4IGdnV10dHRISEhSUhJp4sTExE8++YR84KmpqTRNJycnb968+cqVK4Q/z8nJKSoqivRz8tDQ0NC1a9eKRCKha0EIp06dOmrUqIiICKHwPXr0WLdunbOzM+k/SqVy0aJFqamp5F0ghOPGjSO39fDwII1I9gHbJW36IwBCCACWSyU2coVUxLIMTVMUzdCQojmDQacz0CpGLqIb72dKZAoHj0AbEwY8pmiMAd/dBkAAMYCE/AUBACDgIOYhBhAhDIhwIMAAQAwhRxhHnxh7GEMInzCNPikKBgBAHhKD8Cc6tZ8SDslp6KcTn9iLP10KnhQCAIAhRgDwGObfN955AESsFFFU24BsjPGjkkdxUdGtTWqrPfh00SEP5P9ZEBYZEp0lFovFYnG7XhTivDLnyTS/g8lkIvk8hNXKnCKZ5AFa0BsSlJaWzpgx4/vvvz906NDgwYMtFgFE/YKUiqIoEjVqQYNGSkUOkmII5IHtPpdkJRG2m/T0dLIYWr9+PdnLhxA+fPiwb9++Mplsy5Yt5lw7FtBoNDNmzPjiiy8++OCDOXPmtD2B4zitVqvT6SiKIupAFm/H87xWq9VqtRRFyeVymqYJDVpHPKKk5G1fh7AjWhwkj4YQkke3bTKTyURSUGialkgkLMu2JZMkvYKsgWia5jjOgpjR4n15nicVSxJgLBqr3YPtvqbBYCC9USKREO2vdp/S+UGTyUQkm0j9syzbicv3u+++Gz16dFpa2tq1a+3s7PR6vUgkkkqlHfUcgUWDBFwJJ7dtI3JaS0sLx3HkddoSJAqNRb4+C6ZTUu0dVZqQa9TRqwlMgMLX0UmjzJ8/f8WKFePGjTPXoSE9Wa/XEwLMtl2F47ivvvpq2rRpJFqyc5aLdotBGstgMFAUJZPJiBfd4jSO4/R6PfESi8VigfXKvJ5Jf+5kK0foFaTJSA237TkdfRqkVEL7tvtJCi1Ct6cuRSgrtFot4X4gQ6V5TbYtD0F+fv5LL71048aNrKwsYUOExLy98cYb69evN4+wsABZVWu1Wp7n23ZsoVStra3kBLFY3PYzJ6MxGdAIX6j52wndWGhB85G53YoybzjygQiP7qj56urq5s6du2vXrg0bNkycOFEYJSyGOItvk1Ryu9PB3/72t82bN8+YMWPJkiXm1LJtG0LgHP7F9hIezTCMWCw2ryjhcza/iUWnEtqL9BByeectSHbZhgwZsmHDhg66wM8NJHzFAtcxaaN25/e2L2jeVWQyGcuybavF4tU6KlJHs4lFb9Fqtc3NzSQdtPMzuwie53U6HZl528595r+Sft522jIajcJ41XZIJHcg/VlofWFUIfHt5r3CYt1C0G7Nk35iTj0qlJbssBAmP+Em5t9g1+vnN0RNTU0nzluaph1tbRUyCY0ATSGaQiKRSCGVunZzcHZzu3G3kDLUv/9ygkoKecCI7Vzkrv603B4gxAHEAchDwGOIAYUBMgJkApADiEOQwzQPaA5QGFA8pDGmMaCI9w5DQY4CAsATMlLwk+ogBvBnDyEEiP9pEn8iW/HEpYgx4HjA8/CJf++JuCGJRIUNTfzDMlOdGmAAdM3lZ7/6G6W+U6duLK3+Nx4sqVQ+edIkg0bDGw2hERHjX3nZ9s8c5fuHQkxMjBDO1pbzmYDkqPfo0cPqIbSEsBLt/LROaN/ITnNHC0GKotquPzQajV6vP3bs2OnTp+Pj4wMDA9uOWWRt0XkBLNj5zP1XbZ9rMeHZ2Ng8ePCgtLS0f//+o0aNQgjpdLrFixdXVFQMHjxYkD63QGtrq5Bc5OTkNG7cuI7eum12hEVJZDKZ+Qt2Pqu1a4p3dNDizm1B03TnIVJte0XnBLDmtd3uTN+JMWlR+E56Y7tt2u5BmqYVCkVXlBgsnt7RVRZVTXyAFuwpbZuj3dMsLumksdptX4v7d5GPtF2qTOFyvV5vNBrz8vIoirL4kDvpyQaDoaWlpaysbNu2bSaT6Zlnnumkw3dSDNJYnZ9G1l4dhUL9Yj2bP8j8We32nI4+DYtStds6nbcI0bLrSFOko6GytbV169atd+/eTUxMNHeP5+fnv/jii8HBwZ1HJCKEJBJJJ9lKnZdKKFvnHdXiV/NK6KQbd7Hh2l5F03RHbvN272let62trXq9Pi8vb+PGjR4eHv3797cYcNo2RLuv0O7IwzBMRw6rjjqMRVcn7dX2SLstiDHu168f8Ry2+1DhDm2bz7yN2u20bV+wbVfpPLfi1+kVmd+zk677i8NjR1d1MpK0/bVtzRASl87vb3Gw66MKQbs13/a0zt/lqVNVdwKaphzt7GzkMoh5zPMc5igAMYcxxq06LW9oHTG4X21lkVgikkgYk9FgrCuprioymjgj5o0AGSE0QKSHtA5TOsRoMa1FrB4yRsgYMGsErAHIjUBiBBIOSk2AxYDlEIsBwwMEAOIBxWPI8xBjCIhyPU8oRyHGAAIEIAQcBABCgCCmIYYQ/KRcgQEEEAGEMAIAAR4/oZmBiAGQoSBLIZZBLA2RnqEgalcnW6drLS5+4GLvgDFACAErqcxTwh/3C/m/A61WO2bMmAsXLhiNRhsbmzFjxnRRxvq3RUBAwPDhww8ePPjmm2+uXLnSxsbmzp07TU1Nvr6+EydONBctMMfKlSsJAYxIJPrb3/7WFTUwK6z4I6OlpWXp0qW7d++urKxUKpXR0dFdvPDUqVNjxowhDrFBgwYlJSX9kZcgf0bo9fpnn332ypUrRqPRzs5u4cKF5r+6urq+8sor06dPN9fJsKJz8Dy/YsWKtWvXarVamqb79+/f0S7ynwIQwueee87f33/QoEFPuyxWWNElUAjZ2tiolAqIeZ4zMRQsEvr/AAAgAElEQVSwkctkUimiWFbEuLi4YI4H+ta46EgbRT0FdIhiaYZheMxhbATYCCAHoRFSBkAZIKUHrB5SOsBoIW0AjAGwJswYoMSIxUYs4aCYgwyGLA9pHlAYIIxpnoR5YshDiDGCGAAMMYYYQIARJOGhPMIYIIggkafAEAFiKSJAjEaAEEAIA+KmhADQAFAA0BDRCNEUAAxEELSlQ4QQYoBLS0u7OzkZTf8VlaAV/yWs65WnD7FYHBsbW1lZqVAonnnmmeHDh/+nMty/CWiaXrdunaenZ15e3qNHjxobGwMDA4ODgwcOHPjMM890tPUYERERHByMEEpMTJw8efKv2AG14o8GFxcXkpr458rF/61gMBgkEomDg4OXl1d8fLxF8lsn8PHxiYyMbGpqCgoKmjx5chelQazoOiiKSkhIaGhosLe3HzVqlAWDq62t7erVq//vUJazLBsZGdnS0uLl5fWr35qQD4eEhGi12oSEhKlTp/6XdDJPHdOnT/+/0wes+NMDAqlU6mBnx9KUUa+nAN9NoWQZymjQGaGRN1GPH5bY2siVMqm3Tw8kUbA8jzmex5jHgAeQApgCoLFZ36w3Sm0kBhPPGY1KlUKEGDGg9YAxQMaEGQMQGXjagGke0TykeUjxkHoiHoFhU5NGo2mWypRiiQIiwhGDMP6JKpTITHAYcxghREFEcgwhhhACiCHEUN+i0ba0KmwdMMcziGVoBmJAYUgBhABAANMQGGnQrkGIMYYANjdryHBk/XifIqw5hH8IVFVVFRYWyuVyX1/fp7sKN5lM1dXVZWVlOp1OpVL17NlTIpF08ok2NzffuXMHIeTj49PFXHYr/uAwGAyNjY1EAuRXxCD92WEymcrKyh4/fqxUKn18fLrOhG40GolT3cvLy8XF5f9g1f2vgTGuqKgoKSmxs7Pr0aPHU9k4++OA5/mWlhadTtduRlnXoVar79+/z3Ec4YT8TctohRVWPEG7OYSIQm7Ozm5OTrzJ2NzUaC8T2Smker2hxWA0mDiWomRSiUopc3dziYlPCPeV2aI6nucBwDyAPAAmAA08/6iizgQpnYmvbWymJTLvXn4cxegBbQC0ETJGyBh51sDTBsDySMxDFmMaQ4okHPIAFT8ornhcrrSxpRiWYUUqOwe5UoUFVUKMAECYRzzHI4pCkPopURBBAInDsK66rKzkoUymxBzv7t5TqbRFPESYWJYQYUBBqK4v+/JfM/Q1t+vUTY9r/i2HEELo4uQ06pnhBq02Mjp67MQJth2ziFvxH8GaQ/jng5OT01MJE20LmqZdXV0Jj2VXIJfLux5TZ8WfAizLWpDc/p8CTdOenp5d0fKyAMMwFiy+Vvy2gBD+R6PT/9/oJMX3P4JKpbKO4VZY8VRAU5RKqZRJpXqdFgGsUihMJr1Wr29u1XEcx7EsTSGDgdFptc1NTVrOzo5hEMIYAAoAACENAMBAKpM1NLcaDAaJWCxX2YhYlkc0BWka0CZMGyFjxIjhIQsARhgDzCPMY4wxjyHgAeimkjjY+DRrWjWaZl2TRunqKGb5J0SiRGUC8JjHPIcpiBDiIYYAAIh5CBBJNNSzSCWX0DSAFJIwvIzmEYYQQMgDiBHkMcCQecJbagnCgGgwGHiOM3EmHvNtpAqt+J1gNQitsMIKK6ywwgorrLDidwWCUCGXKxRyCAErErFicUuzsVVv1Or0EGAKIRNn4jjOxPEGvd5gwhBQAPI/kX9CCCENkKuzkyOAJBCUg7QRUBykIKQgQBRACGPi12MAwAhzgONJkiCgeIg5zLs72/GY4p0wxwOdziiWiCDkMcAAIPDkfyEPASY+QUARgxAABJ8wykA3JwdXRwcIIMQIQUhhHhLBCgQhz2MEIA8RNLVr6WGMIYQQIoQghRCiUBtJRCt+J1gNQiussMIKK6ywwgorrPhdgQGgaNrWzp6i6JbGhsZWPYVo/CTdAAIIEIUARDRNU4h6ogmPMQaAKEYAADFEAAAKkkBOAAFGGPOAh5hDECAMKEgcfTSCJh5jBDiiQoEB4jFCAGJA8ZjjIWIgYCUUgMRNBzGGAEIiR4EghIioTXAIQAwhxAgCAACCAAKAEATkbAggBBhiADHEPAA8iS+FqGPXH8aYohBCiKYZClJWc/BpwWoQWmGFFVZYYYUVVlhhxe8JyJm42tq6nl5eIhErlcvVDQ0IY53BBCGkKSQSsSJWJBaLpQq5TGkjZiFkRJj43yAEHMfzHGRoCjEQPjHEOBNHIYhohoIUA5AJUnojMGITQzMYUiaAOAA5Hhs4A0Q0olgeAx5ijHmDyYQhpCgWAIghwBiYON7EA5pCNMJEhYLneZMJI4gYmvpJihBzRg7zSMTQCBJyUsjzvEmPKQRpmrCSAowxDXnCX0oMWcE0hABgCBUKBU3TFERtpX2t+N1gNQitsMIKK6ywwgorrLDidwXH44rqqvKKcjuVLSsSSaTSRnWD0WREELAMIxGLZTKpytbOybW7rb2Nyl4lsffEgCf8n4bmBq26SubaC9Is0Q/kOK6uslikcJTZOPKQwgDyGDU0qTWtzQ7dukOK5QHCAGr1hpr6eoVCJZcpiE69iQfV9Q0QIjtbe4gookrf2KxVa1q72duKGBYCAAA0GrnHVQ22cqnKRkqyBDEA9erW5kajh5uMQk9EKUwG06NSrZMDq5AxT7TtMTC1UhBgCIFFRCgGAEHo5uKKOcyyLEXTVh3CpwWrQWiFFVZYYYUVVlhhhRW/JzDGoEnTfPvO3d4hwVKpXNeqQ4imKJqBQCIWS6VSpULZzcXFCJncvJuhIWmsrQuGAEAEMQ8o1tCikdi5IYoi4aM8zzfWVigUtnJVN4goDBDP8xgik1HvYGuLKBYA2sRzWoNBr9XYK2U2ChVADMbYYOIMulaEKGcbOUXRHAAQAwYBbDI42crEDAswhBAaTby6Qe1kK1Mp5RAABAHGGHIc1nFOthIKIQgx5jFvoqsrm+3tGBuZCFEQcxjzsEJJIcEvCCEkLw8AAIBhaC8PD4SgWCSmKCs791OD1SC0wgorrLDCCiussMKK3xmY53FVdc3V7Os9Pd1pADiOoxEtFtEiiZgRiVmZvLKhKfdSlrujeOxzA0wc/ubkBQBRZJivi4KGGKs1LTdvF7Esw/G8v68XwjzEoLa2IeNanp2tKjoiiAI8wpzJYMzMzC59XJmQFOPoZE9hE8VzVWVlJ46f9urpHZcYRwMTBDxn0F26dKW7uwfNsnJbOwqbKMzl38i2s7dvbWlx7d6D4jkKYMjhutpyvV7fvbsXwgBhzmQw5N29UXAvLyIitoeHH+I5hEHpo+KbtzJtlLZ9EwdDCAHGEACWpSkITRgDCAHGAAClTK6Uy2UyGaIoiqKtIaNPC1Zb/P8rcBxXU1NTV1fXdXnJ69ev9+vXL8AMgYGBYWFhAwYMOHToUEtLC8/z/+NS/wIWLlwYFhb2z3/+U6/X/++ewvP80aNHAwMDFy5c2NjY2NE5tbW1NTU1pE4qKysnTJiQmJiYlZX1vyvY74/W1tby8nKdTvff3OT+/fvPPfdcSkrK/fv3f7ui/X6YMWNGYGDgmjVrfrVS6969eyMiIsaPH6/RaH7r0nUIjLFWq71///7/EYHZ5ubm9957Lzw8/OjRo099pKqtrZ00aVJgYODRo0efbkmeIgoLC4cOHTps2LCCgoKnXZbOUFlZ+c477wQHB1+4cAEAUFxcPHLkyNTU1NzcXADAt99+GxwcPGvWrIaGhqdd0qeGt99+OzAwcMuWLf/lfVpbW2fPnu3i4qJQKJydnS9evPgbFdASRqNx69at0dHRkZGRBQUFHMd9+eWXERERaWlpra2t8fHx4eH/j733Dqvi3PqGp+3eN70LiCJFASmiaMTYY4uJvRx7iV0TjSFGzdFETWJiiy3WKBoUjQ2xYUFEUSwo0qt0NmzYsPvM3O8f67zz7QvU5JznOSf53pP1hxfOnrnLuutqvxV67Nixf1Pt/xNiWdSobcp8nl1QVmaCew5BsDhhpNknOYU3bt6tq641mSwsi5oNRh6f8vV2b2hoZVgMsRgPI19V1mdk5pS9qidxHLEIQ8hkNtfU1pvNZgwxOGJwlkEMrWtu1mqbdFotwTIESxPI6uykcnJSdwsOIHGaYC0Ea+HzcJVSfvvGdVcXJwIxBKJJxDbV1xp0Ol2DBtFWDLE4xuKY1aRvNeh0BI7hLIsjxqI3mPXGkK7dG+pqWZrGEUuwyGTQUwTe1KjBEcJZwCTFnezt3V3d+DweiH04jnt5eLKI5fH4GIbRViti/ysOrz8h/WUh/H+HEEI3btz47LPPxo0bt3Dhwt+TUBshpNfrCwoKqqqq5HI5RVEgVRqNxhcvXty8ebNTp07btm3r27cvn8//j3TiNVRbW5ufn19fX/9vveMihHQ6XW5ubk1NzWtvlgihzMzMpUuX9unTZ/Xq1XK53GKxFBUVlZaWGo3Gf1/D/sOk1WpnzZql0WgOHDjQsWPHf7kci8VSVlZWW1v7bxXj/31UWVmZl5dXX1//L5fQ1NSUn5/P5/P/k4JKUVHRnDlz9Hr9tWvX5HL5f6zeP4oYhnn16lVBQYFOp/vDZWCr1VpeXp6bm8slAv4vJIvFUlJSguP4n3zh0zRdWVlZUFCg1+u5Zmu1WtjMm5qa8vLyunXrRtP0H93SP4xKS0tzc3MbGxv/h+WcOHFi27ZtAoHA29tbIpH4+Pj8LzWwLSGEGhoa8vLyMAwzm80IIY1Gk5eXB8rN7OxshmH+nBI+YIdiDNaoa2k1GMR8vkQswptaWg0GmkZyiZCkSBZDBEISHl/XbMhqLgry74BjOItwHo/ycnPiEYSDvUJAESaEEEJ8iuzUydvDzYkgEAhsBMa6uToSBO6gVhLISrBmHKMJnFYqxHyKJRBDICuGKBwxPj5eCLECHqU3MASiCcQoVfKmxnoej8+jCBJZCIbBERLweYhlccQSiMEZmuLxhAJ+bXWFndqZwEiCZXGERAKRp4ePd4fOCOE4YgkM4RjOoyhPVyd7taq8srKxuVkpV/h6exM4zrAMhhD7R2/j/830l0D4/w4xDHPt2rWcnByGYf7Zb1Uq1UcffeTl5YUQMpvN9fX11dXV169fz8vL++STT7Zu3dqvX7//cjs+TdP3799/9OhRz549/+i2/BspPz//7NmzkZGRf3RD/qJ/hW7fvv3gwQN/f/8/uiH/jSQWi4cOHerj4/M/0aT8/52USuWYMWNwHFer1X90W/4JUiqVH3zwgV6vd3Bw+KPb8v8apaamsiw7aNCg9evXOzo62tnZ/ceqhksL/EsQBMuyBPEndYsjSVIiFIiFQorA+STJF/B5fJ5IJGIYFrGMlWYwhCEMF/Ko4YNiNA06tUKKIxPLIj5FRIcHsAzCCYLC8SaGwRjGXinv2omPEziOMIxlcYbhU2RwoG9Ql44IxzBE4yyNI4ZAbER4Nz6fxyIGRzTBIgIxMqkoMNAfQ1YcWQnGirHW4OBgXZNOLJFSFEmwVgLRJMY4OjhgCMdZFmdZEjFiobCLf1ejwSCVKEicwBkGQ8jdxQthXhRBIYQRCOEIg6sUQrhcKvbv6NvQ1OTt1cHFwR7HcIxFJEkSOP5XGsI/iv4SCNsSwzAWi4VlWYqieDye7fYBmv42G4rtQ/SPDDEYQRBWq9VqteI4LhAI2hcCO5TFYqFpmqKo1yLtIoRomrZarRiGCQQCkiRtf4KKQBHLsqxAIGAYhmVZhBDLsgzDQLrP39lruVz+/vvvh4aGck/MZvPVq1cXL16ck5Pz888/BwYGOjs72/bCYrEwDEOSpEAg4CriemdbdfuHtkz4v2lJcZqmLRYLQkggEICt8i30FuZwBEPJMAyMQvsyEUIwTARB8Hi8t9cI7IXGA59tf2VZFgaCx+PxeLz2nIcXGIaB4f6dxxI0D2Zjm684HoIMjxCCqm1713428vn81/KKKxNmDkII+svVCE8sFguGYXw+/7UDxK0dgUDwpipglKFk24Gzba3t+/C8zYx6bb0Mw8A4tmcCfG61Wi0WCzDhtZPBdj2+qa72X8GwQnd+z7BCM2Decs2wXdFtetp++XArhSAI2wGFtc/xpM3w2e5Ib5kDbxqI9hsgNyUQQnw+v80K+s2tgKsIdhtgyJsYyG04bbrcpuUmkwmWWJutuw0T2hfSZp68duvm3oEGc2uZ66BcLl+wYAFsAm3KZBiGW6SvnV22lQJzXjsEr+1O+zHlpkH79nM34zbHUJud/PfUYjugsPsJhUIXF5fPP/8cx/E288H2YG1z3rVvzJtWE7dISZLk8XjtpwHwGYbgn8Kvd3R0/PTTT2GA3vRO+ylty5w37YrtSyAIglvC7RcOELdLtDlQXrusXvucYzhJkm3ODm5msixrMpnedAOxLRxW35tm75smCVTU0tIiEAiCgoI6duzYpi+vvUXYthAGtE0Loa43cY9bPiRJymQygUBgZ2dHEISLi0tDQ8Of02+CJEm1XC6XiXAWEThOEARFkjySUMjEUqlUJBS1Gs1SCd7aoNE7aCgMc5ZSGG1qaa4zG1p19dU8vpDFCQzDDBaTSa8nGusRQZE4gVi8RWtoaqgxG3TNmhqSx4eU8gajwdCipUiKpa0Iw81GjKGRvlmD45SALyAICmGksRVrbm7WtzQ3NYiEQjFJEGajocXcbDG0NtTXYowVw0kcwxFr0DVoza16raaRT/FIxDe2mMymVovJqK1vYhVSwBRFCNM16TAMYRhiGMZCszTDiESiAD8/FydniiIFAgGGYwgx+BtyFf5F/wH6SyD8/8hqtSYlJR09erSuro6maYFA0LVr18WLF4O6t7S0dPv27VVVVRs2bOAUwGVlZVu2bCkuLt6zZ4+np2d6evqePXs6dOjQs2fP7du3Nzc3EwTh7+//8ccfd+7cGT45ePDguXPnJk6cWFdX9+uvv5rNZj6f37t37+XLl6tUKq4xJpNpz549Fy9eBA8WtVo9e/bsIUOGwPZXUFDw2WefKZXKAQMG7N+/32QyeXh46PX658+fWyyWw4cP37x588svv4yOjv6XuSEQCIYOHVpRUbFgwYIHDx7k5eWBQMiy7NOnT/fs2ZOfnw+NDwoKWrx4cadOnSwWS1xcXF5e3siRI2fMmAEn0NOnT9esWePq6rpw4cLg4GAMw4xG4759+27evDl79mypVPr111/37NkzIiLi0KFDlZWVCCG1Wj1jxowRI0a86Xxtbm7ev39/cnKy0WjEcVypVM6fP3/gwIHc2cAwzN27d3fv3l1ZWUnTNLwzfPjwyZMny2QyeKelpSUhISExMbGpqYkkye7du7/drrJ48eLU1FSaphMTE58+fTpr1qxevXrB0VVYWHjs2LGcnByapqVS6YgRI6ZMmaJUKuFDlmWzs7O3bt1aWFhI0zSPxwsLC1uwYEHHjh3fcgZrNJqdO3empqaaTCaWZfl8vqen59q1a2HuNTY2btiwoaysbOnSpT///HNOTg7LsgqFYtasWRzfnj9/vmHDBj6fP2PGjB07dtTW1sKhuGrVqrCwsPaXLavV+uOPPyYkJGAYlpeXN3v27Pfee2/+/PlyuVyn0508efLMmTMQDqdUKsePH//hhx9ybskMwzx8+HDPnj1FRUUMw9jb248aNaqNzKzX68+fP//LL79oNBqQuxwdHadOnTpkyBCBQJCcnPzDDz+EhYUtXLjQzc0NPkEIHTt2LCEhISIi4osvvmjPJZPJlJycfPz48ZqaGqvVSpIkGCjGjBkjkUhomr527drevXtHjx6N4/jx48d1Oh1BEG5ubitWrIiIiOD4X1dXt2vXrtu3b1ssFrFYPG7cuNbW1rdMBqCqqqqvv/46KyvLYrFQFOXh4fHll1++xTpkNBoPHDhw7tw58FJTKpUzZ84cOXIkRVHl5eU7d+58/vz5p59+2rdvX9sOTpgwQSAQzJkzp1+/fjqd7vDhwxcuXDAYDHC3trOzW7FiRUxMDOwYBw4cMJvNhYWF48aNGzJkyMyZM+VyudFo3LFjx9WrVw0GA47jCoVi6dKl77777mvFqmfPnm3atEmv18fFxfXo0YN7Xlxc/MUXX8hksqVLl3bu3NlsNickJMTHx7e0tCCEJBLJuHHjJk2aJBQKMQyrr69funQpQmjp0qWctbm1tXXVqlV6vX7JkiWhoaGFhYVLlizp3r27TCZLTk62Wq3BwcHffvutWCy2bQ/Lsk+ePNm3b19eXh5cDT09PWfOnNm7d29uvSOE6urqPv3004yMDKvVKhQKe/fuPXfuXG4igQ/wd9999/TpU5PJRJKkj4/PvHnzIiMjgQlpaWm7du0KDQ3t1KnTzp07DQYDSZKBgYHLly/v1KkTCOGHDh06f/78rFmzcnNzL1++bLFYBAJBbGzs8uXLpVIpuFtv2bLl6dOncXFxvXv3fv78+c6dO0FKjIuLKy8vZ1lWJpONHz9+ypQp3OZmsViOHj36yy+/6PV6kiSDg4MnT5785ZdfhoSEfPLJJ28yp7S2tu7du/fSpUsmkwnMcfPmzRs0aBBFUTU1NWvXri0rK+vSpcvGjRuBn2azedWqVXl5eTExMXPmzPn1118TExOHDh2KYdi5c+eMRiOfz+/Ro8fy5csdHR25WhobG48cOZKUlNTa2koQhEqlmjt37uDBg4HzdXV1ixYtcnd39/LySkpKamlp8fb2XrRo0b59+3g83urVq728vKCDd+7cOXjwYHl5OcMwYrG4b9++M2fOdHFxAUny2LFj586dmzt3bnZ2dlJSktls5vF4ISEhixYtst0kYY1kZGTAcuvSpcv8+fO7du0KWxlN0zdv3jxw4EBFRQXDMCKRKDY2lqvlt5YyVllZuXHjRrPZ/Nlnn712Cf/666979uwRi8ULFy585513SJKsq6s7fPjwtWvXgDlOTk6zZ88eMGDAm46trKysdevW9ezZ09vbG7YsHMednJymTZs2aNAgTolmMBjOnDnzyy+/NDQ0YBgmk8lGjx49YcIEuVze0tKyfv36oqKimTNnDho0iJv/ZWVl3333XUFBwfr16yMjIxmGycjI2L17d0lJCU3TQqGwR48ec+bM6dChA+g7EhMTjx8/Pn369HPnzhUUFMhkskmTJo0dOxYWbxtqamr6+9//npKSAivrvffemzdvnkQisX3hxx9/vHbtGqwstVq9ePHivn37UhR16dKlAwcO3Lt3z2w2x8fH37t3b/bs2aNHj0YIPXjwYN++fSUlJVarlc/nd+/efdGiRV5eXjBYBw4cSE5Ojo2NzcnJefLkiUAgmDp16t/+9jeDwfDLL78kJCSAV7ZCoRg/fvyYMWNgknN6BND44Dju4uJiZ2fn6+tLUVRwcPDTp09dXFx+czL8hwnHcblUYqdSYIjFCESRBIYQYmhEI5yhCNoiIUU+vh4dfT0Yg64x7zGkakAYztJWxFq0xS9wgmRxDGE4QixtMessppbGWoTjCGEshltpM4thVcXPMZxgcRzDcJplaNpiNjQ31PAQjiNEsBhmpVmEES26BgyjECIQRtA0ohlUbjSQOIVhBIZIlkU0zdYb9E31DRhG4BiBIZy2IJbBygrKcJzEEEFgBMMgxorVVTQ0VGsxBHkHsRZNK44hDMdJkiQRTpKkRCxRyBV8ihTwBUKhyGqlLbT1D/f8/68m9BchBOamkydPwo4pk8nUajUo1Xx9fQGj5fnz5zExMU5OTpmZmdxXL168CAsLw3E8MzOTZdmzZ896eXnJ5XKxWMzj8VQqlUgkIknSzc2N+2rlypVCodDV1ZXP54tEIrVaDZrOd955p7q6Gt7RaDRBQUEURREEIZFIYGuTSqVxcXFGoxEh9PDhQzs7O7FY7OzsDBuok5OTSqWCoxE0gufOnfvNXrMsm5qa6u7u7u3t/fjx4/YvlJSU+Pj4KBSK/fv3g0bz/PnzLi4uoKBVKBRQXUhIyM2bN1mW/fjjjymKGjt2rEajgRI2btxIEIS9vf3JkyfhSXV1dY8ePdzc3JKSkhITE3Ecd3Z2hsaLRCLQcXp6enLvz5kzRygULlu2DPqu0WgCAwPBAiCVSkHjqFKpvvzyS3gBIbRp0yaZTAbcU6lU8I5cLt+8eTP0wmq1fvLJJ1AdcJiiKLlcjuP47NmzGxsb27Oie/fucHeEvm/cuLGsrKxHjx4kSYrFYpIkhUIhjBSfz9+4cSNN08DhixcvdunShSAIkiQVCgUMd5cuXXJyct40LllZWb1796YoiiRJlUolk8lIkiQIQqFQ1NXVIYSqqqp69erF4/Hs7Oyg5XK5HPSs69evB+3p7du3HRwc+Hw+/AuzkSAIDw+P8+fPg5HTlsxm80cffQQKYFDwT506VaPRmEym4cOHc5MQVLkymQwQF+DblJQUT09POI+lUimO42KxmM/nu7u7P3/+HCHU3Ny8bNkyiUQCTOAGRaFQXLt2jWXZzMxMR0dHT09P+C8UW1VVNX78eJIkd+/e3Z5Ler3+u+++U6lU0B47Oztom0Qi2b9/P6if9+/fL5PJIHYFx3GhUEiSJI7jjo6OwEmEUGlp6ahRo6CDMBmkUincjVauXNmeUUAZGRkwrBRFyWQymJAqlerSpUvwwq5duyQSSVRUVFNTE0KosbFx3LhxsKtIJBKxWAztWbFihdVqbWxsnD17Np/PnzhxIswcoEuXLuE4HhgYmJmZWVdXN3bsWChBLpcrFAqKomBQUlJSWlpa5s2bB5dRHMdFItHcuXMBAykmJgZmHTd8crn866+/tq2Io6ampq5du1IUtWTJEtvnhw8fpijqgw8+KC8vNxqN7733HnBMLBZDmWKxeNasWbB2ysvL3dzcXF1dL168yJWg1WpDQ0O9vLyuXLkCmxhcH2HdYRjWo0cPvV5vWylIg71794ZVZm9vD3PY0dHxypUrLMs2NTVNnDgRBg7MCEKhEMdxiqJmzJgBwipC6O7duxEREbCjyoGI8DUAACAASURBVGQy4KGjo+OpU6fghdOnT7u6utrb2wuFQoqi1Go1VOTj4/PixQswTH3yySdCodDe3p7H43FbN0VRffv2hV5XVVX179+fIIjjx48jhG7duhUYGOju7q5UKuGGCnOez+dv3boV6jUajbDoYDIIhUJY5gRB9O3bt6ys7LVzr7W1tU+fPrA/cGOqVqs3bdoEpsutW7eSJGlnZ7dnzx5g4969eymKcnV1PXr0KE3TH3/8MY7jdnZ2QqFQLBaDCYXH4w0ZMqSkpIRbXyNGjICZA5YWqGXz5s1g7SwtLXVwcJDL5XZ2djCC7u7uN2/e7Ny5s7+/Pyx8UFA6OjrC9g5d4/F4o0aNKioqQggZDIZVq1bxeDwvLy9uUeA4TpLkoEGDIHQcZkuvXr1gwisUChgdPz+/J0+ewN71008/ubi4wBakVCpJkqQoavDgwRUVFa/l4atXrz788EM+n5+UlIQQgohBT0/PBw8eIISOHDlCURTobRFC169fl0gkIpFo+fLlcLTV1dUNGzYMVr1cLgfmODg47Ny5E46Y9nTr1i2FQuHs7Gxvbw8rFPYiZ2fn5ORkcM1oamr6/PPPYUWIxWL4QygUzp8/v7W11Wg0rl69miCIuXPnwrUEKCEhwd3dXSwW63Q6q9UKNxmYcrBLkCQZHR1dWFgIVvSvvvqKoih3d3c40SQSyd///nfu9ORoyJAh3MqCeQJjN3HixObmZm5RR0ZGQhWwsmB33bFjh9Vq3b17t1qthrkB15KvvvrKarUeP35cLpdz5wWGYRRF9e7d++HDh7DfwlqDkwskvS+//LKhoWH58uUymQxaBQeNQCBYsmQJfMUwzN69e+3t7d3c3MrLy+GGNmrUqB07djAM8/33348cOfLly5evHZ3/ANXV1b3uDo4L+fyOnu5dO/kG+XYI9vUO9PYM8nTu4ecxIMx/WHTI2P7Ri6d+sH7JjF3rVtyI35V7dnPBr18V/fpV8aUtxUnfFV36vjjp+8KL3+af+7rg4ubCy1sLkr/LS/4uJ+m75+e3ZF3YknV527Mr255e2f44efvDS1vTL2x5cHlbxpUd96/uun9lZ9rl7Xcubr2VtD316t47V366feXArSsHr1786crF/dcvH0u5cvJ6csK1K6euJJ1KOv9L8sWz15IuXE+6dD0p+drFK5d/vXz516vXLty6cSH1xrm7N35Nu5qYlvzL3euJGTfOZN44k5mS+PR6wpOrJx5fjc+8Gv84fmdy3x7vhvt37B0S1COk68DevaeOHfvRlKkr583ZsPKTb9as+fqzuJXzPjq868em113A/qJ/jSIiIjr/X5r2BoJfBw0a9Cd1p/7PU1VVVUJCQkVFxUcffVRYWFhcXHzmzJng4ODy8vKffvoJ3nmL6sL2J51Op1KpDh48WFJScvny5ejo6Orq6uXLl3PB2SAURUVFXb9+vaioaO/eva6urunp6du2bTObzXBAZmdnu7i47Ny5s6Sk5MWLFxMnTrRYLAcPHjx16hSECMJlAqDAPv74488//zwnJ2fevHkikWj16tWFhYWDBw/+n7NFpVJ5enpCVCFAJqxYsUKr1b733nupqaklJSW3bt3q0qXL8+fPv/vuu/LycjBPFRYWlpeXg+EoKSmJZdmGhob8/HyI7S4pKcnNze3SpYu3tzen3Xd1dT18+HBxcXFKSoqvr29VVdWNGzfah7MbDIYlS5bk5OR4enru37+/pKTk5cuXo0eP1uv1Bw4cuHDhAsMw2dnZAA65cOHC58+fl5SUZGdnDxw4sLW19datW2VlZRiGXb9+HdS9a9asefnyZVFR0ejRo9+Oq3n58uW///3vfD5/3rx5eXl5S5cuhecMw0gkkri4uOLi4szMzPHjx+M4fvToUYAqzc/P/+GHHwoKCnr27JmRkQFTok+fPoWFhfPmzXst+IRerz9x4kRmZqanp+eFCxeKi4sLCwu///57BweH5uZmW5A0q9UKF8rs7Ozs7OxZs2axLLtnz55bt25xcxLUutu3by8sLLx3715MTExVVdW2bdtKSkra1Mvj8bZs2XL+/HkMw0JDQ+/evbtz506FQrFu3brLly87Ojpu3769oKCguLh4zpw5GIaBwcRqtba2tq5Zs6ampmbgwIG3b98uKyvbv3+/UqkElyegR48e/fzzzxKJZMuWLXl5ecXFxVevXo2MjATbo9Vq7dChQ0xMTG1t7YMHD2BiI4Ryc3OfPHmiVqtHjBjRnlEFBQV79+6laXrVqlU5OTnFxcVpaWmDBw82mUyHDx/mvOZAPgkICLh8+XJxcfGhQ4d8fX3r6+t3794NVrvjx4/fuHFDpVLt3r27rKzs2rVr0dHRbw/EraioWLt2bX5+flBQUGJiYmlp6f379wcMGNDU1LR69WpANbAls9m8a9eupKQksVi8du3a0tLS/Pz8VatWCYXCPXv2xMfHKxSKmJgYlUp19epVWDtgHIuPjweBMCAgIDExMSUlRSKR7Nq1q6ioqKSk5OTJk35+fnq9/uDBgxKJ5JtvvgELW3BwMKwCkUi0Zs2atLQ0V1dXGPTCwsLp06ebzea9e/fCVbhNUxUKxfvvv88wTFpaWlVVFTy0WCwJCQlisTgqKgoEj8uXLyuVyg0bNsBuuXjxYpIkExMTjxw5Yjvu7QlOKfgbMB4cHR1Xrly5cOHC2bNnt4HCMplMSUlJ9+7dGzBgwIMHD4qLix88eDB8+PDm5ub4+HgOtgS8Z6dNm5abm5udnb106VKRSHT27NnS0lIw/mzfvj0zM7NLly7Xrl0rLS29devWsGHDdDrd4sWLX7x4wRWi0Wjs7OxOnjxZXFx88eLF6OjosrKyZcuWcesU3omOjr53715RUdGuXbucnJzu3r27detWDn3EtoMIoYqKCtAfFRcX37x5s2/fvgzDHD9+vK6ujmXZhISEU6dO4Ti+ZMmS4uLirKysGTNmgLj1puOGpunly5enpqa6ublt27atqKgoLy9v+vTpJpPpp59+unbtGoZhCxcuHDp0qFarPXr06OPHj9PT09euXcvj8caPH//++++DGABqmpiYmGvXrhUXF8fHx9vb24Mpz2g00jT9+eefX7p0yd3dfceOHfn5+WVlZXPnzjWbzfv27UtJSYHmgUOgUChcsGDBxx9/PG/ePM6kCS9kZ2evXbvWYDBMmjTpyZMnJSUlp0+f7tSp08WLFw8cOMBtuVarta6ubuDAgS9evMjPz9+wYYOdnV1qaurTp0/BXWL//v3379/39fW9dOlSSUnJjRs3+vfvX1JSsm7dOovF8vjx42+//ba5uXns2LH5+flFRUWnT5/29/e/cePGli1bfg+qE3d/avPcYrGcPXt2+PDhOI7PnDnz008/tbOzYxhm48aNly9f7tChw/79+wsKCkpLS2fNmmU0Grdt23b//v03jR0cdg4ODidPnnz16tXVq1e7d+8OvkLgCnv58uXdu3dTFPXJJ5/ALrFjxw47O7tDhw7Fx8fz+fw+ffo4OTmlpqZya1Ov16enp9fU1EycOFEqlebk5GzdurW6unrw4MHPnj0rLi4+f/589+7dHz16tG7dOgiygFlUVVUVGRm5adOmBQsWxMbGvtY8CEMzcuTI9PT0goKCjz/+mMfjXbt2DVSKFotlwYIFjx498vLy2rdvX3FxcV5e3oQJE3Q63e7du2/fvv23v/0tPz9/6NChUql09erV5eXlS5YsKSwsXL58OcMwY8eOTU9PLysrO336tK+v771797Zv315bW8ut/ebm5l69en399deTJk0aMmTI2bNnDx8+zOfzV69eXVxcnJ+fv3nzZqVS+eOPP8KxSBCEWCzmxFcMwwICAhISEubPn08QxOLFi0+dOvWniq/GMYzACblMKhGLKYoS8AU4jrG0RSbg2ckkFMtaTKaWFn1VRXV5cXlJQWF+boHWKmJZjK92dQvp5xkx0Cuyv2dEf5eAHiK1m1PnqA7hA7y7D/TpPsgnrJ/CydPBvXPn7u92Cesf0P3dgPB+Hr7BcoVjUGif4PB+XSP6do3oFxTaWyZV+noHhHV/Jyy8T1hEn+7hfbw7dFRIZGFhEeHde0SGR0V2jwwLCVXKZJ39OkZGhEeEh4d3Dw2PCPX0cHZ1tgvrHtw9slv3qG7de3Tt7N/BwUEe2M03vEdA96iA7lFdQsI7qVQSDDEYy+KIxXEEXRYJRSq1ik9SBIGLhCKhUMijKD6P4lEEg5i/jIR/FP0lEP6DDAaDTqfj8XhBQUGg6xoyZMjSpUunTZvm5OT0TxXF5/PXrFkzceJEhULRp0+fTz/9VKVSPXv2LD09nXtHqVRu2rSpZ8+eSqVy6tSps2fPZlk2JSWlrKzs6dOnt2/fxnF8zZo1c+fOdXBw8PPz27lz54ABA+rr669duwaeJFDRuHHjvvnmmy1btsyfPx9shqDws7e3/1/BBQUfPIZhwEXt2LFjRUVF3bt3B9cUlUrVp0+fHTt2uLm5paamZmVlBQYGdu7cuaamBpwYy8vLX7x4AZrv58+fQ8tv375tMpm6du3q6uoKtdjZ2a1atWrixInOzs59+/Zdt24dgAe2FwgfPXp048YNoVAYFxc3bdo0e3v7jh07Hjx4sH///pWVlSkpKVqttqamJjg4eNiwYcuWLfP29lYoFH5+fuvWrRMIBPX19S0tLQBObTKZhg0b9tFHH3l6erq7u+/cuRNcQN9ESqUSdJkikYhjNYzCrFmzAFY7MDBw5syZ3t7eJSUler2eYRi4jfn7++/evTssLEylUvXr1y8uLs7b2zs1NdV2SnBkMpkEAkFISMjatWsHDx6sVCodHR1nz57dtWtXQHW3fblPnz5r1651d3d3d3ffuHFjeHh4Y2PjhQsXuEs5GPpmzpypVqtDQkJ27tzp7Oyck5OTnp7e5p4EalfwdOXxeGq1WiaTVVVV/fTTTyKRaP78+XPnznV2dnZ1dd28efO4ceO0Wu2lS5e0Wu2dO3cyMzM7deq0cuXKyMhItVo9derUlStX2kYSNjc3BwYGzpgxY9KkSU5OTkqlsnfv3lOnTuXz+WVlZSzLSqVScIJKSUmBcTeZTI8ePSorKxsxYgTnf2tL4KI2adIkcA6Uy+VhYWHTpk1zdHRsk3fB3d39xx9/HDRokIuLy9ixY0G1n5aWBtJCamqq2WxetmzZnDlz7OzsevfuvXr16rdA4YHF6dmzZwqF4vvvvx8+fLharQ4LC/vpp5/c3d1LS0vBSGj7CQgDer1+xYoVcXFxoMNes2bN+++/bzQaExMTm5ube/bs6ePj09DQcPnyZfi8uLj47t27fD7/ww8/BPkwMDBw3rx5c+bMsbe3V6lU77///rBhwxBCRUVFYCrk1O12dnZSqTQ7O/vmzZsYhi1fvnzu3Ln29vbu7u67du0aPHhwVVUVeLu17+C4ceNkMlllZSUg8sO1Pj093dPTMyoqqrq6+syZMxiGzZgxY8WKFS4uLq6urlu2bJk+fbpOp0tJSXn16tWbWNeelErlggUL1q1bt3379r/97W9tvPtomtZoNOCpIRaLRSIRJAOYMWNGUFAQ9zJBEO+9997GjRu9vb19fHymT58eGhra1NQEVoKcnJxr1665urru2rWrX79+arW6R48e69atCwkJqampOXr0KLcQwHY3evRohUIBvqBqtTojI+PBgwdck8AKFBISolQqp02bNnPmTEDz4sT49hQXF7dy5Uo3N7devXp99NFHIpHo1atXNTU1Wq326tWrWq125MiRX3/9tYuLi5+fH5wLb+FYfn7+pUuX+Hz+ggUL5s2b5+jo6OXltXPnzqFDh5aXl6ekpLS2tvJ4vG3btnXr1i0zM3Pbtm1xcXEajaZ3796LFi2CGQLk4eGxevXq6OhouVw+duzYuLg4i8WSlpZWUlJSXFx84sQJiUQyf/786dOnOzs7Ozk5ffPNN2PHji0rK7t16xaXTEUkEk2ZMmXjxo1btmz59NNP20RmJiYmVlRU9OvXb82aNZ07d1apVMOGDVu9erW9vX1CQgIH+YjjeHR09A8//BAQEODh4TFlypQ+ffqYTCZIAgESoEKh+PbbbwcPHqxSqaKiohYtWtSrVy+GYTQazZUrV4qKivr37//11197enqq1ephw4atXLnSwcHh1KlTlZWVv39C2pLBYEhMTFy+fDmGYbNmzVq7di1AzpSUlJw4cUKlUi1atGjSpEmOjo7Ozs4bN24cOXJkcXHxrVu33qJbdHBw2LBhwwcffABbzaxZs8RicXZ2Nk3T4FSv0+kmTZq0atUqBwcHJyenmTNnzpkzh6KovXv3Wq1Wf3//8PDw0tJSsGTCLvHw4UM+nz9p0iSGYdLT058+fRoeHv7tt9/6+/ur1epBgwatXr3aw8Pj7NmzRUVFXEs8PT0PHDiwatUqiNp4U4P9/f03bdoUEhLi6uq6du3aUaNGwc7f0NDw5MmTlJQUoVC4cuVKOI47dOiwd+/eAQMGlJSU3L59m2EYW8cNsPDv2bOnvr4+Ojp63bp1oaGharX6/fff//rrrx0cHG7cuJGXl8dtngEBAV999dWqVasOHTrk5uaWnJzc2to6bdq0uLg4R0dHFxeXRYsWTZkyhSTJrVu3gnoIrLUikQjkW3B1gTkJ5s0/FTYewjCKJNRKhVDAFwr4fAEfwxCPxOVSMWIZq9VqNltbjCaNRlNXV9fY2FBVUVGrNVsRH8d5JMlnGNTY1EpgJEFQFI9HkhRNo1c19U3NrQRO8kiKxxcQOFZdq6lvaGJZlk/x+BRJkpTZbK2tbjToTSRBEQQp4AtZBmkatBqNlmUZkUDApwgCx81mk9lstpqtFEkKKJxPkTiOsSxtNBlwDPF5FJ8iCJwxGHQGQzNNmykKEwgoHkVYabPFYsQJlqRwisQIxOCIxhGDYwjHMIqiJBIpRfEYxsqnKIlEKuALEEIsQwv4PAHvDwO0/4v+iiH8BymVSg8PD5qmN2/e/OTJk4CAgICAgH79+oGX1z9VlJOT09ixY8F7E8fxPn36uLu75+fnP336dMiQIfBO9+7do6Ki4G+SJEeNGvXDDz/U19cXFRVVVlZqtVqFQjFmzBgu0AvkxuTk5NLSUs7xQCKRREdHg06dJMl/E0A2FwdvtVpv377N4/HCw8M7d+7M4Xf5+/vHxMT88ssvL168GDJkyDvvvLN///6XL18ajca7d+8ajcbQ0FDIY9HY2GhnZ3flyhWlUtmtWzfuaqJUKrlgHgzDgoKCwKuzvZUmKyurpaXFwcFh2LBhHHPkcvmECRPgTqDVamNiYg4dOmQ0GgmCePjwYX19fU1NTWZmJocH09TU9OzZM6lUGhERwWHKKRSKkSNHgm3tnyIwm8AoQEyIvb19bm6uyWQym83Z2dl6vV6tVj98+PDly5fwiVarFQgECKF79+4NGjSoTYFwzxg/frxUKs3Ly6utra2rqysvLweVMKfihUH/8MMPOTQ/Ozu7kSNH3r9/v7CwkLNpyGSy999/nwtrCQwMDA8Pv3r1alFRkcVieZNW2Jbhzc3NHh4eXPwqhmFSqXTo0KFnzpx5+fKlTqe7d++exWLp1KkTd0fn8Xi9evXy9PTkEnIMGjQoJCQEvN2Ki4vr6+srKyuvX78O3tqA5QARXM+ePcvJyXF3d29oaLh16xafz7cNsLGliIgIsBAihB49elRXV1dVVZWamto+C0hAQAAn4AkEAldXV4FAAN6JtbW1paWlSqUS/KNgECMiIjp16vSmDIpmszk3N7e5udnJyamiouLUqVPcT66urtXV1bm5uW0w91+9egXCiUQiSUxM5J5LJBLQm1RXV/v5+cXExGRkZJw7d27y5MlyuTwpKamxsdHHx6dfv34CgWDKlCkDBgzg8/klJSUwKyoqKrKysjhQlvb08uVL0MKwLAtSHJC9vb3Vai0tLW1oaOCiajny9/ePjY29fPnyvXv3hg8fLhQKT58+3dra2rVr18DAwIyMjPr6ejA3cePC5/PHjx8PRv7a2loPD4/Xtqc9OTk5BQcHwzxsH9PI5/N9fHz4fH5CQkJ9fX23bt0CAgL8/f03b94sEokoioKbN8S/gQc7RFyDL71Op6NpOi8vT6fTDRw4kDMO4DgeEBAQHh7++PHjhw8fGgwGeN6hQwewBcE7PXv29PDwePHixZMnT7jAztjY2ICAAPibx+ONGTNmw4YNtbW1JSUl3PM2NG7cOG6zgnAmQMWorq4uKytjGAa84rnGf/DBByDGv5YeP36s1+spimJZ1nYuyeVyq9VaXFzc1NQkl8u9vLxWr169dOnSEydOMAzTsWPHtWvXdujQwbaogIAALpIWx/HBgwd/9dVXpaWl1dXVOp2uvr5eoVCYTCbwGoBZJBKJaJrOycnhBELYzAGro80I0jSdmpoKbtUPHjx48uQJPH/16pVEIikpKamoqABdD0mSERER3FYmlUqdnJwoigJFZEVFRWVlZVRUVHBwMIcYGRMT4+joCEqQhw8fgivE3bt3MzIyoJCqqiqBQFBRUfH8+fPfPyHbsDozM7OioiI0NPSLL77ggvyzsrLAq0Wn0507d47rLJ/PB4d/k8n0prRPAELLRR84OjpClC/kPXr27Bkkqrly5QrHTJ1OJxAICgsLKyoqXFxcevXqdfPmzUuXLk2ePJkkyezs7JycnPDw8KCgIJqmHz58CKHs6enpIE5zrDAYDA8ePADHHAzDunXrBn+/Hbvo3Xff9fX1hb/FYvGECRNOnz4Nk+TJkyctLS1wNzh9+jT3iVKpNJlMcAzZKiDAKeDWrVsCgaBHjx5crCZBEGFhYSEhIWDAj4mJgYdBQUEQxUOSpFarffnyJVzGzp8/z7XZYrHw+Xxgjq+vL/j8i8Xi3zza/iTEo0ilQikR8SmCpBnGbDIROCsUiCxmI80iPUPTBoOAR1EE3qI3NjXrmnQttJ0dhuEII15V1z/MyhnVPwbDIOU7Vl3feC0tMyy4s0zqhRCGIYxh0Z2Mp14ebvateic5H6IPa+oan7zIC+8W4OKgJFgWQ6i5Sfcyt1AqloiFfAKxBEImo7Gw+JXZRCuVcl9vLwJjcIzBEaM36PMKisNDQnGWJVjGYjanpd+TSqVhwaE4YnGWwRBTq6k3tOr9fQMwxGKIxRCDoX9kpcdxnKJ4FEUimsFxXCwWCUVCDMdwHGdommVoHEN/Jpn9v4v+Egj/QXZ2dlOnTi0rK0tNTT1w4IBYLHZxcenQocM777yzcOHCfwqZytXV1RYeBpKx5uTkcAnNYS+2PTudnJzgVGhsbKypqTGZTBC5Z1usj4+PRCJpbW0F7AG4Brm7u/9v9P6NZDab6+rqeDyeTCazWCyVlZV8Pt/Nzc32gi6VSj08PBiGgaiG/v37Hz58OCcnR6PRpKSksCw7dOjQwsJC8Kzj8XiZmZn+/v4cGADc0W07y23l7T0HACTGxcWlDXM8PT0lEolOpzMajQKBALA3srKyNBqNTqdrbm5ubm4GyQHO16amJqFQ6OTkxLWBx+N5e3v/C5jUEKfBfUhRFEhfAIIKDjCZmZkFBQXcOyzLQvRddXU1YKzZFgjRhvfv309KSqqoqNBqtdBgzpGSe1MgEPj5+dl+6+fnR1FUa2srJxCKRCLuBgCF+/j4mM1mrVb7e9KTVFRUWK1WkUgE+BBcIY6OjiqVChheWlpKkqS9vb0tHIhCoXBxcSkuLob/8ni88vLyX375JTc3lxuUlpYWiJyB+6i3t3dUVBQAS/Tv37+goCAzMzM4ODg4OPi18CcURTU2Nh4/fvzZs2cajaa5uVmn04EM0GZ62NnZ2ZYAIWSwGFtaWlpaWpRKpS1KvlQqdXNze5Mu2WKxNDU1QR6z1atX274G4YI6nY6TMYCgswihLVu22LYE5BmDwdDc3Mzj8YYNG3bgwIHs7Oxnz55Bymyj0fjhhx+CGx6fz8/NzT19+jQkTINZAfg0b6L6+nrwP9y8ebNtvdwFtE07gXAcnz9//vnz5588eVJUVOTk5PTrr7+KRKK+ffuqVKrq6mqz2SyTyWwhW2ATs7e3f1OZbyK5XG5vb/+mX0Ed8OTJk9OnT58+ffr8+fNOTk6enp4RERGzZ8/mkLogepPrIIdJyDAMTdMQRebh4WF7RxQIBJ6eniRJNjY2cvYcPz8/W/WfTCZzcnLKysri3PNAiGqzdctkMpPJxDlutCEAT7LtEYeurNPpYFbYopiAiu0tHKutrQVf8e+//94Wv8RgMIAXKPCfIIh333135MiR4II4adIkW4ggqKhDhw62cgv0t7y8vKWlBfC9mpubd+3aZYuFC6qHxsZGs9kMfJDJZG9K1WC1WquqqmiavnHjxv37921RIpubmxmGqaqqCgoKgsaoVCquIpAhOeBcjUbDMIybm5tta0GNCD6TMEDJycl37961BePVarVWq7WmpuYt/HwLga0bokMLCwsjIiJsn9fX1+/YscOWOUajkWXZ+vr6tyhnZTKZbS9IkiRJEvYi2BWNRuOJEyfOnj3LdQScJ/l8fl1dnY+PT1RUlJeXV1paWnFxsYuLy+3bt3U63YgRI2QyGU3T1dXVLMumpaVlZWVxJw5N0xD1Z2vHhqjv32SCn5+f7RYHoZ4Gg6GlpaWmpgawTL/66ivbd7ip2N5SarVaS0pK+Hy+l5eX7TqSSCTu7u7APe5EsLe359RVsLcbjcbDhw+fOHHCljl6vR6YwwmEEET6m137UxCOy2UyO7UCxzC9Xm80Gq0GFqP4FIYjBhn1OtZqxRDiURaj2WKyWC1ms5UFyQs9zy0qKa8tqazp4KBACEMIwzHMxdX1VVV9Jy83DGEIYQixiMUlUkldXYOTzBljEYZhZosVsUgs5BNgpmSR0WS0WGmtTteqN0hIFkeIoa0NjY0tLSacwAmMxRGLI8ZsNrW0tjY2NhKIJRDDYixL0xUVr8RSSUS3UBaxOMYQCJmMBl1rM04gHDEEsJ6OtwAAIABJREFUYjDE4hiOIQbHMBz/B8oxY7XwxUKpREISBEPTLMsghKxWmqbpv3BG/yj6SyD8B1EUFRMTc+TIkYcPH166dOnmzZuFhYUFBQXgP7N//354rU2YAcMw3I3Wtqg2hQMQnO3zNhsxlAOaMK6iNoWAdQvOD64QW7CvfwfV1dUVFBSAUQXUn7bQ9lxTQbQAC1JwcLCXl1deXt7jx4+fP39OkuTw4cNv3rwJcXH5+flGo9HPz8/2DgSx9dx/3+LU8SbncmAOgEbk5eVNmTIlNzcXbjygenR2dl65ciVXfhvUe+wfiqt/ZTkAptlbGkySZHh4eGRkZHuA7PDw8PadNRgMe/fu/eGHH+rq6uRyeXBwcGxsbERERHx8PAQI2ba5zbHHZXSwbVKb5gE4eBuev6X98EebQQeGg+zKhSS1aZttvRkZGRCdy+PxOnXq1Lt377CwsNra2h9//JH7UKVSRUdHnz17Njk5efXq1devX9dqtb17936T1iM3N3fZsmXgOuXr6xsRERESEmK1Wg8cONAmOLN9Z7n/clkB2hT+dv5Amzt16jR8+PA2P0HIXxv9NEw2hUIxYcKE9qYDOzs7EK4iIyO7du2akZFx48YNi8WSk5MjEAhmzZoFV7ozZ84AxqBAIOjSpUtERET37t1fvnz5448/vr2dKpVq4sSJ7VXmHTp0eBOIZXR0dHBw8MuXL1+8eJGXl1dSUuLt7d23b1+CIN4UbdV+g2rzGpj923zF4/HeosvHcdzX13fz5s2TJk26cuXKlStXsrOzy8vLMzIysrKyzp49y7329vF67U8w6LBpwJP2KYXgZm+7ctvsEtApgJV6bdUAB/Xan7hEBW3Y8vaU7rASxWLxtGnT2lfq7e3NqTbAFQJ6evXq1SVLlrRRlLRPXQAZHWCUwZL84YcftvkKfE2VSiUYCXk83lvSzCCEhEJhz549bXMaccSdArBdtFmVbXIttE/206aWPn36BAUFtec2oFv/CwS4zcnJydnZ2evXrz927BjYM6EZzs7OI0aMaM8cEJneVKZtN9sMARSrUCiGDBliq4ADoigKEFMDAgK6det26tSps2fPjhkzJiUlxcPDIyoqis/nc9M1Kiqqe/fu7U80zjUULg+/eQS8Nn0IJITgJolKpZo6dWp7tvv5+bV39YfNlqKoNkMJtwjIJME9BJw27gXYQkeMGNEeKZQkSYhAAYHwP5nq8H9IDGIxAnd1dsYQpm3S0haL1mpu0OmkYjFO8hiaQQgxLKJZxCJEURRfIMAQjhDGMKyPh1twl84Wkx5DGIZwDGEikdDUqrdTKSiCZBGGMIRjpEjMb2zUBnfywpAZxD97pSIsqLNKLoXQPgxDSrlUJOAzDCMViZC5mWAZEY/fyccbwzCSInHEEqwVR6zZZCosLOzs641jNIEQhhCfR/aMiiR5PF1rq4ikcMTgiFUp5fmFecVlRV7OnhjG4IjFEUtgDI5hGIazLGO1WAQEJhYJxSIxYljEIsZKW81mFnKn/dGD8l9LfwmE/yDw4CcIYvjw4SNHjmxtbc3Kytq0adPVq1dPnDjx5Zdfwl7Gsqzt4c2pY22poqIC3Bi4dxoaGgiCcHBw4DZNAFjjtuPa2tqWlha1Wm1nZ9fQ0MDj8crKysxms+1VqbKyUq/XS6VS0M/9+1mCMQzz888/NzQ0REZGdu7cWSqVApR/XV2drbehwWCoqakBaD6AoevZs+fJkycvXLhQUVHh5+fXuXPniooKR0fH27dvQ66qnj17tvEk+Z0Epp7KykrASeeeV1dXA3OEQuGWLVuePXvWsWPH77//HmLlSZIENx44VGQymUKh0Gg0AOsKo8DpVv/3+IcBiCJCKCgoCLDj4DnDMJD/ALDy2nyVnZ2dkJBQV1c3ffr0r776CmDiMAwD10TbFppMJlvbBUKouLgYQG64a4rFYqmurrbNgVFSUiIQCGwtKm8hwA80mUzV1dWcJQcwM3U6nbu7u1Ao9PT0ZBimvr7eaDRyGgq9Xm8bAvr999/n5ub26dNn06ZN3bp1AzvJwYMHAZGPY1dERISfn196enpaWlpycrKTk1NkZORrtR4IoZMnT965c6dr167ffPNNz549YaB//fXXf2oQweWssbGxsbGRkzzfPhnAYA7htWvWrLFdpFqtloOLbFOLRCLR6/XLli2z9V4zGo16vV4kEoGUKBQKp0+ffvfu3bS0NIPBUFJSMnToUHi/srIyPj4+Pz8/NjZ237597u7ugHAYFxf3lt4BmqvFYlm6dKltvQaDwWg0AkDoaz8Ui8VjxoxZv359enq6RqOxWCwxMTHgOQboms3NzXV1dbbGvaamJo1G4+3tzUm8bSRAmqYbGxvbXFLffiUFqwtN01FRUbGxsevXry8uLt6/f/+hQ4du3LiRk5MDOSHeQgRBgIBUVVVlMpk4g4PVaq2oqKBpWqVScUyAjAXcumhtba2rqyMIgot2hvgx2627qqrKYDA4OTn9C3dQpVIJGLmwX3Fd5nzLX0v29vbghjBr1ixbtVqbMbVYLDt27Lh//76Pj09TU9O9e/fWr1+/ZcsWW4sWJGvhnkB/FQqFXC53dHSEmTxjxoywsDCuFqPRaDAYwCWP8xp90yBSFOXg4FBZWdmrV6+VK1dyogUgUQFMNBft/KZCYAQJgqirq7MVlWtra7dt21ZbW7tw4UIHB4eXL1/GxsYuXLiQOxegFsCn/a2heD0NGDBg+fLl0dHREyZMuHPnzr59+1asWEGSpJOTE4Cdzpw5kxN0Ya6Cs+i/5q8IxkOapkeNGsVh/8A+bzAYeDwe7IQODg49e/a8fPnymTNnZDJZeXn56NGjfX19QUiDeRgVFfXpp59ys52maZ1OB6zgtrXfqRCsqKiwfVJRUdHa2iqVSgFdFuTbFStW2G4Fer3ebDa/lg/AvZqaGjBBc20wGo21tbWAfPtaBQrcfBiGGTNmzKBBg7h3OAshMEehUHh5eb0lAvzPRlYrU1un6d41WCaVUBROIAazmo0Gvb6lxcqyJGIRjsN6F4pEKrVaJpMTGMsigiSoQJ8OGI4wzM5iaMVYDGNxO7l0VL9oHMdZlkEsQgwiEBoR2xMnMAzHdY11CNEYYu0VEnuFGOE4C2nrESMTC/tEBLEYhuOEzsgilhbwCS9XRxzDMIQzDAh1jFIm7hsdQWAEyzAYsuCI4VNkoJ8fhnAMw1uadBjLIMQ4Ku2G9RuE4QRDIwwxOKIxhOGIAXskzTC4xYwLKEAAAk2I2WzU6/VW2sqyDPaXifAPor9AZTDY9R4+fNi/f//Y2NinT58CkHSvXr0mT56sVqtZloXtWCgUGgwGLrLIaDRmZGS09xSqra2Nj4+Hm5DFYjl//nx5eblcLo+OjuZ2sZSUFEhEAcfw0aNH4Xrt7+8fGBioUqlaWlogwSC8X1NTA54/Pj4+tg5IbQiUdmAmgn41NTWVlZU1Njb+/lsyHGxlZWXx8fE7d+6USCSxsbGQUnbgwIFWqxUQNUC/zrLso0ePbt26pVQqwbVPJBJFRkZCuoXGxkYQyby9vX19fR88eJCRkWFnZ/d2+Ja3UGhoqEQiqa+vt8UYrKmpOXToEI/H69y5MxyQBEGEhob27dsX8hyYTKazZ8+CPw/Lsmq1OiYmprW19ebNm6WlpTAKNTU1nMHhLewF/f3vZKZIJOrWrZtAIADLBjxkWfb+/fv9+/f38fGJj49v8wkAeUMU0IwZMwB3G5IcAB6A7Q2bk9jhv6WlpceOHROLxaGhodxVoLm5OTExEdxNWZa9detWenq6g4NDQEDAa4NjoY8Mw0BFISEhkKEhMTGRAyDRaDRnz55tamrq1q2bTCYbMGCARCJ58eJFamoqfGW1WtPS0jiwTYvF8urVK6FQ2LdvXwgYIwiiqqoqLS0NsPW42r28vKKiong83jfffFNUVBQYGNitW7c3XVzKy8txHI+JiQkPD4eBbm5uvn//fm1tLWe1fjvhOO7u7t6lSxetVhsfH89xKS0tLTc3902jLBQK/f39FQrF48ePr169yo1IdXV17969/fz8Nm/e3Mbm4+Xl5enpaTAYtm/fzrER0Fm9vLzGjx/P4V4MHTrUy8vr8ePHp06dYll28uTJ3DhqtVqCICZPnuzr6ws4DeXl5RBsxvUX7mfc8AUFBanV6tbW1iNHjnDOpa2trUuWLPHx8Vm2bJlGo3ltHymK6t+/v729/fXr11NSUgQCwfjx42FudOnSxcnJCfLycZbYlpaWn376yWAw+Pr6Ojs7C4VCgUBgNBohzxjMqJSUlOrq6t8cFFvSaDSAEANQtEKhMCAgYMqUKf7+/hCP+pslQKJUqVR648aNp0+fwmJnGCYzM/P+/fsMw0RHR3MCw4sXLyCbBUzapKSk0tJSqVRq62x54cIFQK4HN7YDBw7gOO7j4/Oboml7cnJyCggIEAgE3333HciZLMvm5OQcPXr0LV+FhITIZLKWlpZjx47ZzqVly5b5+Ph88sknkBfh7Nmz+/btc3Nz27Bhw6effiqRSI4fP37mzBnb5QYhlNBfyAdYX1/fqVMnDw+Prl27qtXqhoaGX3/9FQCTYZRXr17t7e39ySefvMlF1pZ4PF6fPn0gD2F2djZUZLVaz507FxUVFRoaaotx8iYiCKJDhw7Ozs4ZGRmQGwlG8P79+7/88sv58+d5PB4k30tOTubQpKCWHj16BAcHg5n0XyBIKzJy5Mhp06YZDIYTJ06kpqayLBsWFqZWqysrK5OTkzmpWKPRLF++3Nvb+/PPP/89M7M9KZXKkJCQxsbG5ORkDmzTaDTu2rUrMDCwT58+9fX1sGvFxsZ6enq+ePHip59+AgUreO3yeDzwa7169SqkNQJp8Pr167GxsZ07d05NTf1nW3X+/Hlu2Wo0ml27dgHIk4uLS1hYmEwm0+v1R44c4ZTUOp1u/vz5vr6+X3zxBQcaxBFFUQMHDjSZTLdu3Xrx4gVMCZqm09LSMjIyPDw8uFSEbcje3j4wMLChoeHChQtcsQaDYcuWLYBiAFuZUqn85ptvAHD7n+3pH0IsYiuqqgqLSwwGg1goUisUaoVcIZXIJCIeiYkElFgklIhFSpXSxc3NzbODUi4lEatv1tZXlDbUVDRUVTRUl2uqy5sb6huqXzVUvWqsqWioflVfWdairW+sq9DUlGrrXjVWv2qoLG+srdA3N9VXFjfWljfWVmhryuurio36lvrKMk11eWNtpbauoqG6rK6q1Khvqq0oaagp09S80tS+qqsoNjQ3NlS/aqh51VRb2VBToamuaKirbm6or68sb6iuaqyp1tRUNdbWNDVo6qsqNdU1DdWahuq6uopKfXMzxkJkIMJxhCHEMDRNW0mKFItFLGJYxAJgBMuyRoPBYvkrFeEfRn9ZCDHYYZ2dnT09PS9evAgIiuAPA1nLAwMD3dzcANLw9u3bu3fvBuGwsLDwyJEjTU1NbUozmUwbN260WCwuLi5VVVX79+9vbW0dMWKErc9Mc3NzXFzc9OnTJRLJs2fPjh8/LhaLR40a5ezsrFQqY2Njy8rKvv/+e5qm/fz8LBZLcnLynTt3XF1dBwwYoFKpAE69fS9kMhncxZ2cnPr37+/u7n7+/PlTp0717dt3zpw57dEjOILOQjg+4LY9ePAAzBQDBw6cMGECWJwmTZp09uzZrKysLVu2jB49Wq1WazSaPXv21NTUjBw5EjBFIGWwu7t7Tk4OQRBDhw6F3He+vr5paWksy3bp0oUL/vlnKSoq6t13301ISNi+fbvFYunYsaPZbE5KSrpz546Xl1dsbCxkob169Wp2dva5c+d8fHx0Ol1WVta2bdtA0LVYLCRJzpw58/r163fu3Nm6dWu/fv0Igrh58+aNGzfeUjXgpAFQTXx8fGRk5FskcyDIdx8TE3Pz5s3PPvtszpw5KpVKq9UmJCS8fPnSx8fnnXfeaV+LnZ2dWq1+9epVQkKCyWTi8/nl5eU///wzJIrgLmdAt27d+uqrr/r06UPTdGJiYkFBAfgx2qa9PnLkiFgs7tSpk1ar3blzZ0tLS//+/SMjI1977kL+wOrq6pMnT4Kr6uTJk7dv337s2DE+n9+tWzeLxZKenn7mzBkXF5eBAwcqFIrw8PD+/fsnJSXt2rVLq9U6OztXVlb+8MMPnMTO4/F8fX0zMzPT09MvX77s5ubW0NCQkpJy5swZCDXhDgCRSNSvX78TJ07cv38fkvi1CVSzJR8fH0gBeuHChU6dOul0uvT09J9//tlqtQJ0kG1Y4JvI2dm5f//+d+/ePXjwoEqlCggIaG1tPXny5FuuqiCFRkREXLp0KS4urrq62sPDw2KxAMqOr6+vbc50IG9v7/79+z99+nTPnj0SiQRyWj59+vTnn39GCEVGRjo7O8Ob9vb2I0eO3LZtG2TtCw8Ph+dKpdLBwQEhdOHCBRcXF7lcXl9ff+bMGQCVoWm6tbVVoVBAbq6amprDhw9HRUVBcqGSkpK9e/fiOA64Po8ePYqPjwdQ1rewyNPTs8//Ye/O4+yqqjzQr7XPuWPNU+Z5IDMJmQOJCCRMSVBAWlBbWgTpp2CkZVBssBGHIEirPGhabYGHKCiIthBlkDHzRAYICSRkHqoqNdedzjl7r/fHvvemqFRVAmIqdv2++ikqt06de+6546/23mt97GO2U9+sWbPy/eWHDx/+iU98Ytu2bb/+9a/tbTHGrFmz5rHHHquqqpo7d26fPn0cx5k4ceIf//jH3/3ud3aVYHV19eLFiz/oO308Hh83btwzzzxje/8MHjw4k8m8+uqrO3bsGDBgQLsFtJ3dWePGjTv33HOffvrp22+/vaamxj4Hn3rqqS1btowYMeLTn/5027VtX//6123tq7179/785z9PJBKf+9znbIFfq7a29hvf+MaVV14ZiUTWr1//29/+NhaLXXzxxX369Ml/iD9ORUVFn/rUp1544YWVK1fecMMNn/jEJ+zE4LfffruL35owYcJFF130wAMPPPTQQ47jnHbaaSKybt06WxT0tNNOKy0t3bBhwy233EJEl1566fnnn2+MWbVq1dNPP33//fePGDEi/060b9++u+66a9++fUVFRdu3b7/vvvvKy8vnzZs3YMAAZv7sZz/7wAMPPPbYY67rTpkyhYg2b9780EMPFRQUTJ8+vaSkpOv1q/bkf+pTn3rqqaeWLl16zz33LFiwwJ7YRx55ZNeuXf/0T/+Uf9h3bciQIRdeeOEvf/nL733ve62trXYezWOPPXbw4MHLLrts5MiR559//h/+8IfXX3998eLFtijx3r17H3300V27dp133nmdFfs5To7jfPe7312/fv2mTZseeuihkSNHDhs27DOf+czPfvazhx9+WETs02r16tWPP/54QUHBGWec0VlFma7F4/GLL754+fLlTz75pO1DE4/Ht2zZ8vDDDx8+fPhzn/tc/h1n+PDhs2bN2rRp0+bNmydPnmw7AdpD/djHPjZ58uT169d///vfv/zyy8vKyqqrqx9//PGtW7fOnDnT3o8fyNatW2+//faFCxfafrOvvPJK3759Fy5cWFpaOmXKlHPPPffXv/71f/3Xf2mtx48fb4P673//+8rKysmTJx9dfMF2+n3mmWfWrl171113LViwoKio6NChQ/fdd19ra+snPvGJESNGdPjGVF5ePn/+/JUrV/7617+2y0ej0eimTZt+9atfNTQ0XHPNNVVVVbav8qOPPhqNRn/0ox/9Q0wcFWMSqVR9U3N1ba1DYnwvk/FIqUgkbLTvmLgKRUvKS/sPGjh08JAh/fuUkk+BzrQ01bY0E7OwUdnxNPESLUIiTEJCTERCTMn6WuLsBsLEZKp3vmnEXsRCTCRNmWTT4QNETCwkbLveH3zvLc7WqlFCzKLqD6bqD+5jYiFlyCVSbNT+xkYSh1iJKBIlpA7tTgo5IopI2dmtxHYgJLABOAgCN6RC4VA4GiEio7Xv+0YHRozW2g985MHugkCY1b9//3/5l39555137PtKcXFxIpE4fPjwqFGj7rrrLtut+KKLLnr99ddXr15t56Ukk8nRo0f369evXVXrwsJCEbnllluKiopaW1tbWlouvvjiW2+9tW0eGzp06Lp16zZs2BCJROzw3aJFiz772c+GQqFQKHTTTTdlMpnf/OY3t99+e3l5ue/7tkHWLbfccv7553c208+uLrBdqlesWHHHHXdce+2127Zt+8tf/hKLxa688souAmFdXd3ixYvz1Q4sW/P68ssvz6/BGDVq1B133PHd7373mWeeef311wsLC5uamhKJxNy5c2+88UY7s5+Z7R+Yt23b1rt3b/vho7i4eMyYMXbW3Pnnn//h3i/tR6jbbrvNVjO/7bbbysvLbY/E/v3733zzzWeddZbrul/4whdeeumlbdu23Xzzzb169WppaTl48OCZZ5554MCBPXv22G7yM2bM+OY3v/nDH/7wF7/4xdNPP21jyZAhQ9o1dWjLcZyhQ4f27t179erVb7311qWXXnrHHXcc84CHDx9+4403NjU1LV26dNOmTaWlpXYu5ZgxY773ve8dvVDE/sqCBQtsk73nnnsuFApVV1eXl5dfcMEFf/rTn3bt2pWvkWAHuP77v//7iSeesEV9Bg4c+O1vf7vtnx4ikYhS6o477rBX3dDQMHfu3BtuuOHoZRhW3759x44du3Hjxrvvvnv16tX/8z//c+ONN9ohph/84AcVFRWe59XX11dVVS1atOjcc88Nh8PhcPgb3/hGMpl8+eWXN2zYUFhY2NjYGAqF8lmOmT//+c+vWbPm5Zdf3rZtm/1EnkwmZ86cuW3btgMHDuzcuXPcuHF2Yzs/ef/+/ZWVlWeddVZncxqZ+YILLliyZMm6detuvfXW3r172yIr9lPIjh07VqxYMX/+/GPeQZFI5JOf/OTevXvvu+++73znO/YGaq179erVRbX6QYMG3XzzzS0tLa+88sott9xSVlbmeV5NTU1FRcU3v/nNo2u4x+Pxz3/+842Njffdd9/ixYttn+7Dhw8HQfClL33pqquuahsgL7nkkocffri+vn7BggX5wNa7d++FCxeuWbPmmWee2bhxY3FxsR0IuvTSS3/zm9+0tLRs2bJl1qxZY8eOraio2LNnz+23337RRRfdddddX/va15LJ5K9+9asf/OAHlZWVthOa4zjXXnvtJz7xiS7WzVZWVs6ZM2fJkiWZTOYzn/lMfuJuKBT68pe/nEgkHnzwwbvvvruiosKW/YjH49dff/0ll1xi54n927/924YNG9asWfPOO+9Eo1H7/LIDIMe8U/Jisdgll1yydu3aF1544aabbqqsrPQ8r7a21r4Y9u7d+3gmz/fv3/+GG26oq6t7/fXXr7/+eptkmpqaTj311FtvvbVtWujTp09LS8vXvva14uLilpaWZDJ52WWX3XrrrQUFBfkh35EjR7766qu20L8to3XLLbfkh08/qOnTp992223f/va3//SnP7344ot2EdScOXNefvnldovN8lzXveWWWzKZzKOPPnrXXXdVVFSISG1tbTQavfrqq+fPn19bW3vnnXfu2bNnxowZ9o9QRHTbbbdt2rRp7dq1toK/3VVFRcW6devWrl1r34aI6Prrr//Upz5ln3Q33nhjMpl89NFHf/jDH+YfOfF4/Oqrr7YdYo7nBo4fP/5b3/rW4sWLf/vb377wwgslJSX19fWtra1nn332okWLCgsLu14waVVWVl577bX79u17/vnnv/rVr9qXspaWlnnz5t100022Sc9NN9101113Pf74488//7y9lubm5rPOOuvf//3fP/TbTV5VVdU3v/nNf/3Xf33mmWdmzJhx9dVX33DDDS0tLU888UT+aVVdXV1SUvKVr3zlzDPP/HDL0UOh0Lx587785S8/8MAD999//29+85t4PG47AF9++eXXXXdd/vFgX7UeffRRz/MmTZqU/wMrM9v2P9/5zneWLFmybNmykpISW6tm6tSpd9xxR3FxcddtQo82evTo3/zmN3/5y19sE85IJPJv//Zv5557rl3ycNtttxHRY489duedd1ZWVmqt7dL3a6+9dt68eR2eh4kTJ955552LFy/+3e9+9+KLL0aj0cbGRs/zFixY8JWvfKWzAkWRSGT+/Pl79+598MEH77333oqKimg0amezX3nllYsWLbIrenbt2vXiiy+GQqFvf/vb/xCB0P4dqqW1NeP5jQ0NvpeWQDuKXTcSKXTDscJwvMAJhasPNzq0Z8644f0GDBAxuYxHRJJsqmutr1FuqKiiV6SgkEgJa22C1voa5bgFpRXKYRuxUonGZEtjaa++7IaZWIi079fX7osVlBWUlBIxERNRc2N9Otlc3nug44SEFAkHQaahurqgpCJeUMykiFgLtTQ0Gk1FZZVKhVmUkEq1JhsPNxhtYgUFoUiUhIkViSJSTNTqNTOJMaK1CUU4Fos5jmvLjPt+RowhMcpRruuiymh3YQzO5mUymbfffvuNN95YtmzZ3r17Bw4caJNDvqxcMpl88803X3nllaVLlxYWFs6ZM2f27Nn79u07fPjw/Pnzy8rK/vjHP37ta18Tkd///vdLlixZv379gAEDPvaxj51++un9+vWzr+a33HLLT37yk/nz519zzTV//vOf9+3bN378+Dlz5kybNi2/7su+u6xevXrFihVvvvlmeXn5rFmzJk+ePGHCBPveVldX9+KLL7que84557Rdt93Y2Lh06dK1a9cGQTB//vxp06Zt3rz5rbfesg3EOvxsXVNT8/rrr7f9XGWXjsTj8T59+gwfPry4uLjt55JMJrNt27ZVq1YtX768urp69OjRc+bMmTRpki3ZZ7fxPG/Tpk3btm0rLS0977zz7LvCjh071q9f73neWWedlV+Ts2fPnldffbWsrGzu3Ln59Qa2lnefPn1mzJhRXFy8evXq7du3jxo1atKkSY7j2OKcq1ejOnejAAAgAElEQVSvXr58+ZYtWyorK2fPnn3aaaeNHTvWnhxjzFtvvbVs2bKVK1c2NDRMnDhxxowZ48eP37dv365duyZNmjR69GjHcRKJxMaNG1977bXVq1cXFBQsWLBg2LBh77zzzrBhw6ZMmdLhdMrW1ta1a9cuXbq0paVl9uzZZ5999muvvdba2mqbBecPftWqVYcOHcrXG/B9f/v27Rs2bLBT5myNxKlTp44ZM6bD90sRqaurW7t2rW3taEutzJgxo7S0dPny5fF4/OMf/3gmk7nssstWrlx53333hcPhl156iZnPOOOMmTNnjh8/3n5We/XVVy+77DIi+tnPfrZ169bVq1f37t374x//+LRp04YMGdLZ51cReeONN2zj43Hjxl188cVFRUW1tbVr165dtmyZjSIzZsyYPn362LFj838ADoJg165dy5Yte/XVVw8fPnz66afPmjUrmUwmk0n7EE2n0xs3bly6dOmaNWsymcz06dNnzpw5ePDg7du319bWnnnmmfn1eyLy1a9+9f7771+wYMEjjzzStmBvO7bsytKlS1etWtXQ0HDqqafOmTNn9OjRtpy9fUjYJl2DBw+eNm1a/iPs1q1bN27caB+c+SWR69evf/XVVzdv3jxo0KBzzz03Ho8fPHhw7NixbRdQtWU/fKxfv37p0qW2FKet8jJhwgT7RHvnnXfWrVtXVlZ2zjnnhEIhey1vvPHGmjVr1qxZ47rupEmTpk6dOmXKlHYfXBKJxF//+teWlpZZs2YNHTo0/+xraWnZsGHD66+/vn79eqXUtGnTZs6cecopp/z1r3+1U8WGDBni+/6aNWtWrVq1f//+6dOnn3feeXYsce3atatWrdqwYUNRUdFpp502bdq0U089tcPujm0fCUuWLLnuuuu01suXL29X2qehoWH16tUrV65ct26d7bwyffr0CRMmtH1IrF+//rXXXluxYkU4HD7nnHNmzpzZ0NBQW1s7c+bMfv361dXVLVmypFevXrYPXmeHEQTBnj177AzPzZs3l5eXT5s2bdasWaeeeqpdgbZq1ap9+/bNmjUrP9ksnU6vW7du586dZ5xxhi2xq7XeuXPnhg0bXnzxxb179w4YMOD000+3C1bto+Kpp566/vrr+/Xr99Of/vT555/fsGHD4MGDP/axj82aNctW8vB9/1vf+tZPf/rTK6644lOf+tSSJUsOHjw4ceLE2bNnz5gxw66ITqVSy5YtO3jw4OzZs4cOHVpdXb1q1aqWlpbPfvaz+ZvT1NT03HPP2Wr+9n73PM/2UrfNJAYMGLBixYqbb7553rx5jzzySGddcGtra9esWbNy5cpNmzYVFhba+3TChAmlpaU1NTV2cscpp5wydepU+0w3xqxYseK9996rqqqaMWPG97///XvuuWfhwoVXXXXVSy+9tGfPnlNPPfXMM8+0feHy11JTU2MH9jds2FBQUDB16tRp06aNHz/eLn1MJBLPPvtsLBabOXNm/nN8U1PTK6+8Yvst2QdYMpl8++2316xZs2zZssOHD48fP3769OlTpkwZNGiQ67paa9tpJv/KbF8zN27cuG3btokTJ9oypLY7yxtvvGFbPo4YMcLeg/n3nWQyuXXr1rVr17766qsNDQ22v87UqVOHDBnS4Z9Qk8nkunXrdu/effbZZ9sGEq+99lomkznzzDMrKyvfe++95cuXDxkyZOrUqfaNqbW1denSpbW1tcOGDbMjctXV1evWrVu2bNnmzZuLioqmTZtmT05nT6vq6uqXX365qqpq+vTp9o+zIrJ///7Vq1dHo9F58+bZV4mmpqY333xz5cqVK1eu9H3fThOYMmWK7aSS31sikfjzn//s+/748ePb9uS0j39bovmVV16pqakZOXKkPTbb8sQYs2XLlg0bNowfP75tre+jvfTSS/v37x8zZsy7777717/+ta6ubsqUKWeeeebkyZPbrus+dOiQ7dVp360mT548bdq0cePG5c/Da6+9duDAgQkTJowdOzb/DN2yZcuKFStWrlzZ2Ng4duzYOXPmTJw4sV+/fvbOWrdu3dtvv22XDOSP0K6nsCfH1hKzL6FTp061Y6ciYvt7KaUuuOCCD1en4O+ntra2k1lF3KdX1cwpE9PJVF19ve/5QeAZY8QIZZs1UMb3Rw3qd++d/z5y9BgiJjGkSIiZpKnmwP4tb4QL4v1OOTVeYt8uRUtQs+udSDRW1m8gKTuIKC31hxqq9w0YPUk5LgkRcRB4u7esrRwwvKiil82YQtxw+GD9od1Dxk53lGMLPPl+sGfbpsp+QwvLqmxopIAOHzoQeH7vAUOVGzLCLKq5oXHPtu1eKlPRb0A0FhfbP0IcYUXEu3a9d/cD9xyq2ROJRYsKC8aNGT1kyHAy4nnpdCrlpVPJZDKVzpw6Zeo/feHq8s5LT8MHMn369PzKjlmzZnW4jW2IPWTIEATC9uwys3wdrXYvl3aZhzEm/1M7mGa/sYGQmXfu3GmnRB9d/s4GwksuueSxxx6zZbXsfo7+Y/DR19Xupx2uC89XAbX7tIfXtmLb0Y6uGZjvTHU8Z6nD+n5HX6+9Cnt7u9gsv//8hR1u0/XJaXuE+dPb4SHld5IvlXnMc2VPb9sya+22zz8k2l3Ytj7bMccTOryB+dNi50qtXLnyqaeeWrhwYf4eb7tbGwgdx3n99deHDh3a4aOxM22fAsd5wo8+5/bCtme77VK3zu6Uw4cPX3LJJStWrHjggQeuueaa4znULu7ozh487Y7twz0Yur5bu37ctj0JHe726IdQZ79ujzl/c/Ij/F3cfce8XTaJ3X///TfeeOMXv/jFn/70p0f/iaTtwXRWS9O+DOY3aPd8afs071r+POcLwLZ7XB19nju8sLM7ywbCgQMHLlu2LH9K2z5Z8oHwqquuuv/++zt76W53vZ29FNiT0Nzc/L3vfe+11177/ve/n+9zaIz5yle+8vOf//zSSy995JFHuhjd6uw+zb/SdnFObrrppnvuueeKK6745S9/aUs+HvNt6Ogz39nbUIcXHv08Pead1fU92OFLWRfX0uEJbHvvtD3s4zykD/q06vABf/Tp6vClssPjt990+NMuPskcz6eCtpvli4vastIdbtnFeejiXf4DPSTaXVeHJ6frc9K9Og+E5DjOiKFD+/WuOlxTY9fVe56ntRESYyQScg3J6KGD7198x/BRo8Xwu7v3pnxv/MihLlFz3aHdm9ZGCwv6j5noq/CWHe+VlZWMGNC3dvc7kVi8tG+/6vqW4sK4HwTstTQe2jNgzOS0H+zYc6BXRVlFSXz3m2uqBo4MF5VlPENkImE31Vx3+MCuIWNnHKytb25NDR/cP6TU7q0bKvsNJbcwHA61JFKlhQUNNYf8jF9U1deQE4mGm5qSEaE9W99NJ9NV/QdE4gWJROqNNzftr64eMWz45HGn7d6164f/790HavZEY7HS4sIpp02urOzl+17ge14mk0y0ZlKpjOedOnX65VddU4ZA+BH5QIEQU0bb6/rDun0favua2NmrarvNOtxV1xNLjr6udj/t4reOeXjtfuWDvnoeM9Icvc8OQ2ZnV9125x1u0/XJ6fAIOzyko+/NLm5Uh6e3w206POAPNI+owxt49Dk/nnh5zHN1tA6v6Jg7OeZzp10virbnyhhTXV1dV1f31FNPbdy4cfDgwRdccMFxHmoXd3Rn90WHh/dBHwxd360f7nHbxe8e56Pib7leq76+vrq6eseOHb/85S9LSko++clPdjg/8Hj22fUpPf5plh/iPH/o5+Df8tLd7nq7fvjF43ER2bBhw7e+9a1f/OIXZWVlQRAsX778qaeeisVip59+etdzHTs7/539Oe/DnZMP8TbU2Ut6Z3f3R3gPHs/f2jq7iuO54475DtK1Do+tsys65g3p+gXqg57wrjf7Gx8kH8lD4jivq4vjPGlprd/btcv3MiHHSWU8ElGOY4hs2wlHMbMiIjEkQpu2vnPdv/9HKpX6z+/cdsaUSblG7ixE4VAoHcjOPfuH9+9LLMQspFZteKs1mZ57xuR4djtZt/mdtOe7jlMUs3/mk+bmxKZ33jNGJo8bESJioXQms+Xdnbv2V7PiUYP6MwkRrd6wsbapNdnacsVFF5IYJrNtx64Nb20dO3rU29ve+eTcedn2FyxBELy7Z6cTcocPGepnPObsYKcRYaJIOBJyXTGB0YHvB4Ef2NWDvu9rozFI1V0QCAGg+yWTyR/96Ec///nPben8RYsWdVFOBv6unn322a9+9au2mu5nPvOZSZMm/YN+zDrJua574YUXvvzyy2vWrDn77LNPOeWUlpYW25HokksuueKKK7r7AAHgBPGDYNf+/aVFRSHHEWOEhIyduiXEpJR9BWYSOlBd43ueDvT+QzXGGBLibAlPTiTT23fsOuuMaUycjWZGyktLGptbwuEw+z4TEZPjcDwaKi6Ku45j91tYEDNiXFcVxGNeS5qJmcjzMonWVhMYYhIiZiovL/VF9u3ZS0w24xXGI9F4ZNt771VVVTEZ2+eeSYjEdTgI/NZEIh6NKzLExta7IaJYPBaJRI02WgfaBIHWgQ60NkEQiBG0neguCIQfGWYeNGjQZZdd1vWHp6lTp37+85/vbGESwPGIx+MXXnjhqFGjBg0a1Nk2ffr0sbUuuigmdPIIhUKnnnqqXSU7b968f/mXf0EI6S6jR4+eOnVqS0vLtGnTvvjFLx6zmu7/AYMHD/70pz9t+911uAEz25fuzmbdfDhz5sz53ve+9+KLL27ZssWWbLnooosmTZr02c9+trPVgx+JadOmfeELX5gxY8YHmjgAAH8/Rktjc3MsEimIxUKOEmO01mKyUdCGNBY1Z+qUby26zvP8ubNnuo5ri4UKMQnpQI8Y1J+0kSOpyqkqLR4xZAbl+zAJjRw0YMee/b53pANNNBwaN2yQUioSCnkiRBQOuWOGD60sK+tTVU6SLUs6oE+voYMGlBcWuK5jk2rvyvJZp01MJNMlxcV2ro+Nra6rhg4YGA1FjDbhSJRIcm/nohQXFBSEwiEd+IEOdBAY7WutA6O10YHWWMfWXbCG8KPkeZ5tQNRFMfdEImGbqndRRwGga8aY5ubmIAiKi4s7rH9jVz3ZueOlpaUn/8c+W03hwIEDoVBowIABf3thQPjQMpnM7t27M5lM3759u8hI/5dkMhnbxLyziiAiYju/R6PRj7ZYhYgkEona2tqWlhbHcSoqKioqKo6zhueHZt+GIpGI7VPyd70uAOh6DaGllCotLiqMhsOOGw2H3JATCoUcx/E8fbi5+ZQB/e697ZunTJjAIlpIiFxmUtR4cN+hrZvC8YK+o8fFS8sNCRMZ7dfs3BaKxSr6D2FlS4pKU92BxoN7+4+Z5LphIWHiIPB2vbWmot+Qsl79s9ViiOoP7W2o2Tdk3DSlwkLCrHwvs3vbpqr+Q4vKejGzCBkjtft26yDoM2g4qzATG+Hmuvq977zrp7zyvn2jhcUsyggZw6xYMe/auevu//rJ3oO7S0uLJ04YP3jQ4FQq5Wc8L5PJZFLpdDqZSnmZzJTTZ3/h/7muour//l8hTwysIew24XD4mK3PCgoK2lboAvgQlFJdl4i0Y27/KHW37QhMaWnpMW8UnACRSORDtFn/hxaJRDprcGLZNqR/j5duZi4sLDzBFRHxNgRwUmGm8tLiyqIiowPXUY7isOtEw25hQUFFZVXC813Pr9n5nmlt5lzHQCEiMibIKC1eMrlvy2YnFLZFkbQEOtMqDjfUHGBmsuv6/JT46fc2rFSOY9OfCfxMKnEo9Xbdvp3CbEfxglQqMMG7G1eycoSISBnte8lkJplwwlFhRcJixE9liKi5vpGUS8RiOMgEfsYT4oaaWlXXJMLZVofMTKq1sdH+/SscCkXC4XQ65WUyYsSI8f3AVi3KlwuCboFACAAAAADQDZi5srysX1W5l0wrJhIJtGFPK+VnMhnjZ04bPapPRUWBG6LWhNiAl5sSqtgwKxIxqZRJJYlMNoiRcGCCwCciYcn3opdkq1B+OJAUsQ48HXi53oZsq9T4iebsTFT7A6Egkwoy6Wy7eVJiSISN1yxke9ArISWkSJExRkyGSBlRtkKQYiVihMQIhcPhcDiUSia01saI56W1DozREmhjhAxWEHYbBEIAAAAAgG4Qi0b79+rlkjYOa6O0iENB2HWLIuHCWESJbqg9VF4UT0R6lVf2ijputjZLrvuJrSqTW6cnxGRMkGppCBeVlPTuawuUEjORSD5t5Zf0tfmncDYQtkmM2X+2uT4mYdGmvqbaS6XjhSXEDjGTKDKKiA05tsd9diyRmEgp4hYvba8wFHKZ2GitbXFRP9BGZwcJjSYyjETYTRAIAQAAAAC6QXFhYVFB3EslHdelQJMJCkJuRUEkFlEhZRxFbijcUFe7NxIqLCkdUlKuOBvfTL7ajK3mwkJMhoRE68AvruhT2ntAdpGwIrKR0Hapz7fStP+xrWqIhJmzg4kkuQQo1HaZMZOQMSbQ0lx/OFpSrMghIRJFwkTKkLL5UGylU2JiRUzRgrgQiZBSTqADk5sjGgS+5/nGGENiiAzqmnQfBEIAAAAAgBPNcZzSkpJ4PE4msCvolJF4NBJ1mQPPN0HaD5KpdElB3Esl49For6LSwmiMiDO+t33fXsdxmDgccvpWVkQjIc6O5DFTNikSiR2yazsXkyXblqKppaWpNREY4ziuYmXEiJGyspLiWNzuxtjfbSPX6FTZuqfERMLaGM/X6YzP7MRicW20CLnKcd2QbX+Yv3bFrIPAaEMiRhsxxmjj+4E2xk4iRduJ7oJACAAAAABwgnFxYeGwIYPj4bBjg1ZGkeHCeCwej2SSrWlPp4JUU3MiFY9y4PeprGge2loYKWAySlRdfVNpaakfBJyhsqLCWDjEQqzYiO1DmGsgaEcQs8nuSEtDItl/uGnd5m2xaLipuUWIBw/qv29/9czJ44qHFEg+SeaHFLPLCXMXCFFuo33VNe/u3NPUmiwtLOpV0auhqUk5qm+v3oP7D7AB0s48FSLHcURr0dpoY2vJEBljtA6CIAhQVKYbIRACAAAAAJw4TMSKKyoqRg4fbrTfWOcySSYcIu05jhOJxUm4OdPY2pJ0FIUUeV7GT6czmYxd5Oe67pD+A2sa6uKxiBsKRcPR7MifscN2uQmf2SxHbIgU50f77H97lxWPGz20pal5wqgRrJiZB/eqqqwoM7kDtBvL+xf2ibAIGcpfyiVFRcMHD0ymfTGc9rz+/fq6rAoLCnNHwtn5qcyKSQcBiejA11qL1mSMYiIinY2IJ+oOgPdDIAQAAAAAOHGEyCEuiEbjsZjimPieGO2lUq4S0V4ylWbl6MCICQwpMeI4jhNyI6EICYsIMw3sVTmwV4Vd/WfLk2YTnDAJiZ0Vml8oSEdajopk+0FUlpSUl5Qws91MxO7IDv69f+kgSXbUkUjIGDtUyGSr2RQXFRQVFmWXDtqiMsLMSsQeVHZpoGJ2lcNEWmutdRAERmuyqwm1sQVJT/j9AFkIhAAAAAAAJ5QQpTKZxqbGwnhcawm5LkfC0ZDjULS1pTmZSLrMikkpFYmEC4tLSsp7RTiUak2I5KaE2iFAW9eTiFhsURk/7aWam5rDMXbsJE8h9b5aofkDsG0Kbb8JYbGlSKXtyB4pG/4kN+XUGJNsac1kMolEglmRKLG5UJhIke0/IUSsRJiJFat02jMiipmJAj+wc0RNoI0Yo40ObEDUgimj3QeBEAAAAADgxGFiI6appbmmtpYqKppaWlLJREEsIsTaiBsKOUq5YTcej4Ui0X79B44eOXZo2UCvujFDQTbj5fsGku0aKGTHBcUw6XSitfHQQVJELJKfPZpfV8hkSCRbFIazzSuYRHK7EyJmwyykOHt9uRxpWAceiSQTrUQsoogUC5OwiBJysiOE5BDbVoSUaGklEsdRJMbzPB0EWgd2IWEQBEEQaG1E5P3DknBCIRACAAAAAJw4QkJCLS2tNYcPF8RihqSxuaWurs51VDwajkbCTrQg6kZ0KBMICUVHlg4oDBwhn8jkWw5m98O254Qt0WnzHYnWZIJsCORsxMsNJx6ZVcpsVwPmAiHlNiUl2aBpv881qSdSR0YYTXaPYkRYspnQELGQErLLGRUx2xvrKCUitoKM5/taa+Ls9FFttDaasIKw+yAQAgAAAACcaOl0eu+BgyXFxQWxaGFhQd3hRGNjcxBoLeL5xvN8Vqwc12RYpgYUyVZ7yRb9tD0FmXNzP+nIN8wkRohUthRoNj4yCxGZ/LxQVtkFg23nkortdp9NZ5KvKdrx8F326owdgmQmVrl+h5wvKmNEAmOY2WSryLBiNswZzwt8PzDa9wMjYsSg7UR3QSAEAAAAADjRjMj+A4fi0eiwwQNDrlteWqaImpqbM+m072s/8F2lXNdpTiV83ydjp3g6xGREi2hmVopzRV+IiEmJCJMRUiob/do2jcgVHSWxRUklFwtzhPOJM1szhvLfS+6Y88mQj+TQHK2175twOEJtFiJ6XpDJZEKOYjG+HwTaLh80TGREPM/X2ki++Ax0BwRCAAAAAIBu4Af+9t17QuHQyEH93Vg0CIo83/eDwBjyfY9YQq7TnEwk05n8aF8qna5vbMh4mVDIKS8rLYzHbDAz2RIxdkzPLgdkUWKXDGbrwtjMxe8bEsy3js9PPM1ucyT7ZcvWUJt/54YNs79h55pW19RmvKCyoqogXihCxMTitCYSiWSyOO4QCYm2E0dtMRkRUY5iI7ayDDJhd1HHsQ0AAAAAAHz0fM/b9u6OXXv3uSaIu1IcCxVFQ2GHXEcxk+uoZDq1t+6wynX0a25uVsK9K3u5jtPQ2BRo02ZKZ65/fK5LxPuG+dqM2rUvOWpXFnJ+S+LsAGD7maJCJEfNHrU1TFOpdCbjxePx1kQy0EayiwnVwcM1qXQy5DokYkTbZvRBEPi+b4wh4txQJ3QbjBACAAAAAHQPEcl4mS3v7ioIOYN7V5D2tBcJAh0ExjdGiQjRynfe/tjYCSFmIxQEurG5sTWV8INMPBYz2pCjhISFhdvOCM1PEBXm/GVH+hHaqxbOZsjsV8VtQyCziB09yk4xzV4s+X7zzCIiooQo4/le4JvWhFIhI6SImZQfBFve3cpswo5jtBFDYoiMGCPGiDZacldD1NlKRfi7wwghAAAAAEB3SmUyb+3cX5f0C4vKIuFIJBQqiIYirkNi4tHQym1v7z5UTUKKVTgUzqS9Q9U1yUQ6EoqEHNcO271vtmV+3qctPpNrPZFvVJ9rYqhsyVG7cZuvR1YGMhtic6QYTZsxR6FsSLRVagoLCwriBc0trYXFxY7jEikjvHP/nje3bYmFQyFHaa1JJNB2GaGxidQYbTvUn5DTDB1DIAQAAAAA6DYiJGLqGhtXbn671ahhw4f27lVWVBCPhd1A64JwqNVL/9cLf0x6HhupLC0fPmTIsEFDhg8d2ruqN7ONdrbB/JHqoLldO7nmEPK+MjFC+U4SREpy00DZmNy6QLE7EyERltwCQ2a2SxBNPh3mxhSVcqKRaEVFZTgUtu0Ok6nk7559KpFsKYiGw67DRJ7niUigdRAEIsLMQqyN1tlMiFjYPRAIAQAAAAC6mYjUNza+tnb9wcZkr159y0qL45GIq9j4Xu/SwlXb333k1ReaUyliLi0s6d+3b1lxqWKV70iY603YZlkgZSuHEithJewwO0y274Pi7CLB3BI+ZlKKHEXMihWzckgpVkxtZ5HmlxXaJhM2Jqp8rZrSsvK+ffvGYgUi3NTa+vvn/vj2u1viETek8kGSPC+jdSAkWgfaGK21GNHaGAwSdh+sIQQAAAAAOAkI1dc3LV27cdbkUyur+jCxqm9oTaYiLL1LC/937cqMHyycMmNQZZWrnOx4ml0imCsWmk1rIrkZoBwqLo6UVZBisT3rc73pbViUXPGY3ACiECnJtjckyY46mtbm+lSihSi/kLCDxX5s1xYKB1rvrz7w8orXVq5bGQ+7IUWhkEMkkp13SsaIiGgRrbUWY7I3AYmw2yAQAgAAAAB0PxERkrrGhtfWrp04atSAikqllKqrb25tLQiFmfn5TWu3H9o/65Qxk4YOG1zZKx4JqdxAX26+ZS6wiQgLs1KhUCgaISckRMRGjhQcZZPrN/i+CafMtpBMrmm9iDGO6zKzSL6Lfa5oTa43vY15qUx638HqLe++u+HtNw8c2BtmQ2xcJxx2HCYSGwRFlGKjxfYhtE3pCXmwWyEQAgAAAACcLESkuTmx9s0tzYMHD+tXVVqqfR00tyZDjlNeGN7fVPPr5dVLNq7rXVRcXlhQHIvFY7FQyHUUH6khyraBvNiJncRMzMKS706f7RyYWzomzPkuFZSffEr5fhYs2RWF3OYglRCRKG2M7+lkKtWaSDe2tB5uaEgkWlw2EUWBNswmHgkpZmOMGBME2mbC7L6zSdJokx08hG6BQAgAAAAAcLKw6SuRSL317vZEKjlqYN+CglgqlYmEQ7FYLJrJqEJXSHbWH9xyyGhjxOSmXAqJmOzMUaajSnfmG1G8/+o6OoQ2v9RhKwhmYmJmlS80ww5TPBwqjoXdMCfSOhEYpago6oRdl4i0GGPsFNHs+CWJETGKRBNpI0GAWqPdBoEQAAAAAOAkYlcH+kGwffdePwhGDejTu1e4MB4O/MBLpxLNLexwSShcGXMVO+QoY0wq4xXGoswsJHbep+1Gwe/vJNFhvJM2benzmYzzs09tF8O2CTObEsUYsV+11p4fZLx09eEmzzARO0qFiCOO6zhKRIw2tkqpEW2EjEhgtDHGEJkjvSugeyAQAgAAAACcjMSY3fsP+r4/ffzoMHl+xnMcFXY5MJTJZFqT2gt0YEQbEaFD0iSitRZtbNFOdhxS2fDGkm1Pwdl+E9kyMrmZoLZqqNhkyMQdpzPmNhNHbcK0gVEpVg6zIlJMohSFHQ677OmEnXIAACAASURBVChFRrQxYkvdCAmR1kaLGCNGjNFGjBEx6EnfjRAIAQAAAABOOtm270YOVB/eFNk1fdyISMwr8KOuw0Lk+SbpeSKkjSYyQiRktIg2EmhtjDiuI8JaNOcqj2ZHCHNZz87etDg3QpetO9pRHuTsqsQjE09FRLEiZkcppexyRWZmR3HEVVHXdZQKAq2UchwlQmKMIdHGBNoYMXaeq8l9PVHnFdpDIAQAAAAAOEkxk5Ds3negpCg+bnA/R6kgkwmMznhBKO0oZiGPfNFGiNgQ2XDoOK7rqCOtKIiZRXJ1XLIDg0o423Yi16iiTSo70jowdyFzth6pzYRCwkKKmZVSrBSTYnZYsRJXqZCjIiE3GgkpZt8PAs1KMQkZMcauJzS26qi9IswZ7U4IhAAAAAAAJyk7ThgY/c6u3aUF8f6lhaGCeDqdiQZ+NBoOh1zmBBFlAi0620vCVey6DislYkiYbEcJVtlEZwuGGnvJkT7zdjSSSOyGklsqmMuQlNuS8xNF7TaKlVLsKKWYXMWK2QbCkOu4ShErEtFaG0MiZIwJjAm0DrTRxgizCBkRUtzxAkf4+0MgBAAAAAA4uQm1JtPrt74bGT925KBexI2ur0KuG3JD2ti4ZYwhJqWYnZCrFJOtOcoswm2znYgQGyFhRXxkeI6IHMMBEzGrtuVFOT/Z1AZKdnJt7R1hzcKK2VHKUewqVoodYlexqxzHddhhEiYRZhZjTC7f2pmlQhT4gW+0csIqFGPldN/57dEQCAEAAAAATmpCwoYamxMbd+wsLy8ujsR10Oo6FC4MiUgm42X8wA80iXEdx3VDdlGesKH8tFA2djfMIiJ2vihztqQMEZEYpWw/CWJWImLHBtm2K5TsjNPsb2VDpkNESpGryGZCR5FSymF2XeUqR4wddxQRESaT601PJEqxS44IGSFywxwKd/c57rkQCAEAAAAATna2ikt1bf3qN7dNGzMi5rqxSEQ5ioibWltbkmnmwFHsuI5SyhjSxihyDBsWY5cSCmerx7Amu/gvm//sUkM7lJjvMcicXy94pJoo539AzMqOLDpMjmJHseuwYqWYHUc5yskNNmbb3YsREhIRyeVCJmISx1HkuiqbO6EbIBACAAAAAPy9RCKRr371qx/V3pjIdZ2BfXv3LSuORcJEJpXKNDa3NLUmk2lPizgOM7HJVe8UISGT+9X8WKBQLva9v5ZLtiEhk7KDie+/8lwitLuzzSmYichRrJRSzEeWFDqOq5QNhJKvJmpy/8tOHSV7kBSKjh4/IRaLf1RnCT4QBEIAAAAAgL+XwsLCO++886Pdp1LKdZxcf3gxItmSndk6oG3LhXZavPNvr+GST5PMR/bX7ts28v0u2h2SELPjuJFI5G8+IvgwEAgBAAAAAP5elFLFxcXdfRQAncJsXQAAAAAAgB4KgRAAAAAAAKCHQiAEAAAAAADooRAIAQAAAAAAeigEQgAAAAAAgB4KgRAAAAAAAKCHQiAEAAAAAADooRAIAQAAAAAAeigEQgAAAAAAgB4KgRAAAAAAAKCHQiAEAAAAAADooRAIAQAAAAAAeigEQgAAAAAAgB4KgRAAAAAAAKCHQiAEAAAAAADooRAIAQAAAAAAeigEQgAAAAAAgB4KgRAAAAAAAKCHQiAEAAAAAADooRAIAQAAAAAAeigEQgAAAAAAgB4KgRAAAAAAAKCHQiAEAAAAAADooRAIAQAAAAAAeigEQgAAAAAAgB4KgRAAAAAAAKCHQiAEAAAAAADooRAIAQAAAAAAeigEQgAAAAAAgB4KgRAAAAAAAKCHQiAEAAAAAADooRAIAQAAAAAAeigEQgAAAAAAgB4KgRAAAAAAAKCHQiAEAAAAAADooRAIAQAAAAAAeigEQgAAAAAAgB4KgRAAAAAAAKCHQiAEAAAAAADooRAIAQAAAAAAeigEQgAAAAAAgB4KgRAAAAAAAKCHQiAEAAAAAADooRAIAQAAAAAAeigEQgAAAAAAgB4KgRAAAAAAAKCHQiAEAAAAAADooRAIAQAAAAAAeigEQgAAAAAAgB4KgRAAAAAAAKCHQiAEAAAAAADooRAIAQAAAAAAeigEQgAAAAAAgB4KgRAAAAAAAKCHQiAEAAAAAADooRAIAQAAAAAAeigEQgAAAAAAgB4KgRAAAAAAAKCHQiAEAAAAAADooRAIAQAAAAAAeigEQgAAAAAAgB4KgRAAAAAAAKCHQiAEAAAAAADooRAIAQAAAAAAeigEQgAAAAAAgB4KgRAAAAAAAKCH+ugD4d69e9td4vv+3pxDhw4FQfCBdigiR+/zOL355pue57W7sK6ubs+ePUdvXFdXt27dupaWlg93XXl/ywEDAAAAAACcMB9xIHzhhReuvPLKdhfu2LHjyiuvvOqqq6666qrPfOYzF1xwwSuvvHL8+6yurj56n5159tlnn376afv93r1777333nA43G4bpdTNN9/cLpfu3bv3sssuu/vuuw8dOnT8x/a3HzAAAAAAAEB3+cgCodb63nvv/cEPftDZBi+88MILL7zw0ksvLViw4O67785f3jaYHT146Pv+Ma9aRLTW9vvly5fnh/h+8pOffOlLX8rvxxhjvy8rK5s9e/aTTz7ZdifvvvtuVVXV448/PnLkyHb77MLRh3c8BwwAAAAAAHAy+MgCYXNz8759+xYvXnzMLSdOnOh5njHm85///DXXXHPuuecuW7bspZde+ud//ucLLrjg9ttvt/Mtt2zZcskll5x33nnf+MY37C/+53/+5y9/+Uv7/eWXX75582YievDBB88999z58+cvXrz45ZdfXrFixaOPPvr0009v3779zTffnDFjRhAEixYtOu+8884777z/+I//sL9+4YUXPvzwwyJi/7l9+/Yf/OAHtbW1l19+ORH94he/uOiiiy666KL77rsvmUw2NjbOmzfP5skXXnjhhhtuaG5uPv/882+44Ybzzjvv/PPPX7duXYcHDAAAAAAAcDL7yAJhWVnZvffeO3DgwM42+Otf//riiy/+z//8z49//OOPf/zjSqlUKlVSUvLf//3f48aN++EPf3jllVf+7//+r+u6Dz74IBHdeuut8+bNe/bZZ4cNG2b3kEwm0+m0/T6RSGitX3/99aeeeurBBx/83e9+t2zZsoKCglmzZv3zP//zxRdf/NZbb40ZM4aZN23atGXLlj//+c9PPPHEvn37Dh48SETDhg3TWu/fv9/ubcSIETfffPOQIUMef/zxLVu2PPnkkz/+8Y8feuihlStXPv/881prrbVNj57nJRIJEfE8b9iwYc8999yZZ575yCOPdHjAAAAAAAAAJ7MTV2X0iSee+O1vf/vWW29dcMEFixYtsheed955I0eOXL58eSgUmjt3biwWu+KKK1avXn3w4MHm5uZLL700Fotdcsklne3zjTfemDhx4vDhw4uKiv74xz9Onz49/6MdO3b069ePiIYOHeo4zhVXXPHoo4/eeOONffv2tRuUl5fv2LHj6H0++eSTM2fOHD58eK9evRYsWLBkyZLOrv3iiy8OhUKnnXZac3NzXV3d8RwwAAAAAADAycM9Ydf0s5/97OgLi4uLiaioqMhxHHuJUkprnV/vR0TxeNx+w8z5dX12qDASibhu9iYcPHgwGo223bldkVhWVvbEE0+89tprL7300pe//OW77757ypQpRNT2KtoqKirKr0J0HCeVStnvjTGO4yQSifyWVVVVdpt2e8gfMAAAAAAAwMnspOhDOHPmzEQisXr16iAIfv/731dVVfXv37+4uPgPf/iDMeaZZ56xmxUWFm7dulVE3njjDZsM586du2HDhpqamnQ6/ZWvfGXLli3hcLi1tZWIxowZs3PnTiJatWrVlVdeOW/evB/96EcVFRW24YQxpq6ubsyYMUcfzNy5c5cvX37o0KGWlpYlS5ZMmDDBBrytW7cGQfDyyy93eBMqKiqOPuCmpqZNmzb9Pc8cAAAAAADAh/cRjxAy83Fe2PZHoVDo61//+o9+9KP6+vqioqJ77rmHiL7//e/fdNNNjz/+eH6S58KFC5977rlzzz23tLS0oKCAiIYPH37xxRd/4Qtf0FrPnj17zpw5dXV1P/3pT7XWCxcu/MlPfiIi06dPP+WUUxYuXEhEQ4YMmTt3LhHt2rUrHA736tXr6EMaP378woULv/jFL6ZSqTFjxlx33XWxWOzCCy9ctGiR4zinnHKK1toedrvbdfQBb968+fbbb3/ppZf+5vMKAAAAAADw0eN8pc2TQXNzs51EmtfY2FhaWpr/p4g0NjaWlZW13SYIAt/3Y7GY/Wc6nQ6Hw0qpq6+++oorrjjnnHNsQRqtdVFRkd3mrrvuKikp+dd//dfOjkRrnclk2k7+TCaTjuNEIpGub0K7AwYAAAAAADiRpk+f3tzcbL+fNWtWh9usWLHCDpidFFNG89qlQSJqF66YuV0aJCLXdfNpkIii0ahSiohuuummhx9+2F4Yj8fzabCxsXHFihVd9453HKfdUsB4PH7MNHj0AQMAAAAAAJy0Tq5A+NEaNWrUl7/8Zc/z2l2eSqXuuuuuthkSAAAAAACgBzpxVUa7RYcjpH379s0v8wMAAAAAAOix/i+PEAIAAAAAAEAXEAgBAAAAAAB6KARCAAAAAACAHgqBEAAAAAAAoIdCIAQAAAAAAOihEAgBAAAAAAB6KARCAAAAAACAHgqBEAAAAAAAoIdCIAQAAAAAAOihEAgBAAAAAAB6KARCAAAAAACAHgqBEAAAAAAAoIdCIAQAAAAAAOihEAgBAAAAAAB6KARCAAAAAACAHgqBEAAAAAAAoIdCIAQAAAAAAOihEAgBAAAAAAB6KARCAAAAAACAHgqBEAAAAAAAoIdCIAQAAAAAAOihEAgBAAAAAAB6KARCAAAAAACAHgqBEAAAAAAAoIdCIAQAAAAAAOihEAgBAAAAAAB6KLe7DwA+MBHxPE9rTUSe5zU0NNjvRYSZ225mvzHGOI6Tv9xuk/9pu+3ze8jvLRwOV1RU2O9DoVAoFDohtxIAAAAAAP7uEAiPlzHG9/1MJtPa2trY2Oj7vtZaRETEdd1IJGKMERH71SarfOiym7XdWz53tY1nSimlFDMrpYIg8DzPpjKlVDQaLSoqMsasXr1648aNNgRaxhi7Tf4a2321O2mb9NoeQDv28rYba61d17V7iEQigwcPnj59+mmnnVZYWNjZTgAAAAAA4B8CAuFxaWxsXLJkycqVKw8dOuT7PjPZtMXM+dCXS0fMTG0up3Zjd/kMZYzYvJbPX/lfEZF2l7iuU1BQWFNTs3PnTiYuLi6ORqPKUUxsIx4zK1ZEREzERO3H/44XEwvncqRQfkdGxPO8psampuam8vLys88+6+qrrx47dqxSmHUMAAAAAPCPCoHw2FpbW7/zne8sX77c9/1oNFxRWVFYUNhmEqYIEROTDWP5CJUPVEJGhImMmLa/4IrdRIhIjNjQRdkMxkJCQiJ2vFFCodi+fft279696LpFZ8yaHQo7rusyK0VK2AiRInbYERYhYXaImMQICRNTduRQmLilpaWmtmb4sOHEnB+eZFJEJGSIiUQRMZOdg8rGGG10oEkbpbVOpf26+vonnvz//vLcXzLpzM233Dx06NDuuVcAAAAAAOBvhkB4DMaYJUv+vGbN2n79+iWSLSNHjhg1anRJSYlmIm3sMJoWw/Y7I0KiSQwJG5HslFLjk4g2pLXRhogMSSCGtRH7PyGjtb0uSyT3ExEjhpl9T6dSqcce+fXIoaewMQFpUsTEjjhGaWJy2FGiDJOwDaSKSIgMCZMoYkNM6XTqG/9+69p1a7/4hauu+3+uV6RESTaeEhPZvMpESokhFiOsjdGB1sKBETGc8U1xRb+vff2Op3/3qz27t6xYuaJ///7hcLib7yQAAAAAAPhQEAiPobm5ZenSZWecMZuVJJIt4089tay0TCmljdZ+ENjhP2OIRNtAyBISImYTZOOgiLhGG2PEiNHZEOkaQ8bYFYdGG+M4NvsZY4zOBkKT3VZCoVA86lx71ZdOGTZSiyhl2CgiVkzCwqTsoKQhQ+Qoya/rYyIn+19SJCSBpJKpWCzW2NBojFGKleHssCa1LTkrREzCLKJIjBjFylXKNzYxSkhFFsz/pz/88aH6+obGxsZevXqd6HsFAAAAAAA+CgiEx3D48OGWlqYzzpi1YeMb5ZVVoXAk7WV8z08kWg/tP+h5nrZVZGyEEyGmaCTat29fN+RmB/hExBgyxuQCobYTQY0Yo6XdaKAYMaKNoVx9GhFhVsOGDB47ehyJzX3tl+21KS1qhLizWi/xeMGdt9/x9ta3z/r4Wa5yOtzmiGxNmuyqRyNG2BCxIjJCBYWFs2advX/f262trQiEAAAAAAD/oBAIjyGVSkYikcLiolQqFS8s8D2vtSW9fNnydWvWpVPpIAjypT7b1vYsKCg455xzxk4YqxxHtI2KRsyRjJebG2pISI5kv+x/s/lQRIwws9amqlevSDQsLCRs82Db0MdETErI5BYwdlpBdPiw4cOHjWCl6Ki2E+0IkRFjSAyxFjto6BBrIiLFYqRfv4F1h3em0+mP8GwDAAAAAMCJhEB4DMaYaCzua5PKZLTRmUz6rc1vrl2z1k95itj3/Xw5TjsuF41H4pFIQ0PL8uXLi0uL+vfrb8cByRghyc8CbbNY0LTpSyHGvC8NioitXlMQjytHmY5CHOfSYa7w6ft6DB41Wsicq5F6TEJihLRQoDWTEiMsxETMwuTEo4WhUCSZTP7N5xgAAAAAALoHegYcAzPHojEv7Wk/EF97yfT+vfu8dKawqGzQwAmhUNh2I7Qbi8g1V15w/48/N2hI78bGxr179/mZjO/7OvD9wA/8QGsdWDoIdJD/l42HWpv83FExR/ZpjHFchzu5s5gVs7L1SZlVrjxM/v8f/pYTkdHaGC1E+SzKrIiZlHGUw4zHDwAAAADAPzCMEB4DM4cjIR14IibQOpPJpNNp3w8am+qItIhp2+pdRAxF2K1kDhkxnpfxjWai/ApBEmrbvz57oR2ME8l+pew22bYUbPtVMBGp3GiftJkVarsQHulxT9J2TDDbeSLXq/D4G8kzkbIMaRGjRbRoISJ2WHxmQ6bdaCQAAAAAAPxjQSA8BqWU6zhGa1v3UxujdWCM8X3/UPVBm9yySUyEiB565H8f/220vr6RbedBHRCxHLUyMLt6MNeskHKhsc30Ucp/ZdvnsE2aEyHF2fWCQsJGs3KI2IjOH8+RTflD9qpnUg47gQQOsdY6MKLl/2fvzoIkva78sJ9z77fnnln70tUruhs7QYIEORxyRttIYcsj2SHZ4fAW4Rc/WeE3Rzgckp797EdHOELhB8khKUarZzQz5HDIIQkOFgIggEZv1V37kvu33+/e44fMrK6qru6qBroBdOj80EFUZX75ZVYBD/zj3HMOggAzKj1KQHyijPkE8s6PR184zd85y+OMMcYYY4yxz4ED4emklOMJMNroYjxH5qAH8CC5jURRHMcJAAAgEYwXD9K44GcORcKDlxzUBh++2wQC0rHgZU4aHYOPDn7j5HY4VU76Dk8MdeOypwDHkVlutKHCgNJgSI2KjSTIHAufT0Pe+XF46x8fBD8AKF/+R+XL/zDv/Ljz9u8evnL0+NN9d8YYY4wxxv6jwoHwdEKMxnrSqPdPG22MNicOeIFx0Wxy8lNrbUYrKSZhz5hR3hsvsX/QKHi4Nnhgchh1PDDm1I+KxyIfjWbM6FFv4bHwduxieFBOfPCtABAClRzlWWGMUUUhhQQhDdHnqDo+3sOpDwDCW/8o7/z4cEQ8eNxp/pBLhYwxxhhjjH1uPBTkTEZdf1prXWijabJe/oQ4dLQ/kEYRUpvR6gkzXjmvRwVHczBu9PDdCEYrDc1D4RAMnTwflI7VFVEgSgBxrIj4qM98+D5Hvx0PqrGlENLkyhhDtpACUQBaz+C4aHjrH5/4+MNp8PHXM8YYY4wxxs6CA+EpHoSe8cJAfZYxKqMdEicwxx84+yehQ3lNIBydHAOGDIExo03yQAAGj9X/zpDeDn7Y0QnXycxSEAIdx8ryjMatjoTw9MuDjwl+T+t6xhhjjDHG2GEcCJ/AKNAdBCGi45nvoRfAgww4Wk1vjlx8cIPDXx9eYnH4rqMBLjR+38lEmUPvSQ9tvT+ykBCebAbMQeQkMgjgWsJxbCEkSDHqYNSATzcSfr50x5mQMcYYY4yxz417CM+KgLTRB92AiFIgGjJEZpTdRllLSGmASBVECEDGHN4EOFk/T0fWA46j12iyzOGMRYf+F+FgVOjkATi+f+L4FwQnDZ45i4M2yFEgJACB6Dsi18KMJ5wSmC+w5PAkn68bkHsIGWOMMcYY+9y4Qng6IYQxZhTFzGTxIKLwvZYQFsCRmp5fr5Snm6M5NIdLiIdaBY/nqIdrg8dmjR5UJR+uQT4+701GjiIAntx9+AjjoqUxWZYXWgOAkKJWcRxLF7lOwzSLM630U99B+KTpjtMgY4wxxhhjXwQHwrN6sC+CCAGFdJZe/y3PCw4HLURM+kNvskD+4dOk9IhDlsdrg5P7EQh9Qunv0BUnJUKcdAMeXjVBZxgqM25HNHo82wYoTgo93p9o4kyHsUpTFQ7jLFaF0k+9jfBJ10hwIGSMMcYYY+yL4COjpzjcd/dgIihQoaLPfvEvwRxKa0REpHOzs7GFAEJKGh0ZHYWyydaHM82kMUCABoDISBInvuogQYqHNkcYACQah8HxMonJmokzvLfWGtAQkTaU5mR5mCfKtmV/mOYZUAHagCooTw09g1OjTvN3ztgWyHsIGWOMMcYY+4K4QngKKaWUcrIMkA6WyBtDWmtN+tj14+rcwbjOQ089qjx45AoiY4AACXEU7Q53CR7JfpNEeDBj5nCRkY7fdbKA/rFDZUY3KYrCaEqSYm8/6nWzzbVoeytKElXxXcdFQJK2nWuTFcYARFF0yg/1hJrf/tFZ6n5O83c4DTLGGGOMMfYFcSA8RVEUkwqhIEJjDB0Z9nKyhw9nPkhlj3gJgiBCMmgA9Gi7A9B4kAyNltsbM7mlwFG6G38OerD/EMzh5sNRu+OhT/VwJ+Gh/RiGjDGG4lQNwrTXVd2OisK00052tuONtVBK49ikNbTbw91OP1O51sVnn914sl/oGZyaCZ3m7zS//aOn/r6MMcYYY4z9x4aPjJ6i3W4rpSar+TSRBfT0UzQRGiAD4/R2/IDoQ/sdaFxvPLpnUOCoPkkPXgcGCMerCQkff2KUCICyvEgTnaW60BJBJGkOJKI4zVSaazKEeSH6/TBOkmrVfvqLCCfKl/9h5+1HHhzl2iBjjDHGGGNPBQfCUyAggqRxI9+oPHi09PeInsDJ+dJHtgxOZoeOJ76YSbHupEuPBzk8wzgXQ+O1FKOWQgBDgAiAIAARyByrVhKgMRTGaZ6RLlAVRimli0IVEKe5HlKU9ktlP0t12S85tpNmKRCcEjI/L6f5O3N/kzpv/+6xfsLRSVGeJcMYY4wxxthTwUdGTzFZ2zA69YlA4wV9kyOap+ayEwPe6G9oEA2CwVHie7J624lJ7NgtDo6YToqJROOzqIYIiDSRPliDQYCDKBv2MyBZaCoKncSpLiAKM1UYlAJACLRUlgeB32o1LcsyT/iZn9Sxs6Ojk6KcBhljjDHGGHtaOBCewhgznvdJYIjMZIqMEMKy3MNNeSfuEjypYw8JhCE0h174mGRJ4xmhD5kkQjxa6Tt8XvTwBJkHn20yM/Xgq9FA0UQV/UGuMlS51hozZfLcoJSlStl1HAB0LIc02K6bZHmWZp7lyLP8Br+YgwTIfYOMMcYYY4w9dXxk9FSj45z60AJ5Q0RCSNeqqKIj8KH5MZORnmSO1OxofDp0dD0SkKEjifzE+5w4h+bwdJnJxcevOTZP9GASDtKhKApQaIqSLM+MKoxWAChy0JbniEJLxw08DwCrtUqaqV63F6cRCqGV8TyvUvEQ8NmWCAFGmTDv/JgLg4wxxhhjjD11XCE8DSGAGOW30feWJQFAepXaD/+6U2k8qrZnWZZt2wDi0B80k3xpgGjSCji+78P3mTz3yN7CxzI0zo2jL8xDlUwiKgrodrNwYJLE6EIgSG2MbdvCEo7rukGgiQpjQCJI8steuVoxmopcC4kA+HBz4zPCaZAxxhhjjLFngQPhafDIVwg4PTNjWVYe93b/5J/rYftRc2Vqtdr09PRovKchMjDeYHhiMDt+BxrPnDkoSB4smf+CRrNlxrmUSGmdpnrQTwa9tMgBhASU4SDLU20MGWOKolBGRUmcKxWUA9eWRZ6Wy76UMstSQ095MT1jjDHGGGPsy8RHRk+DOImCAAAocH5+/uWXX15dXQ3DUNr24T66Ua6TUrZarSsvvFCr1x8siycAhLPnp4MBpQeh8MSpM3T0sKjAI+vpx9cYgygAHxQJgQARCE0cqyRWeaa1IZS5KpTRVBSm3+9ZtiMdWzrSQoyTvCgKBEKkmdkpx3L6YSiFg2i+lEOjjDHGGGOMsWeCA+FpiI6NZnFs+6WXX1pcXMjz3BiDiA+meI6iI6LrupVaFRBHzYLmodre446APnhmck+iRw4hPS2OHR0k84DWhogEYqXuEYnhMG93w7jIHNdxLVujSOK0IoTlSAPatkWW6HAYeY4jpciyxEZybUlPpWrJGGOMMcYY+4pwIDzFkamhQGQAkFBAo1k/fBniuKeOEIjIwIM6HQGNJno+slfwyNs9KPkhjuPl5O4nXf/wy49CRHz4lUQAiEKWy9LTtLcz2N7bN0IkoESe+I7nS19aMkpSh2whAIE828qSrEDUhcpzJUEkcQSGHoy1YYwxxhhjjD1vOBCegiZzU0YdgIeKgQdXjELgg6vMwTdEAGBosmUQ8TFpcPzU0z6AaeiheaMAgCgEIaAhSKJ8e68XqUKW3MEw0YVxZew7nut42ihMH4F8mQAAIABJREFUyUJRLZUEERpI0tRybA0yikLbCYgQn/EqQsYYY4wxxtizw4HwVPpQInwIiXFv3+RcKB6pKB754vRS2qNOhT7q3OcXQ0BFrldvb2/udmTgZ8NwOIiEkDkYQnDKXp5q1/OyJE+MglxpMFmhKct1VoSD0BIFCU6DjDHGGGOMPcc4EJ7CGDOZpTnasvBg3QIRGDxU1httGEQQ41R48n5CAHgwaRSOPX/i40fWv4/WzR++AeLRxfRny2iFpjjT/W68vj/UQjjCCIJyxa3WKkabotBJniswaRrZQrpowCaw0GQURbFVkLBIOBZpwUNlGGOMMcYYe35xIDzFysrKJ598MvkOAZAmGej4+dHJmU+arIw48YYnrBukg/s9bBT3Dr3JeOzog9bA0VjRUSvfyUnzIdroXr9Y2+r3Bqki25G6NVUhAUprz3dtiWGYDMM0GYYasOT7YUKOYzmWsEgIDwyKaKAxiwJJ83MLZ3pLxhhjjDHG2NcPB8JTHBvJogEEEBCOy4R0wjoI85hGwUcmtmN7CA/HTDo6eBRP6Ak8/ac4EkS10u32YP1e26CwHYcojoZJrV4SWKgkSYrCdeySi21VuF7QH4ZZpkqloFZ2BYI2OksVgqRcgw/T01NP+mEYY4wxxhhjXxMcCM+EiAyCQRBEBnFUjnv8vNDPDcedeURHD56OYuCjFlA8vjZIhsgQSjFaS5hlRZ6k0lAcJ4WIXccOu1GepvPTDRdpP43TJLUsp1WrD6LItuxhLwkHezBbEyC7O73B1l6lXsWaG3i8mJ4xxhhjjLHnGAfCU+AIIBICgBlvlYCzB8IjiyuOvGSc+w7eavLo5K9HfaTHzyIlOnGsKIjJJzDkuc7CbF0P87ZA9B1FJnOtJIuHUebYUkprsNclSgdRkhujDYb9Qa6KWtUb7Mfd7TaFiSxwrlkWKE/6BIwxxhhjjLHnAwfCsxh18QkYb494wtogPeKbw1FwtMAexCjuHUmDk82EiALOsplikgbHFUU6eHg0BRWFFIhUrQUXr82f02Z7Y3D37m6mi7xQ3Sy3XAu0sRXudrr9JC8Qi8LkmXY9Jx4m7e22IyxZqaZFEeemwnvpGWOMMcYYe55xIDwdohjtlSAST/TCIx2DB98c2VKIQAg4+QKOtAsaQwBgxGN6Ej8XRJRoCShZzsbNzu6dNiSFSqICjEFDRCrPoMBOZ0COowjiJCPEwCrtb/fjVDklr0AKVZGAJtRP9ZMxxhhjjDHGvlQcCE+hlDLmQex54mhGk3Lfg9X1o75AJEJAI8ZVwcfeYzxZlJ6oHve4GElkDOWx6u1FVGhPWrm003BgA+ZZnud5rnQW55jrqDDgeJYl+/1BlqS1WtV1nSRJlSmUUc+oi5IxxhhjjDH25eBAeIrd3V2lFByc5jxbejv2/YNviADQGAQgBEQSj5lKOll6eGzR4BdChlAgEBldFHlhjAaENEvRaB+tcBgqpfMsNijsQoOGOI5lGQmk49jk2c3pKmiKk8RxLSnxoR+WMcYYY4wx9jx5sjOQ/xHSelweNKMWvFNfcCT+maN5CYEEEYExaMa3MgAnTuocbTykcTXPnHXfPBHpB/cjox8aP3rQUwjKGEAxiOJOr99ud+Mo7veGcZh6YHtKQJrvbW+H/VDlSkrLsmwyRqmi2+/nhZKWBYB5rt59990zfTDGGGOMMcbY1w9XCE9BRAIEAYAhQ0TGwMG6+KNZ72D6y4ORMETmSFcgmdH3iHQoOgoAceJqwVFlkE45/nlA4Dj9kSEgAygQj59HRTH6TwCIINHg3k5v0I+TRKVJTpqMFlme7+8PomEU68wtl4UWUZRKxx71HvY6AyIUOOprRBTIFULGGGOMMcaeXxwITzcKeaPEZ4BGJzmPzQE9oRBHYEbrC489cdJWiBN7E0ctg6PiIJ62jB5HHwERxLhIiAgnvBONQiqQBl0Yx7YAIYmzJFHD4TDP8ySOszQBAMf1jaYwDCvVsspz7UjPcgulskylWaa11kUDz/DBGGOMMcYYY19bHAhPgYjjNj5EAEAiwMeWxWgySYaAaNwHOAqMB5XDwy9HRKKjjYYHtwE4ONR7aiGOxkXKx+wvPHQxmb3twWcfbAz7SZaawTDZb+/3ut1cZb4TCCHSLHbJSNtFpUpaUW4s5VjSHv0UhQZDJtc5naGnkjHGGGOMMfa1xYHwFDQ+BQoGQNJBuRAPnj56OdI43h3MBB1fQY8IdQf3p2NlwsmRVDq2vuIxnxRIoijI3PxkY2qqNjVXG2W/SWQTMAqgAvKEVm907n6yJ63i5if3uoNOd7BTFNqSVqiHaRYbKlzL8b1Sw3GtJHVc1wxDY4gI4mFSAJVKgevaQLx2gjHGGGOMsecYB8JTjFMcAZEBEEcqYg+lwdGThggJcfKsQTi1xHfCXJnjlz/65cbkSpHGX/7k1t5G+PJrC//n//EnOs/nVvy//V/91gsvLXz43pZXtl95fQmAkihbu7uThfpf/dNf7W3vWXaR6zRMu0kaW0I6jl/owhKyMNpx3bJf6oedQdg+v/JCkeUKMLekLJRtkGSex8o0C/5XiDHGGGOMsecX/7/5U8zPz3/00W9GE15otCxi9AQdRDzEyWFNIgAipKNZ8QsfqyR6OE7S+ur+R395d3q+dvHK3Nbm/t7O4F/8k7+MesVf/MkHw34/DMPtTra62p5fnNrdy66+tri720sSVHFkKb15Z6+zv50Usc7TKN0zlDuW70o7z2INgIiVoIZCRkkMJMpexRFSEGZRLHzPsSQpKtLcUoS8doIxxhhjjLHnGQfCU0gpi6J4UKEbzYShUXsgHDw2PrJ5NA0+GDb6xULTw4NbbACIi3/+f/9I68LzHdey66Vy2hm2h3GU1NrhqtaxEBAlURyanIY/+pN7P/uLJmgHyXZAWVYk0BQiS5J2odMgKJMRmS4QjOcGKC0CBEIBWCnXiUw4HNqeJ0moOIsJMXC1lDFZgHpubu4L/WyMMcYYY4yxrw4HwlPQpDyHAGjwYGgLHW8kpFFtEA9NdZl0EX7Rz3A0D2ISpX/0rz789U/uzjfOdQaDTrvveGa3s5emiW1Xg+oMWLi2+wuLAEVzv7+pTL9Uni1SBAgBbQ2WLrpCaEFQrrSknFZKWSgQqBvuokqxkEJK0roWVG2QGlAprYSOqfCDUnWqORiGaZppQ1LKxcXFL/rjMcYYY4wxxr4iHAhPQUfPa45GxdBktMyhKuH4zzguHhko89Q+i87Vz//049+8ffeT93Ys4RakozTWqDRK6Qa6QNdtWrZPULVkHTGt1y+oIuoM9lW8DXaoSJG0hJCIuRTooIsgcqV1YVAKicKWVlHktu0YQ5Wg4lhOoQttydS2sizLEAohSqSdkquoaNRKUgye6g/IGGOMMcYY+1JxIDwTQ4YIDJAgokkSJEM0WQsBho6NCSUiohOGxZwEH7/Nb/IsWpb43vdfyvu6uxEmfcsuV2y/2hvu7fb2lDLN2sX97l4YhUVhWtXXcxVWyov73VtFrgLflajJGENJGA0sx2oEMxWvnBW5Lax6pVLy/alG7d6WGIYDAIkgsizN0gSFhc1mIrAAmeWFKJJA2S0nuLSwcG5xVorwpKWKjDHGGGOMsecDB8KzwNG0mNHcmMPhDSf7JBCe7UK+0Zvqgv7iX3/w6z+6lYYmh3zY62539wncevX6zt7GIIqbrblmo3l/7WaaDwM/yPLE84LAP2+7jbS4L6hwhadkIAQIMCXbUipGkGXP9207CaOKXzXGEIgojrMiRUTfsWwopoL6lFO+p5OVpZkizzd2O9NlT8hn/UMzxhhjjDHGni3xVX+Ar7vJkVE6En2IkMbbBkdPmwffjJgnnyRz5PVHnwAAMNr0O9HChdaLry9furJgeV6W5SBElPc9x56fnl1YaLqOk2fZ1FTNdd0oVHESmcKdnroKkgxJy2pYYrrkzEgCMIVtW77j2IKmavUsy7r9nhCyVmrMTM3EWVhQUa/WXr1y/erickWIimO9dW6JstgkyTk/IF+ALZDzIGOMMcYYY88zrhCeyYO5MqNvR0NlRmdEER4xOObJAuFkQf0IHvoCAaBQ5g/+r59+8rN73/m9F9e623ubMWWkjc7zIs9Tv2QR2f3+drk0D8bUK7W19S2Ufi9aE0gSpe2ALmI/OGcoH6brgeNaQsZZNF2fiqIwisPA9QPfz/IcAO5vrzXrzd32xiDsG6KWX80GkRtYc9Vy1bG31W69Vd/K9Ce3Nl5Y5p0TjDHGGGOMPcc4EJ4CJ2sGR+NDaVQeRAQcp8SHNwQejXZn8fBLRo+Ig6DY7g3v3upEUfKH//SXlaDkON4wS2OlKkGlWW9CntYqroDpYRhKW/c388BrGKBhmAi0pMiNSetBy+QDBKw4FcsSUlhpmrZ125ZWlCWCsChUKQiq5cpWd7dWbZXc8n53t72/36xULiwvNqoVYwgRA9cXGnxDrcCzIXk6v2XGGGOMMcbYV4GPjJ4Gx6nw8Hp5enCQ9ESfo2728Evo0BcYKw1z9e2ot9PbX91ZIyFsy6mXq4EXRKm5s76ztbtJuqgEpSKXcYz9aCAtOTu9XC4FL1x43bbcYTyMVOIENSmtNEt2OluDuJ/mSaLSOI6H0dD3fERY27pvCg2Inf5es9mo1Ou/ufFpnutCFWGaDONhZ6/juZ4n4Np01RZ8ZJQxxhhjjLHnGFcITzEaJ0PGHDQHTka8HM9Cj0uIX5gqoIs5XpyOPrp9ubkwPzdXKZswSWOtDfV8p+xaTqG17diYumkeWSIwBfqlYKo+22zV728XaZFIozb3OwLIcR3b9hAxLVKbKEliIZDQVMqVVmOq2YDusF/ygqsrL5RKni7SwbAvUPulIM/y1lTL8x1b47AbUe0Z/biMMcYYY4yxLwMHwtMhIsHDae9Zts/RQfGWRrsN0zjZWevtdvuy4vbCXpgnW/vdsl9yUFctNb8ySyA7gzRRkOepNkZaxvcdS4DS3Y8+ey9KQiECAz0BhUEwxti2CwKVVp4bzM/MERnSkKZJt9euVxuubS/OzvmOrFTclXPLRul6o3pvbT3PssW5hTCJUgsjW6A5414NxhhjjDHG2NcRB8JTIAIBjRYF4igUTroHn51JS+GoR5GEEGaYpnc24s3NQkX15vnbn92TUpgimWm1Zi4sSssO46xZLd++d9+zC5WlhYpSh1RhS4lRPszV0LI8gYZIj9bNS2lpY4zRUTK4ea9X8oPA9hGpWW2eXzq/29lHJHShMlUdrsVJltrWVKNSi6wkStKslzSWZtxykJhnGosZY4wxxhhjzxYHwidAAuir2LSAAJYgKvqC4m9euf7auetBUAnj4t7GHgIVeR6HkZTu5u5q2SFEXGi52932YNgTVg2Kggq/Xq73kz0QRdWf1jrJ80yawiJHglSFsoQko3OVVoIaGeh0Or7rdaO+FXvTWjmO7VZlXuTt/mDl3KzWZnsnAlUYXQiL19IzxhhjjDH2HONAeIpRLXC8doKeeRoctSweH/aDaIxJs0QKOVNutqbKRgtNUkC+vhVKtAJPTE1PlVx/GKee576w0iDSmRbVUqk36Ey1Ltqu+ez+Z5adDpMtIGNZTqHR9ssCQRuDIJQuLOFkSpGhmVrDD4JS3c/yNG7HVcf3ytYgjEHKLFHDftyst0qeZ0WxrgmuEDLGGGOMMfb84imjp0PAL7cu+NA/FCICsF3XEK13t6NhWhSq5In5VrkeuAJVq+7bIltemJtqzmQZ5IpW5pcs9C2rWFlqlOrY7u22yrPnZ94IvCkig4CWJVWeZFlqdKFUatu2IeN7JdtxMyiKIpOEtUqt2+kmUZbnVKmUXrq6Ug78MAw7nQ4ZanhloblCyBhjjDHG2HOMK4SnGPUQjrfPI9BD00UP+gkR4eHRo1/EZM8hIYKQaAmptY7iZGevB0CtZtW2rEbTm3GCIitI687eXqZEFIVruxvXLpxfmrIHebK21bUt1Qw8aTu7w9sWWLO1S1k+NKawHDvwSqbQiUqLorCFKPnO7Oyc57r9TncQxcsry5YrNnd2yuWK41me65Rs7+K5ZSVoGEUAUygROBIyxhhjjDH23OIK4SkOTxc9NktmsozwWbzpCXcuDNnCMZn4+PZNN3CH4TAMk0rZn5ltBBW/208Hw4hMYUzaTzof3/4YMQpso9Ve09WLrcrrF2c8GZZ9v+T5NrpVv+55wSAehCoJglLglYEwU7lj245tA6Ex0O/3AdC27CzNyECWFdEwKpe8Rjmoul5e5Br1s/jxGWOMMcYYY18OrhCeih78jeiEEiHAZDPhF3fyTRARUVTKlbSfeLavimJta+fC4pLK034vzjK1u9fe3u+2+71yUKmVgu9fu9Dpdefqbqz1dPnKC+eX37n54cbtNekGuxurFlq1Us2SUpKwpOP6FQAUUlqu2G7v2LbTKFWLvMjS3BNOkenAKxV5sb/bbVarrmsP+0Ow0FjCIIin9GMzxhhjjDHGvhJcIXwCAg6qd8+gNkhIhEAnJCwiQCFX5pa+941vZZD1su7dzXsf3rzRj8L7W5uDXtIPM21ICKGUGg66cTS4dmFlbmbKFMYvz2ztqfZ+j3Lbw1Ldb9bL1alGSwrpur6wbEShCIXjNaenpO30BoP1nZ1BHJM2ezt7RaSkAhNmaZSCJUGAlJbK1M5etygKXjrBGGOMMcbYc40rhGdGk/99NkUxOhhpOqk3Hs6culDVanl7dW21fVOQbAbT93c2b23cdh2vE/fygixyCFBYIs2T3X3lW6XP4tufbt5ambt4YXbp+sUr1XLVAL6nzMvXL3ue996H74dFpgsVq45t+55fvX7l8gdxOugPZeDmmap4gSOcNMpctEqlkhBgqFDGCXs93w98xzVKAwj+bwqMMcYYY4w9vzgQnhmCgS973uj4nREty/74zieffnbToKl6tdnmTGAF9/dXpXBTRcYYgCLw/HKp1LTqJc9p1ioLXqOTtD3HWVmejeMoiVWqUwO50SYOIxJYku5MfXptd0OpvN/tb2/u25ZUKrVMXRe6Vqt40s7CtBt26o2aKx3VyyJH55TnQBJBaEsSApgv/ffBGGOMMcYYezo4EJ4ZARIg0bG5ml9CGx0iaq17w2HglBen5kxOjVpNAGQb0XyzlSujKW9VqhbaM1Otdq87Nztdq3qOJecac71h/PHN27awXMdxXXuuObvf7pIAz/PPLS7HuVIWbq6vUUEb6+txHBW5lgmVhJ8N0jjrgyaVZ76xZcULqsFQFEK4mrQh2NzZbc7wvz+MMcYYY4w9x/j/0D8BmhzsfLohkA4Ooz6alOhKt1lywDiZHqZFcmVlBa1Xhj3t2qYaeLbthVkRxslMs7W/399pD+qBV/Xqlixth/2y41xdmL6/sW6ALNcu0CxevnZ3c7u8uDBz7fx+mmKqQEqJEo2VZRlK89n+vSa586WZmaBh55jGqQogytKtna2FxnwcRVrUSqb6FH8PjDHGGGOMsS8ZB8IncdIewqeDTmlPtIRVDspb/d3c6DwbWoKsDamUjlUqUESFNHlhjBQkrTTOlN7rh23PloGTOdh64bqrVOZbA1mgNrOzCwWJu3t9hZZdkG3o/Le/2b2zJuMMGjMl9LM7qypJLq1cqgqH+snFRrUfRe9v35lJpjajdimoru9sgtblYFZI8RWcoGWMMcYYY4w9JRwIT0ejvxBwvKB+PO7l2OiXL7CYHo/VBw+PkyEiQDBkZmoV1wilzOzs5d29vZ39dqE1CMwzVSv0ueasp0XJCzb6O62ZqYzSOE0TDZmHLmp0cViSba2yKBns9xqzi+2w7ftemMQ1qx6UKr1qdW1nZ+XCPGonxA3p2C/OLl7K3V/e+iDKhhtqd5D0emvd0EJVRCGpiu35Sf+cdnkxPWOMMcYYY88vDoRngog4SntPu0Q4yX6PvSnB8sLsue9f+Mmfv7ezs1Nxgy7IwhSe41Gh58styLWnsOVX0CClOhsms051oVIvELoic9pmUGRZN6tV6zsktZTKqGqj0tnvrsydk2SloZnxp5anrP/k3MKPb2/dGKbzrYWZCH/1/m+2ws72sLdl7yeOznJN2opkTrZTm5vFwBdCIG+eYIwxxhhj7LnFgfB04yz4UHA7XCc87MQVhYfLice3ShARnbBq4vBr0yT/7KPVKOx/5xuveK6/29mDTmFL4aPTkMHOYL/AwvJspVVDVvbXO1eXL0kjC1Ln61PVUnVtc83YsnDMar7vGmXZlGeiVq0WsTYl0d8fVvvJf/vmC76Gq+20ns0s+VP37m1sx22D1Idus9xsQ5QW0VCilo4blJ1SgLYwyCNGGWOMMcYYe45xIDyLp1ATpEeNoiE8y4r7Xn+wv9f5rTe/7bn2L//ynf32viE9MzX10vKFD9/++PLS0v5uu93uGqMtYS3W5h20fMc3ivIkX+uuk8S13s6frX/kNKc9zyMFwkiVZFGYOiqxTDnb3KeXVKGoDLLyytzWZjtPsqRSQF9blt0qtT6OhpFXKs9Oo2u9+duv6hyuvnTelhtf/DfDGGOMMcYY+6pwIDw7IiJjaNQr+HC4IzplVOhB9e9QbXD09cm1QSKiyd53TbreqIdRuLUzKED9p7/317d2dmularwbnl9YpIRsy06zTKKQjpAIWhVZlhltwiy0HSeTuquHi40p16/UCqikaj+ipYsvWCCtnK4k6cLClB0XgyjuZL3Ofh/A0mXH23fBhflm6xfZTlGfbc7VjKbF5fr5S7MLc/Nzc/XdT7dPmY7KGGOMMcYY+xrjQPgkJvntyxmkQg++IADMEtU1PWPMuYWVXOULszOd/f2FpelP92/ubnZNATbqWqlaKB2HsSoKTUZKSYT1enkn6S6WW81q7c6gPxgUVpRAH2I7dSzrzSEspRgn8Y1+b63T3dnqLk1Plxq1nXv3HLKqpcavww1lCUtYtmu1WrX55Xq3ncxOGQSDgM9o6ipjjDHGGGPsS8CB8FSIgIgoEA2CeFzH4OGg+OjkeGSEKExKgI95exQoXM/zXDvN8vPnz929f3tzewONJA1v7/66ZNy3XvvWex98RBqkAFvYnucDUZyEjXrLQljbWHerwaDT3jPR4tSCBuvGlskzU8q3fu/ccmszwqpZ/PbljXy496vt1956LYriD+7fG+a9lZml9zZv1DTmU/a115anLp73656QcPuz9fOXloiTIGOMMcYYY885DoSnovHKCTy1FvZgAulk1zw9bisDnam8RkSGTKNea748+8tfvrO+vX7p4kUJ1o2bt+/eX5tqtF5cvmyTNcwHrWDKDbxet29bTskL4iwtQO3u7woSCnQeF3maRNawbrwf6lYAolKWzd1OpHLbrRvXEcZ79ZVvzi7N3vz47pS3ZEn35+u/JmmlNde5Mn/lGy+QJfrDTGmjC53HeZ4ozoSMMcYYY4w91zgQnm7UM3iWhRMn9gE+VDd8cGN6xFjRh+4LqsiGw3j58sqvPvrwg09vnJta8gOvUNmL115oVGqf/PpGYTRp+vTWjXPzy73BoN1rpya7s3c/cLyqW9ro7kw1Z9bD7pryhsZbSMxsAtDTbqViN+okHJS+hmhmvp51It0RUSm/e28bfVe5orEy/dZf+c5eoiqtUhj193f7b3736t7uQIqizv2DjDHGGGOMPc84EJ6Ojn5xalXsWF3wxPmikwk0ZyqxIaIU1sLcTNKL41733s79LEtLXvncwspwGP76o49WV+9POc2d3l4zaPp2EEKsoWgFjVzngeeVgtLusLfT3luZXtrUxcvuzFxgV33RXCppZSBw8mm7o2IRmrVf39ONsjtbnimd3yiGO507M8uz3375pVcXWj/++M4Hq1vzi43ZqfL5pVbYzBybqMdrJxhjjDHGGHuOndLAxgAQCCcBjk4dqkk0OuRJRx+kgw2EOLmG6GzlQQADBEIWBfT6oSRR8UvffevbMzMzYZq6ZX9nuJ9gvp92B0Xcz8Ld/b2KF9RKFYkiyfKdYefuzv24SDrJIFPQ9MvvQvv9c7ReKpJBVGqWnSs16/W6t1AqimL3Vrt7a+/Cb59PKka2StMz57/3rW/VGk1EalW8zl6nVHIWZqrr99Z1nu1t9lBwiZAxxhhjjLHnGFcIz2KcA5HOXNU7/bInab9DyAp1+/at7kZ7tjH36ouvNipVM6Ud9Dd31jf3NyXIalCxhVWrVnu9oUMuEuz3OwWYJE8yzLWB5sx8vV7rRvG1UrN7+/aqPx1g/f69++5dPWVdH1pCTZff/N9/7y9//ElWF0tX5oXjIuRpqjvdbS2HUab/5neuv7Qye+Pm6jsfbL705jUCRSi/pImrjDHGGGOMsWeAA+EZ4Ki4d1Dhg0nB7/Og8XnRRzUWPnQ9ERpI4uSTOzeibuG7zrwUlUqlHJSNoY9/8mHJLeUqRwcr9eZmd8e2UbsFKHR9z7esutU0lt4J232V9Lbv1mrVTzd+U6+sxI1gW2cvgi0uzSVT0jHo2Z43L77737y+ux6t3+hML9cXzpX//I/e64bh5fJClfrfe/1caFmtVy6/Pjc1tzgTlKxw/cPP+VtgjDHGGGOMfQ1wIDwLHA2VISSYnPw89TUnDpiZfPGEb4+YZuler6+CVmzJ//CznyzPLk7Nzbzy7dfb4UCiVQ4C2/ZKFW91e6/mN+6lexWvLMumXirbrt1O++1hz/HK5XI1zIbDvGc6+mWqvuxO6UECSa8RO3bDil3o7iZ+AzdvtT0pZhe8P//J251O0pjygWh9daN3bXbgepnBQkO7PbAwkIifPxkzxhhjjDHGvmrcQ3i60R5CenB09EyITv5jRnNYnjBGlaolrM76zTnLr/SzuHDsxZde9OqVl77xRq3e0KbQRsV53GxOJaSsauDV/CKwPhus3xtu32qvpZLQsUk6ORjhWp7vRXlHWGp2pbU4O63vDHqfdqOK63g117Nry37mwk9/+umr33jx9bdeCMr2/fUNAFiy+pE1AAAgAElEQVS/t5e2e9Tp3Hr7o9vv3LjeagjkNMgYY4wxxthzjCuEZ4Q47iOERw0OfaK7AZ51xOg4O9q28EvNqWZ7a81zS+defIXsICvMhQvnfvP+O3Ea20KmebrT2XMdtzvcyVTVGMiQ4mggpDddqiKKwaCbqtBzHG3yRKiBrzAdYmrtBhjOOxWLfJXmbVi60py9UpPy4qA/9Equ7UCepJ7rr210X2mWZyvelb/1lkS7YTncQMgYY4wxxthzjSuET4LgoCRGE5/3XmeOUgQAICTanvzg7V+rnEoL5+dXzu93dm59+omRKlNZs9K8vHxFZXngeWkSAokkivrdnTgakKFh1NnpbHR6u1QoAeLi7Px3Xny5NdPYyXpZSWDLnn6j2bwy1Vqso7RWb+yjA3Gc3v5kvVmvlgM5O1u/eHklSWnjfvvGJxub9/ZsglajYsjweVHGGGOMMcaea1whPBURTI6LjhoJDRzZMzh59jAhhOu6eZ47jqOUchxHa22MkVJqrRElAQhEYzQASGkppYqiOPntAQggjbML56sf/sU7jVa91ZpP0gHm6fWrF+/95qP/9R/8T53t/r/6d//Bse2/+s0ffPDJR91emOZJkiUovCxWNkmnsEtBWRC0KvVXLlwTqR5QX3Xy3ua2PTWd7ybZvN65JZd/eGXl9brjeJ6TVcruoNOJYuXYQbcfBlX/f/5f/gsbxXs//3RrrV2r1/JcgeEKIWOMMcYYY88xDoRncpB7DnbTHxoS+uAo6ah+SAhCiEq10u/3W81mGIW1Wl0pNQyH5VIpjhPH8RAREQwVZAhRhMP4UYFw9B55lr/y4vJnl+aHKhuEoVPEb1w7d//mKuRQq5b63XBnd+/1869Nu60X5q++vf+rNI6IZMkvvTR7QQ3jDZvqwrranJltTu3f6XqeO1epli1TNrLekPt5plpB6cp8WrXcshNFYZzktz/dXTxfv/zywv3V/tb2QAqZKyWFNT9d297urd/bc6u24QohY4wxxhhjzzMOhGc2biIEQjg8W3PUR3dsugoi2pYV+H6mciFkkiaO7YyynyWlZVnG6CxPK5VKHMWWZQn5uLO7COh73tUr59/6/qsf3dm9f7//9s/eu/b3/uaL167kcea7lXiwmYXFcD/atbtTU7Wl2VljvJ67UC85r1ZnqhX71yV6abYeGLPX7rXcmoPalU7o5tI1lTL2e4nt1+2aDQRZohrTZZ2jtNwXXlopNbzmoNAmX5pp2Y476A5ySdaMNL6ZX5rau7/+DH/hjDHGGGOMsWeMA+ETwMnG+WMDYY6fHwVQSm1vbZMxgEjjJElEEMcJGUAxJDJEutftA6AQqLV5zPsSUOA5IODSyyuJLVzPX/GDrfXNpcvn0m6SDvPFRuvlleu9QbjX67z2re86VrCVf/zD166+8dL8nX//aZwlc7Ydd4b1uer1Vy7//O33VqyWn1Ij8aJesg2JW6n4vj+IM+nAoBv6JV2rV978/gsEuLu+P+gOrqzMWhJ/8+EdmdP8YtWre34QeI5LPGWUMcYYY4yx5xkHwrNCAgOjdEaACIDjA6IHxUIc7SucHBwdZTyi0XxSAwAIWhsABF2MXzC6UJ8eq8pl7/13bwsp7UT/3d96fb5RU7pwK5U//dfvBldtT4rzi8sbwXbU7UKs//wvf/HXfvCdN1+6OOyEw7A9405ZAstOgGSHvfj8/LJnJJK5t30fATxdnZuZageYKIUxpcN8/fbOpatOveH1BgMgLYzWvagxX371xeVbH21WSuV+PnBtC20LeMooY4wxxhhjzzMOhGc1KfRNvj3aWEjHGguPvPKU78/CceTa6va5c1PXF5dkblKlLN+NkmT5/JTfKt39YH3lG9esXuOzH3/w/q8/+eb3X33p5XNrv1x95ery//Bf/w2z3elsdz+737Yqs2io2QxUptp7HUt6ZTDlVGzt91HO+rYFqSl7LghZK3uaKPA8oy276dx491a0X3c9WcQhZFOVIlhf3W9YxpjHFTYZY4wxxhhjX3McCM+MAIgOZ76DEZs4ediM5ss81E84eoDoc9bTEFAV5vzy0ux8bWE+uHV7f9jrl4bez35y99q5ljE09/qC7VuNpUs7H23sh/Hvv/bWZ5+uoor3Vjdvv7v28kvzw04Mukj34npDbOy2L1xcSurlQWfj9WuX3bI7VZiOQacQO0kmXCGrUOSZ5biu4wx6VGoEc+enO9u9uD2wLKu3O2zVal5KdqHR8JFRxhhjjDHGnmO8h/DM6HjSe/AMjjZSjGt/BGAQzIPXgcHRU5+/niZc640fXO5FiWs7L16Y9S17/Tc7Xlev/uXGoK0qzQoV+e56b3qqXg6capR/5+LixaXp9qdbNEzJGAFyvuzuvXe/rq0ffO/ywryfxemffvCrX75/e2t3qLb79WGvkaYzGoNYW1288cv7qI0EUy55RYFea3ru6qVSs9aoBMIWu+kwCnM71sj//jDGGGOMMfY84wrhWRCgAHxw1pPoIP0BoqBJYyGOMuOoEPggE9Lk2rPGp1FfIk469IhQAlV9ur7YXH97pxR4C+X68rdnNkrtD39+82d/9O6Fzdnv/OD6R3fuX15cvPLWS/F6R15fKH6zm7XThdnajV9tTF+qnP/m8iefbXT3Br2P006SeZa9Ul3a3+iVc1lxvdocibprgVy+MAPTdlYU+/eHwoL2UE0ttIpcAenSdKsuwGlWKEvDrH93tY1NrhAyxhhjjDH2HOMKz+kOpsbQyf1/BEeep0deCObzNRACkASyCVxJvW73o3dv3vn4fjbMnMXgjf/uW0vfXPr09ubq/d1vvH6h29u3PMt4tp3Qzqfr0abqr8bJMDIaEEiVi9rFUpEXqptd/96lv/P3f9i0axJdt+G248G7792xhKej1IlyEanu/WzrZugVDg5znaTKqGRAdiVwSraw0Kk456+vgOB/fxhjjDHGGHuOcYXwTEbVPqTJNsJDzYB0KC/SobyHxydwisenwYP7HCoMTrZVIJm0SDbiOMfpa+da50nFmbdU3ry/bYkazjYuN6s/efc3f/WN1/pZLLWcmpsulH7z737zD2/8UZEUTmDXGoHXqLx09WLJC1Y/2Zx/ecmt+bVhPP/N1nsf3rj5Z3djQTOVerlWnaMpYVfztKCkqFRKLpIszEy9qvNMthzLgB5qAXapXO730keN0WGMMcYYY4w9FzgQns1onQTSaH7M5yrzmc9dj0XAaC/75I9v0axfvzLtgWw0mpCZuVpLdLLb722HUnjofPCzj1+ZboabPQTc3e9deGGhNl8drvUvXJ0PKp6Kk6ULM+/+20+lMD0d7n2w6eVqZtb/Dq0keTzs5ktUsTcj47iF47pV++rFZi4wz7NsMGzWpsGBLuQqlzrOE5vyorDCGCwOhIwxxhhjjD3HOBCewbgv8MmGhBIdHiGDABLxUDnxcS884RrLtkrnfEIhlBYSRaHSvjJDHXSiv/WNC8aWBZ7f3xp27m/efWdtY7/dzdr10vdzqfySPb1UAYkf/dEnQal64fLc+/du7P5kI5s6n+bJlTdWKuXgu2+++G//8J2WX727cz/3yfJsz647hTYoTGZ6692SZwVlt7vfq9Wr6XYHy26p4gao26Sf5FfCGGOMMcYY+3rhQHg6IiOlQEB6OBOOstspSRG/YK8mAYEBS0ida9xNqGwXJaMyyy57rm1MrB3Xt8FcuuZdfqO6+t7Gv/nRn3/3W69XmtMXX7u08Ref3d/bE7a11u2tYG1mpfb73/trP/6DX7VXe2098O8Hvi9Xt/dajkRF7owvULTz3oe/eL/WrC3OLM7UWhWnhBnYNXd+polQ1C/UCw1otDNVu9//Ij8WY4wxxhhj7CvGgfB02hhEAaMRopMBoHBsmszjMiGe5aITjNa+EwCARJQZSo1JONTkO7blTEnbtUVCmZOZNAdUQcUrV8qzi63f/dvf2lnv7O/sAqI7X0kr1qc/uRVlxtbb05dc2QbXsWPIskS99/FnDsrFSusHV1+Jct1aqX+0u/Zv/vhnxobffuXNMvWrquTXPa00GKzWnWiYF0ipUq5j5XHCBULGGGOMMcaeazwl8nRFUViWHM96OZzp8BkPVTlYfA+ojdFZmg+jvBd1VtuD7tARFLtqq6TuQ/eu2mgulSnXw3Z2+8buotu6+MLyH/zLP7zz4c2Fldkf/Od/5c3vvmIrPN9qVMquKASinVgFNvBv/f3fUlPw8ebW3fXuem9/7dZmFey/9/pfawQNjeaV6y94vi18KldK0TBUSgmA/m60vxE6nhNUKoIenp3DGGOMMcYYe25wIDyF1jrPctuyhZRAgIBwNAI9Jg8hCkTx+VMjChACEABI6xyFKJR2Aq/uO41G3ajC70aqMywFpc5guNve98tuv9t78eULleWKK+Xv/pVvv/jD1/pplgzjRCkzzNc6vdILy7oWqP1YErw4txQ49vWrV15/5cLCK9MDk3Zt03X15qC9UJ66d2/95u1V4UkvcJM4t8hK+qmKCXOzfKGhEfqoMzBn6YpkjDHGGGOMfT1xIDxdnCRCStu2x7vpz5zviOjwCvvPl52M1oYg1klhWURBPECVyzRMyGgphAiVjIqLcwuB43eiQc8UJs6rtfLc8vTMUnPx6vylt65sfLgOFTGsZaZeGeZZ7Uqj9VLr8rXluJNv3R3MT8/FUd7b7G3l++/f/rRWa/zg73x/j3pDFVZmq7IisjhPBlkSxnEvC3txrx2noULb6g2GKss9z/scPxRjjDHGGGPs64B7CE/hum6SxGmeua4XhqGAcZnwbONkznTR4xmtEbAbdkt2y6+UUVnCodWP7p9/YxlLTskLyFBs8k6RZVlyP+14jvCkVy3X7MAyROXpIIHS5QuLr/7wf3znRzdiissRvPn737z7zt3N4r5ArdL8le9/60//5M/++hu//Qfv/fEf//kvZlbvXFu63GjUdKqjwVBYNkih49xEpEEpnUOKlNDd3ZsqyDgQMsYYY4wx9vziCuEpms2mtKzVe/csx9JKGWMIxnU/JAIiAgIgoMN/Jklw9AXR6X/gocsOHgFIs6wz7Pz8s59GaVye9usLtUvXzmdt1d7ob9/eCcM0M3o3C/dV7jUqe4vOxjR9SJubRY/STA+VHQpQ4LgAXvGb9+9GPZVK9c6nnxSJak1VNm6uWkE28+rUzZ3VS8uXynW/6dj9vQ4auL+2ubu7FwS2V7GAcO32/vZap16rC9d6/4MPf3Xj59IStWr1K/4nxBhjjDHGGPu8uEJ4ilqtdv369X/77/59s9EIo8ixHSklikfW/Q6GrEw2VODp+wsRcbSj8PiZUiIARNzfb1fKpXduvf3zvV/8l2/9969XXgOyo6ifZpFfK1lSJiZH4RRZGvhe4Pt5obKStRENZ1qBZ1mrWXt5bi4eJJevnjOZufertfCWb6Li3nr44vdecKuV7dXdt77/2o/+wwfNho0lee3KhT/+0c/UQO0MOpu761OVSqPVLAduczbo5/36QvlPPvrxP/uzf/HGb7/ZnJqqNxpP49fMGGOMMcYY+wpwIDyFZVm//5/97Z/99Gc3P/vMaON6jm27OJotg4cD4AMISOO1FALwbEdLj0bB0U0PP7i+sVmpV35+45f/2//7D+p+rVGZAoMowHYsFICWNAiCAAGMIBCgC10oXfFcUCSFNGSMJgJyXUva1vDtQZ4UutB/8O/+kAQOu2H5XmUwiGzHynJVXve77cG78c8VFWmS/Hjr/7MsuyhMnqvUpIN/1g+zcOXcuSDw3/zWm7ZtP7XfNWOMMcYYY+zLhTwl8lREdOfOnX/yT/6fn/70Z2mWWpYlhTgIbFLK8T6KQ1siRn8zBPSgjfCRv+dDrxzlyMkQGiAiMoYQUQjx/7N33/FZlofCx68MEsKIbGQjoIwqalUk1I3gqvu4rbNaFZU6UKzU1eNx1T3qK9Y6qOKooCiuCuJC0AqCIFNGCCAzRCAQ8uR5/7h78uYNQy0g6PX9fvo5nztXrue+ryft0fxyj6dO7bwVxcvnz59fUlKybt269P9ab2//3l3FD3uXm1phZaNmZWXl5uY2bNhwv/32+93vfrfrrrtmZrrqGAAAtiPdunUrKSlJtgsKCjY4Z/To0SGEtm3bOkP43TIyMtq3b/+HP/T/5ptFEyZOKCoqWlG84t+3EWZkZGZmpVKpjIyQSlWkUqlUqryioiKVSiUtl/zfnNycunXqJrlXkQ4hnV69elXpmrX/e4oxIyMjIzMzZGRkZmVl1ahRIysrOyMjZGdnh4yMVKo8I4TMzKw6des0bNCgpGTFxIkTFy1atGbNmmR5mZmZmZmZ6XS6omIDHwKRhFxFRcWGz2auN6fyy6q7Tb6VnZ1dp06dNm3a7LvvvgUFBTvssIMPIQQAgJ80Qfh95eTktGrVslWrltt6ISGdTpeVla1duzadTlcm2Zo1a4qLizd9vneD/Vb5kmrXqebl5VUmXzKYkZGRl5fnGlEAAPjZEIQ/PRkZGbm5ubm5uVUH8/PzmzRpsu0WBQAA/PS4AQwAACBSghAAACBSghAAACBSghAAACBSghAAACBSghAAACBSghAAACBSghAAACBSgvAHSKfTS5cunTJlyuLFi3/oC9Pp9FZb1waUl5dPnz59E+tMp9NlZWWbePlWWxoAALC9yN7WC/jJeOGFF5599tmSkpLky5ycnEMOOaRv3765ubnf+doLLrhgzpw577zzztZfZpgzZ86f/vSnr7/+OvkyJyfnsMMOu/zyy7OyspKRyZMn33fffTNmzAgh1K5d+5RTTjnttNMqvztq1KgXX3xx8uTJeXl5Bx988BVXXFH5LQAA4GdGEH4vjz766AsvvJCTk3PwwQe3b99+6dKlH3300Ztvvvnpp58+88wzNWvW3NYL/Ldvvvnm3HPPDSG0bdv2l7/85dKlS8eOHTts2LAZM2Y8/PDDSS727ds3lUr98pe/bNWq1T//+c8nnnhi2bJll19+edKKN998c8OGDX/zm99MmDBh+PDhy5cvv/XWW7f12wIAALYKQfjdBg0a9MILL+y666633npr3bp1k8E+ffrcddddb7311ksvvXTmmWdu6zX+W3IS8qyzzjrnnHOSkVQqdeKJJ3711Vdff/11u3btnnvuuVQqdfnllx933HHJqctjjz126NChl1xySVZW1oABA7Kysp544onkbfbv33/06NEzZ85s37595SE++uij22+//X/+53922223bfdGAQCALUAQfrfnnnsuKyurag2GEDIzMy+77LKZM2dWXlFZWFj46KOPfvXVV8XFxVlZWV26dLnyyivbtGlTbW8rV6584oknPv7446VLl6ZSqRYtWlxyySUFBQUlJSWXX355RUXFPffc06hRoxDC4MGDhw0bdtRRRxUWFk6YMOG+++5r3LhxspP33ntv4MCBl112Wffu3avuvLi4OIRQdZ1J5o0ePXrdunUhhPbt2x9wwAGHHXZY8t1atWq1atVq9uzZK1asWLlyZXFx8QEHHFD58v/6r/8aO3bsu+++WzUIV69evWrVqtLS0i39YwYAAH5sHirzHRYtWlRaWtq5c+eqlZWoVavWY489dtppp4UQ1qxZc8EFF4wePbpr166nnnpq27ZtJ06cePXVV6//LJn+/fsPHTq0adOmp5xyyl577VVUVHT99dcvWrQoPz//yCOPnDdv3k033RRCmDRp0mOPPVZaWnrcccd17NhxwYIFw4cPr9zJ4MGDFyxYsOuuu1bb+aGHHhpCePjhh//whz+88cYbS5cuDSHsvffel112WceOHUMIJ5100k033ZSXl5fMLywsnD17dl5eXsOGDWfPnh1C2GmnnSr31rp16xDCD32CDgAA8FPhDOF3GDduXAihU6dOlSPLli37+uuvKyoqki8zMzP33nvv0aNHl5WVnXHGGeeff34I4cILLzz11FMXLVq0cuXKqiW5ePHiqVOn7rLLLvfff38ycs8997z22muTJ09u0qTJySef/NFHH02cOPGFF1545plnQgh33nlnrVq1evfu/cADD7z22mtnn312cqPgtGnTevToUadOnWqr7dSp05133jlgwIBPPvnkk08+CSE0bNjwgAMOuOCCC9a/0XHlypX9+vULIVx55ZUhhFWrVoUQdthhh8oJyfaiRYtCCE888cTo0aMrT0Lefffd+fn5IYRevXqdfPLJW+EHDwAAbHWC8HupeoXkv/71r9tuu63qd999992DDz744IMPTqVS8+bNKywsnDFjxpo1a5Izh1WDsHHjxu+88046nV6yZMncuXPnzJkzZcqUZFoy4eabbz711FMfffTREMLll1/eoUOH5FTkgQceOGrUqClTpnTq1GnYsGEhhOOPP36DS917772HDx/+5Zdffvzxx5999tnXX389ZMiQDz/88IEHHmjatGnltEWLFl1++eWLFi067rjjevbsGULIzs4OIWRkZFTbYfIRFGvWrFm9enXlUteuXZt8uXbt2i3zIwYAAH50gvA77LnnniGEiRMnVh258cYbk+37778/OWOWTqcfeeSRoUOHplKp5M69je3w7bfffvDBB5PTcckHP1T9br169Y455piXXnopKyur8k6/JP9GjRr16quvduzY8bXXXqtdu/Yvf/nL9Xe+fPnyVCrVqFGjrl27du3aNTmhd/vtt48dO/all17q06dPMm369OmXXXZZWVnZ2WefnZx1TGI1hPDtt99W7i35jI0kaC+55JJLLrkkeW7Nbbfd9oc//KFbt27/6Q8VAADYLriH8Ds0adKkdu3ac+fOLSoqSkYaNWp04P+qV69eMjh48OB//OMfrVq1uvbaa59++um33347eQhntXsIp06devvtt1dUVPTp0+cvf/nLm2++efrpp4cQKi9AnTt37ksvvZQ8HfTPf/5z5Qu7du1ar169ESNGTJgwoaSk5Jhjjln/VF4qlTr55JN/+9vfVh2sV6/eddddF0IYP358MjJ+/PhLLrmkrKxswIABlTVYGYSFhYWVI8lbTu4kBAAAfn4E4Xf7zW9+k9wWOGfOnKrjY8eOnT9/frL9r3/9K4Rw3XXXHXbYYS1btiwpKZk8eXISaVVfktyReOaZZ5544okdO3asUaPGhx9+WBmE5eXlSbzde++9HTt2HDly5IgRIypfe8IJJ5SVlSWVeMwxx6y/zqysrL322qukpGTQoEFVxz/44IMQwh577JF8DmFyx+AjjzxyyCGHVJ3WokWLevXqjRo1KnkeaQjh9ddfDyH06NGj6rT1QxQAAPiJcsnodzv55JNTqdTAgQPPPffcdu3ade3ataSk5Msvv0yetnLIIYdkZGQccMABn3/++f3333/aaactW7Zs0KBBZWVlyVWXzZo1q9zVfvvt99hjj7344osNGzasUaPGsGHDvvrqq8qLMx955JEFCxYce+yxu++++80333zGGWfcdtttu+66a5MmTUIIRx111BNPPFFUVNSxY8eqdwNWdc4554wfP/6JJ55444039thjj5o1a06dOnXy5Mk5OTlJQyZ3P9arV+/ZZ5+t+sK+ffs2bNjwrLPOeuCBBy655JIzzjhjwoQJ77777n777ZeUZKWePXvut99+ubm5W+3nDQAA/Eiykg85YNN22223Fi1alJaWTp8+fdKkSbNmzVqzZs0vfvGLm2+++YQTTkg+rWH27Nnjx49/9913P/nkky5duhx77LGfffZZ06ZNu3bt+uqrr65YseKss87Kz8+vqKiYNGnSyJEj33///YyMjGuvvXbkyJFlZWXNmjW7//77GzZseNttt2VlZdWuXTs/P/+TTz6ZMGHCr3/96xBCXl7eF198sXDhwgsuuKDqBwNW1ahRo0MPPfTLL78sLCycNm3alClTli1b1qlTp/vvv7958+br1q1Lnm5aWlo69/935JFH1qtXr2PHjuvWrXv//fdHjRo1ffr07t27X3PNNdXaLyMjIzs723lCAADYPg0cOLDy0Y+tWrXa4Jx58+YlJ4oy1v+gPDZtwYIFWVlZyVm7alKpVGFhYfPmzXNycja9k8LCwnr16q3/2YabduGFF86aNWv48OE1atTY9Mx0Ol1UVJROp1u2bPlD4628vLyoqKh58+bfeRQAAGB7061bt+QKxBBCQUHBBuckHynXtm1bl4z+YFUvAa0mKyurbdu232cnGyv1DSovL1+4cOEXX3wxY8aMo48++vt0WkZGRsuWLb//IarKzs5u06bNf/ZaAADgJ0QQ/gTMnz//nHPOST6j4txzz93WywEAAH4mBOFPQLNmzU499dTc3NzDDz+88oMuAAAANpMg/AmoUaPGhRdeuK1XAQAA/Nz4HEIAAIBICUIAAIBICUIAAIBICUIAAIBICUIAAIBICUIAAIBICUIAAIBICUIAAIBICUIAAIBICUIAAIBICUIAAIBICUIAAIBICUIAAIBICUIAAIBICUIAAIBICUIAAIBICUIAAIBICUIAAIBICUIAAIBICUIAAIBIZW/rBbABC9/M+I9fu+Ph6S26FgAA4GfLGUIAAIBIOUO4PXKWDwAA+BE4QwgAABApQQgAABApQQgAABApQQgAABApQQgAABApQQgAABApHzvxY5sxY8bs2bNDCPvvv39ubm6171ZUVIwcOTKdTjdv3rxLly7VvltaWjpjxoySkpJOnTo1bNhwg/tfvnz59OnTs7OzO3XqVKtWra32PgAAgJ88QfijWrdu3RVXXLFq1aoQwjPPPNOiRYtqE1555ZUHH3wwhNCjR4///u//rhwvLy8fOHDgiy++WDnSokWLO++8s1mzZpUjy5cvv/XWWz///PPKkR49egwYMKBmzZpb+W0BAAA/SS4Z/fGkUqk//OEPSQ1u0Pjx45MaXN+tt95atQZDCEVFRWeddda8efOSL9etW3f++edXrcEQwscff3z++eenUqkt9A4AAICfFUH4I5k4ceI55+s1gVMAACAASURBVJzzr3/9a4PfLS0tffTRR6+88soNfnfChAmjRo1Ktnv06HH44Ycn26lU6oknnki2n3nmmeLi4hBCVlbWcccdt/vuuyfjCxYsePvtt7fCGwIAAH7yXDL6Y3jooYdefvnljX13wYIFv/3tb0tLSzc2YfTo0cnGfvvtd8stt4QQ2rdv//DDD4cQ3nvvvT59+jRs2LByzmWXXXbMMceEEPr37z927NgQwpNPPnnEEUdshbcFAAD8tDlD+GOYMmVKstG7d+/KwYyMjGRj+fLlSQ3m5+d36NAhGczM/H//1cyaNSvZqHzMzP7771/53WnTpoUQCgsLq8058MADk43FixevXbt2gwubP3/+0qVLv/84AADwcyIIfyTt2rV77LHH+vfvv8HvZmVlnXPOOS+99FK3bt3W/27lU2Eqqy8vL6/yu998800IoUaNGsmXlXcVVn2WzOLFi6vtc/r06aeeeuqZZ5550kknXXrppZXnJzc2DgAA/PwIwi1gypQpF154YeVpwPX169fv8ccfrzz7V03btm0HDx581llnZWdv+Aredu3aJRujR49Op9PJ02Iqv7to0aIQQps2bZIvP/roo2ob6wdhaWlpv3796tev/+STTz722GOzZs268847NzEOAAD8LLmHcHMNHjz4ySefDCFcddVVRx999EUXXbT+nMpa26BatWpt+gMDDz/88GeeeSaVShUXF5944omdO3euvGMwhPDtt9+GEE466aSbb745hPDuu+8WFhZmZGRMnTq1ck5JSUnVHX722WclJSV3331369atQwgnn3zyU089VVFRsbHxqtevAgAAPxt+0d9cTz755C233NKhQ4e77rrriy++qKio2OKHaNKkSZ8+fZLt4uLiqjUYQmjUqFFyx+B+++2XjEybNq1qDVbOqZRcVlqZqcnG8uXLNza+xd8RAACwPRCEm6tmzZoTJ05Mnubyl7/8ZSudTDvuuOPuueee3XffvXbt2i1atPjNb35T+aH2TZo0STZuueWWvn37dujQIS8vr0OHDv369at8eePGjavuLbkzsPIK1bp16yapubHxrfGOAACAbc4lo5vr2muvvfnmm8vKym6//fZzzjlnxx133EoH2mOPPXbffffk2aQVFRXPPvtsMt60adPKOccee+wxxxyTzKl6krDaGcKqz6QJIZSVlSX5t7HxrfSOAACAbcsZws1VUFDw+uuvt2zZcs6cOeecc87WeCznZ599dsopp/Tq1evkk09ORt5///1UKpU8nrRz584hhEGDBp1wwgmHHHLI7bffnsx59dVXk42OHTtWO2+ZnDBcvXp18uWKFSuSaNzY+BZ/RwAAwPbAGcLNsnr16ueff/7MM8/Mz8+/7777evfuPWPGjN12223LHqVVq1bJY0KXLl3av3//Dh06PP/888m3TjrppOS0Xv369ZNrO995553c3Nx169a99dZbyZwLL7yw2g6TmwPHjRv3q1/9KoTw+eef165dOzMzc2PjW/btAAAA2wm/62+W3NzcZ599NjkXN2nSpKysrI4dO27xozRt2rR79+7J9tixY5999tnk9GDjxo1PO+20ZPyQQw6pV69esv3aa69V1mBBQcGee+6ZbL/33nt33XVXCGHnnXdu2bLlI488Mn/+/DFjxowcOfKMM87YxDgAAPCzJAg3S1ZWVr9+/R599NHJkydfe+21ffr0ycnJ2Zwdbux03B//+McDDjig6sgBBxzw1FNPVd7gl5eXd99991V+YmEIIScn57zzzrv11lsrRz7//PM33ngj+STDm266qbS09MwzzxwwYMCvfvWrU045JZmzsXEAAODnJyPJAzbHunXrLr744gcffLDaQ1m2uG+//Xbu3Lk1a9bcaaedNpaOixcvLioqatq0abNmzb5zh4sWLapXr976EbuxcQAAYDvXrVu3ys8hLygo2OCc5KPs2rZtKwi3jCVLlnj4CgAAsM39oCB0yeiWoQYBAICfHEEIAAAQKUEIAAAQKUEIAAAQKUEIAAAQKUEIAAAQKUEIAAAQKUEIAAAQKUEIAAAQKUEIAAAQKUG4FaXT6cWLF5eUlGzOTubPn//A/fdPnTp109MWffPNnNmzKyoqqg4uW7p08eLF6XS66mBFRcXChQtXrFjxnTtMpVLVBlOp1KJvvvmB7wAAANhOZW/rBfxsLViw4JWhQ8vKykIIeXl5J554YoOGDX/oTl54/vmFCxeGEN56883RH398+hln5OTkrD9tXmHhyy+/HEI497zz6tatm2TkK0OHrlu3LoRQo0aNY449tkWLFiGEcePGffjBB0ki5ufnn3LKKXm1alXb25tvvDFz5sxUKpWRkdG8efNevXvn5+evWbNmyMsvL1myJJ1OZ2dnt2/fvlfv3pmZ/qAAAAA/YX6h3ypSqdSQl1/Oysr69dFHn37GGXXr1n3++efXrl37g3by5cSJCxcuTAIvOzu7pKTkww8+qDZnzZo1Y8eMeeWVV6odfeiQIevWrWvWvHmjRo3WrVs3/PXXk5N+H7z/fjqdbteuXV5eXklJybsjRlTb4YQJE6ZNm5aRkdG+Q4eaNWsWFRW9+sorIYS333pr8eLFtWrVate+fUVFxdSpU9dfDAAA8NPiDOH3NWXKlA/ef3/NmjU5OTm7de3ao0ePEMJrw4al0+mFCxeWl5f37t27fYcOyeRkpFevXu3atQshHHHkkU89+eSUKVN23333yh0+8/TTqVTqN2edlZWVNenLLz/44IMDDzqoc+fOlRO+WbQohNC8efOpU6cef8IJTZs2Xf+M3Mcff/zlxIm1a9detWpV1fFevXoVFxfv063bnDlzXhk6dM2aNRUVFbXr1OnZs2dmVlbnzp1HjhgxceLEZUuXVtvhqpUrmzRpsucvf9mxY8dJkya9+89/Jpe8ZmZmNmrU6NdHH52fn//aa699PXPm4sWLt8KPGQAA+PEIwu9lXmHh22+9lZubu9dee02fPv2zTz/NyMgoKCgoKSlZsmRJXl5e3bp1q14RmpWVFUJYsnTpziEkp+ZCCNVu29u3e/c333jjvZEjuxcUjBw5sk6dOlVrMITQpUuXSV9+mdw9OOvrr5s0abL+wmrXqrXPPvt0Lyh48IEHqh595112CSF89OGH48aNS3aVmZlZu3btX+y6awjhxRdfXDB/fgihoKCg2g4LevQo6NEj2Z46ZUoIIX+HHUIIvz766GQwlUrNKywMIWxwPQAAwE+IIPxeRn/ySQjhnHPPzc3N7fGrXw187LFxn3+e1FRGRsbZZ5+dk5tbdX7jxo0zMzMnfPHFTjvtlJeXN3r06BBC2f9/yeguu+zy5cSJkyZNmjdvXjqdPu7446sdtFmzZp27dPlq8uQQwmeffTZx4sQTTjyxcePGVefs2737JpY9derUioqKjIyMVq1bVw6mUqmkBnNycuo3aLCx144ZM2bevHkhhP3326/q+Msvv1xWVpaZmblPt27f9WMDAAC2a+4h/F6WLV1ap06d3P+tvtatW5eXlycPjKlZs2a1GkzO0R1w4IFr16594fnnn3ryyWTm+tOOPOqorKysFStWFBQU1KtXb/3j9urV69RTT022165dO+q9937Qso886qgDDzwwnU6/+cYbS5csSQYzMjJOOOGEjh07lpWVPT948AZfOG7cuDGffBJC6NS5c5u2bSvHhw4ZksRkr969a9as+YMWAwAAbG8E4fdV9fGeSRlmZGRUbq+va9eup51++j777NOrd+/TTj89hFCnTp1qc1KpVPLAzw1+CMSK4uLZs2bVq18/hHBor17JrYnfc7Xl5eUlJSU77rjj7nvskZ+fH0KYPHly8hCaNWvWtGzVKtlhKpUqKiqq9tqvJk/+4P33Qwht27bt3bt35fibb7wxd+7cEMIBBx7YsWPH77kSAABgu+WS0e+ldp06y5ctq6ioSB7rMnv27JycnBo1amxsfjqdfmXo0E6dOyf3440fPz45r1ht2rBXX02n0zvuuOOkSZO6dOnSrHnzqt99/fXXlyxZsueee4YQateuvYn4rGbx4sXPPftsRkbG7y66qEaNGsnzZrJr1Bg7Zswnn3ySn59/zrnnLlu2LJlcIzu7rKxs5bff1sjJqVu3bnFx8T//+c/kYTbHHHts5T4nTZo0bdq05CbDPfbY4wf+/AAAgO2RIPxe9th99xEjRrwydGhBjx5TpkwpKSlJHh+6MRkZGckVng3q11+zdu3HH33UunXrRo0aVZ0zYcKERYsWde/efY8993x84MBhw4ad/9vfJk+jSXQvKHht2LDkqTDDXn01hNCxU6fvs9rGjRs3aNBg2bJlf3388YyMjOQTBbt07lyrdu2xY8eWlJQ8PnBgaWlp8gGJTZo2nTBhwnsjR9apU+e8888f/fHHyUnL+fPnP3D//cnlr30uvfTjjz5Kdj76449Hf/xxCKFp06an/O/lrAAAwE+RS0a/l11322233XYrLCx84fnnJ06Y0Lp16yOPOqryqtENOvjgg3NzcwcPHjx0yJD69esn8yuVrl79/qhR+fn53fbdNycnp1evXmvWrHlv5Miqc9q1a7f7HnskiVhRUdGmbdvum3yETNX1HHbYYU2aNFm3bl1ZWVmNGjWOPPLIHerVq1GjxqG9euXn569evTqdTtetW/e/TjophFD1PcyePbvaPtPp9Iri4iQgq6pIpze9GAAAYDuXkfZr/fdWUVFRXFxcr1699T8PcGNWrlxZs2bN7Oz//ExsKpV6+KGHTjjxxJYtW/7Q15aVlZWWlu6www7rryorMzOvVq3/eFUAAMD2qVu3bslniW/wc+YSyecgtG3b1iWjP0BmZmaDjX9Owwat/yCZHyorK2vf7t0bVvmQw+8vJyen6rNwtuCqAACAnwFB+BOw7777buslAAAAP0PuIQQAAIiUIAQAAIiUIAQAAIiUIAQAAIiUIAQAAIiUIAQAAIiUIAQAAIiUIAQAAIiUIAQAAIiUIAQAAIiUIAQAAIiUIAQAAIiUIAQAAIiUIAQAAIiUIAQAAIiUIAQAAIiUIAQAAIiUIAQAAIiUIAQAAIiUIAQAAIiUIAQAAIhU9o92pBbNW/9ox4LvVDR/7rZeAgAAbGPOEAIAAERKEAIAAERKEAIAAERKEAIAAERKEAIAAERKEAIAAERKEAIAAERKEAIAAERKEAIAAERKEAIAAERKEAIAAERKEAIAAERKEAIAAERKEAIAAERKEAIAAERKEAIAAERKEAIAAERKEAIAAERKEG4Vu+yyc89DD8nLy9vYhA4d2hcUdF9/fK+99urUqeNWXh0AAEAQhFvL0FdefvrpJ6+9tt/GJtx2263PDf77+uN/f/aZhx5+oNrgvvt2Gzf+X1thmdX9aAcCAAC2B4Jwyyso6L7DDjusWrXq1NNO3SI7PP2M05s0abxFdrWdHAgAANgeCMIt78orf19aWnr1VdfUrVun56GHVI4fdNCBn372ybyiOZO/mti6TZvK8Suu/P3kryYWzpv94UejsrOzqu3t/PPPPeGE40IIX8+aXlDQPTMz86GHH5g1e8a8ojlfTfnytA015y677PzhR6PmzP166rTJj//1sczMzBDCaaed+uWkLwrnzZ5XNOfLSV8kF6z2v+7az8d9+t6oEYXzZr/x5utVD7Q1f0IAAMB2QRBuYTk5Od0Luo8a9f6rrw5bu3btNdf8+6rRhg0bPvnUE00aN3n11WHr1pW3bNkiGe956CFXX31lRkbGkCFDW7Zsuf5th2PGjJ09e3YI4cm/PTVr1uz7H7j3+OOPK15e/NKL/8jNzf3z3XcedNCBVefXrVtn2GuvtGnTZsSIkePGjT/iiMOvuuqKhg0b3vXnO7Kysv76+BMjR75Xr169R/7ycAihaZMmTZs23alt2zlz5owf/0XVA/1YPzAAAGCbyd7WC/i5ueCC8zMzMx+4/8EQwvvvf3DooT0bNmy4dOnS888/t0aNGscfd+LYsZ+GEL6a8mXSfv36XV2+rny33fYoX1d+x+13jf10dLUdfvnlpM8/H9+uXbtbbvnvEMIxRx/97bcr99xz7xDC7bff+a/Px9540w3vHdSzcv6xxx5Tp06dPpdcNnToKyGEN98avvc+e//r83FFRfMv7XPZp59+FkJ4b9SItm3/3ynKftdc+8LzL4YQ7n/gvsoDAQAAP3uCcAs7+5yz0un05X0vCyE0b94sIyPjD9f3v+rKfnvsuUdFRUVSgyGE8eP/fdFmq1YtC+cVlq8rDyEUFRWtWLFiEztv1apldo3sf3307+e+LFy4cMWKFc2aNas6Z59u3UIISQ2GEA4/7Mhk47hjT/j9FX3/+9Y/7bRT29q1a5eXl1e+5J23/7mlfwwAAMBPgCDcktq2bduiRYvy8vKePf9962A6nT722GOuurJfzZo1MzIysrKyUqlUCCEr89/3CmZnZ9eqVatyDxkZGZvYf3l5KoRQUlJSObJ2bVnNmrlV5zRoUD+dTld7Ydeuu70+fFhmZuaSJUvHj/uiw87tGzZsWPnd5cuXb977BgAAfpLcQ7gl9e9/TQih16GHtW3TPvnP4MHP5+Xl/dd/nTDu83EZGRmHH35YMrPr7l2TjXmF85o0aZJdIzuE0KBBg/z8/E3sf8GCBel0uvu++yZf5uXlNWnSuLCwsOqcmTNmZmRkdO7cOfly6Csvf/rZJ1dedUVmZuYRhx+1e9c9Tz751KqnBwEAgGgJwi2p92G9li1bNm3a9MqRu/98bwih7+8vf/75F9Lp9O13/M9RRx354EP3161bJ5kwePDzGRkZrwx9+ZCeh7zw4nMb3O2aNWtCCBdfclGDBg3GjxvfpGmTRx995OCDD3rttVdCCK8Ne73q5IED/5pOp1948bljjjn6ggt/u88+e48a9f68efNCCD1+1aNJ0yZ33Hl7ixYtsrKqP8602oG29M8GAADY7gjCLebXRx+Vm5tbLc8WLFgwd25hu3btvv12Zb+rr61bt+5jAx89/vjjli1blkwYOPCv//jHy1137/rMM0926NBh7dq161/w+Y+X/lFRUTFgwB/OPPP0s88+7+uvvz76mF8P+vvTHXbuMGjQsw888FDVyUVFRQMG3JCfn/+XRx++8cY/fvXVV38ccOMdd9y16JtFf/zj9ePGfXbSSSeOHftpRkbGPvvsnQ7pjR1oq/2cAACA7UXG+vmxlbRo3vrHOdB2rnPnzjNnziwrK6s6mJWV1alTp0mTJm3sVTk5OQ0bNlywYEHyZd38um1at/7yy43OTw40d+7cVatWVY40btyodu06yWdLfM8D/YwVzZ+7rZcAAABbXrdu3SofO1JQULDBOaNHj06egSIIiZQgBADgZ+kHBaFLRgEAACIlCAEAACIlCAEAACIlCAEAACIlCAEAACIlCAEAACIlCAEAACIlCAEAACIlCAEAACIlCAEAACIlCAEAACIlCAEAACIlCAEAACIlCAEAACIlCAEAACIlCAEAACIlCAEAACIlCAEAACIlCAEAACKV/aMdqWj+3B/tWAAAAHwnZwgBAAAiJQgBAAAiJQgBAAAiJQgBAAAiJQgBAAAiJQgBAAAiJQgBAAAiJQgBAAAiJQgBAAAiJQgBAAAiJQgBAAAiJQgBAAAiJQgBAAAiJQgBAAAiJQgBAAAiJQgBAAAiJQgBAAAiJQgBAAAiJQgBAAAiJQgBAAAiJQgBAAAiJQgBAAAiJQgBAAAiJQgBAAAiJQgBAAAiJQgBAAAiJQgBAAAiJQgBAAAiJQgBAAAiJQgBAAAiJQgBAAAiJQgBAAAiJQgBAAAiJQgBAAAiJQgBAAAiJQgBAAAiJQgBAAAiJQgBAAAiJQgBAAAiJQgBAAAiJQgBAAAiJQgBAAAiJQgBAAAiJQgBAAAiJQgBAAAiJQgBAAAiJQgBAAAiJQgBAAAiJQgBAAAiJQgBAAAiJQgBAAAiJQgBAAAiJQgBAAAiJQgBAAAiJQgBAAAiJQgBAAAiJQgBAAAiJQgBAAAiJQgBAAAiJQgBAAAiJQgBAAAiJQgBAAAiJQgBAAAiJQgBAAAiJQgBAAAiJQgBAAAiJQgBAAAiJQgBAAAiJQgBAAAiJQgBAAAiJQgBAAAiJQgBAAAiJQgBAAAiJQgBAAAiJQgBAAAiJQgBAAAiJQgBAAAiJQgBAAAiJQgBAAAiJQgBAAAiJQgBAAAiJQgBAAAiJQgBAAAiJQgBAAAiJQgBAAAiJQgBAAAiJQgBAAAiJQgBAAAiJQgBAAAiJQgBAAAiJQgBAAAiJQgBAAAiJQgBAAAiJQgBAAAiJQgBAAAiJQgBAAAiJQgBAAAiJQgBAAAiJQgBAAAiJQgBAAAiJQgBAAAiJQgBAAAiJQgBAAAiJQgBAAAiJQgBAAAiJQgBAAAiJQgBAAAiJQgBAAAiJQgBAAAiJQgBAAAiJQgBAAAiJQgBAAAiJQgBAAAiJQgBAAAiJQgBAAAiJQgBAAAiJQgBAAAiJQgBAAAiJQgBAAAiJQgBAAAiJQgBAAAiJQgBAAAiJQgBAAAiJQgBAAAiJQgBAAAiJQgBAAAiJQgBAAAiJQgBAAAiJQgBAAAiJQgBAAAiJQgBAAAiJQgBAAAiJQgBAAAiJQgBAAAiJQgBAAAiJQgBAAAiJQgBAAAiJQgBAAAiJQgBAAAiJQgBAAAiJQgBAAAiJQgBAAAiJQgBAAAiJQgBAAAiJQgBAAAiJQgBAAAiJQgBAAAiJQgBAAAiJQgBAAAiJQgBAAAiJQgBAAAiJQgBAAAiJQgBAAAiJQgBAAAiJQgBAAAiJQgBAAAiJQgBAAAiJQgBAAAiJQgBAAAiJQgBAAAiJQgBAAAiJQgBAAAiJQgBAAAiJQgBAAAiJQgBAAAiJQgBAAAiJQgBAAAiJQgBAAAiJQgBAAAiJQgBAAAiJQgBAAAiJQgBAAAiJQgBAAAiJQgBAAAiJQgBAAAiJQgBAAAiJQgBAAAiJQgBAAAiJQgBAAAiJQgBAAAiJQgBAAAiJQgBAAAiJQgBAAAiJQgBAAAiJQgBAAAiJQgBAAAiJQgBAAAiJQgBAAAiJQgBAAAiJQgBAAAiJQgBAAAiJQgBAAAiJQgBAAAiJQgBAAAiJQgBAAAiJQgBAAAiJQgBAAAiJQgBAAAiJQgBAAAiJQgBAAAiJQgBAAAiJQgBAAAiJQgBAAAiJQgBAAAiJQgBAAAiJQgBAAAiJQgBAAAiJQgBAAAiJQgBAAAiJQgBAAAiJQgBAAAiJQgBAAAiJQgBAAAilb2tFwAAAMCWlE6nv+cEZwgBAAAiJQgBAAAiJQgBAAAiJQgBAAAiJQgBAAAiJQgBAAAiJQgBAAAiJQgBAAAiJQgBAAAiJQgBAAAiJQgBAAAiJQgBAAAiJQgBAAAiJQgBAAAiJQgBAAAiJQgBAAAiJQgBAAAiJQgBAAAiJQgBAAAiJQgBAAAiJQgBAAAiJQgBAAAiJQgBAAAiJQgBAAAiJQgBAAAiJQgBAAAiJQgBAAAiJQgBAAAiJQgBAAAiJQgBAAAiJQgBAAAiJQgBAAAiJQgBAAAiJQgBAAAiJQgBAAAiJQgBAAAiJQgBAAAiJQgBAAAiJQgBAAAiJQgBAAAiJQgBAAAiJQgBAAAiJQgBAAAiJQgBAAAiJQgBAAAiJQgBAAAiJQgBAAAiJQgBAAAiJQgBAAAiJQgBAAAiJQgBAAAiJQgBAAAiJQgBAAAiJQgBAAAiJQgBAAAiJQgBAAAiJQgBAAAiJQgBAAAiJQgBAAAiJQgBAAAiJQgBAAAiJQgBAAAiJQgBAAAiJQgBAAAiJQgBAAAiJQgBAAAiJQgBAAAiJQgBAAAilT1r/vJtvQYAAAC2geydmtff1msAAABgG3DJKAAAQKQEIQAAQKQEIQAAQKQEIQAAQKQEIQAAQKQEIQAAQKQEIQAAQKQEIQAAQKQEIQAAQKQEIQAAQKQEIQAAQKQEIQAAQKQEIQAAQKQEIQAAQKQEIQAAQKQEIQAAQKQEIQAAQKQEIQAAQKQEIQAAQKQEIQAAQKQEIQAAQKQEIQAAQKQEIQAAQKQEIQAAQKQEIQAAQKQEIQAAQKQEIQAAQKQEIQAAQKQEIQAAQKQEIQAAQKQEIQAAQKQEIQAAQKQEIQAAQKQEIQAAQKQEIQAAQKQEIQAAQKQEIQAAQKQEIQAAQKQEIQAAQKQEIQAAQKQEIQAAQKQEIQAAQKQEIQAAQKQEIQAAQKQEIQAAQKQEIQAAQKQEIQAAQKQEIQAAQKQEIQAAQKQEIQAAQKQEIQAAQKQEIQAAQKQEIQAAQKQEIQAAQKQEIQAAQKSyt/UCAACADZg1f/m2XgJb3U7N62/bBQhCAADYTm3zWmCr2h6a3yWjAAAAkRKEAAAAkRKEAAAAkRKEAAAAkRKEAAAAkRKEAAAAkRKEAAAAkRKEAAAAkRKEAAAAkRKEAAAAkcre1gsAAGCrKC4unjZtWiqV2nnnnRs1arTpyd98800qlWrevPkWOXR5efmsWbNatWpVs2bNWbNm1a9fv169eltkz9vQihUrli5d2q5du229kBBCWLi4OB3S1QZ3qFOrVl7uf7zP1WvKSr5dvWPjeuXlqcXLSxrVz6+RnbXZK2V75wwhAMDPTUVFxd13333CCSf079//+uuvP/nkk/v3779mzZpNvOTuu+/+05/+tKUWMH/+/N/97ndTpkwJIVx88cUvv/zyf7CTuXPn9unTZ0stafMNHz78t7/97SYmrF69+oYbbpg+fXq17a1hyNtjhr49ttp/xn81e3P2OWna3CFvjwkhLF5eMvTtsd8sKd5y62X75QwhAMDPzTvvvPP666+fffbZhx56aG5u7ieffHL//fc/8MAD11xzzY+zgEaNGl1xxRVt2rTZnJ18/PHHX3311ZZb1FY3f/78Dz/88PTTT6+2vZW0bNaw+x67VB2pU6vm5uxwp1ZNsrKcLoqOIAQA+LkpKioKIfTs2bNFixYhhF//+td1V+qpZAAAIABJREFU6tT59ttvQwhvvvnm3//+92eeeSaZef3117dq1eqiiy4KIaxcubJfv37jx49v2LBhnz599t9//+Q03S233DJnzpyaNWvus88+V199da1atUIIQ4cOHTp06MKFC/fee+/f/OY3HTt2vOeeeyoqKsaNG7dq1apLL7306aef3mWXXerXrx9CmDZt2llnnbVgwYKddtppwIABrVu3DiEsXbr0jjvumDBhQo0aNQ4++OBLL700Jyen8i2MGTPmySefDCGcdNJJf/7zn1u3bv3cc8+99NJL3377bYsWLfr27bvnnntWe9cXXHBBr169RowYMXPmzAYNGvTr12/vvffe4IHmzZt37bXX3nzzzV26dCkvLz/zzDP333//5Gzkgw8+uGzZsv79+994443jx48PIey0007XXXddsuZK6+9z7dq1V199dQihX79+55133lNPPZVsX3LJJUccccSwYcMGDRq0bNmyFi1aXHXVVbvttlsI4bzzzuvWrduwYcMaNGjw4IMP/tCravNycxo3yF9//Jmho3Zq1XRW4TcrV6+tW7vmMT33HjV2ctE3y+rUqtnjlx3btWoaQpg1b9GHn321qnRtOh3q1Mo9/IA9GzfIX7i4eNzkWb/8xXZxTSw/mi32N4B0Oj116tQxY8aUlpZueubKlSsXLFiw/vj8+fOXLl26/vicOXPKy8urDa5bt27mzJmpVGqDhygsLJz+v2bPnr3+y7et4uLisWPHjh49esmSJZu/t0WLFs2fP/8HvaSwsHD27P/vioKysrLp06evXbu2cmMTLy8pKZk5c+YmJnzzzTc/dEk/IUVFRYsXL97WqwghhBkzZlT+73zOnDnJv+bXV15ePn369E1fJrSllJaWVi5pxowZhYWFZWVlm37JihUrvv766y2yzpkzZ1YefebMmQsXLqyoqPiP91bVjBkzVq5cWW1w3rx506dPLykpqTqYTqenT5+evCOAbeiQQw7Jyso699xzb7755hEjRqxcufKggw46+uijQwjLly9PcjFRWFi4aNGiZLuoqGj27NkXXHBBVlbWjTfemPzT7JZbblmxYsXvf//7k08++b333vvrX/8aQhgxYsQDDzxQp06diy++eMaMGTfccEM6nV6wYMHw4cMzMzPbtGnToEGDpUuXVv5aOHbs2Pz8/LPPPnvu3LkXX3xxeXl5KpW66KKLJk2adNppp+23336vvfbaHXfcUfUttG3bdq+99gohnHvuuQ0aNBg8ePDjjz/evHnzCy64YNWqVVddddX6/7AtLCx89NFH8/Pzf/e7361du3bAgAEbO1CbNm2Ki4tHjx4dQvjyyy8XLVr07rvvJjt58803W7Ro8be//W3s2LHnnXfeJZdcMm/evAEDBlQ90Ab3WbNmzeQnfPTRR3ft2rVyu0uXLm+99da9996bhHdpaWnfvn2T35QKCwtfeOGFzp07N2vW7D+4x7JkVenseYuq/iedTocQVpWunThlzg51a3Vq1/zblaV/f/XDJcu/3b1T2zVr133w2VchhLVl5W++P76iIr3v7jt33KnZytVr3/7wixBC6ZqysrLt69dmfgRb4AzhunXr7r777nfffbd27dp169YtKipq167d9ddfv9NOO1WbOWvWrLvvvnvy5MkhhJYtW5555pm9e/cOIUyfPv2Pf/xj8g+jLl263HXXXXl5eSGEJ554YsiQIatWrcrKyjrggAMuu+yy5P9V7r333uHDh6dSqaysrBtuuCH581VV/fr1q/xHW6JPnz4nnnji5r/ZzVRRUXHvvfe+/vrrlSPdunW76aabatasGUJ46qmn8vPzjz/++B+0z/vuu2/JkiWPPfbY95y/evXqs88+O4Tw97//vVmzZsngnDlzfve73z300EM1atRINrp06bKxPbz77rsPPvjgiBEjNjbh3nvvLS4ufvTRR6uNz50794477nj44Ye/51K3T9ddd93OO+/8xz/+cVsvJFx44YXVRrp16/anP/2pRo0aVQeTuzjuueeePfbYY2sv6auvvkr+OFopKyvrtNNOO++88zb2kuHDhw8cOHDEiBGbv84LLrig2khOTs5dd92V/BX2P7Zu3boLL7zwmmuuOfzww6uOX3fddUVFRT179rz++usrB8eNG3f11VdnZWW98847m3NQgM3Utm3bBx988O677x41atSoUaNCCAUFBQMGDEh+xdqEgQMH1qtX74gjjjj22GP/8Y9/9OvXb8GCBbvtttthhx2WnZ3dsGHDunXrhhCeffbZzp07P/TQQyGETp063XXXXcnfmrOysh577LG8vLy5c+dW3W3jxo2TyW3atLnxxhs/+OCD5CTbDTfccNBBByUTBg0a1Ldv3/z8f5/yatq06W677TZ69OgjjzwyOWLLli2TnSTLe/rpp2+66aZq6+/cufOdd94ZQqhTp86dd965dOnSyZMnb/BAe+6555gxY84///xPP/00+Xv9smXLiouLS0tL999//6effjo/P79379716tVr1apVtT+Fv//++xvc54EHHvj3v//9gAMOaN++fTqdTrbbtGlzzTXXNG7c+M9//nOSiEcdddTgwYOvvPLKEEKHDh2S8f/AN4uL3xg1rurIuf91SM3cGiGEOrXzjum5Twhh/qJlJd+WntB73x3q1srNyR4zfnrZuvLlK1Y22KH2ob/q2rBe3RDCim9XL1m+4T8rE4PNDcJly5b9/ve/r1+//sCBA9euXbt69eodd9xx5MiRF1988Y033lhQUFB18m233ZaZmfnII480aNDgoYceuv322zt06NCsWbN+/fo1a9bszjvvLCsr69u375133nnjjTeOGzdu0KBBl1122SGHHDJ58uQbbrhh1apVt99++5AhQ4YNG3bVVVcdeOCBf/vb32688cann366ZcuW1Ra2yy679O/fv6Kiori4+K233nr44Yd32WWXzfy9cPNt+oL+QYMGJam2Vb311ls5OTlZWVkvvfTSZZdd9h/sYa+99kr+EfZD/eTuBNj+HXHEESeddFIIYc2aNePGjRs4cOD/+T//59JLL606Z4vcxfGDXH311V26dEmn0ytXrhwyZMigQYN+8Ytf7Lvvvpt+1RZZ59FHH33uuecmJ70nTZr0yCOPXHnllW+88UZ29ta6PP6DDz5I/jiVfDl8+PCtdCCAH6pTp04DBw4sLi4eM2bMm2++OXr06L59+276L8hNmjRJ/vhet27dJk2aJBV0+OGHDxky5Igjjthrr7169eq13377JX9KPuOMM5JXdezY8fHHH0+2d9xxxw02Z+W/BZK/+s2aNSs5l/Xiiy8OGTIk+ZUyufhig3+SXrFixapVq4466qjky7p167Zt23aDl2N07tw52WjatGny78dk2voHOvDAA+++++6ysrKxY8cee+yxr7zyyvjx4+fPn5+Xl9exY8cjjjhi9OjRJ5xwwi677NKzZ8/KQyc2ts+ql7xWSqfTixcvzsvL69u3b7U9hBB23XXXTfw3smnNmtTvtvvOVUdyc/7977tG9esmG/l1apWuKduhbq0QQvIA0rKy8h0b1zum5z4Tp839+POpi5eVrF27LtOtgxHb3F+SnnvuuQ4dOlxxxRUXXXRRKpX6v+3deXgUVbo/8Kre0luSTppsJGQjC4QlEkI0onhFIMOSq44M4vx40CvDHRyXC26oD4KOwqCDCqjgqE8GCeoMguIEhAAC443sBBOyIgQSkkCWJp2ku5P0+vvjnXumnuqFDkFB+vv5h6ZSXcup7qTeet9zzpgxY/bu3btmzZphw4YtW7asqKiIrWkymW655ZYpU6akpKRQOXhJSUlDQ0NTU1NXV9dbb71FldmzZs365JNPnE6nyWR69NFHKV2Wm5ubkpJy7tw5juO2bNmSlZVFX8sFCxb84x//2LFjx+9//3vRgWm12sTERHo9aNCgPXv2tLS0jBo1SljdvnTp0rS0tPfee49u6TIyMp5//vmoqKi5c+fee++9M2fO5Dhu6dKlbW1t69evp+qIDz/88NNPPz148ODatWuNRmNwcPB//ud/PvzwwzzP22y29evX79u3r7e3d+TIkYsXL46IiGhqalq4cOHkyZO//PLLrKwsOnePBf2LFi1yOBybNm26ePHic889t3Xr1i+//JLynLm5uS+88IK3en12yr29vYsXL7ZYLG+//TY9vfPoq6++mjhxYnR09GefffbYY4/5c6MsOotJkyYVFhbOmDGD47j9+/d/+umn9fX1mZmZer1eoVA888wzlId85ZVXDh8+rFarH3rood/85jeingANDQ3ubSjcqaiqvrGxcfXq1fX19eHh4Q899NB9993HcVxfX5/H+v6Kigr3lYWXPjo6OikpafHixbSvtWvXNjQ0rFq1yltnhv379xcWFjY3N2dlZfmup/2ZhYeHs8/5sGHDvvjii+PHj4ta7+WXX6ZeHH/605/0er37WZ88eXLdunUXLlxwOByJiYlLliyhqKysrOyjjz46c+bM0KFDH3jggQkTJsyZM+fee+996KGHaAtPP/10WloadTsRio2NZUc1ePDgAwcOHDt27NZbb62vr3/77bdra2vlcjnl/Ck3Trq6ulhvE4PB8NZbb5WVlYWHh99zzz0PP/zwsmXLHA7H8uXLaeWCgoLS0lJ6TiykUqlYyU1kZGR9ff3GjRs7OjoiIiK8XVxv37WCgoKdO3daLBZ6Mu1RTEzMxYsXjx07dtttt1HV6z//+c+IiAi6M6AbJvdT3r179/bt23U63dGjR+fOnfvb3/7WY8cSAICB+OCDD5KSkvLy8nQ6XV5eXl5e3vvvv79161ajUTxupLC2n/r7Ea1WS4X3Tz755IgRI3bv3n3ixImjR4+WlJS8/PLLDofDY/DD8nsibMtBQUFUM0XVpElJSfRMLTExMSsrS6PReHy7RCKhQ2JLVCqV2Wx2X5OFo+y+wmKxeNwR5S2OHTt29uzZBQsWlJWVnThxoq6u7vbbb+c47o477njvvfeKioq+++679evXf/7553//+9/ZXrxt02azuR8StbDwT3ZiYmJ0dLTvFvOHVq0cHBnm8Ucq5b+vDrWeUEeX+e87vnc5XcFa1ZBofXtHd5f5Cn2+4CY20IcBhw8fnjZt2v79+81m89/+9rfFixe/8sor3d3dWVlZNputsbGRranVav/whz9QRMRx3Pbt26lAlNZhaQF60dHRceedd86ZM4cWtrW11dbWjh49mrrMsa+TXC6nCnX3A2tvbz906NChQ4e++eabJUuWaDQaejQlrG4fPHjwyy+/vHv37vHjx8+cObOqqmr+/Pk2my0sLGzv3r1UKlZSUlJbW0u7+Pbbb0NCQqxW67JlywYPHvz8889nZWVt3Ljx8OHDHMe98cYb27ZtGz9+/OzZsysqKn7/+987nc6+vj6DwfC3v/0tOzs7Pj7eR0H/r3/9a3psNmnSpBMnTrz//vtDhw599tln77777pKSki+++MJbvT6dr91uf+aZZ6qqqp599lkf0WBdXV1jY+PUqVOnT59utVp9lH0Kic6is7OTOtHV1ta+9tprdrt9/vz59fX1e/bsYb1DGxsbGxoa5s+fHx4evn79+rq6OmFPALVa7bENhYRV9RaL5amnnurp6VmwYEFUVNTatWt37drFcZzH+v7m5maPKwsv/fDhw4uLi+lPkd1uLyoqSk1N9daZ4ccff3zttdecTufDDz9cVVV1g3QgdFdZWWk0GikkFraeUqmkXhzp6enuZ22xWJ5//nmbzfbkk0/+5je/OX/+PFXaNDY2Pvvss21tbfPnz1er1a+//vrly5djYmLYuOGNjY0//PCD7+eaLpdr586dHMfFx8dbLJYnnniitrZ21qxZt956686dO0V1PlarlY7TarUuXLiwtLT0gQceyM3N3bhx4759+4YPH37o0CEKtFwu19atW4cOHeq+R6vVarFYLBZLe3v7999//8UXXyQmJkZERHi7uN6+a5TYTEtLu++++7Zt2+btBBMSEiIjI4uLi+m/1Bdl/Pjx9F9vp2w0GisqKk6ePJmVlRUTE+OtYwkAwEBUVFR8/PHHwviEIhCe5ymQoxEWXC6X8D6K1XlSYm3IkCG9vb1/+ctfIiMjV65cuX379uzsbCpA1Wg0Z86coZVbW1vvu+++o0eP+jgetnJ5eTl1HaLyrokTJy5atGjRokVTp05VqVTeoqPg4GCpVMruFux2e3V1dWpqqseVRbztKDw8PDY2lrpEjho1aty4cd9//31tbe2ECRPoD0F9ff3ixYu3b9/+6KOPGo1GYZWT74MX9mB3Op1BQUEKhUKpVC76PzqdjgWE10VZ9XmX0zU7/445906YfEcmL+H9eBPctAaUIbTb7U1NTSNGjPjuu+9oECfhzdDw4cPLysrcizk5jtu7d++ePXvuvffeyMhIuj1leSoKZoxGo16vpyU9PT3PPPOMVCqlNKDD4RD+sggODmYP44UaGhqEHXvy8/PZUyVW3X7x4sWysrL777+fKieHDRu2dOnSPXv2TJgwYd26dTabrbKykt5y8uTJe+6558SJE3PnzqXfm7m5uZMnT77nnnvi4+PDw8ONRuO+ffumTp363HPPcRyXlZW1cOHC77//njKBv/3tb9msNd4K+u+8806pVDpy5EjKsubm5i5btkwqlebl5R06dKi+vt5Hvb7L5VqyZMnp06dXr14tzBm6+/rrrzUaDeUf0tLSNm/eTN04/cHOgqojqFKC47iPP/5YJpNNmTKFYlrWyO+9955arc7Kypo3b97Zs2cnT57MegLQUwBRG7rvkVXV//nPf+Y47r333gsLC3vggQcWLFiwYcOGX/3qVxcuXHCv7//00089riy89M3NzV9//XVJScnkyZMPHTrkcDimTZvmrT/Ali1bNBpNQUGBRCKZPn065RtvEDt27KioqKDaGxrdZO7cufQj1nrsr/vUqVM//fRT0Vk3NzdnZmYuXLiQvqqNjY30p5oe2WzYsEGlUs2YMeN//ud/ysvL8/PzX3/99XPnziUlJRUXF0ulUsqMiaxZsyY0NNRms505c8ZqtYaEhOTl5e3Zs8dsNq9YsYLeotFoioqKPI4vderUqaamprVr11K02dnZWVNTM3v2bOpqOHPmzPLy8p6eHo+JO0qhs/9GRkZSPba3i9vR0eHtu3b77be//vrrdJfw0ksvebsEeXl5n332md1ul8lkO3bsyM3NZY/M9+3b5+OUX3vtNaqbevDBB711LAEAuGr5+flvvPHGvHnzZs+eHR0dXVtbW1BQkJaWFhoaSlPPf/jhh9OmTfv888+FQ/T19PQUFBRMnjyZwqT7779fqVQeOnSopKRkyZIlCoWivb1dr9fTH8TNmzenpqbefvvtH374oc1my8rKohsDj2gj1GlIoVBMmDDBarWuW7du9erVCxcu1Gg0L730klarFdV8UTqxpKRk7NixU6ZM2blz56ZNm3Jzc+lvPRWvXtHdd9/tbUfjx4/fvHlzcnKyQqEYN24cHf+4cePo+fK2bdv0en1CQgKNwRMbG8vuDL1tk/4WHz58eNCgQdSln17PmDHjyy+/3LBhw5QpU4qLiwsLC1nNy0C0G7vLa+qFS0JD1AmDI674xmCNkuO4lnajKkhRXlvfYTRxPGLCwDWggFAmk4WEhDQ0NIwYMWLLli208NSpU5cvX77rrrsaGxtF4/OSb775ZtWqVdnZ2dTTSVRoTll1luPq7u5+/PHHL168uGrVqkGDBtE9vXDU0L6+Po8Pk9LS0l588UW6m6REgUqloto2Vt1OT3qoMIC6xlEObebMmevWrTt16tTx48eTk5OdTueJEyfi4uKsVuudd95Jz7Q+/PDDwsLCCRMmTJs2LT09vaysjLINVB1Ov1vPnTtHASErZ/ezoH/SpEnp6emfffZZTU1NdXW12WymU/ZWr3/27NmzZ8/GxcX5GAmGAvji4mKdTvfXv/6VltTV1dHNvc/r/C/CsyC1tbUZGRkUzOt0OjZEDTUy1d3Rxjs7O4Vv9NiG7ntk2SeK9FhCqampiapEPNb3e1tZeOkHDx6cmJhYXFw8efLkXbt2xcXFDRkyZPfu3R77A5w9e3bUqFFUbhESEsIS1DcCm81GZ5ecnDxkyJBZs2bRR85jnwSPZ81x3LJly/bu3btx48bKysqLFy9SE505cyYtLY1eBwUF0RBBVqtVKpUWFxcvWLBg165dEydO9FhybLFYaPktt9ySlpY2e/bsoKAgGk2KDRE+fvz4oqIi0Wi3hObwZcdPX2T6BO7atWvmzJm7du3S6/UePzNZWVl5eXldXV2FhYVms5nGkfPR2cPjd81utxsMBvqFwHEce9rl0ZQpUwoLCw8fPjx27NijR48uX76cfhtwHOf7lOn4fXcsAQC4anl5eXK5fO3atWzAkpycnKVLl1J3vpycnC1btmzZsiUuLi4t7V8T2UkkkpiYmK1bt27atInjuD/84Q/0q/j5559fvnz5Y489Rn8H6WHZI4880tzc/NFHH3300UexsbFLliyRyWS896AiPT2d9q5SqVauXKlWq9Vq9Z/+9KdXX32VRiNLS0t7/vnnRVvIzs5WKBRLly5dtmzZ448/bjQaCwoKCgoKVCrVk08+edddd7nviG2BXvA8r9PpvO1owoQJmzdvpt/zVImWkZFB3Rnmzp1bVVX1wgsv0M3n008/rdfr2ca9bTM2NjY2NpZ6ASxcuJC9fuKJJzo6OjZu3Lhx40aNRjN79mwqWJVKpT4a7Yo6jKbvT9QIl+jDg90Dwn+3CcfTP6OHJdaea95/qILjOLlcRnNUGIz/HleG1hzIscEvyED7EGZlZR07duzXv/71qlWrCgoKEhMT165d++ijjxoMBqPR6B5C/OMf/1i9enVOTs7y5cup6joiIoLuICl+oMiBYr+urq7//u//pt5E9C2lb6Awuuju7vaYc9dqtawMdfTo0aWlpfv376eAkAWQonp0GmqF5/mYmBi9Xn/kyJHS0tLs7Gyn00n9gigNxXHcX/7yl+3bt3/77bfFxcXFxcXPPPMMJbji4uLY7fjQoUNZSVtoaCi98FHQLxxruKSkZOnSpQqFIiMj4/7779+6dSuVHHir16fQaOfOndu2bfMxSOn//u//Wq3W3t7er7/+mi3csmULZTWviJ0F09vbK6zWYONqUDLE99bc21DUXVt4pSwWi0KhEFbeU9Ttsb7f28qiMv38/Px3332XpgCh0Sm99Qfo6+sTTjlwrWYyuCbuu+++efPmefyRxwcl7md96dKlRx55xGq1pqWl5ebmnj59miLqzs5OYVcNolAo7rzzzm+//XbKlCkGg8H9kpEXX3wxMzNTtJDnealUyj7A9Alx79VAX3zhZ4mZMWPGn//857a2tv3798+aNcvjrlNSUiZPnkyPjefMmfPss89u3LhRpVJ5u7gev2v0WIo9R/A9b01sbGxMTMyuXbtoPORx48axgND3KVOw7btjCQDAQEycOHHixInd3d2dnZ2xsbHs5l4ikaxcudJisfT29gordFauXEkPqlpaWiIiItiv4oyMjE8//dRgMEgkEtYVUKlU/vGPf+zr6+vu7qbbNo7jqNMBiY+PZz1TqO8GPW6jsV5IdnZ2UVGRwWBQqVR0HygyZMiQHTt2WCwWShUsX768r6/PaDQKNyJEOyKZmZnsALztKCMjg62jUCiEXWmCg4Pff/99k8lkMpmioqKo9WbPnj179mwf25TJZIWFhV1dXVqtViKRCF+//PLLL7zwgsFgEP6SFx5wfz32//K8/WjBQ/+u/8qf+O/HmunJg9OTB9Pr3+bf2We12ewO4Vz2el3wuNEpHMdFR+h8bB9uMgPtQ5iXl/fJJ5+cP3/+lVdeOXjw4IYNG2bOnDl58uTFixePHz9elD3Ys2fP6tWrJ0yYsGLFCvZbhsK2kyf/NWZuaWmpRqORSCRWq/Wxxx4zGAxr1qxh0SD9aigtLaXX7e3tXV1dLAbzobe31/0hB2W0WMl7ZWWlw+GgCOeOO+4oKSk5e/bsuHHjcnJy2tradu7cyaZn/eijj/Ly8j744AMqJiwqKqJjSE1NpdLwefPmyeVyVvXK+Cjop/9Sn8BNmzbp9fqioqK33357zpw5ZrPZ4XBIJBJv9fopKSnPPffcyJEj161b57FHJfnqq690Ot02gZycnN27d1/1zG8JCQmsdsJisQi7jPrmsQ19rE/p2QULFlDzjhgxgv5Qeazv97ayaJuTJk2ikWYcDgfVzXrrD5CamlpdXU1xYE9Pj2gc7V8W97PesWOH1Wr97LPPPvjggyeeeIJ9Z+Pi4tgQcC6X69FHHy0oKKCozGAwbNq0idUe+yk2NtbhcLAOGEeOHKGPrrc12cwx77zzzqJFiziOo2rP9evXW61W0QwQ7qKiop566imDwUAl1t4ursfvmlqtDgkJYb8ZaNQiH/Ly8ijhf9dddwl/6flzyjdgxxIAuMkEBwfHxcW53wWp1WqP/TV4no+Ojnb/u6nX64VDzpCgoCAWDV6RTCbzGMjp9XqP0SCRSqXCwRGCgoK8RYNX5HtHHmm12ujoaB+JMo/bDAkJYY//hK/lcvkN9Rs+SCEXRoMQsAYaEN56661PPfXU008/3dHRsXLlyo8//jgtLW3RokVKpVI0g2d3d/dbb72lUChyc3P37t27e/fu3bt3X7x4MTU1NS4ubt26dc3NzUeOHNm/fz9VRdJ4m1OmTGlsbKSVS0pKaIzKpqamr776ymAwrFq1SqVSTZw40f3AWlpa6F07dux44YUXmpqa3FdLS0uLjIzcvHnz3r17y8rKVq9eLZVKqVfPHXfcQV19Ro0aRXe9BoOBOhmHhoYWFRWtXr26ubm5sbGxt7c3ISEhPj4+Pj7+q6++2rVrV2Nj4+uvv/71119T8lMoPz/fYDDMmzfvm2++KS0t/fzzzz/44AMq6KdfeeXl5XV1dZFmCJ4HAAAcRElEQVSRkd3d3ZcuXTIYDCtWrHA4HDSy5fTp0w8cOPD555/X19evWbOG6vXZxl988UWHw0GP9+rq6t58801hhNbe3l5RUTF16lTR8Tgcjqt+OjV79uy2trZFixYVFxf70+WJ9QQICgpyb0Mfb7z33ntp2pK6urqSkpKVK1dSyV9zc/Pbb7999OjR1tZWVt/vbWWR4ODgrKyskpKSjIwMSs/efffdUql09erVpaWltbW1L7300sGDB3U63eTJkx0Ox6pVq86cOSOcKchqtb755ps0jsgvhftZ06f07NmzNEXEDz/8QDmr6dOnd3V1rVy5sr6+ftOmTefPn6d4bMyYMSqV6sCBA7/61a/6VUlCibt33nmnvLx89+7dW7dujYyMdH9ownEc9addsmRJZWXloUOHioqKqJeISqXKzc09cOBAfHw8dYDxLT8/f+jQoTt37qypqfF2cb191+65556KioovvviisrLyipN80iekrKxMFKb6ecozZsw4e/bshg0bmpub//rXvxYWFgoHXwUAAAD4SV2Dubny8/M1Gs3XX3+9Zs0ah8MRGxt72223zZ8/X5QePHz4MN1o0uB+5Omnn54xY8Yrr7zy7LPPzpkzRyqVjh8//sEHH2RjWuzcuZNGKaSCqzvuuOO2226777773n333XfffTciIuLVV191n+5GKpU2NTVRaETPZmbNmkUDoghvYXmef/PNN5csWbJixQp6xvPOO+/QY6fMzEypVJqQkEDlXsnJyTSzAgWETz311IcffnjgwAF63k/zg69YsWLp0qVULBEZGfniiy/q9XqqbmU79VHQT/egO3fufOmll2jcDpqTcPjw4VlZWZRk8Fivz04nJibmkUce2bBhw/fff+90Onft2jVp0iQ2qA9Njya6YaUBMLZu3UqdBCQSCR2qx0I+97v/7Ozsp59+uqCg4I033hg5ciRNO+HjoyLsCeCxDUUXke3x1ltvnT9/fkFBQUlJiVQqzcnJofU91vfr9XqPK7sf//Tp00tLS2mUVx/9AXJzc+fPn//JJ5/s2rUrJCSEdSGw2+27du0KDQ0Vzbd5I/DRJ0F01nl5ebt373755ZfpK5Cfn19UVNTY2Jidnf273/3u448/3rNnj0ajmTdvXnJyMjVjXl7etm3bPI7p4iNEjIiIeO2111asWLFw4UJqXvqGur8lJCRk+fLlr7766pNPPimVSu+++24K8jmOmzZt2qFDh2jKE38sWbLkv/7rv5YvX15YWOjx4s6dO9fjd+3xxx9n881Q6bvHU6OFMTExcXFxra2trNthv075d7/7nceOJQAAAAA/A57NWzBwDoejp6fHvd+Rn1pbW3U6ne+IgrFarUajMTIy8ur2JdLd3e1wOIS9+PzR1NQUHh4uCkfdK/K97VFU0M/eLpPJqBEMBoNarXYPd0X1+tfRP//5z97e3ry8PIqO7r///v/4j/+geQi9cTgcrCeAtzb0xr1XAxHV9/te2R8eOzPQ4B/X6iN3o7FYLH19fe61QE6ns7W1VVTf8vrrr9fW1hYWFl7dvtra2rRarT8XvbW1NSwsjEZpI8XFxTS/y1XP2uTx4nr7rvX29vb09Lg3S3/5c8o2m03UsQQAAOBcc0fS4IH+GYIb2U90iXNyctioK2wETZGDBw/SCAvXIEPISKXSq44GKavm/8oKheIa3pr7mLjPB499F2nULH/26HGnwvd6rKajwkuqvbzuKF3Z0NCQnJxcXFxsNpspOPRB1BPAn/6fDPVqcF+u1WrdP3jeVvaHx5bnef5mjQZ9fG4lEomwGQ8fPnzixIl9+/bRXA5Xx72U2hthg9fX13/77bdbt269++67BzKHr8eL6+27plQqr0n1pj+nfKN1LAEAAIAAcS0DQgg0Dz74oMPh+O6777Zt25aSkrJixQrf05TDL11DQ0NRUVF+fv4Vx3S55sxm8+bNm9PS0nynoAEAAACgX65lySgAAAAAAFwrKBm96d0IJaMDHWUUAAAAAAAAfqEQEAIAAAAAAAQoBIQAAAAAAAABCgEhAAAAAABAgEJACAAAAAAAEKAw7QQAAAAAwA3qXHPH9T4EuMkhIAQAAAAAuBFhzgn4GaBkFAAAAAAAIEAhIAQAAAAAAAhQCAgBAAAAAAACFAJCAAAAAACAAIWAEAAAAAAAIEAhIAQAAAAAAAhQCAgBAAAAAAACFAJCAAAAAACAAIWAEAAAAAAAIEAhIAQAAAAAAAhQCAgBAAAAAAACFAJCAAAAAACAAIWAEAAAAAAAIEAhIAQAAAAAAAhQCAgBAAAAAAACFAJCAAAAAACAAIWAEAAAAAAAIEAhIAQAAAAAAAhQCAgBAAAAAAACFAJCAAAAAACAAIWAEAAAAAAAIEAhIAQAAAAAAAhQCAgBAAAAAAACFAJCAAAAAACAAIWAEAAAAAAAIEAhIAQAAAAAAAhQCAgBAAAAAAACFAJCAAAAAACAAIWAEAAAAAAAIEAhIAQAAAAAAAhQCAgBAAAAAAACFAJCAAAAAACAAIWAEAAAAAAAIEAhIAQAAAAAAAhQCAgBAAAAAAACFAJCAAAAAACAAIWAEAAAAAAAIEAhIAQAAAAAAAhQMvdFLpfrehwJAAAAAAAA9A/P8wN5+78DQlEciLAQAAAAAADghkWhIAvcri4ylAk3QS8QGQIAAAAAANyYWOBHkRr9l+d54X/9J2NBoMvl4nme53mJBB0LAQAAAAAAfgEolHM6nRTN9TefJ3P9H6lUOsDyUwAAAAAAAPg5sTjQ4XDQ6369XYJoEAAAAAAA4BeN53mpVErBXb/eKEE0CAAAAAAA8EvHYsJ+vUsy8IFKAQAAAAAA4Lq7ishOIpVKf5qDAQAAAAAAgJ9Vf+M7CdKDAAAAAAAAN4d+Dyrzkx0JAAAAAAAA3NAQEAIAAAAAAAQoBIQAAAAAAAABCgEhAAAAAABAgEJACAAAAAAAEKAQEAIAAAAAAAQoBIQAAAAAAAABCgEhAAAAAABAgEJACAAAAAAAEKAQEAIAAAAAAAQoBIQAAAAAAAABCgEhAAAAAABAgEJACAAAAAAAEKAQEAIAAAAAAAQoBIQAAAAAAAABCgEhAAAAAABAgEJACAAAAAAAEKAQEAIAAAAAAAQoBIQAAAAAAAABCgEhAAAAAABAgEJACAAAAAAAEKBk1/sAAABuFFar1Ww2X3E1mUwWHBx8zffe0dHBcZxarQ4KCrrmG+c4zmg0ulwulUqlVCp/iu1fE52dnQaDwW63K5XK6OhohUJhtVrb29u7u7vlcnlISMigQYOu9zHeKEwmk81mk8vlWq32eh8LAAD8giEgBAD4l4aGhtbW1iuuJpVKb7311mu7a7vdXl1dzXFcREREamrqtd04qaqq4jhOp9NlZGT8FNsfIJfLdfz4cZvNxpaEh4dfvny5rq6OLens7ERAyFRXV9tsNplMlpOTc72PBQAAfsFQMgoAANffmTNnWDTI8zzP8xqNRhgN8jz/UyRmAQAAAhwyhAAAYpGRkTqdzttP5XL5z3s414ZarXa5XKGhodf7QDxjxbrDhw8PCwsTLlEqlZmZmVKp9Loe4A0nNDTUbDar1errfSAAAPDLhoAQAEDspuyrdsstt1zvQ/DFbrdzHCeRSCga5Diup6eHXgwaNAjRoLu0tLTrfQgAAHAzQEAIAHA1XC4X63AYFRUl/JHFYunu7qaknLDK0el0GgwGg8FAP6JBU7xt32Qymc1miUQSEREhXG6z2S5fvkxd7IS5yu7u7vb29p6eHolEotVqdTqdaKyR1tZWl8ul1Wo1Gk1HR4fVapXJZHq9XrRfq9VKw9uEhYWxw3M6nR0dHZ2dnT09PWq1OjQ0NDw83P+2cjqdra2tJpOpr6/P/e2dnZ29vb0Oh4P+29LS4nQ6nU6nxWKhJb29vS0tLQqFgsWK9K7Ozk6TyaRQKEJCQvR6vShopHPUarUymaypqclms0VFRbHE7xWbyzeLxdLW1mYymZRKZWhoqMfHByaT6fLly3QRg4ODw8PDRcP5GI3Gvr4+uiImk6mtra2npycsLCwiIkImk9FnjD4wdOEGDx4skUhEb2fNQh8MnucjIyMdDofBYOjo6KCc8KBBgzymtVtbWzs7O61Wa3Bw8KBBg9RqdVtbm9PpDA0NveLIQ342oO9LL9TX19fe3m4ymRwOR3BwsE6nE1UIX8UJAgCAP3iXy3W9jwEA4IZw5swZivFSUlIiIyN9r+xyuY4dO0Z5rcjIyJSUFFrudDqPHTtG4U1SUlJMTAwtr6io6OrqEm0kOjo6OTmZ8mNHjx4VDirD1r/99tuFb2lra/vxxx85jhs6dCgLRMvKytzHRw0ODs7IyGBh0sGDB9mgMidPnqT829ixY0WDmtbW1lLImpGRQeFTZ2dnTU0NC9iIXC4fMWKEP/WKFy9erK+vdzqdwoUymSwjI4NCiNLS0t7e3ituh43lY7VaKysrWf6Q8DyfmpoqDMyOHj1qt9s1Go3FYmF/6fR6fXp6uj/N5U1nZ2d1dbXodORy+ciRI1UqFf3XarXW1NSYTCbRe4WfE3aEoaGhVqtVdDrDhw9XKpVlZWXCHUkkktGjR7M2P3bsmHBQmdbW1jNnznAcl56efvr0aeEfd57nhw4dKvxI22y2kydP0qeXiY6OvnTpEsdxMTExSUlJPhrBzwa84qUnLpfrzJkzbW1tog1qNJqMjAwW6fXrBAEAAlxOTk5nZye9Ft1IMHRjkJSUhEFlAACuBs/zbLhOyoHQ66qqKoqdQkJCWDRYU1ND0R3P80FBQeym+dKlS42NjQM8kpqaGro7l0gkarWapfW6u7srKio8viU6OppeuO+d0oNSqZSiwcuXL1dWVtIZyWQylUpFB2+z2crKyq4YyF26dOncuXMUEkilUpVKRTkuu91eXl7O8qjC9I5cLpfJZFKplLWSRCKRy+UUCNnt9hMnTlD4JJFIVCoVvdflcp0+fZriGSGz2SyMHKKioq6iuRiLxVJVVUWnI5PJWBrNZrOVl5fTcpfL9cMPP9DngS4320Vra2tZWZlom5R3pfZhC2tqan744Qen08nzPGscp9NZW1vr+wgppHe5XMI3UsQlHMG1vLycokGe55VKJe3avfU88rMB/bn0pLq6mkWDcrk8KCiI53m6dqWlpaJ40s8TBAAA/6FkFABArKGh4eLFi95+OmzYMMqqabXamJgYWrO6unrcuHGXLl2iwE8qlbJw8cKFC1TkqVAoRo8eTTfQBoOBbu4bGxvj4uIGcrRGo5H2mJOTQ3fSdrv92LFjLpfLbDY7HA73rFd0dPT58+epInHo0KFsucFgoPtvVkpKORmO4xISEmJjY+n1+fPnm5ubXS5XbW1tZmamtwPr6+s7d+4cvU5MTBw8eDC9/vHHHykAqK2tzc7OHjZsGMdxx48fpyrWcePG0Wrt7e2nT5+mh5csF8pSQzqdbvjw4XS+BoOBlp8/fz4yMlJYV0lxS3JyskwmMxqNOp2upqamv83FlJeX095ZazgcDgqMHQ5HU1PTkCFDamtrKdYKCgoaPXo0BS0mk4niarPZ3N7eLiox5Xk+MzNTrVbbbLZTp0719vaKzrGvr6+0tNTlcokSid6wPLPL5SotLe3r66PPIaWja2traUlwcPDIkSOpEerq6vwMCP35vPl56SlIpg1KJJKMjIyQkBDa4KlTp3p6ehwOx48//pient6vEwQAgH5BhhAAQIxmqPfGarWyNZOSkihNZLPZzpw5w26CR4wYwcKS9vZ2ejFq1CiWTtHr9RqNhtI+7rWF/UIhnFwup7tzSl4lJCSo1erw8HBRWSDheZ6GG7Xb7cK9Nzc304v4+Hgq+aO3h4eHs2iQbvGpf5fZbGY9/dxdunSJAptBgwaxkIDjuNTUVKqutFqtVJ7qJ6vVSsGDXC7PyMhg56vX64cMGUJN4Z7zpALg8PBwihauorlId3c3vTc0NJS1hlQqZYO7UHKVjpBiPJbC0mq1FPdSOC3aclpaGuU/5XI5C33pmQIdZFBQEBseVvjx80ihULCpLHmeZ/tlV4qOUyKRsGiQ47jk5GRW8uqbPw3o/6VnT15SU1MpGqQNZmZmsmhf1LfliicIAAD9ggwhAIAYz/OiLJOQKIM0YsQIyt6wMWbi4uKEXaQofaFSqUS99TIyMmw2G6uEvOqjlcvlNputt7f36NGj4eHhUVFRwcHBgwcPFt6Iu4uPj6fQpbGxkW6pWWiqVCopcGWdHmNjY0WVexEREVT119XV5a0nIW2fuju6750SpF1dXe4D23jDjkev14uOJzo6uqGhgXJxoneJ0nFX11zC00lISBAu12q1mZmZVHjZ09PDgkYaGIYJDQ1VKBRWq1VU2cjzvLAF9Hp9fX09VdIKV2MfHrvd7mMsIhoNSPhfth0KqxwOB0sCs4iODBkyhFKyvvnTgP5fesp5uo9vJJFI9Ho9PUwxm83CL5TvEwQAgP5CQAgAINavASqCgoKSkpLYFOpqtZrSa4Tdf7sP2yiXy6/J0IgJCQlU2Gm321tbW1tbW2ngx5iYGB+xFg2/abfb2b07y+qwro+si+CpU6e8bcd9cBGG3s7zvHsRJssF9Surw/Z16dIlb/WNom6N7oH91TWXMByl1K4QW8Ia02OQrFQqrVary+Wy2+0sXBQdIVsuenzg/8QbokQfz/M8z7tcLrq4lB70eISiUT298acB/bz07NvhMcTVaDQUEHZ1dQkDQt8nCAAA/YWSUQCAgRJGCKKsC4thrtWw+O53vZGRkRkZGcL4wel0dnV11dbWVlVV+dgUBb00GQYbU4TneTbkjD+jdFD+0yNqCo+5VtYa/UqN+jMYqWiDojTdQJqL1WqKLrFH7vsVLhSWfXrLRfuzF/93zbA2dN++nx9Rfxqwv5feY7jLokTR59D3CQIAQH/htyoAwIA4nU5hIGE2m5uamlgfM5aH8RE49YvHYUV0Ot3YsWMdDkdLS0t7ezsbWtNoNDY3N3srhoyLi6NOg83NzSEhIRQqhISEsFBBLpdT6DJmzBhvcYuPzJVUKrXb7e6jRArPol839yzLmpCQ4HHqPz/jqKtrLoVCQYftdDpFrUGDXgqTVx57+rHPwBVn+fvpsIcX7h9I/7O1V2xAPy89+/B4fC7A1vRdIgsAAAOEgBAAYEDYHH3BwcEmk8nlcjU0NOj1errpl8lkVM/mnt3q6Oiorq7meT4hIcG9QpWFHCzYIKK7dqvV2tbWZjab4+Li1Go168rFhnM0GAzeIhyZTKbRaMxms8lkampqooU0OgtRqVSU4ezt7RV13DKZTC0tLUqlMjw83FtQp1Qq+/r6aGxMUZkfK1wUFUb6xuoGLRaL6I1Op/PcuXM0Sb2P+GEgzaVSqWhOp87OTlFr0ECXCoVizJgxtEQ4rQLDCil99FD9qbG6UDY/FcNGP/LBzwb0/9JLpVKHw+HxcQmr0fVnuksAALhqKBkFALh67e3tbBT+ESNGUGLQ5XIJJ2Sj+KSvr08UJFB2zuVy0Yx/IizKYmPVUCJFNLu90Wisr69vb2+n2eoZlqL03bGK7uZdLhcN9iiTyVgXL+HoHWfPnhW+y+VyVVVVtbS01NfXu8cVDDsv0bHRDAH0gpWn+oONtNne3i4qI6ypqWlpablw4QKLbD0aSHOx1hANE9rb20vxjFwuZ9Mnuo+/evHiRXpwcB3Tg3SJKRKzWCzCa2ez2XxMtcL42YD+X3oK9pxOJ1tO+vr62NSd7LoDAMBPAQEhAIBYS0tLnU8UANhsNna/m56eLpFI4uPj6W7barWyIIoNtFhZWUnpEYvFUlNTQ7fjbMp1EXYTfO7cufb2durpd/LkSQoqmIiICDaLd11dHVXZGY1Gmm2PVvBxphEREZStYpMEiH7KTueHH36gMkiTyVRRUUE1fhKJxEdEFxsbS2Etm4WPbvRPnDhBr9VqtXCwkCuSyWR0OjT7HAUMVqv13LlzbDSXxMRE3+d71c0VFhZGsVxPT09VVZXD4aBAury8nFagwXjYAZSVlVHnTJfL1djYKJyXz/9T/ikIP5Bnz55tb2+/cOHCiRMn/BmUxc8G9P/Ss0k7Lly4UF9fz0pPT548Scv79cgAAACuAkpGAQDEuru7PZb8McHBwREREZWVlXT/GhYWxlIiGRkZdC/b0tISEREREhKi0+nCwsI6OjqcTifViLI7b57nR4wY4XEXUVFR58+fp2EYhZMBUIkd+y/P80OGDKEZF9zH3gwKCmLz2nkTFhbGJgMU1ouS9PT0U6dOuVwui8Vy/Phx4cFzHDd8+HDfG09LS6uurna5XJ2dnUeOHBG+XalU+pjU3puUlBSj0Wiz2RwOR0VFheh4YmNjfZcXDrC50tPTaW56o9F45MgR4Y90Oh3V/UZFRbW2tnZ3d7tcLppfQSgtLU1Ubvrz0+l0MTExlA9saWlpaWkRreCjH6b/DejnpQ8KCoqNjaW8blNTU1NTk3DNyMjIpKSka3r2AAAghgwhAMC/+D+uI8/zly5doppAqVSanp7OfqRSqVj5HEubDB8+PDExkbYvvC0eNWqUjwBmzJgxovJCpVI5duxY0dHGxcXFx8eLuqXxPB8WFjZ27Fj35aK9sCBQpVK5jzOp1Wqzs7PZSCTCgx85cuQVa/l0Ol1WVhbrRUZvl0qlOp3ulltucT8Yj5dAuJDn+XHjxkVGRooaUyqVJiUliWYI9KhfzSWi0Wiys7NFl4zn+ZiYmIyMDLZk1KhR8fHxosMOCgpKS0sT5mD7NY6ot5X9bEPR8qSkpLS0NJVKRedLV4R9jH0PN+pnA/p/6RMSEjIyMliNNK0pl8sHDx6ckpIykKYAAAB/8Ji3BwDgZ9PX19fZ2SmRSEJDQ/0c5d/hcFChaXh4uO9wpaenp6ury+VyhYaGikbyuCZMJlN3d7dSqdRqtf2dRcPlcnV1dfX09ISHh1+rQSN7e3s7OzulUqlGo7mK8x1Ic7HT0Wq1Go3GWyhitVqNRqNcLr/uWUEhk8kUFBTkfgUvXrxIda0pKSn+zMPpZwP6f+kdDofRaHQ6nXq9/jqOuwMAcBPIyclhHcVvv/12j+scPHiQHhGiZBQA4OcTFBTk/5T3RCqVeptiQUSlUv0UcSCj1Wr71eVPiIYGubajgyiVyoEM0DKQ5vLzdBQKRX8v98+goqLC6XQqFIrs7Gzh8sbGRnrhZ/jqZwP6f+mlUimb2h4AAH42eAIHAAAQQNhAQadPnzaZTDQVREVFBQ3c6jF5CAAANzFkCAEAAAJIcnJyZWUlzd4hmntQJpNdxUg/AADwi4YMIQAAQAAJDQ0dNmyYqDufRCLRarVjxoxhg7sAAECAwO99AACAwBIeHh4eHm6z2cxms81m0+l0KBMFAAhYCAgBAAACkVwuZ/NnAgBAwELJKAAAAAAAQIBCQAgAAAAAAHBzstvtvhciIAQAAAAAALg59fT0+F6IgBAAAAAAAODm1NTU5HshBpUBAAAAAAC4OV2+fLm6ujo2NlatVnMcZ7FYmpqaOjo62AoICAEAAAAAAG5aHR0dwghQBCWjAAAAAAAAAQoBIQAAAAAAQIBCQAgAAAAAABCgEBACAAAAAAAEKASEAAAAAAAAAQoBIQAAAAAAQIBCQAgAAAAAABCgEBACAAAAAAAEKASEAAAAAAAAAQoBIQAAAAAAQID6/xh1JcfUsz8sAAAAAElFTkSuQmCC"} | headers=HTTPHeaderDict({'Content-Length': '228900', 'Content-Type': 'application/json; charset=utf-8', 'cache-control': 'no-cache'})
DEBUG    selenium.webdriver.remote.remote_connection:remote_connection.py:465 Finished Request
INFO     Demo.TestDemoFavoritesFlow:test_base.py:311 [Demo] Screenshot saved: screenshots/demo_demo_test_success_favorites_added.png
INFO     Demo.TestDemoFavoritesFlow:test_base.py:252 [Demo] Marked test as PASSED: Samsung device successfully added to favorites
INFO     Demo.TestDemoFavoritesFlow:test_base.py:146 [Demo] Local driver session - skipping BrowserStack status update
DEBUG    selenium.webdriver.remote.remote_connection:remote_connection.py:403 DELETE http://localhost:55753/session/423b7733eb540687a58ed78be2d4a984 {}
DEBUG    urllib3.connectionpool:connectionpool.py:544 http://localhost:55753 "DELETE /session/423b7733eb540687a58ed78be2d4a984 HTTP/1.1" 200 0
DEBUG    selenium.webdriver.remote.remote_connection:remote_connection.py:436 Remote response: status=200 | data={"value":null} | headers=HTTPHeaderDict({'Content-Length': '14', 'Content-Type': 'application/json; charset=utf-8', 'cache-control': 'no-cache'})
DEBUG    selenium.webdriver.remote.remote_connection:remote_connection.py:465 Finished Request
